Flow report for qtb_net_mm_mul
Wed Aug 20 03:40:58 2014
Quartus II 64-Bit Version 13.0.1 Build 232 06/12/2013 Service Pack 1 SJ Full Version


---------------------
; Table of Contents ;
---------------------
  1. Legal Notice
  2. Flow Summary
  3. Flow Settings
  4. Flow Non-Default Global Settings
  5. Flow Elapsed Time
  6. Flow OS Summary
  7. Flow Log
  8. Flow Messages
  9. Flow Suppressed Messages



----------------
; Legal Notice ;
----------------
Copyright (C) 1991-2013 Altera Corporation
Your use of Altera Corporation's design tools, logic functions 
and other software and tools, and its AMPP partner logic 
functions, and any output files from any of the foregoing 
(including device programming or simulation files), and any 
associated documentation or information are expressly subject 
to the terms and conditions of the Altera Program License 
Subscription Agreement, Altera MegaCore Function License 
Agreement, or other applicable license agreement, including, 
without limitation, that your use is for the sole purpose of 
programming logic devices manufactured by Altera and sold by 
Altera or its authorized distributors.  Please refer to the 
applicable agreement for further details.



+--------------------------------------------------------------------------------------+
; Flow Summary                                                                         ;
+-----------------------------------+--------------------------------------------------+
; Flow Status                       ; Successful - Wed Aug 20 03:40:58 2014            ;
; Quartus II 64-Bit Version         ; 13.0.1 Build 232 06/12/2013 SP 1 SJ Full Version ;
; Revision Name                     ; qtb_net_mm_mul                                   ;
; Top-level Entity Name             ; qtb_net_mm_mul                                   ;
; Family                            ; Stratix IV                                       ;
; Device                            ; EP4SGX230KF40C2                                  ;
; Timing Models                     ; Final                                            ;
; Logic utilization                 ; N/A until Partition Merge                        ;
;     Combinational ALUTs           ; 4,963 / 182,400 ( 3 % )                          ;
;     Memory ALUTs                  ; 0 / 91,200 ( 0 % )                               ;
;     Dedicated logic registers     ; 8,193 / 182,400 ( 4 % )                          ;
; Total registers                   ; 8193                                             ;
; Total pins                        ; 275 / 888 ( 31 % )                               ;
; Total virtual pins                ; 0                                                ;
; Total block memory bits           ; 0 / 14,625,792 ( 0 % )                           ;
; DSP block 18-bit elements         ; 0 / 1,288 ( 0 % )                                ;
; Total GXB Receiver Channel PCS    ; 0 / 24 ( 0 % )                                   ;
; Total GXB Receiver Channel PMA    ; 0 / 36 ( 0 % )                                   ;
; Total GXB Transmitter Channel PCS ; 0 / 24 ( 0 % )                                   ;
; Total GXB Transmitter Channel PMA ; 0 / 36 ( 0 % )                                   ;
; Total PLLs                        ; 0 / 8 ( 0 % )                                    ;
; Total DLLs                        ; 0 / 4 ( 0 % )                                    ;
+-----------------------------------+--------------------------------------------------+


+-----------------------------------------+
; Flow Settings                           ;
+-------------------+---------------------+
; Option            ; Setting             ;
+-------------------+---------------------+
; Start date & time ; 08/20/2014 03:22:18 ;
; Main task         ; Compilation         ;
; Revision Name     ; qtb_net_mm_mul      ;
+-------------------+---------------------+


+------------------------------------------------------------------------------------------------------------------+
; Flow Non-Default Global Settings                                                                                 ;
+-------------------------------------+---------------------------------+---------------+-------------+------------+
; Assignment Name                     ; Value                           ; Default Value ; Entity Name ; Section Id ;
+-------------------------------------+---------------------------------+---------------+-------------+------------+
; COMPILER_SIGNATURE_ID               ; 149885690374549.140850133860664 ; --            ; --          ; --         ;
; FITTER_EFFORT                       ; Standard Fit                    ; Auto Fit      ; --          ; --         ;
; MAX_CORE_JUNCTION_TEMP              ; 85                              ; --            ; --          ; --         ;
; MIN_CORE_JUNCTION_TEMP              ; 0                               ; --            ; --          ; --         ;
; PARTITION_COLOR                     ; 16764057                        ; --            ; --          ; Top        ;
; PARTITION_FITTER_PRESERVATION_LEVEL ; PLACEMENT_AND_ROUTING           ; --            ; --          ; Top        ;
; PARTITION_NETLIST_TYPE              ; SOURCE                          ; --            ; --          ; Top        ;
; PROJECT_OUTPUT_DIRECTORY            ; output_files                    ; --            ; --          ; --         ;
+-------------------------------------+---------------------------------+---------------+-------------+------------+


+-----------------------------------------------------------------------------------------------------------------------------+
; Flow Elapsed Time                                                                                                           ;
+-------------------------+--------------+-------------------------+---------------------+------------------------------------+
; Module Name             ; Elapsed Time ; Average Processors Used ; Peak Virtual Memory ; Total CPU Time (on all processors) ;
+-------------------------+--------------+-------------------------+---------------------+------------------------------------+
; Analysis & Elaboration  ; 00:00:03     ; 1.0                     ; 547 MB              ; 00:00:02                           ;
; I/O Assignment Analysis ; 00:00:13     ; 1.0                     ; 850 MB              ; 00:00:12                           ;
; I/O Assignment Analysis ; 00:00:12     ; 1.0                     ; 851 MB              ; 00:00:12                           ;
; I/O Assignment Analysis ; 00:00:12     ; 1.0                     ; 851 MB              ; 00:00:12                           ;
; Total                   ; 00:00:40     ; --                      ; --                  ; 00:00:38                           ;
+-------------------------+--------------+-------------------------+---------------------+------------------------------------+


+--------------------------------------------------------------------------------------+
; Flow OS Summary                                                                      ;
+-------------------------+------------------+-----------+------------+----------------+
; Module Name             ; Machine Hostname ; OS Name   ; OS Version ; Processor type ;
+-------------------------+------------------+-----------+------------+----------------+
; Analysis & Elaboration  ; ee-casuser1      ; Windows 7 ; 6.1        ; x86_64         ;
; I/O Assignment Analysis ; ee-casuser1      ; Windows 7 ; 6.1        ; x86_64         ;
; I/O Assignment Analysis ; ee-casuser1      ; Windows 7 ; 6.1        ; x86_64         ;
; I/O Assignment Analysis ; ee-casuser1      ; Windows 7 ; 6.1        ; x86_64         ;
+-------------------------+------------------+-----------+------------+----------------+


------------
; Flow Log ;
------------
quartus_map --read_settings_files=on --write_settings_files=off qtb_net_mm_mul -c qtb_net_mm_mul --analysis_and_elaboration
quartus_fit --read_settings_files=on --write_settings_files=off qtb_net_mm_mul -c qtb_net_mm_mul --check_ios
quartus_fit --read_settings_files=on --write_settings_files=off qtb_net_mm_mul -c qtb_net_mm_mul --check_ios
quartus_fit --read_settings_files=on --write_settings_files=off qtb_net_mm_mul -c qtb_net_mm_mul --check_ios



