Archive member included because of file (symbol)

c:/altera/13.0sp1/nios2eds/bin/gnu/h-i686-mingw32/bin/../lib/gcc/nios2-elf/4.1.2/mhw-mulx\libgcc.a(_div_sf.o)
                              obj/default/main.o (__divsf3)
c:/altera/13.0sp1/nios2eds/bin/gnu/h-i686-mingw32/bin/../lib/gcc/nios2-elf/4.1.2/mhw-mulx\libgcc.a(_si_to_sf.o)
                              obj/default/main.o (__floatsisf)
c:/altera/13.0sp1/nios2eds/bin/gnu/h-i686-mingw32/bin/../lib/gcc/nios2-elf/4.1.2/mhw-mulx\libgcc.a(_sf_to_df.o)
                              obj/default/main.o (__extendsfdf2)
c:/altera/13.0sp1/nios2eds/bin/gnu/h-i686-mingw32/bin/../lib/gcc/nios2-elf/4.1.2/mhw-mulx\libgcc.a(_thenan_sf.o)
                              c:/altera/13.0sp1/nios2eds/bin/gnu/h-i686-mingw32/bin/../lib/gcc/nios2-elf/4.1.2/mhw-mulx\libgcc.a(_div_sf.o) (__thenan_sf)
c:/altera/13.0sp1/nios2eds/bin/gnu/h-i686-mingw32/bin/../lib/gcc/nios2-elf/4.1.2/mhw-mulx\libgcc.a(_usi_to_sf.o)
                              obj/default/main.o (__floatunsisf)
c:/altera/13.0sp1/nios2eds/bin/gnu/h-i686-mingw32/bin/../lib/gcc/nios2-elf/4.1.2/mhw-mulx\libgcc.a(_make_df.o)
                              c:/altera/13.0sp1/nios2eds/bin/gnu/h-i686-mingw32/bin/../lib/gcc/nios2-elf/4.1.2/mhw-mulx\libgcc.a(_sf_to_df.o) (__make_dp)
c:/altera/13.0sp1/nios2eds/bin/gnu/h-i686-mingw32/bin/../lib/gcc/nios2-elf/4.1.2/mhw-mulx\libgcc.a(lib2-divmod.o)
                              obj/default/mem_init.o (__divsi3)
c:/altera/13.0sp1/nios2eds/bin/gnu/h-i686-mingw32/bin/../lib/gcc/nios2-elf/4.1.2/mhw-mulx\libgcc.a(_clzsi2.o)
                              c:/altera/13.0sp1/nios2eds/bin/gnu/h-i686-mingw32/bin/../lib/gcc/nios2-elf/4.1.2/mhw-mulx\libgcc.a(_si_to_sf.o) (__clzsi2)
c:/altera/13.0sp1/nios2eds/bin/gnu/h-i686-mingw32/bin/../lib/gcc/nios2-elf/4.1.2/mhw-mulx\libgcc.a(_pack_sf.o)
                              c:/altera/13.0sp1/nios2eds/bin/gnu/h-i686-mingw32/bin/../lib/gcc/nios2-elf/4.1.2/mhw-mulx\libgcc.a(_div_sf.o) (__pack_f)
c:/altera/13.0sp1/nios2eds/bin/gnu/h-i686-mingw32/bin/../lib/gcc/nios2-elf/4.1.2/mhw-mulx\libgcc.a(_unpack_sf.o)
                              c:/altera/13.0sp1/nios2eds/bin/gnu/h-i686-mingw32/bin/../lib/gcc/nios2-elf/4.1.2/mhw-mulx\libgcc.a(_div_sf.o) (__unpack_f)
c:/altera/13.0sp1/nios2eds/bin/gnu/h-i686-mingw32/bin/../lib/gcc/nios2-elf/4.1.2/mhw-mulx\libgcc.a(_pack_df.o)
                              c:/altera/13.0sp1/nios2eds/bin/gnu/h-i686-mingw32/bin/../lib/gcc/nios2-elf/4.1.2/mhw-mulx\libgcc.a(_make_df.o) (__pack_d)
c:/altera/13.0sp1/nios2eds/bin/gnu/h-i686-mingw32/bin/../lib/gcc/nios2-elf/4.1.2/mhw-mulx\libgcc.a(_clz.o)
                              c:/altera/13.0sp1/nios2eds/bin/gnu/h-i686-mingw32/bin/../lib/gcc/nios2-elf/4.1.2/mhw-mulx\libgcc.a(_clzsi2.o) (__clz_tab)
c:/altera/13.0sp1/nios2eds/bin/gnu/h-i686-mingw32/bin/../lib/gcc/nios2-elf/4.1.2/../../../../nios2-elf/lib/mhw-mulx\libc.a(lib_a-exit.o)
                              obj/default/dma_ctr.o (exit)
c:/altera/13.0sp1/nios2eds/bin/gnu/h-i686-mingw32/bin/../lib/gcc/nios2-elf/4.1.2/../../../../nios2-elf/lib/mhw-mulx\libc.a(lib_a-getc.o)
                              obj/default/main.o (getc)
c:/altera/13.0sp1/nios2eds/bin/gnu/h-i686-mingw32/bin/../lib/gcc/nios2-elf/4.1.2/../../../../nios2-elf/lib/mhw-mulx\libc.a(lib_a-impure.o)
                              obj/default/main.o (_impure_ptr)
c:/altera/13.0sp1/nios2eds/bin/gnu/h-i686-mingw32/bin/../lib/gcc/nios2-elf/4.1.2/../../../../nios2-elf/lib/mhw-mulx\libc.a(lib_a-memcpy.o)
                              obj/default/mem_init.o (memcpy)
c:/altera/13.0sp1/nios2eds/bin/gnu/h-i686-mingw32/bin/../lib/gcc/nios2-elf/4.1.2/../../../../nios2-elf/lib/mhw-mulx\libc.a(lib_a-printf.o)
                              obj/default/dma_ctr.o (printf)
c:/altera/13.0sp1/nios2eds/bin/gnu/h-i686-mingw32/bin/../lib/gcc/nios2-elf/4.1.2/../../../../nios2-elf/lib/mhw-mulx\libc.a(lib_a-putchar.o)
                              obj/default/mem_test.o (putchar)
c:/altera/13.0sp1/nios2eds/bin/gnu/h-i686-mingw32/bin/../lib/gcc/nios2-elf/4.1.2/../../../../nios2-elf/lib/mhw-mulx\libc.a(lib_a-puts.o)
                              obj/default/dma_ctr.o (puts)
c:/altera/13.0sp1/nios2eds/bin/gnu/h-i686-mingw32/bin/../lib/gcc/nios2-elf/4.1.2/../../../../nios2-elf/lib/mhw-mulx\libc.a(lib_a-rget.o)
                              c:/altera/13.0sp1/nios2eds/bin/gnu/h-i686-mingw32/bin/../lib/gcc/nios2-elf/4.1.2/../../../../nios2-elf/lib/mhw-mulx\libc.a(lib_a-getc.o) (__srget_r)
c:/altera/13.0sp1/nios2eds/bin/gnu/h-i686-mingw32/bin/../lib/gcc/nios2-elf/4.1.2/../../../../nios2-elf/lib/mhw-mulx\libc.a(lib_a-strlen.o)
                              c:/altera/13.0sp1/nios2eds/bin/gnu/h-i686-mingw32/bin/../lib/gcc/nios2-elf/4.1.2/../../../../nios2-elf/lib/mhw-mulx\libc.a(lib_a-puts.o) (strlen)
c:/altera/13.0sp1/nios2eds/bin/gnu/h-i686-mingw32/bin/../lib/gcc/nios2-elf/4.1.2/../../../../nios2-elf/lib/mhw-mulx\libc.a(lib_a-vfprintf.o)
[...]
Memory Configuration

Name             Origin             Length             Attributes
mem_if_ddr2_emif 0x00000000         0x40000000
reset            0x41020000         0x00000020
onchip_memory    0x41020020         0x0001f3e0
*default*        0x00000000         0xffffffff

Linker script and memory map

LOAD ../DE4_DDR2_test_bsp/obj/HAL/src/crt0.o
LOAD obj/default/I2C.o
LOAD obj/default/dma_ctr.o
LOAD obj/default/main.o
LOAD obj/default/mem_init.o
LOAD obj/default/mem_test.o
LOAD c:/altera/13.0sp1/nios2eds/bin/gnu/h-i686-mingw32/bin/../lib/gcc/nios2-elf/4.1.2/../../../../nios2-elf/lib/mhw-mulx\libstdc++.a
LOAD c:/altera/13.0sp1/nios2eds/bin/gnu/h-i686-mingw32/bin/../lib/gcc/nios2-elf/4.1.2/../../../../nios2-elf/lib/mhw-mulx\libm.a
LOAD c:/altera/13.0sp1/nios2eds/bin/gnu/h-i686-mingw32/bin/../lib/gcc/nios2-elf/4.1.2/mhw-mulx\libgcc.a
START GROUP
LOAD c:/altera/13.0sp1/nios2eds/bin/gnu/h-i686-mingw32/bin/../lib/gcc/nios2-elf/4.1.2/../../../../nios2-elf/lib/mhw-mulx\libc.a
LOAD c:/altera/13.0sp1/nios2eds/bin/gnu/h-i686-mingw32/bin/../lib/gcc/nios2-elf/4.1.2/mhw-mulx\libgcc.a
LOAD ../DE4_DDR2_test_bsp\libhal_bsp.a
END GROUP
LOAD c:/altera/13.0sp1/nios2eds/bin/gnu/h-i686-mingw32/bin/../lib/gcc/nios2-elf/4.1.2/mhw-mulx\libgcc.a
                0x00000000                __alt_mem_mem_if_ddr2_emif = 0x0
                0x41020000                __alt_mem_onchip_memory = 0x41020000

.entry          0x41020000       0x20
 *(.entry)
 .entry         0x41020000       0x20 ../DE4_DDR2_test_bsp/obj/HAL/src/crt0.o
                0x41020000                __reset

.exceptions     0x41020020      0x194
                0x41020020                PROVIDE (__ram_exceptions_start, ABSOLUTE (.))
                0x41020020                . = ALIGN (0x20)
 *(.irq)
 *(.exceptions.entry.label)
 .exceptions.entry.label
                0x41020020        0x0 ../DE4_DDR2_test_bsp\libhal_bsp.a(alt_irq_entry.o)
                0x41020020                alt_irq_entry
 .exceptions.entry.label
                0x41020020        0x0 ../DE4_DDR2_test_bsp\libhal_bsp.a(alt_exception_entry.o)
                0x41020020                alt_exception
 *(.exceptions.entry.user)
 *(.exceptions.entry)
 .exceptions.entry
                0x41020020       0x54 ../DE4_DDR2_test_bsp\libhal_bsp.a(alt_exception_entry.o)
 *(.exceptions.irqtest.user)
 *(.exceptions.irqtest)
 .exceptions.irqtest
                0x41020074       0x10 ../DE4_DDR2_test_bsp\libhal_bsp.a(alt_irq_entry.o)
 *(.exceptions.irqhandler.user)
 *(.exceptions.irqhandler)
 .exceptions.irqhandler
                0x41020084        0x4 ../DE4_DDR2_test_bsp\libhal_bsp.a(alt_irq_entry.o)
 *(.exceptions.irqreturn.user)
 *(.exceptions.irqreturn)
 .exceptions.irqreturn
                0x41020088        0x4 ../DE4_DDR2_test_bsp\libhal_bsp.a(alt_irq_entry.o)
 *(.exceptions.notirq.label)
 .exceptions.notirq.label
                0x4102008c        0x0 ../DE4_DDR2_test_bsp\libhal_bsp.a(alt_irq_entry.o)
 *(.exceptions.notirq.user)
 *(.exceptions.notirq)
 .exceptions.notirq
                0x4102008c        0x8 ../DE4_DDR2_test_bsp\libhal_bsp.a(alt_exception_entry.o)
 *(.exceptions.soft.user)
 *(.exceptions.soft)
 *(.exceptions.unknown.user)
 *(.exceptions.unknown)
 .exceptions.unknown
                0x41020094        0x4 ../DE4_DDR2_test_bsp\libhal_bsp.a(alt_exception_entry.o)
 *(.exceptions.exit.label)
 .exceptions.exit.label
                0x41020098        0x0 ../DE4_DDR2_test_bsp\libhal_bsp.a(alt_irq_entry.o)
 .exceptions.exit.label
                0x41020098        0x0 ../DE4_DDR2_test_bsp\libhal_bsp.a(alt_exception_entry.o)
 *(.exceptions.exit.user)
 *(.exceptions.exit)
 .exceptions.exit
                0x41020098       0x54 ../DE4_DDR2_test_bsp\libhal_bsp.a(alt_exception_entry.o)
 *(.exceptions)
 .exceptions    0x410200ec       0xc8 ../DE4_DDR2_test_bsp\libhal_bsp.a(alt_irq_handler.o)
                0x410200ec                alt_irq_handler
                0x410201b4                PROVIDE (__ram_exceptions_end, ABSOLUTE (.))
                0x41020020                PROVIDE (__flash_exceptions_start, LOADADDR (.exceptions))

.text           0x410201b4     0xf490
                0x410201b4                PROVIDE (stext, ABSOLUTE (.))
 *(.interp)
 *(.hash)
 *(.dynsym)
 *(.dynstr)
 *(.gnu.version)
 *(.gnu.version_d)
 *(.gnu.version_r)
 *(.rel.init)
 *(.rela.init)
 *(.rel.text .rel.text.* .rel.gnu.linkonce.t.*)
 *(.rela.text .rela.text.* .rela.gnu.linkonce.t.*)
 *(.rel.fini)
 *(.rela.fini)
 *(.rel.rodata .rel.rodata.* .rel.gnu.linkonce.r.*)
 *(.rela.rodata .rela.rodata.* .rela.gnu.linkonce.r.*)
 *(.rel.data .rel.data.* .rel.gnu.linkonce.d.*)
 *(.rela.data .rela.data.* .rela.gnu.linkonce.d.*)
 *(.rel.tdata .rel.tdata.* .rel.gnu.linkonce.td.*)
 *(.rela.tdata .rela.tdata.* .rela.gnu.linkonce.td.*)
 *(.rel.tbss .rel.tbss.* .rel.gnu.linkonce.tb.*)
 *(.rela.tbss .rela.tbss.* .rela.gnu.linkonce.tb.*)
 *(.rel.ctors)
 *(.rela.ctors)
 *(.rel.dtors)
 *(.rela.dtors)
 *(.rel.got)
 *(.rela.got)
 *(.rel.sdata .rel.sdata.* .rel.gnu.linkonce.s.*)
 *(.rela.sdata .rela.sdata.* .rela.gnu.linkonce.s.*)
 *(.rel.sbss .rel.sbss.* .rel.gnu.linkonce.sb.*)
 *(.rela.sbss .rela.sbss.* .rela.gnu.linkonce.sb.*)
 *(.rel.sdata2 .rel.sdata2.* .rel.gnu.linkonce.s2.*)
 *(.rela.sdata2 .rela.sdata2.* .rela.gnu.linkonce.s2.*)
 *(.rel.sbss2 .rel.sbss2.* .rel.gnu.linkonce.sb2.*)
 *(.rela.sbss2 .rela.sbss2.* .rela.gnu.linkonce.sb2.*)
 *(.rel.bss .rel.bss.* .rel.gnu.linkonce.b.*)
 *(.rela.bss .rela.bss.* .rela.gnu.linkonce.b.*)
 *(.rel.plt)
 *(.rela.plt)
 *(.rel.dyn)
 *(.init)
 *(.plt)
 *(.text .stub .text.* .gnu.linkonce.t.*)
 .text          0x410201b4       0x4c ../DE4_DDR2_test_bsp/obj/HAL/src/crt0.o
                0x410201b4                _start
 .text          0x41020200      0x6ac obj/default/I2C.o
                0x41020200                I2C_Write
                0x410202d8                I2C_Read
                0x410203dc                I2C_MultipleRead
                0x4102053c                i2c_start
                0x410205c4                i2c_stop
                0x4102063c                i2c_write
                0x41020760                i2c_read
 .text          0x410208ac      0x4e0 obj/default/dma_ctr.o
                0x410208ac                done_func
                0x410208f8                dma_transmit
                0x41020b38                dma_receive
 .text          0x41020d8c      0x49c obj/default/main.o
                0x41020d8c                main
 .text          0x41021228      0x238 obj/default/mem_init.o
                0x41021228                mem_init
 .text          0x41021460      0x4b8 obj/default/mem_test.o
                0x41021460                TMEM_Verify
 .text          0x41021918      0x174 c:/altera/13.0sp1/nios2eds/bin/gnu/h-i686-mingw32/bin/../lib/gcc/nios2-elf/4.1.2/mhw-mulx\libgcc.a(_div_sf.o)
                0x41021918                __divsf3
 .text          0x41021a8c       0x98 c:/altera/13.0sp1/nios2eds/bin/gnu/h-i686-mingw32/bin/../lib/gcc/nios2-elf/4.1.2/mhw-mulx\libgcc.a(_si_to_sf.o)
                0x41021a8c                __floatsisf
 .text          0x41021b24       0x54 c:/altera/13.0sp1/nios2eds/bin/gnu/h-i686-mingw32/bin/../lib/gcc/nios2-elf/4.1.2/mhw-mulx\libgcc.a(_sf_to_df.o)
                0x41021b24                __extendsfdf2
 .text          0x41021b78        0x0 c:/altera/13.0sp1/nios2eds/bin/gnu/h-i686-mingw32/bin/../lib/gcc/nios2-elf/4.1.2/mhw-mulx\libgcc.a(_thenan_sf.o)
 .text          0x41021b78       0xc0 c:/altera/13.0sp1/nios2eds/bin/gnu/h-i686-mingw32/bin/../lib/gcc/nios2-elf/4.1.2/mhw-mulx\libgcc.a(_usi_to_sf.o)
                0x41021b78                __floatunsisf
 .text          0x41021c38       0x38 c:/altera/13.0sp1/nios2eds/bin/gnu/h-i686-mingw32/bin/../lib/gcc/nios2-elf/4.1.2/mhw-mulx\libgcc.a(_make_df.o)
                0x41021c38                __make_dp
 .text          0x41021c70      0x14c c:/altera/13.0sp1/nios2eds/bin/gnu/h-i686-mingw32/bin/../lib/gcc/nios2-elf/4.1.2/mhw-mulx\libgcc.a(lib2-divmod.o)
                0x41021cec                __divsi3
                0x41021d4c                __modsi3
                0x41021dac                __udivsi3
                0x41021db4                __umodsi3
 .text          0x41021dbc       0x80 c:/altera/13.0sp1/nios2eds/bin/gnu/h-i686-mingw32/bin/../lib/gcc/nios2-elf/4.1.2/mhw-mulx\libgcc.a(_clzsi2.o)
                0x41021dbc                __clzsi2
 .text          0x41021e3c      0x160 c:/altera/13.0sp1/nios2eds/bin/gnu/h-i686-mingw32/bin/../lib/gcc/nios2-elf/4.1.2/mhw-mulx\libgcc.a(_pack_sf.o)
                0x41021e3c                __pack_f
 .text          0x41021f9c       0xc8 c:/altera/13.0sp1/nios2eds/bin/gnu/h-i686-mingw32/bin/../lib/gcc/nios2-elf/4.1.2/mhw-mulx\libgcc.a(_unpack_sf.o)
                0x41021f9c                __unpack_f
 .text          0x41022064      0x314 c:/altera/13.0sp1/nios2eds/bin/gnu/h-i686-mingw32/bin/../lib/gcc/nios2-elf/4.1.2/mhw-mulx\libgcc.a(_pack_df.o)
                0x41022064                __pack_d
 .text          0x41022378        0x0 c:/altera/13.0sp1/nios2eds/bin/gnu/h-i686-mingw32/bin/../lib/gcc/nios2-elf/4.1.2/mhw-mulx\libgcc.a(_clz.o)
 .text          0x41022378       0x38 c:/altera/13.0sp1/nios2eds/bin/gnu/h-i686-mingw32/bin/../lib/gcc/nios2-elf/4.1.2/../../../../nios2-elf/lib/mhw-mulx\libc.a(lib_a-exit.o)
                0x41022378                exit
 .text          0x410223b0      0x128 c:/altera/13.0sp1/nios2eds/bin/gnu/h-i686-mingw32/bin/../lib/gcc/nios2-elf/4.1.2/../../../../nios2-elf/lib/mhw-mulx\libc.a(lib_a-getc.o)
                0x410223b0                getc
                0x41022448                _getc_r
 .text          0x410224d8        0x0 c:/altera/13.0sp1/nios2eds/bin/gnu/h-i686-mingw32/bin/../lib/gcc/nios2-elf/4.1.2/../../../../nios2-elf/lib/mhw-mulx\libc.a(lib_a-impure.o)
 .text          0x410224d8       0xa0 c:/altera/13.0sp1/nios2eds/bin/gnu/h-i686-mingw32/bin/../lib/gcc/nios2-elf/4.1.2/../../../../nios2-elf/lib/mhw-mulx\libc.a(lib_a-memcpy.o)
                0x410224d8                memcpy
 .text          0x41022578       0x78 c:/altera/13.0sp1/nios2eds/bin/gnu/h-i686-mingw32/bin/../lib/gcc/nios2-elf/4.1.2/../../../../nios2-elf/lib/mhw-mulx\libc.a(lib_a-printf.o)
                0x41022578                printf
                0x410225bc                _printf_r
 .text          0x410225f0       0x24 c:/altera/13.0sp1/nios2eds/bin/gnu/h-i686-mingw32/bin/../lib/gcc/nios2-elf/4.1.2/../../../../nios2-elf/lib/mhw-mulx\libc.a(lib_a-putchar.o)
                0x410225f0                putchar
                0x4102260c                _putchar_r
 .text          0x41022614       0xb4 c:/altera/13.0sp1/nios2eds/bin/gnu/h-i686-mingw32/bin/../lib/gcc/nios2-elf/4.1.2/../../../../nios2-elf/lib/mhw-mulx\libc.a(lib_a-puts.o)
                0x41022614                _puts_r
                0x410226b4                puts
 .text          0x410226c8       0x60 c:/altera/13.0sp1/nios2eds/bin/gnu/h-i686-mingw32/bin/../lib/gcc/nios2-elf/4.1.2/../../../../nios2-elf/lib/mhw-mulx\libc.a(lib_a-rget.o)
                0x410226c8                __srget_r
                0x41022714                __srget
 .text          0x41022728       0x74 c:/altera/13.0sp1/nios2eds/bin/gnu/h-i686-mingw32/bin/../lib/gcc/nios2-elf/4.1.2/../../../../nios2-elf/lib/mhw-mulx\libc.a(lib_a-strlen.o)
                0x41022728                strlen
 .text          0x4102279c     0x1f28 c:/altera/13.0sp1/nios2eds/bin/gnu/h-i686-mingw32/bin/../lib/gcc/nios2-elf/4.1.2/../../../../nios2-elf/lib/mhw-mulx\libc.a(lib_a-vfprintf.o)
                0x410227f4                ___vfprintf_internal_r
                0x410246a0                __vfprintf_internal
 .text          0x410246c4      0x13c c:/altera/13.0sp1/nios2eds/bin/gnu/h-i686-mingw32/bin/../lib/gcc/nios2-elf/4.1.2/../../../../nios2-elf/lib/mhw-mulx\libc.a(lib_a-wsetup.o)
                0x410246c4                __swsetup_r
 .text          0x41024800      0x1b4 c:/altera/13.0sp1/nios2eds/bin/gnu/h-i686-mingw32/bin/../lib/gcc/nios2-elf/4.1.2/../../../../nios2-elf/lib/mhw-mulx\libc.a(lib_a-__call_atexit.o)
                0x41024804                __call_exitprocs
 .text          0x410249b4     0x17cc c:/altera/13.0sp1/nios2eds/bin/gnu/h-i686-mingw32/bin/../lib/gcc/nios2-elf/4.1.2/../../../../nios2-elf/lib/mhw-mulx\libc.a(lib_a-dtoa.o)
                0x41024bcc                _dtoa_r
 .text          0x41026180      0x230 c:/altera/13.0sp1/nios2eds/bin/gnu/h-i686-mingw32/bin/../lib/gcc/nios2-elf/4.1.2/../../../../nios2-elf/lib/mhw-mulx\libc.a(lib_a-fflush.o)
                0x41026180                _fflush_r
                0x4102637c                fflush
 .text          0x410263b0      0x2c0 c:/altera/13.0sp1/nios2eds/bin/gnu/h-i686-mingw32/bin/../lib/gcc/nios2-elf/4.1.2/../../../../nios2-elf/lib/mhw-mulx\libc.a(lib_a-findfp.o)
                0x41026408                __sfp_lock_acquire
                0x4102640c                __sfp_lock_release
                0x41026410                __sinit_lock_acquire
                0x41026414                __sinit_lock_release
                0x41026418                __sinit
                0x410264cc                __fp_unlock_all
                0x410264e4                __fp_lock_all
                0x410264fc                _cleanup_r
                0x41026508                _cleanup
                0x41026518                __sfmoreglue
                0x41026580                __sfp
 .text          0x41026670      0x440 c:/altera/13.0sp1/nios2eds/bin/gnu/h-i686-mingw32/bin/../lib/gcc/nios2-elf/4.1.2/../../../../nios2-elf/lib/mhw-mulx\libc.a(lib_a-freer.o)
                0x41026670                _malloc_trim_r
                0x4102679c                _free_r
 .text          0x41026ab0      0x49c c:/altera/13.0sp1/nios2eds/bin/gnu/h-i686-mingw32/bin/../lib/gcc/nios2-elf/4.1.2/../../../../nios2-elf/lib/mhw-mulx\libc.a(lib_a-fvwrite.o)
                0x41026ab0                __sfvwrite_r
 .text          0x41026f4c      0x180 c:/altera/13.0sp1/nios2eds/bin/gnu/h-i686-mingw32/bin/../lib/gcc/nios2-elf/4.1.2/../../../../nios2-elf/lib/mhw-mulx\libc.a(lib_a-fwalk.o)
                0x41026f4c                _fwalk_reent
                0x41027014                _fwalk
 .text          0x410270cc       0xc4 c:/altera/13.0sp1/nios2eds/bin/gnu/h-i686-mingw32/bin/../lib/gcc/nios2-elf/4.1.2/../../../../nios2-elf/lib/mhw-mulx\libc.a(lib_a-locale.o)
                0x410270cc                __locale_charset
                0x410270d4                _localeconv_r
                0x410270e0                localeconv
                0x410270f0                _setlocale_r
                0x41027174                setlocale
 .text          0x41027190      0x194 c:/altera/13.0sp1/nios2eds/bin/gnu/h-i686-mingw32/bin/../lib/gcc/nios2-elf/4.1.2/../../../../nios2-elf/lib/mhw-mulx\libc.a(lib_a-makebuf.o)
                0x41027190                __smakebuf_r
 .text          0x41027324      0x740 c:/altera/13.0sp1/nios2eds/bin/gnu/h-i686-mingw32/bin/../lib/gcc/nios2-elf/4.1.2/../../../../nios2-elf/lib/mhw-mulx\libc.a(lib_a-mallocr.o)
                0x41027324                _malloc_r
 .text          0x41027a64       0xe4 c:/altera/13.0sp1/nios2eds/bin/gnu/h-i686-mingw32/bin/../lib/gcc/nios2-elf/4.1.2/../../../../nios2-elf/lib/mhw-mulx\libc.a(lib_a-memchr.o)
                0x41027a64                memchr
 .text          0x41027b48       0xe0 c:/altera/13.0sp1/nios2eds/bin/gnu/h-i686-mingw32/bin/../lib/gcc/nios2-elf/4.1.2/../../../../nios2-elf/lib/mhw-mulx\libc.a(lib_a-memmove.o)
                0x41027b48                memmove
 .text          0x41027c28       0x98 c:/altera/13.0sp1/nios2eds/bin/gnu/h-i686-mingw32/bin/../lib/gcc/nios2-elf/4.1.2/../../../../nios2-elf/lib/mhw-mulx\libc.a(lib_a-memset.o)
                0x41027c28                memset
 .text          0x41027cc0      0xff4 c:/altera/13.0sp1/nios2eds/bin/gnu/h-i686-mingw32/bin/../lib/gcc/nios2-elf/4.1.2/../../../../nios2-elf/lib/mhw-mulx\libc.a(lib_a-mprec.o)
                0x41027cc0                _Bfree
                0x41027ce8                __hi0bits
                0x41027d58                __lo0bits
                0x41027e1c                __mcmp
                0x41027e7c                __ulp
                0x41027efc                __b2d
                0x4102801c                __ratio
                0x410280cc                _mprec_log10
                0x41028160                __copybits
                0x410281b8                __any_on
                0x41028240                _Balloc
                0x410282fc                __d2b
                0x41028478                __mdiff
                0x41028604                __lshift
                0x41028750                __multiply
                0x41028938                __i2b
                0x41028974                __multadd
                0x41028a74                __pow5mult
                0x41028b94                __s2b
 .text          0x41028cb4      0x1ec c:/altera/13.0sp1/nios2eds/bin/gnu/h-i686-mingw32/bin/../lib/gcc/nios2-elf/4.1.2/../../../../nios2-elf/lib/mhw-mulx\libc.a(lib_a-putc.o)
                0x41028cb4                putc
                0x41028db8                _putc_r
 .text          0x41028ea0      0x5f4 c:/altera/13.0sp1/nios2eds/bin/gnu/h-i686-mingw32/bin/../lib/gcc/nios2-elf/4.1.2/../../../../nios2-elf/lib/mhw-mulx\libc.a(lib_a-reallocr.o)
                0x41028ea0                _realloc_r
 .text          0x41029494      0x1e0 c:/altera/13.0sp1/nios2eds/bin/gnu/h-i686-mingw32/bin/../lib/gcc/nios2-elf/4.1.2/../../../../nios2-elf/lib/mhw-mulx\libc.a(lib_a-refill.o)
                0x41029494                __srefill_r
 .text          0x41029674       0x40 c:/altera/13.0sp1/nios2eds/bin/gnu/h-i686-mingw32/bin/../lib/gcc/nios2-elf/4.1.2/../../../../nios2-elf/lib/mhw-mulx\libc.a(lib_a-s_isinfd.o)
                0x41029674                __isinfd
 .text          0x410296b4       0x30 c:/altera/13.0sp1/nios2eds/bin/gnu/h-i686-mingw32/bin/../lib/gcc/nios2-elf/4.1.2/../../../../nios2-elf/lib/mhw-mulx\libc.a(lib_a-s_isnand.o)
                0x410296b4                __isnand
 .text          0x410296e4       0x70 c:/altera/13.0sp1/nios2eds/bin/gnu/h-i686-mingw32/bin/../lib/gcc/nios2-elf/4.1.2/../../../../nios2-elf/lib/mhw-mulx\libc.a(lib_a-sbrkr.o)
                0x410296e4                _sbrk_r
 .text          0x41029754      0x14c c:/altera/13.0sp1/nios2eds/bin/gnu/h-i686-mingw32/bin/../lib/gcc/nios2-elf/4.1.2/../../../../nios2-elf/lib/mhw-mulx\libc.a(lib_a-stdio.o)
                0x41029754                __sclose
                0x4102975c                __sseek
                0x410297c4                __swrite
                0x41029840                __sread
 .text          0x410298a0       0xbc c:/altera/13.0sp1/nios2eds/bin/gnu/h-i686-mingw32/bin/../lib/gcc/nios2-elf/4.1.2/../../../../nios2-elf/lib/mhw-mulx\libc.a(lib_a-strcmp.o)
                0x410298a0                strcmp
 .text          0x4102995c      0x14c c:/altera/13.0sp1/nios2eds/bin/gnu/h-i686-mingw32/bin/../lib/gcc/nios2-elf/4.1.2/../../../../nios2-elf/lib/mhw-mulx\libc.a(lib_a-wbuf.o)
                0x4102995c                __swbuf_r
                0x41029a8c                __swbuf
 .text          0x41029aa8       0x78 c:/altera/13.0sp1/nios2eds/bin/gnu/h-i686-mingw32/bin/../lib/gcc/nios2-elf/4.1.2/../../../../nios2-elf/lib/mhw-mulx\libc.a(lib_a-writer.o)
                0x41029aa8                _write_r
 .text          0x41029b20       0xb4 c:/altera/13.0sp1/nios2eds/bin/gnu/h-i686-mingw32/bin/../lib/gcc/nios2-elf/4.1.2/../../../../nios2-elf/lib/mhw-mulx\libc.a(lib_a-callocr.o)
                0x41029b20                _calloc_r
 .text          0x41029bd4       0x70 c:/altera/13.0sp1/nios2eds/bin/gnu/h-i686-mingw32/bin/../lib/gcc/nios2-elf/4.1.2/../../../../nios2-elf/lib/mhw-mulx\libc.a(lib_a-closer.o)
                0x41029bd4                _close_r
 .text          0x41029c44      0x124 c:/altera/13.0sp1/nios2eds/bin/gnu/h-i686-mingw32/bin/../lib/gcc/nios2-elf/4.1.2/../../../../nios2-elf/lib/mhw-mulx\libc.a(lib_a-fclose.o)
                0x41029c44                _fclose_r
                0x41029d54                fclose
 .text          0x41029d68       0x74 c:/altera/13.0sp1/nios2eds/bin/gnu/h-i686-mingw32/bin/../lib/gcc/nios2-elf/4.1.2/../../../../nios2-elf/lib/mhw-mulx\libc.a(lib_a-fstatr.o)
                0x41029d68                _fstat_r
 .text          0x41029ddc        0x0 c:/altera/13.0sp1/nios2eds/bin/gnu/h-i686-mingw32/bin/../lib/gcc/nios2-elf/4.1.2/../../../../nios2-elf/lib/mhw-mulx\libc.a(lib_a-int_errno.o)
 .text          0x41029ddc       0x70 c:/altera/13.0sp1/nios2eds/bin/gnu/h-i686-mingw32/bin/../lib/gcc/nios2-elf/4.1.2/../../../../nios2-elf/lib/mhw-mulx\libc.a(lib_a-isattyr.o)
                0x41029ddc                _isatty_r
 .text          0x41029e4c       0x78 c:/altera/13.0sp1/nios2eds/bin/gnu/h-i686-mingw32/bin/../lib/gcc/nios2-elf/4.1.2/../../../../nios2-elf/lib/mhw-mulx\libc.a(lib_a-lseekr.o)
                0x41029e4c                _lseek_r
 .text          0x41029ec4       0x78 c:/altera/13.0sp1/nios2eds/bin/gnu/h-i686-mingw32/bin/../lib/gcc/nios2-elf/4.1.2/../../../../nios2-elf/lib/mhw-mulx\libc.a(lib_a-readr.o)
                0x41029ec4                _read_r
 .text          0x41029f3c      0x5dc c:/altera/13.0sp1/nios2eds/bin/gnu/h-i686-mingw32/bin/../lib/gcc/nios2-elf/4.1.2/mhw-mulx\libgcc.a(_udivdi3.o)
                0x41029f3c                __udivdi3
 .text          0x4102a518      0x5b0 c:/altera/13.0sp1/nios2eds/bin/gnu/h-i686-mingw32/bin/../lib/gcc/nios2-elf/4.1.2/mhw-mulx\libgcc.a(_umoddi3.o)
                0x4102a518                __umoddi3
 .text          0x4102aac8      0x504 c:/altera/13.0sp1/nios2eds/bin/gnu/h-i686-mingw32/bin/../lib/gcc/nios2-elf/4.1.2/mhw-mulx\libgcc.a(_addsub_df.o)
                0x4102aed8                __subdf3
                0x4102af58                __adddf3
 .text          0x4102afcc      0x3b4 c:/altera/13.0sp1/nios2eds/bin/gnu/h-i686-mingw32/bin/../lib/gcc/nios2-elf/4.1.2/mhw-mulx\libgcc.a(_mul_df.o)
                0x4102afcc                __muldf3
 .text          0x4102b380      0x258 c:/altera/13.0sp1/nios2eds/bin/gnu/h-i686-mingw32/bin/../lib/gcc/nios2-elf/4.1.2/mhw-mulx\libgcc.a(_div_df.o)
                0x4102b380                __divdf3
 .text          0x4102b5d8       0x88 c:/altera/13.0sp1/nios2eds/bin/gnu/h-i686-mingw32/bin/../lib/gcc/nios2-elf/4.1.2/mhw-mulx\libgcc.a(_eq_df.o)
                0x4102b5d8                __eqdf2
 .text          0x4102b660       0x88 c:/altera/13.0sp1/nios2eds/bin/gnu/h-i686-mingw32/bin/../lib/gcc/nios2-elf/4.1.2/mhw-mulx\libgcc.a(_ne_df.o)
                0x4102b660                __nedf2
 .text          0x4102b6e8       0x88 c:/altera/13.0sp1/nios2eds/bin/gnu/h-i686-mingw32/bin/../lib/gcc/nios2-elf/4.1.2/mhw-mulx\libgcc.a(_gt_df.o)
                0x4102b6e8                __gtdf2
 .text          0x4102b770       0x88 c:/altera/13.0sp1/nios2eds/bin/gnu/h-i686-mingw32/bin/../lib/gcc/nios2-elf/4.1.2/mhw-mulx\libgcc.a(_ge_df.o)
                0x4102b770                __gedf2
 .text          0x4102b7f8       0x88 c:/altera/13.0sp1/nios2eds/bin/gnu/h-i686-mingw32/bin/../lib/gcc/nios2-elf/4.1.2/mhw-mulx\libgcc.a(_lt_df.o)
                0x4102b7f8                __ltdf2
 .text          0x4102b880       0xf8 c:/altera/13.0sp1/nios2eds/bin/gnu/h-i686-mingw32/bin/../lib/gcc/nios2-elf/4.1.2/mhw-mulx\libgcc.a(_si_to_df.o)
                0x4102b880                __floatsidf
 .text          0x4102b978       0xd8 c:/altera/13.0sp1/nios2eds/bin/gnu/h-i686-mingw32/bin/../lib/gcc/nios2-elf/4.1.2/mhw-mulx\libgcc.a(_df_to_si.o)
                0x4102b978                __fixdfsi
 .text          0x4102ba50        0x0 c:/altera/13.0sp1/nios2eds/bin/gnu/h-i686-mingw32/bin/../lib/gcc/nios2-elf/4.1.2/mhw-mulx\libgcc.a(_thenan_df.o)
 .text          0x4102ba50      0x194 c:/altera/13.0sp1/nios2eds/bin/gnu/h-i686-mingw32/bin/../lib/gcc/nios2-elf/4.1.2/mhw-mulx\libgcc.a(_usi_to_df.o)
                0x4102ba50                __floatunsidf
 .text          0x4102bbe4      0x138 c:/altera/13.0sp1/nios2eds/bin/gnu/h-i686-mingw32/bin/../lib/gcc/nios2-elf/4.1.2/mhw-mulx\libgcc.a(_unpack_df.o)
                0x4102bbe4                __unpack_d
 .text          0x4102bd1c       0xc8 c:/altera/13.0sp1/nios2eds/bin/gnu/h-i686-mingw32/bin/../lib/gcc/nios2-elf/4.1.2/mhw-mulx\libgcc.a(_fpcmp_parts_df.o)
                0x4102bd1c                __fpcmp_parts_d
 .text          0x4102bde4      0x15c ../DE4_DDR2_test_bsp\libhal_bsp.a(alt_close.o)
                0x4102bde4                close
 .text          0x4102bf40       0x44 ../DE4_DDR2_test_bsp\libhal_bsp.a(alt_dcache_flush_all.o)
                0x4102bf40                alt_dcache_flush_all
 .text          0x4102bf84       0x2c ../DE4_DDR2_test_bsp\libhal_bsp.a(alt_dev.o)
 .text          0x4102bfb0       0xb8 ../DE4_DDR2_test_bsp\libhal_bsp.a(alt_dma_rxchan_open.o)
                0x4102bfb0                alt_dma_rxchan_open
 .text          0x4102c068       0xb8 ../DE4_DDR2_test_bsp\libhal_bsp.a(alt_dma_txchan_open.o)
                0x4102c068                alt_dma_txchan_open
 .text          0x4102c120        0x0 ../DE4_DDR2_test_bsp\libhal_bsp.a(alt_errno.o)
 .text          0x4102c120       0x60 ../DE4_DDR2_test_bsp\libhal_bsp.a(alt_exit.o)
                0x4102c160                _exit
 .text          0x4102c180       0x94 ../DE4_DDR2_test_bsp\libhal_bsp.a(alt_find_dev.o)
                0x4102c180                alt_find_dev
 .text          0x4102c214      0x134 ../DE4_DDR2_test_bsp\libhal_bsp.a(alt_fstat.o)
                0x4102c214                fstat
 .text          0x4102c348      0x120 ../DE4_DDR2_test_bsp\libhal_bsp.a(alt_isatty.o)
                0x4102c348                isatty
 .text          0x4102c468       0xec ../DE4_DDR2_test_bsp\libhal_bsp.a(alt_load.o)
                0x4102c468                alt_load
 .text          0x4102c554      0x150 ../DE4_DDR2_test_bsp\libhal_bsp.a(alt_lseek.o)
                0x4102c554                lseek
 .text          0x4102c6a4       0x6c ../DE4_DDR2_test_bsp\libhal_bsp.a(alt_main.o)
                0x4102c6a4                alt_main
 .text          0x4102c710       0x40 ../DE4_DDR2_test_bsp\libhal_bsp.a(alt_malloc_lock.o)
                0x4102c710                __malloc_lock
                0x4102c730                __malloc_unlock
 .text          0x4102c750      0x180 ../DE4_DDR2_test_bsp\libhal_bsp.a(alt_read.o)
                0x4102c750                read
 .text          0x4102c8d0       0x60 ../DE4_DDR2_test_bsp\libhal_bsp.a(alt_release_fd.o)
                0x4102c8d0                alt_release_fd
 .text          0x4102c930       0xbc ../DE4_DDR2_test_bsp\libhal_bsp.a(alt_sbrk.o)
                0x4102c930                sbrk
 .text          0x4102c9ec      0x1a4 ../DE4_DDR2_test_bsp\libhal_bsp.a(alt_tick.o)
                0x4102c9ec                alt_alarm_stop
                0x4102ca84                alt_tick
 .text          0x4102cb90       0x30 ../DE4_DDR2_test_bsp\libhal_bsp.a(alt_usleep.o)
                0x4102cb90                usleep
 .text          0x4102cbc0      0x180 ../DE4_DDR2_test_bsp\libhal_bsp.a(alt_write.o)
                0x4102cbc0                write
 .text          0x4102cd40       0xec ../DE4_DDR2_test_bsp\libhal_bsp.a(alt_sys_init.o)
                0x4102cd40                alt_irq_init
                0x4102cd74                alt_sys_init
 .text          0x4102ce2c      0xcac ../DE4_DDR2_test_bsp\libhal_bsp.a(altera_avalon_dma.o)
                0x4102ce2c                alt_avalon_dma_launch_bidir
                0x4102d440                alt_avalon_dma_tx_ioctl
                0x4102d484                alt_avalon_dma_rx_ioctl
                0x4102d4c8                alt_avalon_dma_prepare
                0x4102d61c                alt_avalon_dma_space
                0x4102d69c                alt_avalon_dma_send
                0x4102d9b8                alt_avalon_dma_init
 .text          0x4102dad8      0x148 ../DE4_DDR2_test_bsp\libhal_bsp.a(altera_avalon_jtag_uart_fd.o)
                0x4102dad8                altera_avalon_jtag_uart_read_fd
                0x4102db30                altera_avalon_jtag_uart_write_fd
                0x4102db88                altera_avalon_jtag_uart_close_fd
                0x4102dbd0                altera_avalon_jtag_uart_ioctl_fd
 .text          0x4102dc20      0x40c ../DE4_DDR2_test_bsp\libhal_bsp.a(altera_avalon_jtag_uart_init.o)
                0x4102dc20                altera_avalon_jtag_uart_init
                0x4102dfb8                altera_avalon_jtag_uart_close
 .text          0x4102e02c       0xf4 ../DE4_DDR2_test_bsp\libhal_bsp.a(altera_avalon_jtag_uart_ioctl.o)
                0x4102e02c                altera_avalon_jtag_uart_ioctl
 .text          0x4102e120      0x224 ../DE4_DDR2_test_bsp\libhal_bsp.a(altera_avalon_jtag_uart_read.o)
                0x4102e120                altera_avalon_jtag_uart_read
 .text          0x4102e344      0x240 ../DE4_DDR2_test_bsp\libhal_bsp.a(altera_avalon_jtag_uart_write.o)
                0x4102e344                altera_avalon_jtag_uart_write
 .text          0x4102e584      0x100 ../DE4_DDR2_test_bsp\libhal_bsp.a(altera_avalon_timer_sc.o)
                0x4102e5f4                alt_avalon_timer_sc_init
 .text          0x4102e684      0x154 ../DE4_DDR2_test_bsp\libhal_bsp.a(alt_alarm_start.o)
                0x4102e684                alt_alarm_start
 .text          0x4102e7d8      0x14c ../DE4_DDR2_test_bsp\libhal_bsp.a(alt_busy_sleep.o)
                0x4102e7d8                alt_busy_sleep
 .text          0x4102e924      0x114 ../DE4_DDR2_test_bsp\libhal_bsp.a(alt_dev_llist_insert.o)
                0x4102e924                alt_dev_llist_insert
 .text          0x4102ea38       0x64 ../DE4_DDR2_test_bsp\libhal_bsp.a(alt_do_ctors.o)
                0x4102ea38                _do_ctors
 .text          0x4102ea9c       0x64 ../DE4_DDR2_test_bsp\libhal_bsp.a(alt_do_dtors.o)
                0x4102ea9c                _do_dtors
 .text          0x4102eb00       0x30 ../DE4_DDR2_test_bsp\libhal_bsp.a(alt_icache_flush_all.o)
                0x4102eb00                alt_icache_flush_all
 .text          0x4102eb30      0x1d4 ../DE4_DDR2_test_bsp\libhal_bsp.a(alt_iic.o)
                0x4102eb30                alt_ic_isr_register
                0x4102eb80                alt_ic_irq_enable
                0x4102ec1c                alt_ic_irq_disable
                0x4102ecbc                alt_ic_irq_enabled
 .text          0x4102ed04       0xf8 ../DE4_DDR2_test_bsp\libhal_bsp.a(alt_iic_isr_register.o)
                0x4102ed04                alt_iic_isr_register
 .text          0x4102edfc      0x13c ../DE4_DDR2_test_bsp\libhal_bsp.a(alt_io_redirect.o)
                0x4102eec0                alt_io_redirect
 .text          0x4102ef38        0x0 ../DE4_DDR2_test_bsp\libhal_bsp.a(alt_irq_entry.o)
 .text          0x4102ef38        0x0 ../DE4_DDR2_test_bsp\libhal_bsp.a(alt_irq_handler.o)
 .text          0x4102ef38        0x0 ../DE4_DDR2_test_bsp\libhal_bsp.a(alt_irq_vars.o)
 .text          0x4102ef38      0x2c4 ../DE4_DDR2_test_bsp\libhal_bsp.a(alt_open.o)
                0x4102f014                open
 .text          0x4102f1fc       0x20 ../DE4_DDR2_test_bsp\libhal_bsp.a(altera_nios2_qsys_irq.o)
                0x4102f1fc                altera_nios2_qsys_irq_init
 .text          0x4102f21c        0x0 ../DE4_DDR2_test_bsp\libhal_bsp.a(alt_exception_entry.o)
 .text          0x4102f21c      0x120 ../DE4_DDR2_test_bsp\libhal_bsp.a(alt_find_file.o)
                0x4102f21c                alt_find_file
 .text          0x4102f33c       0xb8 ../DE4_DDR2_test_bsp\libhal_bsp.a(alt_get_fd.o)
                0x4102f33c                alt_get_fd
 .text          0x4102f3f4       0x90 ../DE4_DDR2_test_bsp\libhal_bsp.a(alt_icache_flush.o)
                0x4102f3f4                alt_icache_flush
 .text          0x4102f484       0x14 c:/altera/13.0sp1/nios2eds/bin/gnu/h-i686-mingw32/bin/../lib/gcc/nios2-elf/4.1.2/../../../../nios2-elf/lib/mhw-mulx\libc.a(lib_a-atexit.o)
                0x4102f484                atexit
 .text          0x4102f498       0x74 c:/altera/13.0sp1/nios2eds/bin/gnu/h-i686-mingw32/bin/../lib/gcc/nios2-elf/4.1.2/../../../../nios2-elf/lib/mhw-mulx\libc.a(lib_a-memcmp.o)
                0x4102f498                memcmp
 .text          0x4102f50c      0x134 c:/altera/13.0sp1/nios2eds/bin/gnu/h-i686-mingw32/bin/../lib/gcc/nios2-elf/4.1.2/../../../../nios2-elf/lib/mhw-mulx\libc.a(lib_a-__atexit.o)
                0x4102f50c                __register_exitproc
 *(.gnu.warning.*)
 *(.fini)
                0x4102f640                PROVIDE (__etext, ABSOLUTE (.))
                0x4102f640                PROVIDE (_etext, ABSOLUTE (.))
                0x4102f640                PROVIDE (etext, ABSOLUTE (.))
 *(.eh_frame_hdr)
                0x4102f640                . = ALIGN (0x4)
                0x4102f640                PROVIDE (__preinit_array_start, ABSOLUTE (.))
 *(.preinit_array)
                0x4102f640                PROVIDE (__preinit_array_end, ABSOLUTE (.))
                0x4102f640                PROVIDE (__init_array_start, ABSOLUTE (.))
 *(.init_array)
                0x4102f640                PROVIDE (__init_array_end, ABSOLUTE (.))
                0x4102f640                PROVIDE (__fini_array_start, ABSOLUTE (.))
 *(.fini_array)
                0x4102f640                PROVIDE (__fini_array_end, ABSOLUTE (.))
 *(.eh_frame)
 *(.gcc_except_table)
 *(.dynamic)
                0x4102f640                PROVIDE (__CTOR_LIST__, ABSOLUTE (.))
 *(.ctors)
 *(SORT(.ctors.*))
 .ctors.65535   0x4102f640        0x4 c:/altera/13.0sp1/nios2eds/bin/gnu/h-i686-mingw32/bin/../lib/gcc/nios2-elf/4.1.2/../../../../nios2-elf/lib/mhw-mulx\libc.a(lib_a-__call_atexit.o)
                0x4102f644                PROVIDE (__CTOR_END__, ABSOLUTE (.))
                0x4102f644                PROVIDE (__DTOR_LIST__, ABSOLUTE (.))
 *(.dtors)
 *(SORT(.dtors.*))
                0x4102f644                PROVIDE (__DTOR_END__, ABSOLUTE (.))
 *(.jcr)
                0x4102f644                . = ALIGN (0x4)

.rodata         0x4102f644      0x8b4
                0x4102f644                PROVIDE (__ram_rodata_start, ABSOLUTE (.))
                0x4102f644                . = ALIGN (0x4)
 *(.rodata .rodata.* .gnu.linkonce.r.*)
 .rodata        0x4102f644      0x1c4 obj/default/dma_ctr.o
 .rodata        0x4102f808      0x2a0 obj/default/main.o
 .rodata        0x4102faa8       0x9c obj/default/mem_init.o
 .rodata        0x4102fb44       0x5c obj/default/mem_test.o
 .rodata        0x4102fba0       0x10 c:/altera/13.0sp1/nios2eds/bin/gnu/h-i686-mingw32/bin/../lib/gcc/nios2-elf/4.1.2/mhw-mulx\libgcc.a(_thenan_sf.o)
                0x4102fba0                __thenan_sf
 .rodata        0x4102fbb0      0x100 c:/altera/13.0sp1/nios2eds/bin/gnu/h-i686-mingw32/bin/../lib/gcc/nios2-elf/4.1.2/mhw-mulx\libgcc.a(_clz.o)
                0x4102fbb0                __clz_tab
 .rodata.str1.4
                0x4102fcb0        0x2 c:/altera/13.0sp1/nios2eds/bin/gnu/h-i686-mingw32/bin/../lib/gcc/nios2-elf/4.1.2/../../../../nios2-elf/lib/mhw-mulx\libc.a(lib_a-impure.o)
                                  0x4 (size before relaxing)
 *fill*         0x4102fcb2        0x2 00
 .rodata.str1.4
                0x4102fcb4        0x2 c:/altera/13.0sp1/nios2eds/bin/gnu/h-i686-mingw32/bin/../lib/gcc/nios2-elf/4.1.2/../../../../nios2-elf/lib/mhw-mulx\libc.a(lib_a-puts.o)
                                  0x4 (size before relaxing)
 *fill*         0x4102fcb6        0x2 00
 .rodata.str1.4
                0x4102fcb8       0x5e c:/altera/13.0sp1/nios2eds/bin/gnu/h-i686-mingw32/bin/../lib/gcc/nios2-elf/4.1.2/../../../../nios2-elf/lib/mhw-mulx\libc.a(lib_a-vfprintf.o)
                                 0x60 (size before relaxing)
 .rodata        0x4102fd16       0x20 c:/altera/13.0sp1/nios2eds/bin/gnu/h-i686-mingw32/bin/../lib/gcc/nios2-elf/4.1.2/../../../../nios2-elf/lib/mhw-mulx\libc.a(lib_a-vfprintf.o)
 *fill*         0x4102fd36        0x2 00
 .rodata.str1.4
                0x4102fd38       0x10 c:/altera/13.0sp1/nios2eds/bin/gnu/h-i686-mingw32/bin/../lib/gcc/nios2-elf/4.1.2/../../../../nios2-elf/lib/mhw-mulx\libc.a(lib_a-dtoa.o)
                                 0x14 (size before relaxing)
 .rodata.str1.4
                0x4102fd48       0x10 c:/altera/13.0sp1/nios2eds/bin/gnu/h-i686-mingw32/bin/../lib/gcc/nios2-elf/4.1.2/../../../../nios2-elf/lib/mhw-mulx\libc.a(lib_a-locale.o)
                                 0x18 (size before relaxing)
 .rodata        0x4102fd58       0x30 c:/altera/13.0sp1/nios2eds/bin/gnu/h-i686-mingw32/bin/../lib/gcc/nios2-elf/4.1.2/../../../../nios2-elf/lib/mhw-mulx\libc.a(lib_a-locale.o)
 .rodata        0x4102fd88      0x124 c:/altera/13.0sp1/nios2eds/bin/gnu/h-i686-mingw32/bin/../lib/gcc/nios2-elf/4.1.2/../../../../nios2-elf/lib/mhw-mulx\libc.a(lib_a-mprec.o)
                0x4102fd88                __mprec_tens
                0x4102fe50                __mprec_bigtens
                0x4102fe78                __mprec_tinytens
 .rodata        0x4102feac       0x14 c:/altera/13.0sp1/nios2eds/bin/gnu/h-i686-mingw32/bin/../lib/gcc/nios2-elf/4.1.2/mhw-mulx\libgcc.a(_thenan_df.o)
                0x4102feac                __thenan_df
 .rodata        0x4102fec0        0xc ../DE4_DDR2_test_bsp\libhal_bsp.a(alt_dev.o)
 .rodata        0x4102fecc       0x10 ../DE4_DDR2_test_bsp\libhal_bsp.a(alt_main.o)
 .rodata        0x4102fedc       0x1c ../DE4_DDR2_test_bsp\libhal_bsp.a(alt_sys_init.o)
 *(.rodata1)
                0x4102fef8                . = ALIGN (0x4)
                0x4102fef8                PROVIDE (__ram_rodata_end, ABSOLUTE (.))
                0x4102f644                PROVIDE (__flash_rodata_start, LOADADDR (.rodata))

.rwdata         0x4102fef8     0x1b48 load address 0x41031a40
                0x4102fef8                PROVIDE (__ram_rwdata_start, ABSOLUTE (.))
                0x4102fef8                . = ALIGN (0x4)
 *(.got.plt)
 *(.got)
 *(.data1)
 *(.data .data.* .gnu.linkonce.d.*)
 .data          0x4102fef8        0x0 ../DE4_DDR2_test_bsp/obj/HAL/src/crt0.o
 .data          0x4102fef8        0x0 obj/default/I2C.o
 .data          0x4102fef8        0x0 obj/default/dma_ctr.o
 .data          0x4102fef8        0x0 obj/default/main.o
 .data          0x4102fef8        0x0 obj/default/mem_init.o
 .data          0x4102fef8        0x0 obj/default/mem_test.o
 .data          0x4102fef8        0x0 c:/altera/13.0sp1/nios2eds/bin/gnu/h-i686-mingw32/bin/../lib/gcc/nios2-elf/4.1.2/mhw-mulx\libgcc.a(_div_sf.o)
 .data          0x4102fef8        0x0 c:/altera/13.0sp1/nios2eds/bin/gnu/h-i686-mingw32/bin/../lib/gcc/nios2-elf/4.1.2/mhw-mulx\libgcc.a(_si_to_sf.o)
 .data          0x4102fef8        0x0 c:/altera/13.0sp1/nios2eds/bin/gnu/h-i686-mingw32/bin/../lib/gcc/nios2-elf/4.1.2/mhw-mulx\libgcc.a(_sf_to_df.o)
 .data          0x4102fef8        0x0 c:/altera/13.0sp1/nios2eds/bin/gnu/h-i686-mingw32/bin/../lib/gcc/nios2-elf/4.1.2/mhw-mulx\libgcc.a(_thenan_sf.o)
 .data          0x4102fef8        0x0 c:/altera/13.0sp1/nios2eds/bin/gnu/h-i686-mingw32/bin/../lib/gcc/nios2-elf/4.1.2/mhw-mulx\libgcc.a(_usi_to_sf.o)
 .data          0x4102fef8        0x0 c:/altera/13.0sp1/nios2eds/bin/gnu/h-i686-mingw32/bin/../lib/gcc/nios2-elf/4.1.2/mhw-mulx\libgcc.a(_make_df.o)
 .data          0x4102fef8        0x0 c:/altera/13.0sp1/nios2eds/bin/gnu/h-i686-mingw32/bin/../lib/gcc/nios2-elf/4.1.2/mhw-mulx\libgcc.a(lib2-divmod.o)
 .data          0x4102fef8        0x0 c:/altera/13.0sp1/nios2eds/bin/gnu/h-i686-mingw32/bin/../lib/gcc/nios2-elf/4.1.2/mhw-mulx\libgcc.a(_clzsi2.o)
 .data          0x4102fef8        0x0 c:/altera/13.0sp1/nios2eds/bin/gnu/h-i686-mingw32/bin/../lib/gcc/nios2-elf/4.1.2/mhw-mulx\libgcc.a(_pack_sf.o)
 .data          0x4102fef8        0x0 c:/altera/13.0sp1/nios2eds/bin/gnu/h-i686-mingw32/bin/../lib/gcc/nios2-elf/4.1.2/mhw-mulx\libgcc.a(_unpack_sf.o)
 .data          0x4102fef8        0x0 c:/altera/13.0sp1/nios2eds/bin/gnu/h-i686-mingw32/bin/../lib/gcc/nios2-elf/4.1.2/mhw-mulx\libgcc.a(_pack_df.o)
 .data          0x4102fef8        0x0 c:/altera/13.0sp1/nios2eds/bin/gnu/h-i686-mingw32/bin/../lib/gcc/nios2-elf/4.1.2/mhw-mulx\libgcc.a(_clz.o)
 .data          0x4102fef8        0x0 c:/altera/13.0sp1/nios2eds/bin/gnu/h-i686-mingw32/bin/../lib/gcc/nios2-elf/4.1.2/../../../../nios2-elf/lib/mhw-mulx\libc.a(lib_a-exit.o)
 .data          0x4102fef8        0x0 c:/altera/13.0sp1/nios2eds/bin/gnu/h-i686-mingw32/bin/../lib/gcc/nios2-elf/4.1.2/../../../../nios2-elf/lib/mhw-mulx\libc.a(lib_a-getc.o)
 .data          0x4102fef8      0x400 c:/altera/13.0sp1/nios2eds/bin/gnu/h-i686-mingw32/bin/../lib/gcc/nios2-elf/4.1.2/../../../../nios2-elf/lib/mhw-mulx\libc.a(lib_a-impure.o)
 .data          0x410302f8        0x0 c:/altera/13.0sp1/nios2eds/bin/gnu/h-i686-mingw32/bin/../lib/gcc/nios2-elf/4.1.2/../../../../nios2-elf/lib/mhw-mulx\libc.a(lib_a-memcpy.o)
 .data          0x410302f8        0x0 c:/altera/13.0sp1/nios2eds/bin/gnu/h-i686-mingw32/bin/../lib/gcc/nios2-elf/4.1.2/../../../../nios2-elf/lib/mhw-mulx\libc.a(lib_a-printf.o)
 .data          0x410302f8        0x0 c:/altera/13.0sp1/nios2eds/bin/gnu/h-i686-mingw32/bin/../lib/gcc/nios2-elf/4.1.2/../../../../nios2-elf/lib/mhw-mulx\libc.a(lib_a-putchar.o)
 .data          0x410302f8        0x0 c:/altera/13.0sp1/nios2eds/bin/gnu/h-i686-mingw32/bin/../lib/gcc/nios2-elf/4.1.2/../../../../nios2-elf/lib/mhw-mulx\libc.a(lib_a-puts.o)
 .data          0x410302f8        0x0 c:/altera/13.0sp1/nios2eds/bin/gnu/h-i686-mingw32/bin/../lib/gcc/nios2-elf/4.1.2/../../../../nios2-elf/lib/mhw-mulx\libc.a(lib_a-rget.o)
 .data          0x410302f8        0x0 c:/altera/13.0sp1/nios2eds/bin/gnu/h-i686-mingw32/bin/../lib/gcc/nios2-elf/4.1.2/../../../../nios2-elf/lib/mhw-mulx\libc.a(lib_a-strlen.o)
 .data          0x410302f8        0x0 c:/altera/13.0sp1/nios2eds/bin/gnu/h-i686-mingw32/bin/../lib/gcc/nios2-elf/4.1.2/../../../../nios2-elf/lib/mhw-mulx\libc.a(lib_a-vfprintf.o)
 .data          0x410302f8        0x0 c:/altera/13.0sp1/nios2eds/bin/gnu/h-i686-mingw32/bin/../lib/gcc/nios2-elf/4.1.2/../../../../nios2-elf/lib/mhw-mulx\libc.a(lib_a-wsetup.o)
 .data          0x410302f8        0x0 c:/altera/13.0sp1/nios2eds/bin/gnu/h-i686-mingw32/bin/../lib/gcc/nios2-elf/4.1.2/../../../../nios2-elf/lib/mhw-mulx\libc.a(lib_a-__call_atexit.o)
 .data          0x410302f8        0x0 c:/altera/13.0sp1/nios2eds/bin/gnu/h-i686-mingw32/bin/../lib/gcc/nios2-elf/4.1.2/../../../../nios2-elf/lib/mhw-mulx\libc.a(lib_a-dtoa.o)
 .data          0x410302f8        0x0 c:/altera/13.0sp1/nios2eds/bin/gnu/h-i686-mingw32/bin/../lib/gcc/nios2-elf/4.1.2/../../../../nios2-elf/lib/mhw-mulx\libc.a(lib_a-fflush.o)
 .data          0x410302f8        0x0 c:/altera/13.0sp1/nios2eds/bin/gnu/h-i686-mingw32/bin/../lib/gcc/nios2-elf/4.1.2/../../../../nios2-elf/lib/mhw-mulx\libc.a(lib_a-findfp.o)
 .data          0x410302f8        0x0 c:/altera/13.0sp1/nios2eds/bin/gnu/h-i686-mingw32/bin/../lib/gcc/nios2-elf/4.1.2/../../../../nios2-elf/lib/mhw-mulx\libc.a(lib_a-freer.o)
 .data          0x410302f8        0x0 c:/altera/13.0sp1/nios2eds/bin/gnu/h-i686-mingw32/bin/../lib/gcc/nios2-elf/4.1.2/../../../../nios2-elf/lib/mhw-mulx\libc.a(lib_a-fvwrite.o)
 .data          0x410302f8        0x0 c:/altera/13.0sp1/nios2eds/bin/gnu/h-i686-mingw32/bin/../lib/gcc/nios2-elf/4.1.2/../../../../nios2-elf/lib/mhw-mulx\libc.a(lib_a-fwalk.o)
 .data          0x410302f8        0xc c:/altera/13.0sp1/nios2eds/bin/gnu/h-i686-mingw32/bin/../lib/gcc/nios2-elf/4.1.2/../../../../nios2-elf/lib/mhw-mulx\libc.a(lib_a-locale.o)
                0x410302f8                __lc_ctype
 .data          0x41030304        0x0 c:/altera/13.0sp1/nios2eds/bin/gnu/h-i686-mingw32/bin/../lib/gcc/nios2-elf/4.1.2/../../../../nios2-elf/lib/mhw-mulx\libc.a(lib_a-makebuf.o)
 .data          0x41030304      0x408 c:/altera/13.0sp1/nios2eds/bin/gnu/h-i686-mingw32/bin/../lib/gcc/nios2-elf/4.1.2/../../../../nios2-elf/lib/mhw-mulx\libc.a(lib_a-mallocr.o)
                0x41030304                __malloc_av_
 .data          0x4103070c        0x0 c:/altera/13.0sp1/nios2eds/bin/gnu/h-i686-mingw32/bin/../lib/gcc/nios2-elf/4.1.2/../../../../nios2-elf/lib/mhw-mulx\libc.a(lib_a-memchr.o)
 .data          0x4103070c        0x0 c:/altera/13.0sp1/nios2eds/bin/gnu/h-i686-mingw32/bin/../lib/gcc/nios2-elf/4.1.2/../../../../nios2-elf/lib/mhw-mulx\libc.a(lib_a-memmove.o)
 .data          0x4103070c        0x0 c:/altera/13.0sp1/nios2eds/bin/gnu/h-i686-mingw32/bin/../lib/gcc/nios2-elf/4.1.2/../../../../nios2-elf/lib/mhw-mulx\libc.a(lib_a-memset.o)
 .data          0x4103070c        0x0 c:/altera/13.0sp1/nios2eds/bin/gnu/h-i686-mingw32/bin/../lib/gcc/nios2-elf/4.1.2/../../../../nios2-elf/lib/mhw-mulx\libc.a(lib_a-mprec.o)
 .data          0x4103070c        0x0 c:/altera/13.0sp1/nios2eds/bin/gnu/h-i686-mingw32/bin/../lib/gcc/nios2-elf/4.1.2/../../../../nios2-elf/lib/mhw-mulx\libc.a(lib_a-putc.o)
 .data          0x4103070c        0x0 c:/altera/13.0sp1/nios2eds/bin/gnu/h-i686-mingw32/bin/../lib/gcc/nios2-elf/4.1.2/../../../../nios2-elf/lib/mhw-mulx\libc.a(lib_a-reallocr.o)
 .data          0x4103070c        0x0 c:/altera/13.0sp1/nios2eds/bin/gnu/h-i686-mingw32/bin/../lib/gcc/nios2-elf/4.1.2/../../../../nios2-elf/lib/mhw-mulx\libc.a(lib_a-refill.o)
 .data          0x4103070c        0x0 c:/altera/13.0sp1/nios2eds/bin/gnu/h-i686-mingw32/bin/../lib/gcc/nios2-elf/4.1.2/../../../../nios2-elf/lib/mhw-mulx\libc.a(lib_a-s_isinfd.o)
 .data          0x4103070c        0x0 c:/altera/13.0sp1/nios2eds/bin/gnu/h-i686-mingw32/bin/../lib/gcc/nios2-elf/4.1.2/../../../../nios2-elf/lib/mhw-mulx\libc.a(lib_a-s_isnand.o)
 .data          0x4103070c        0x0 c:/altera/13.0sp1/nios2eds/bin/gnu/h-i686-mingw32/bin/../lib/gcc/nios2-elf/4.1.2/../../../../nios2-elf/lib/mhw-mulx\libc.a(lib_a-sbrkr.o)
 .data          0x4103070c        0x0 c:/altera/13.0sp1/nios2eds/bin/gnu/h-i686-mingw32/bin/../lib/gcc/nios2-elf/4.1.2/../../../../nios2-elf/lib/mhw-mulx\libc.a(lib_a-stdio.o)
 .data          0x4103070c        0x0 c:/altera/13.0sp1/nios2eds/bin/gnu/h-i686-mingw32/bin/../lib/gcc/nios2-elf/4.1.2/../../../../nios2-elf/lib/mhw-mulx\libc.a(lib_a-strcmp.o)
 .data          0x4103070c        0x0 c:/altera/13.0sp1/nios2eds/bin/gnu/h-i686-mingw32/bin/../lib/gcc/nios2-elf/4.1.2/../../../../nios2-elf/lib/mhw-mulx\libc.a(lib_a-wbuf.o)
 .data          0x4103070c        0x0 c:/altera/13.0sp1/nios2eds/bin/gnu/h-i686-mingw32/bin/../lib/gcc/nios2-elf/4.1.2/../../../../nios2-elf/lib/mhw-mulx\libc.a(lib_a-writer.o)
 .data          0x4103070c        0x0 c:/altera/13.0sp1/nios2eds/bin/gnu/h-i686-mingw32/bin/../lib/gcc/nios2-elf/4.1.2/../../../../nios2-elf/lib/mhw-mulx\libc.a(lib_a-callocr.o)
 .data          0x4103070c        0x0 c:/altera/13.0sp1/nios2eds/bin/gnu/h-i686-mingw32/bin/../lib/gcc/nios2-elf/4.1.2/../../../../nios2-elf/lib/mhw-mulx\libc.a(lib_a-closer.o)
 .data          0x4103070c        0x0 c:/altera/13.0sp1/nios2eds/bin/gnu/h-i686-mingw32/bin/../lib/gcc/nios2-elf/4.1.2/../../../../nios2-elf/lib/mhw-mulx\libc.a(lib_a-fclose.o)
 .data          0x4103070c        0x0 c:/altera/13.0sp1/nios2eds/bin/gnu/h-i686-mingw32/bin/../lib/gcc/nios2-elf/4.1.2/../../../../nios2-elf/lib/mhw-mulx\libc.a(lib_a-fstatr.o)
 .data          0x4103070c        0x0 c:/altera/13.0sp1/nios2eds/bin/gnu/h-i686-mingw32/bin/../lib/gcc/nios2-elf/4.1.2/../../../../nios2-elf/lib/mhw-mulx\libc.a(lib_a-int_errno.o)
 .data          0x4103070c        0x0 c:/altera/13.0sp1/nios2eds/bin/gnu/h-i686-mingw32/bin/../lib/gcc/nios2-elf/4.1.2/../../../../nios2-elf/lib/mhw-mulx\libc.a(lib_a-isattyr.o)
 .data          0x4103070c        0x0 c:/altera/13.0sp1/nios2eds/bin/gnu/h-i686-mingw32/bin/../lib/gcc/nios2-elf/4.1.2/../../../../nios2-elf/lib/mhw-mulx\libc.a(lib_a-lseekr.o)
 .data          0x4103070c        0x0 c:/altera/13.0sp1/nios2eds/bin/gnu/h-i686-mingw32/bin/../lib/gcc/nios2-elf/4.1.2/../../../../nios2-elf/lib/mhw-mulx\libc.a(lib_a-readr.o)
 .data          0x4103070c        0x0 c:/altera/13.0sp1/nios2eds/bin/gnu/h-i686-mingw32/bin/../lib/gcc/nios2-elf/4.1.2/mhw-mulx\libgcc.a(_udivdi3.o)
 .data          0x4103070c        0x0 c:/altera/13.0sp1/nios2eds/bin/gnu/h-i686-mingw32/bin/../lib/gcc/nios2-elf/4.1.2/mhw-mulx\libgcc.a(_umoddi3.o)
 .data          0x4103070c        0x0 c:/altera/13.0sp1/nios2eds/bin/gnu/h-i686-mingw32/bin/../lib/gcc/nios2-elf/4.1.2/mhw-mulx\libgcc.a(_addsub_df.o)
 .data          0x4103070c        0x0 c:/altera/13.0sp1/nios2eds/bin/gnu/h-i686-mingw32/bin/../lib/gcc/nios2-elf/4.1.2/mhw-mulx\libgcc.a(_mul_df.o)
 .data          0x4103070c        0x0 c:/altera/13.0sp1/nios2eds/bin/gnu/h-i686-mingw32/bin/../lib/gcc/nios2-elf/4.1.2/mhw-mulx\libgcc.a(_div_df.o)
 .data          0x4103070c        0x0 c:/altera/13.0sp1/nios2eds/bin/gnu/h-i686-mingw32/bin/../lib/gcc/nios2-elf/4.1.2/mhw-mulx\libgcc.a(_eq_df.o)
 .data          0x4103070c        0x0 c:/altera/13.0sp1/nios2eds/bin/gnu/h-i686-mingw32/bin/../lib/gcc/nios2-elf/4.1.2/mhw-mulx\libgcc.a(_ne_df.o)
 .data          0x4103070c        0x0 c:/altera/13.0sp1/nios2eds/bin/gnu/h-i686-mingw32/bin/../lib/gcc/nios2-elf/4.1.2/mhw-mulx\libgcc.a(_gt_df.o)
 .data          0x4103070c        0x0 c:/altera/13.0sp1/nios2eds/bin/gnu/h-i686-mingw32/bin/../lib/gcc/nios2-elf/4.1.2/mhw-mulx\libgcc.a(_ge_df.o)
 .data          0x4103070c        0x0 c:/altera/13.0sp1/nios2eds/bin/gnu/h-i686-mingw32/bin/../lib/gcc/nios2-elf/4.1.2/mhw-mulx\libgcc.a(_lt_df.o)
 .data          0x4103070c        0x0 c:/altera/13.0sp1/nios2eds/bin/gnu/h-i686-mingw32/bin/../lib/gcc/nios2-elf/4.1.2/mhw-mulx\libgcc.a(_si_to_df.o)
 .data          0x4103070c        0x0 c:/altera/13.0sp1/nios2eds/bin/gnu/h-i686-mingw32/bin/../lib/gcc/nios2-elf/4.1.2/mhw-mulx\libgcc.a(_df_to_si.o)
 .data          0x4103070c        0x0 c:/altera/13.0sp1/nios2eds/bin/gnu/h-i686-mingw32/bin/../lib/gcc/nios2-elf/4.1.2/mhw-mulx\libgcc.a(_thenan_df.o)
 .data          0x4103070c        0x0 c:/altera/13.0sp1/nios2eds/bin/gnu/h-i686-mingw32/bin/../lib/gcc/nios2-elf/4.1.2/mhw-mulx\libgcc.a(_usi_to_df.o)
 .data          0x4103070c        0x0 c:/altera/13.0sp1/nios2eds/bin/gnu/h-i686-mingw32/bin/../lib/gcc/nios2-elf/4.1.2/mhw-mulx\libgcc.a(_unpack_df.o)
 .data          0x4103070c        0x0 c:/altera/13.0sp1/nios2eds/bin/gnu/h-i686-mingw32/bin/../lib/gcc/nios2-elf/4.1.2/mhw-mulx\libgcc.a(_fpcmp_parts_df.o)
 .data          0x4103070c        0x0 ../DE4_DDR2_test_bsp\libhal_bsp.a(alt_close.o)
 .data          0x4103070c        0x0 ../DE4_DDR2_test_bsp\libhal_bsp.a(alt_dcache_flush_all.o)
 .data          0x4103070c      0x1a8 ../DE4_DDR2_test_bsp\libhal_bsp.a(alt_dev.o)
                0x4103070c                alt_dev_null
                0x41030734                alt_fd_list
 .data          0x410308b4        0x0 ../DE4_DDR2_test_bsp\libhal_bsp.a(alt_dma_rxchan_open.o)
 .data          0x410308b4        0x0 ../DE4_DDR2_test_bsp\libhal_bsp.a(alt_dma_txchan_open.o)
 .data          0x410308b4        0x0 ../DE4_DDR2_test_bsp\libhal_bsp.a(alt_errno.o)
 .data          0x410308b4        0x0 ../DE4_DDR2_test_bsp\libhal_bsp.a(alt_exit.o)
 .data          0x410308b4        0x0 ../DE4_DDR2_test_bsp\libhal_bsp.a(alt_find_dev.o)
 .data          0x410308b4        0x0 ../DE4_DDR2_test_bsp\libhal_bsp.a(alt_fstat.o)
 .data          0x410308b4        0x0 ../DE4_DDR2_test_bsp\libhal_bsp.a(alt_isatty.o)
 .data          0x410308b4        0x0 ../DE4_DDR2_test_bsp\libhal_bsp.a(alt_load.o)
 .data          0x410308b4        0x0 ../DE4_DDR2_test_bsp\libhal_bsp.a(alt_lseek.o)
 .data          0x410308b4        0x0 ../DE4_DDR2_test_bsp\libhal_bsp.a(alt_main.o)
 .data          0x410308b4        0x0 ../DE4_DDR2_test_bsp\libhal_bsp.a(alt_malloc_lock.o)
 .data          0x410308b4        0x0 ../DE4_DDR2_test_bsp\libhal_bsp.a(alt_read.o)
 .data          0x410308b4        0x0 ../DE4_DDR2_test_bsp\libhal_bsp.a(alt_release_fd.o)
 .data          0x410308b4        0x0 ../DE4_DDR2_test_bsp\libhal_bsp.a(alt_sbrk.o)
 .data          0x410308b4        0x0 ../DE4_DDR2_test_bsp\libhal_bsp.a(alt_tick.o)
 .data          0x410308b4        0x0 ../DE4_DDR2_test_bsp\libhal_bsp.a(alt_usleep.o)
 .data          0x410308b4        0x0 ../DE4_DDR2_test_bsp\libhal_bsp.a(alt_write.o)
 .data          0x410308b4     0x113c ../DE4_DDR2_test_bsp\libhal_bsp.a(alt_sys_init.o)
 .data          0x410319f0        0x0 ../DE4_DDR2_test_bsp\libhal_bsp.a(altera_avalon_dma.o)
 .data          0x410319f0        0x0 ../DE4_DDR2_test_bsp\libhal_bsp.a(altera_avalon_jtag_uart_fd.o)
 .data          0x410319f0        0x0 ../DE4_DDR2_test_bsp\libhal_bsp.a(altera_avalon_jtag_uart_init.o)
 .data          0x410319f0        0x0 ../DE4_DDR2_test_bsp\libhal_bsp.a(altera_avalon_jtag_uart_ioctl.o)
 .data          0x410319f0        0x0 ../DE4_DDR2_test_bsp\libhal_bsp.a(altera_avalon_jtag_uart_read.o)
 .data          0x410319f0        0x0 ../DE4_DDR2_test_bsp\libhal_bsp.a(altera_avalon_jtag_uart_write.o)
 .data          0x410319f0        0x0 ../DE4_DDR2_test_bsp\libhal_bsp.a(altera_avalon_timer_sc.o)
 .data          0x410319f0        0x0 ../DE4_DDR2_test_bsp\libhal_bsp.a(alt_alarm_start.o)
 .data          0x410319f0        0x0 ../DE4_DDR2_test_bsp\libhal_bsp.a(alt_busy_sleep.o)
 .data          0x410319f0        0x0 ../DE4_DDR2_test_bsp\libhal_bsp.a(alt_dev_llist_insert.o)
 .data          0x410319f0        0x0 ../DE4_DDR2_test_bsp\libhal_bsp.a(alt_do_ctors.o)
 .data          0x410319f0        0x0 ../DE4_DDR2_test_bsp\libhal_bsp.a(alt_do_dtors.o)
 .data          0x410319f0        0x0 ../DE4_DDR2_test_bsp\libhal_bsp.a(alt_icache_flush_all.o)
 .data          0x410319f0        0x0 ../DE4_DDR2_test_bsp\libhal_bsp.a(alt_iic.o)
 .data          0x410319f0        0x0 ../DE4_DDR2_test_bsp\libhal_bsp.a(alt_iic_isr_register.o)
 .data          0x410319f0        0x0 ../DE4_DDR2_test_bsp\libhal_bsp.a(alt_io_redirect.o)
 .data          0x410319f0        0x0 ../DE4_DDR2_test_bsp\libhal_bsp.a(alt_irq_entry.o)
 .data          0x410319f0        0x0 ../DE4_DDR2_test_bsp\libhal_bsp.a(alt_irq_handler.o)
 .data          0x410319f0        0x0 ../DE4_DDR2_test_bsp\libhal_bsp.a(alt_irq_vars.o)
 .data          0x410319f0        0x0 ../DE4_DDR2_test_bsp\libhal_bsp.a(alt_open.o)
 .data          0x410319f0        0x0 ../DE4_DDR2_test_bsp\libhal_bsp.a(altera_nios2_qsys_irq.o)
 .data          0x410319f0        0x0 ../DE4_DDR2_test_bsp\libhal_bsp.a(alt_exception_entry.o)
 .data          0x410319f0        0x0 ../DE4_DDR2_test_bsp\libhal_bsp.a(alt_find_file.o)
 .data          0x410319f0        0x0 ../DE4_DDR2_test_bsp\libhal_bsp.a(alt_get_fd.o)
 .data          0x410319f0        0x0 ../DE4_DDR2_test_bsp\libhal_bsp.a(alt_icache_flush.o)
 .data          0x410319f0        0x0 c:/altera/13.0sp1/nios2eds/bin/gnu/h-i686-mingw32/bin/../lib/gcc/nios2-elf/4.1.2/../../../../nios2-elf/lib/mhw-mulx\libc.a(lib_a-atexit.o)
 .data          0x410319f0        0x0 c:/altera/13.0sp1/nios2eds/bin/gnu/h-i686-mingw32/bin/../lib/gcc/nios2-elf/4.1.2/../../../../nios2-elf/lib/mhw-mulx\libc.a(lib_a-memcmp.o)
 .data          0x410319f0        0x0 c:/altera/13.0sp1/nios2eds/bin/gnu/h-i686-mingw32/bin/../lib/gcc/nios2-elf/4.1.2/../../../../nios2-elf/lib/mhw-mulx\libc.a(lib_a-__atexit.o)
                0x410399f0                _gp = ABSOLUTE ((. + 0x8000))
                0x410399f0                PROVIDE (gp, _gp)
 *(.rwdata .rwdata.*)
 *(.sdata .sdata.* .gnu.linkonce.s.*)
 .sdata         0x410319f0        0x8 c:/altera/13.0sp1/nios2eds/bin/gnu/h-i686-mingw32/bin/../lib/gcc/nios2-elf/4.1.2/../../../../nios2-elf/lib/mhw-mulx\libc.a(lib_a-impure.o)
                0x410319f0                _impure_ptr
                0x410319f4                _global_impure_ptr
 .sdata         0x410319f8        0x8 c:/altera/13.0sp1/nios2eds/bin/gnu/h-i686-mingw32/bin/../lib/gcc/nios2-elf/4.1.2/../../../../nios2-elf/lib/mhw-mulx\libc.a(lib_a-locale.o)
                0x410319f8                __mb_cur_max
 .sdata         0x41031a00        0x8 c:/altera/13.0sp1/nios2eds/bin/gnu/h-i686-mingw32/bin/../lib/gcc/nios2-elf/4.1.2/../../../../nios2-elf/lib/mhw-mulx\libc.a(lib_a-mallocr.o)
                0x41031a00                __malloc_trim_threshold
                0x41031a04                __malloc_sbrk_base
 .sdata         0x41031a08       0x14 ../DE4_DDR2_test_bsp\libhal_bsp.a(alt_dev.o)
                0x41031a08                alt_fs_list
                0x41031a10                alt_dev_list
                0x41031a18                alt_max_fd
 .sdata         0x41031a1c        0x8 ../DE4_DDR2_test_bsp\libhal_bsp.a(alt_dma_rxchan_open.o)
                0x41031a1c                alt_dma_rxchan_list
 .sdata         0x41031a24        0x8 ../DE4_DDR2_test_bsp\libhal_bsp.a(alt_dma_txchan_open.o)
                0x41031a24                alt_dma_txchan_list
 .sdata         0x41031a2c        0x4 ../DE4_DDR2_test_bsp\libhal_bsp.a(alt_errno.o)
                0x41031a2c                alt_errno
 .sdata         0x41031a30        0x4 ../DE4_DDR2_test_bsp\libhal_bsp.a(alt_sbrk.o)
 .sdata         0x41031a34        0x8 ../DE4_DDR2_test_bsp\libhal_bsp.a(alt_tick.o)
                0x41031a34                alt_alarm_list
 .sdata         0x41031a3c        0x4 ../DE4_DDR2_test_bsp\libhal_bsp.a(alt_irq_vars.o)
                0x41031a3c                alt_priority_mask
 *(.sdata2 .sdata2.* .gnu.linkonce.s2.*)
                0x41031a40                . = ALIGN (0x4)
                0x41031a40                _edata = ABSOLUTE (.)
                0x41031a40                PROVIDE (edata, ABSOLUTE (.))
                0x41031a40                PROVIDE (__ram_rwdata_end, ABSOLUTE (.))
                0x41031a40                PROVIDE (__flash_rwdata_start, LOADADDR (.rwdata))

.bss            0x41033588      0x2f0
                0x41033588                __bss_start = ABSOLUTE (.)
                0x41033588                PROVIDE (__sbss_start, ABSOLUTE (.))
                0x41033588                PROVIDE (___sbss_start, ABSOLUTE (.))
 *(.dynsbss)
 *(.sbss .sbss.* .gnu.linkonce.sb.*)
 .sbss          0x41033588        0x4 obj/default/dma_ctr.o
                0x41033588                dma_complete
 .sbss          0x4103358c        0xc c:/altera/13.0sp1/nios2eds/bin/gnu/h-i686-mingw32/bin/../lib/gcc/nios2-elf/4.1.2/../../../../nios2-elf/lib/mhw-mulx\libc.a(lib_a-locale.o)
                0x4103358c                __nlocale_changed
                0x41033590                __mlocale_changed
                0x41033594                _PathLocale
 .sbss          0x41033598        0xc c:/altera/13.0sp1/nios2eds/bin/gnu/h-i686-mingw32/bin/../lib/gcc/nios2-elf/4.1.2/../../../../nios2-elf/lib/mhw-mulx\libc.a(lib_a-mallocr.o)
                0x41033598                __malloc_top_pad
                0x4103359c                __malloc_max_sbrked_mem
                0x410335a0                __malloc_max_total_mem
 .sbss          0x410335a4        0x4 c:/altera/13.0sp1/nios2eds/bin/gnu/h-i686-mingw32/bin/../lib/gcc/nios2-elf/4.1.2/../../../../nios2-elf/lib/mhw-mulx\libc.a(lib_a-int_errno.o)
                0x410335a4                errno
 .sbss          0x410335a8        0xc ../DE4_DDR2_test_bsp\libhal_bsp.a(alt_main.o)
                0x410335a8                alt_argc
                0x410335ac                alt_argv
                0x410335b0                alt_envp
 .sbss          0x410335b4        0x8 ../DE4_DDR2_test_bsp\libhal_bsp.a(alt_tick.o)
                0x410335b4                _alt_tick_rate
                0x410335b8                _alt_nticks
 .sbss          0x410335bc        0x4 ../DE4_DDR2_test_bsp\libhal_bsp.a(alt_irq_vars.o)
                0x410335bc                alt_irq_active
 *(.sbss2 .sbss2.* .gnu.linkonce.sb2.*)
 *(.scommon)
                0x410335c0                PROVIDE (__sbss_end, ABSOLUTE (.))
                0x410335c0                PROVIDE (___sbss_end, ABSOLUTE (.))
 *(.dynbss)
 *(.bss .bss.* .gnu.linkonce.b.*)
 .bss           0x410335c0        0x0 ../DE4_DDR2_test_bsp/obj/HAL/src/crt0.o
 .bss           0x410335c0        0x0 obj/default/I2C.o
 .bss           0x410335c0        0x0 obj/default/dma_ctr.o
 .bss           0x410335c0        0x0 obj/default/main.o
 .bss           0x410335c0        0x0 obj/default/mem_init.o
 .bss           0x410335c0        0x0 obj/default/mem_test.o
 .bss           0x410335c0        0x0 c:/altera/13.0sp1/nios2eds/bin/gnu/h-i686-mingw32/bin/../lib/gcc/nios2-elf/4.1.2/mhw-mulx\libgcc.a(_div_sf.o)
 .bss           0x410335c0        0x0 c:/altera/13.0sp1/nios2eds/bin/gnu/h-i686-mingw32/bin/../lib/gcc/nios2-elf/4.1.2/mhw-mulx\libgcc.a(_si_to_sf.o)
 .bss           0x410335c0        0x0 c:/altera/13.0sp1/nios2eds/bin/gnu/h-i686-mingw32/bin/../lib/gcc/nios2-elf/4.1.2/mhw-mulx\libgcc.a(_sf_to_df.o)
 .bss           0x410335c0        0x0 c:/altera/13.0sp1/nios2eds/bin/gnu/h-i686-mingw32/bin/../lib/gcc/nios2-elf/4.1.2/mhw-mulx\libgcc.a(_thenan_sf.o)
 .bss           0x410335c0        0x0 c:/altera/13.0sp1/nios2eds/bin/gnu/h-i686-mingw32/bin/../lib/gcc/nios2-elf/4.1.2/mhw-mulx\libgcc.a(_usi_to_sf.o)
 .bss           0x410335c0        0x0 c:/altera/13.0sp1/nios2eds/bin/gnu/h-i686-mingw32/bin/../lib/gcc/nios2-elf/4.1.2/mhw-mulx\libgcc.a(_make_df.o)
 .bss           0x410335c0        0x0 c:/altera/13.0sp1/nios2eds/bin/gnu/h-i686-mingw32/bin/../lib/gcc/nios2-elf/4.1.2/mhw-mulx\libgcc.a(lib2-divmod.o)
 .bss           0x410335c0        0x0 c:/altera/13.0sp1/nios2eds/bin/gnu/h-i686-mingw32/bin/../lib/gcc/nios2-elf/4.1.2/mhw-mulx\libgcc.a(_clzsi2.o)
 .bss           0x410335c0        0x0 c:/altera/13.0sp1/nios2eds/bin/gnu/h-i686-mingw32/bin/../lib/gcc/nios2-elf/4.1.2/mhw-mulx\libgcc.a(_pack_sf.o)
 .bss           0x410335c0        0x0 c:/altera/13.0sp1/nios2eds/bin/gnu/h-i686-mingw32/bin/../lib/gcc/nios2-elf/4.1.2/mhw-mulx\libgcc.a(_unpack_sf.o)
 .bss           0x410335c0        0x0 c:/altera/13.0sp1/nios2eds/bin/gnu/h-i686-mingw32/bin/../lib/gcc/nios2-elf/4.1.2/mhw-mulx\libgcc.a(_pack_df.o)
 .bss           0x410335c0        0x0 c:/altera/13.0sp1/nios2eds/bin/gnu/h-i686-mingw32/bin/../lib/gcc/nios2-elf/4.1.2/mhw-mulx\libgcc.a(_clz.o)
 .bss           0x410335c0        0x0 c:/altera/13.0sp1/nios2eds/bin/gnu/h-i686-mingw32/bin/../lib/gcc/nios2-elf/4.1.2/../../../../nios2-elf/lib/mhw-mulx\libc.a(lib_a-exit.o)
 .bss           0x410335c0        0x0 c:/altera/13.0sp1/nios2eds/bin/gnu/h-i686-mingw32/bin/../lib/gcc/nios2-elf/4.1.2/../../../../nios2-elf/lib/mhw-mulx\libc.a(lib_a-getc.o)
 .bss           0x410335c0        0x0 c:/altera/13.0sp1/nios2eds/bin/gnu/h-i686-mingw32/bin/../lib/gcc/nios2-elf/4.1.2/../../../../nios2-elf/lib/mhw-mulx\libc.a(lib_a-impure.o)
 .bss           0x410335c0        0x0 c:/altera/13.0sp1/nios2eds/bin/gnu/h-i686-mingw32/bin/../lib/gcc/nios2-elf/4.1.2/../../../../nios2-elf/lib/mhw-mulx\libc.a(lib_a-memcpy.o)
 .bss           0x410335c0        0x0 c:/altera/13.0sp1/nios2eds/bin/gnu/h-i686-mingw32/bin/../lib/gcc/nios2-elf/4.1.2/../../../../nios2-elf/lib/mhw-mulx\libc.a(lib_a-printf.o)
 .bss           0x410335c0        0x0 c:/altera/13.0sp1/nios2eds/bin/gnu/h-i686-mingw32/bin/../lib/gcc/nios2-elf/4.1.2/../../../../nios2-elf/lib/mhw-mulx\libc.a(lib_a-putchar.o)
 .bss           0x410335c0        0x0 c:/altera/13.0sp1/nios2eds/bin/gnu/h-i686-mingw32/bin/../lib/gcc/nios2-elf/4.1.2/../../../../nios2-elf/lib/mhw-mulx\libc.a(lib_a-puts.o)
 .bss           0x410335c0        0x0 c:/altera/13.0sp1/nios2eds/bin/gnu/h-i686-mingw32/bin/../lib/gcc/nios2-elf/4.1.2/../../../../nios2-elf/lib/mhw-mulx\libc.a(lib_a-rget.o)
 .bss           0x410335c0        0x0 c:/altera/13.0sp1/nios2eds/bin/gnu/h-i686-mingw32/bin/../lib/gcc/nios2-elf/4.1.2/../../../../nios2-elf/lib/mhw-mulx\libc.a(lib_a-strlen.o)
 .bss           0x410335c0        0x0 c:/altera/13.0sp1/nios2eds/bin/gnu/h-i686-mingw32/bin/../lib/gcc/nios2-elf/4.1.2/../../../../nios2-elf/lib/mhw-mulx\libc.a(lib_a-vfprintf.o)
 .bss           0x410335c0        0x0 c:/altera/13.0sp1/nios2eds/bin/gnu/h-i686-mingw32/bin/../lib/gcc/nios2-elf/4.1.2/../../../../nios2-elf/lib/mhw-mulx\libc.a(lib_a-wsetup.o)
 .bss           0x410335c0        0x0 c:/altera/13.0sp1/nios2eds/bin/gnu/h-i686-mingw32/bin/../lib/gcc/nios2-elf/4.1.2/../../../../nios2-elf/lib/mhw-mulx\libc.a(lib_a-__call_atexit.o)
 .bss           0x410335c0        0x0 c:/altera/13.0sp1/nios2eds/bin/gnu/h-i686-mingw32/bin/../lib/gcc/nios2-elf/4.1.2/../../../../nios2-elf/lib/mhw-mulx\libc.a(lib_a-dtoa.o)
 .bss           0x410335c0        0x0 c:/altera/13.0sp1/nios2eds/bin/gnu/h-i686-mingw32/bin/../lib/gcc/nios2-elf/4.1.2/../../../../nios2-elf/lib/mhw-mulx\libc.a(lib_a-fflush.o)
 .bss           0x410335c0        0x0 c:/altera/13.0sp1/nios2eds/bin/gnu/h-i686-mingw32/bin/../lib/gcc/nios2-elf/4.1.2/../../../../nios2-elf/lib/mhw-mulx\libc.a(lib_a-findfp.o)
 .bss           0x410335c0        0x0 c:/altera/13.0sp1/nios2eds/bin/gnu/h-i686-mingw32/bin/../lib/gcc/nios2-elf/4.1.2/../../../../nios2-elf/lib/mhw-mulx\libc.a(lib_a-freer.o)
 .bss           0x410335c0        0x0 c:/altera/13.0sp1/nios2eds/bin/gnu/h-i686-mingw32/bin/../lib/gcc/nios2-elf/4.1.2/../../../../nios2-elf/lib/mhw-mulx\libc.a(lib_a-fvwrite.o)
 .bss           0x410335c0        0x0 c:/altera/13.0sp1/nios2eds/bin/gnu/h-i686-mingw32/bin/../lib/gcc/nios2-elf/4.1.2/../../../../nios2-elf/lib/mhw-mulx\libc.a(lib_a-fwalk.o)
 .bss           0x410335c0        0x0 c:/altera/13.0sp1/nios2eds/bin/gnu/h-i686-mingw32/bin/../lib/gcc/nios2-elf/4.1.2/../../../../nios2-elf/lib/mhw-mulx\libc.a(lib_a-locale.o)
 .bss           0x410335c0        0x0 c:/altera/13.0sp1/nios2eds/bin/gnu/h-i686-mingw32/bin/../lib/gcc/nios2-elf/4.1.2/../../../../nios2-elf/lib/mhw-mulx\libc.a(lib_a-makebuf.o)
 .bss           0x410335c0       0x28 c:/altera/13.0sp1/nios2eds/bin/gnu/h-i686-mingw32/bin/../lib/gcc/nios2-elf/4.1.2/../../../../nios2-elf/lib/mhw-mulx\libc.a(lib_a-mallocr.o)
                0x410335c0                __malloc_current_mallinfo
 .bss           0x410335e8        0x0 c:/altera/13.0sp1/nios2eds/bin/gnu/h-i686-mingw32/bin/../lib/gcc/nios2-elf/4.1.2/../../../../nios2-elf/lib/mhw-mulx\libc.a(lib_a-memchr.o)
 .bss           0x410335e8        0x0 c:/altera/13.0sp1/nios2eds/bin/gnu/h-i686-mingw32/bin/../lib/gcc/nios2-elf/4.1.2/../../../../nios2-elf/lib/mhw-mulx\libc.a(lib_a-memmove.o)
 .bss           0x410335e8        0x0 c:/altera/13.0sp1/nios2eds/bin/gnu/h-i686-mingw32/bin/../lib/gcc/nios2-elf/4.1.2/../../../../nios2-elf/lib/mhw-mulx\libc.a(lib_a-memset.o)
 .bss           0x410335e8        0x0 c:/altera/13.0sp1/nios2eds/bin/gnu/h-i686-mingw32/bin/../lib/gcc/nios2-elf/4.1.2/../../../../nios2-elf/lib/mhw-mulx\libc.a(lib_a-mprec.o)
 .bss           0x410335e8        0x0 c:/altera/13.0sp1/nios2eds/bin/gnu/h-i686-mingw32/bin/../lib/gcc/nios2-elf/4.1.2/../../../../nios2-elf/lib/mhw-mulx\libc.a(lib_a-putc.o)
 .bss           0x410335e8        0x0 c:/altera/13.0sp1/nios2eds/bin/gnu/h-i686-mingw32/bin/../lib/gcc/nios2-elf/4.1.2/../../../../nios2-elf/lib/mhw-mulx\libc.a(lib_a-reallocr.o)
 .bss           0x410335e8        0x0 c:/altera/13.0sp1/nios2eds/bin/gnu/h-i686-mingw32/bin/../lib/gcc/nios2-elf/4.1.2/../../../../nios2-elf/lib/mhw-mulx\libc.a(lib_a-refill.o)
 .bss           0x410335e8        0x0 c:/altera/13.0sp1/nios2eds/bin/gnu/h-i686-mingw32/bin/../lib/gcc/nios2-elf/4.1.2/../../../../nios2-elf/lib/mhw-mulx\libc.a(lib_a-s_isinfd.o)
 .bss           0x410335e8        0x0 c:/altera/13.0sp1/nios2eds/bin/gnu/h-i686-mingw32/bin/../lib/gcc/nios2-elf/4.1.2/../../../../nios2-elf/lib/mhw-mulx\libc.a(lib_a-s_isnand.o)
 .bss           0x410335e8        0x0 c:/altera/13.0sp1/nios2eds/bin/gnu/h-i686-mingw32/bin/../lib/gcc/nios2-elf/4.1.2/../../../../nios2-elf/lib/mhw-mulx\libc.a(lib_a-sbrkr.o)
 .bss           0x410335e8        0x0 c:/altera/13.0sp1/nios2eds/bin/gnu/h-i686-mingw32/bin/../lib/gcc/nios2-elf/4.1.2/../../../../nios2-elf/lib/mhw-mulx\libc.a(lib_a-stdio.o)
 .bss           0x410335e8        0x0 c:/altera/13.0sp1/nios2eds/bin/gnu/h-i686-mingw32/bin/../lib/gcc/nios2-elf/4.1.2/../../../../nios2-elf/lib/mhw-mulx\libc.a(lib_a-strcmp.o)
 .bss           0x410335e8        0x0 c:/altera/13.0sp1/nios2eds/bin/gnu/h-i686-mingw32/bin/../lib/gcc/nios2-elf/4.1.2/../../../../nios2-elf/lib/mhw-mulx\libc.a(lib_a-wbuf.o)
 .bss           0x410335e8        0x0 c:/altera/13.0sp1/nios2eds/bin/gnu/h-i686-mingw32/bin/../lib/gcc/nios2-elf/4.1.2/../../../../nios2-elf/lib/mhw-mulx\libc.a(lib_a-writer.o)
 .bss           0x410335e8        0x0 c:/altera/13.0sp1/nios2eds/bin/gnu/h-i686-mingw32/bin/../lib/gcc/nios2-elf/4.1.2/../../../../nios2-elf/lib/mhw-mulx\libc.a(lib_a-callocr.o)
 .bss           0x410335e8        0x0 c:/altera/13.0sp1/nios2eds/bin/gnu/h-i686-mingw32/bin/../lib/gcc/nios2-elf/4.1.2/../../../../nios2-elf/lib/mhw-mulx\libc.a(lib_a-closer.o)
 .bss           0x410335e8        0x0 c:/altera/13.0sp1/nios2eds/bin/gnu/h-i686-mingw32/bin/../lib/gcc/nios2-elf/4.1.2/../../../../nios2-elf/lib/mhw-mulx\libc.a(lib_a-fclose.o)
 .bss           0x410335e8        0x0 c:/altera/13.0sp1/nios2eds/bin/gnu/h-i686-mingw32/bin/../lib/gcc/nios2-elf/4.1.2/../../../../nios2-elf/lib/mhw-mulx\libc.a(lib_a-fstatr.o)
 .bss           0x410335e8        0x0 c:/altera/13.0sp1/nios2eds/bin/gnu/h-i686-mingw32/bin/../lib/gcc/nios2-elf/4.1.2/../../../../nios2-elf/lib/mhw-mulx\libc.a(lib_a-int_errno.o)
 .bss           0x410335e8        0x0 c:/altera/13.0sp1/nios2eds/bin/gnu/h-i686-mingw32/bin/../lib/gcc/nios2-elf/4.1.2/../../../../nios2-elf/lib/mhw-mulx\libc.a(lib_a-isattyr.o)
 .bss           0x410335e8        0x0 c:/altera/13.0sp1/nios2eds/bin/gnu/h-i686-mingw32/bin/../lib/gcc/nios2-elf/4.1.2/../../../../nios2-elf/lib/mhw-mulx\libc.a(lib_a-lseekr.o)
 .bss           0x410335e8        0x0 c:/altera/13.0sp1/nios2eds/bin/gnu/h-i686-mingw32/bin/../lib/gcc/nios2-elf/4.1.2/../../../../nios2-elf/lib/mhw-mulx\libc.a(lib_a-readr.o)
 .bss           0x410335e8        0x0 c:/altera/13.0sp1/nios2eds/bin/gnu/h-i686-mingw32/bin/../lib/gcc/nios2-elf/4.1.2/mhw-mulx\libgcc.a(_udivdi3.o)
 .bss           0x410335e8        0x0 c:/altera/13.0sp1/nios2eds/bin/gnu/h-i686-mingw32/bin/../lib/gcc/nios2-elf/4.1.2/mhw-mulx\libgcc.a(_umoddi3.o)
 .bss           0x410335e8        0x0 c:/altera/13.0sp1/nios2eds/bin/gnu/h-i686-mingw32/bin/../lib/gcc/nios2-elf/4.1.2/mhw-mulx\libgcc.a(_addsub_df.o)
 .bss           0x410335e8        0x0 c:/altera/13.0sp1/nios2eds/bin/gnu/h-i686-mingw32/bin/../lib/gcc/nios2-elf/4.1.2/mhw-mulx\libgcc.a(_mul_df.o)
 .bss           0x410335e8        0x0 c:/altera/13.0sp1/nios2eds/bin/gnu/h-i686-mingw32/bin/../lib/gcc/nios2-elf/4.1.2/mhw-mulx\libgcc.a(_div_df.o)
 .bss           0x410335e8        0x0 c:/altera/13.0sp1/nios2eds/bin/gnu/h-i686-mingw32/bin/../lib/gcc/nios2-elf/4.1.2/mhw-mulx\libgcc.a(_eq_df.o)
 .bss           0x410335e8        0x0 c:/altera/13.0sp1/nios2eds/bin/gnu/h-i686-mingw32/bin/../lib/gcc/nios2-elf/4.1.2/mhw-mulx\libgcc.a(_ne_df.o)
 .bss           0x410335e8        0x0 c:/altera/13.0sp1/nios2eds/bin/gnu/h-i686-mingw32/bin/../lib/gcc/nios2-elf/4.1.2/mhw-mulx\libgcc.a(_gt_df.o)
 .bss           0x410335e8        0x0 c:/altera/13.0sp1/nios2eds/bin/gnu/h-i686-mingw32/bin/../lib/gcc/nios2-elf/4.1.2/mhw-mulx\libgcc.a(_ge_df.o)
 .bss           0x410335e8        0x0 c:/altera/13.0sp1/nios2eds/bin/gnu/h-i686-mingw32/bin/../lib/gcc/nios2-elf/4.1.2/mhw-mulx\libgcc.a(_lt_df.o)
 .bss           0x410335e8        0x0 c:/altera/13.0sp1/nios2eds/bin/gnu/h-i686-mingw32/bin/../lib/gcc/nios2-elf/4.1.2/mhw-mulx\libgcc.a(_si_to_df.o)
 .bss           0x410335e8        0x0 c:/altera/13.0sp1/nios2eds/bin/gnu/h-i686-mingw32/bin/../lib/gcc/nios2-elf/4.1.2/mhw-mulx\libgcc.a(_df_to_si.o)
 .bss           0x410335e8        0x0 c:/altera/13.0sp1/nios2eds/bin/gnu/h-i686-mingw32/bin/../lib/gcc/nios2-elf/4.1.2/mhw-mulx\libgcc.a(_thenan_df.o)
 .bss           0x410335e8        0x0 c:/altera/13.0sp1/nios2eds/bin/gnu/h-i686-mingw32/bin/../lib/gcc/nios2-elf/4.1.2/mhw-mulx\libgcc.a(_usi_to_df.o)
 .bss           0x410335e8        0x0 c:/altera/13.0sp1/nios2eds/bin/gnu/h-i686-mingw32/bin/../lib/gcc/nios2-elf/4.1.2/mhw-mulx\libgcc.a(_unpack_df.o)
 .bss           0x410335e8        0x0 c:/altera/13.0sp1/nios2eds/bin/gnu/h-i686-mingw32/bin/../lib/gcc/nios2-elf/4.1.2/mhw-mulx\libgcc.a(_fpcmp_parts_df.o)
 .bss           0x410335e8        0x0 ../DE4_DDR2_test_bsp\libhal_bsp.a(alt_close.o)
 .bss           0x410335e8        0x0 ../DE4_DDR2_test_bsp\libhal_bsp.a(alt_dcache_flush_all.o)
 .bss           0x410335e8        0x0 ../DE4_DDR2_test_bsp\libhal_bsp.a(alt_dev.o)
 .bss           0x410335e8        0x0 ../DE4_DDR2_test_bsp\libhal_bsp.a(alt_dma_rxchan_open.o)
 .bss           0x410335e8        0x0 ../DE4_DDR2_test_bsp\libhal_bsp.a(alt_dma_txchan_open.o)
 .bss           0x410335e8        0x0 ../DE4_DDR2_test_bsp\libhal_bsp.a(alt_errno.o)
 .bss           0x410335e8        0x0 ../DE4_DDR2_test_bsp\libhal_bsp.a(alt_exit.o)
 .bss           0x410335e8        0x0 ../DE4_DDR2_test_bsp\libhal_bsp.a(alt_find_dev.o)
 .bss           0x410335e8        0x0 ../DE4_DDR2_test_bsp\libhal_bsp.a(alt_fstat.o)
 .bss           0x410335e8        0x0 ../DE4_DDR2_test_bsp\libhal_bsp.a(alt_isatty.o)
 .bss           0x410335e8        0x0 ../DE4_DDR2_test_bsp\libhal_bsp.a(alt_load.o)
 .bss           0x410335e8        0x0 ../DE4_DDR2_test_bsp\libhal_bsp.a(alt_lseek.o)
 .bss           0x410335e8        0x0 ../DE4_DDR2_test_bsp\libhal_bsp.a(alt_main.o)
 .bss           0x410335e8        0x0 ../DE4_DDR2_test_bsp\libhal_bsp.a(alt_malloc_lock.o)
 .bss           0x410335e8        0x0 ../DE4_DDR2_test_bsp\libhal_bsp.a(alt_read.o)
 .bss           0x410335e8        0x0 ../DE4_DDR2_test_bsp\libhal_bsp.a(alt_release_fd.o)
 .bss           0x410335e8        0x0 ../DE4_DDR2_test_bsp\libhal_bsp.a(alt_sbrk.o)
 .bss           0x410335e8        0x0 ../DE4_DDR2_test_bsp\libhal_bsp.a(alt_tick.o)
 .bss           0x410335e8        0x0 ../DE4_DDR2_test_bsp\libhal_bsp.a(alt_usleep.o)
 .bss           0x410335e8        0x0 ../DE4_DDR2_test_bsp\libhal_bsp.a(alt_write.o)
 .bss           0x410335e8        0x0 ../DE4_DDR2_test_bsp\libhal_bsp.a(alt_sys_init.o)
 .bss           0x410335e8        0x0 ../DE4_DDR2_test_bsp\libhal_bsp.a(altera_avalon_dma.o)
 .bss           0x410335e8        0x0 ../DE4_DDR2_test_bsp\libhal_bsp.a(altera_avalon_jtag_uart_fd.o)
 .bss           0x410335e8        0x0 ../DE4_DDR2_test_bsp\libhal_bsp.a(altera_avalon_jtag_uart_init.o)
 .bss           0x410335e8        0x0 ../DE4_DDR2_test_bsp\libhal_bsp.a(altera_avalon_jtag_uart_ioctl.o)
 .bss           0x410335e8        0x0 ../DE4_DDR2_test_bsp\libhal_bsp.a(altera_avalon_jtag_uart_read.o)
 .bss           0x410335e8        0x0 ../DE4_DDR2_test_bsp\libhal_bsp.a(altera_avalon_jtag_uart_write.o)
 .bss           0x410335e8        0x0 ../DE4_DDR2_test_bsp\libhal_bsp.a(altera_avalon_timer_sc.o)
 .bss           0x410335e8        0x0 ../DE4_DDR2_test_bsp\libhal_bsp.a(alt_alarm_start.o)
 .bss           0x410335e8        0x0 ../DE4_DDR2_test_bsp\libhal_bsp.a(alt_busy_sleep.o)
 .bss           0x410335e8        0x0 ../DE4_DDR2_test_bsp\libhal_bsp.a(alt_dev_llist_insert.o)
 .bss           0x410335e8        0x0 ../DE4_DDR2_test_bsp\libhal_bsp.a(alt_do_ctors.o)
 .bss           0x410335e8        0x0 ../DE4_DDR2_test_bsp\libhal_bsp.a(alt_do_dtors.o)
 .bss           0x410335e8        0x0 ../DE4_DDR2_test_bsp\libhal_bsp.a(alt_icache_flush_all.o)
 .bss           0x410335e8        0x0 ../DE4_DDR2_test_bsp\libhal_bsp.a(alt_iic.o)
 .bss           0x410335e8        0x0 ../DE4_DDR2_test_bsp\libhal_bsp.a(alt_iic_isr_register.o)
 .bss           0x410335e8        0x0 ../DE4_DDR2_test_bsp\libhal_bsp.a(alt_io_redirect.o)
 .bss           0x410335e8        0x0 ../DE4_DDR2_test_bsp\libhal_bsp.a(alt_irq_entry.o)
 .bss           0x410335e8        0x0 ../DE4_DDR2_test_bsp\libhal_bsp.a(alt_irq_handler.o)
 .bss           0x410335e8        0x0 ../DE4_DDR2_test_bsp\libhal_bsp.a(alt_irq_vars.o)
 .bss           0x410335e8        0x0 ../DE4_DDR2_test_bsp\libhal_bsp.a(alt_open.o)
 .bss           0x410335e8        0x0 ../DE4_DDR2_test_bsp\libhal_bsp.a(altera_nios2_qsys_irq.o)
 .bss           0x410335e8        0x0 ../DE4_DDR2_test_bsp\libhal_bsp.a(alt_exception_entry.o)
 .bss           0x410335e8        0x0 ../DE4_DDR2_test_bsp\libhal_bsp.a(alt_find_file.o)
 .bss           0x410335e8        0x0 ../DE4_DDR2_test_bsp\libhal_bsp.a(alt_get_fd.o)
 .bss           0x410335e8        0x0 ../DE4_DDR2_test_bsp\libhal_bsp.a(alt_icache_flush.o)
 .bss           0x410335e8        0x0 c:/altera/13.0sp1/nios2eds/bin/gnu/h-i686-mingw32/bin/../lib/gcc/nios2-elf/4.1.2/../../../../nios2-elf/lib/mhw-mulx\libc.a(lib_a-atexit.o)
 .bss           0x410335e8        0x0 c:/altera/13.0sp1/nios2eds/bin/gnu/h-i686-mingw32/bin/../lib/gcc/nios2-elf/4.1.2/../../../../nios2-elf/lib/mhw-mulx\libc.a(lib_a-memcmp.o)
 .bss           0x410335e8        0x0 c:/altera/13.0sp1/nios2eds/bin/gnu/h-i686-mingw32/bin/../lib/gcc/nios2-elf/4.1.2/../../../../nios2-elf/lib/mhw-mulx\libc.a(lib_a-__atexit.o)
 *(COMMON)
 COMMON         0x410335e8      0x100 ../DE4_DDR2_test_bsp\libhal_bsp.a(alt_irq_handler.o)
                0x410335e8                alt_irq
 COMMON         0x410336e8      0x190 c:/altera/13.0sp1/nios2eds/bin/gnu/h-i686-mingw32/bin/../lib/gcc/nios2-elf/4.1.2/../../../../nios2-elf/lib/mhw-mulx\libc.a(lib_a-atexit.o)
                0x410336e8                _atexit0
                0x41033878                . = ALIGN (0x4)
                0x41033878                __bss_end = ABSOLUTE (.)

.mem_if_ddr2_emif
                0x00000000        0x0 load address 0x41033878
                0x00000000                PROVIDE (_alt_partition_mem_if_ddr2_emif_start, ABSOLUTE (.))
 *(.mem_if_ddr2_emif. mem_if_ddr2_emif.*)
                0x00000000                . = ALIGN (0x4)
                0x00000000                PROVIDE (_alt_partition_mem_if_ddr2_emif_end, ABSOLUTE (.))
                0x41033878                PROVIDE (_alt_partition_mem_if_ddr2_emif_load_addr, LOADADDR (.mem_if_ddr2_emif))

.onchip_memory  0x41033878        0x0
                0x41033878                PROVIDE (_alt_partition_onchip_memory_start, ABSOLUTE (.))
 *(.onchip_memory. onchip_memory.*)
                0x41033878                . = ALIGN (0x4)
                0x41033878                PROVIDE (_alt_partition_onchip_memory_end, ABSOLUTE (.))
                0x41033878                _end = ABSOLUTE (.)
                0x41033878                end = ABSOLUTE (.)
                0x41033878                __alt_stack_base = ABSOLUTE (.)
                0x41033878                PROVIDE (_alt_partition_onchip_memory_load_addr, LOADADDR (.onchip_memory))

.stab
 *(.stab)

.stabstr
 *(.stabstr)

.stab.excl
 *(.stab.excl)

.stab.exclstr
 *(.stab.exclstr)

.stab.index
 *(.stab.index)

.stab.indexstr
 *(.stab.indexstr)

.comment        0x00000000       0x26
 *(.comment)
 .comment       0x00000000       0x26 obj/default/I2C.o
                                 0x27 (size before relaxing)
 .comment       0x00000000       0x27 obj/default/dma_ctr.o
 .comment       0x00000000       0x27 obj/default/main.o
 .comment       0x00000000       0x27 obj/default/mem_init.o
 .comment       0x00000000       0x27 obj/default/mem_test.o
 .comment       0x00000000       0x27 c:/altera/13.0sp1/nios2eds/bin/gnu/h-i686-mingw32/bin/../lib/gcc/nios2-elf/4.1.2/mhw-mulx\libgcc.a(_div_sf.o)
 .comment       0x00000000       0x27 c:/altera/13.0sp1/nios2eds/bin/gnu/h-i686-mingw32/bin/../lib/gcc/nios2-elf/4.1.2/mhw-mulx\libgcc.a(_si_to_sf.o)
 .comment       0x00000000       0x27 c:/altera/13.0sp1/nios2eds/bin/gnu/h-i686-mingw32/bin/../lib/gcc/nios2-elf/4.1.2/mhw-mulx\libgcc.a(_sf_to_df.o)
 .comment       0x00000000       0x27 c:/altera/13.0sp1/nios2eds/bin/gnu/h-i686-mingw32/bin/../lib/gcc/nios2-elf/4.1.2/mhw-mulx\libgcc.a(_thenan_sf.o)
 .comment       0x00000000       0x27 c:/altera/13.0sp1/nios2eds/bin/gnu/h-i686-mingw32/bin/../lib/gcc/nios2-elf/4.1.2/mhw-mulx\libgcc.a(_usi_to_sf.o)
 .comment       0x00000000       0x27 c:/altera/13.0sp1/nios2eds/bin/gnu/h-i686-mingw32/bin/../lib/gcc/nios2-elf/4.1.2/mhw-mulx\libgcc.a(_make_df.o)
 .comment       0x00000000       0x27 c:/altera/13.0sp1/nios2eds/bin/gnu/h-i686-mingw32/bin/../lib/gcc/nios2-elf/4.1.2/mhw-mulx\libgcc.a(lib2-divmod.o)
 .comment       0x00000000       0x27 c:/altera/13.0sp1/nios2eds/bin/gnu/h-i686-mingw32/bin/../lib/gcc/nios2-elf/4.1.2/mhw-mulx\libgcc.a(_clzsi2.o)
 .comment       0x00000000       0x27 c:/altera/13.0sp1/nios2eds/bin/gnu/h-i686-mingw32/bin/../lib/gcc/nios2-elf/4.1.2/mhw-mulx\libgcc.a(_pack_sf.o)
 .comment       0x00000000       0x27 c:/altera/13.0sp1/nios2eds/bin/gnu/h-i686-mingw32/bin/../lib/gcc/nios2-elf/4.1.2/mhw-mulx\libgcc.a(_unpack_sf.o)
 .comment       0x00000000       0x27 c:/altera/13.0sp1/nios2eds/bin/gnu/h-i686-mingw32/bin/../lib/gcc/nios2-elf/4.1.2/mhw-mulx\libgcc.a(_pack_df.o)
 .comment       0x00000000       0x27 c:/altera/13.0sp1/nios2eds/bin/gnu/h-i686-mingw32/bin/../lib/gcc/nios2-elf/4.1.2/mhw-mulx\libgcc.a(_clz.o)
 .comment       0x00000000       0x27 c:/altera/13.0sp1/nios2eds/bin/gnu/h-i686-mingw32/bin/../lib/gcc/nios2-elf/4.1.2/../../../../nios2-elf/lib/mhw-mulx\libc.a(lib_a-exit.o)
 .comment       0x00000000       0x27 c:/altera/13.0sp1/nios2eds/bin/gnu/h-i686-mingw32/bin/../lib/gcc/nios2-elf/4.1.2/../../../../nios2-elf/lib/mhw-mulx\libc.a(lib_a-getc.o)
 .comment       0x00000000       0x27 c:/altera/13.0sp1/nios2eds/bin/gnu/h-i686-mingw32/bin/../lib/gcc/nios2-elf/4.1.2/../../../../nios2-elf/lib/mhw-mulx\libc.a(lib_a-impure.o)
 .comment       0x00000000       0x27 c:/altera/13.0sp1/nios2eds/bin/gnu/h-i686-mingw32/bin/../lib/gcc/nios2-elf/4.1.2/../../../../nios2-elf/lib/mhw-mulx\libc.a(lib_a-memcpy.o)
 .comment       0x00000000       0x27 c:/altera/13.0sp1/nios2eds/bin/gnu/h-i686-mingw32/bin/../lib/gcc/nios2-elf/4.1.2/../../../../nios2-elf/lib/mhw-mulx\libc.a(lib_a-printf.o)
 .comment       0x00000000       0x27 c:/altera/13.0sp1/nios2eds/bin/gnu/h-i686-mingw32/bin/../lib/gcc/nios2-elf/4.1.2/../../../../nios2-elf/lib/mhw-mulx\libc.a(lib_a-putchar.o)
 .comment       0x00000000       0x27 c:/altera/13.0sp1/nios2eds/bin/gnu/h-i686-mingw32/bin/../lib/gcc/nios2-elf/4.1.2/../../../../nios2-elf/lib/mhw-mulx\libc.a(lib_a-puts.o)
 .comment       0x00000000       0x27 c:/altera/13.0sp1/nios2eds/bin/gnu/h-i686-mingw32/bin/../lib/gcc/nios2-elf/4.1.2/../../../../nios2-elf/lib/mhw-mulx\libc.a(lib_a-rget.o)
 .comment       0x00000000       0x27 c:/altera/13.0sp1/nios2eds/bin/gnu/h-i686-mingw32/bin/../lib/gcc/nios2-elf/4.1.2/../../../../nios2-elf/lib/mhw-mulx\libc.a(lib_a-strlen.o)
 .comment       0x00000000       0x27 c:/altera/13.0sp1/nios2eds/bin/gnu/h-i686-mingw32/bin/../lib/gcc/nios2-elf/4.1.2/../../../../nios2-elf/lib/mhw-mulx\libc.a(lib_a-vfprintf.o)
 .comment       0x00000000       0x27 c:/altera/13.0sp1/nios2eds/bin/gnu/h-i686-mingw32/bin/../lib/gcc/nios2-elf/4.1.2/../../../../nios2-elf/lib/mhw-mulx\libc.a(lib_a-wsetup.o)
 .comment       0x00000000       0x27 c:/altera/13.0sp1/nios2eds/bin/gnu/h-i686-mingw32/bin/../lib/gcc/nios2-elf/4.1.2/../../../../nios2-elf/lib/mhw-mulx\libc.a(lib_a-__call_atexit.o)
 .comment       0x00000000       0x27 c:/altera/13.0sp1/nios2eds/bin/gnu/h-i686-mingw32/bin/../lib/gcc/nios2-elf/4.1.2/../../../../nios2-elf/lib/mhw-mulx\libc.a(lib_a-dtoa.o)
 .comment       0x00000000       0x27 c:/altera/13.0sp1/nios2eds/bin/gnu/h-i686-mingw32/bin/../lib/gcc/nios2-elf/4.1.2/../../../../nios2-elf/lib/mhw-mulx\libc.a(lib_a-fflush.o)
 .comment       0x00000000       0x27 c:/altera/13.0sp1/nios2eds/bin/gnu/h-i686-mingw32/bin/../lib/gcc/nios2-elf/4.1.2/../../../../nios2-elf/lib/mhw-mulx\libc.a(lib_a-findfp.o)
 .comment       0x00000000       0x27 c:/altera/13.0sp1/nios2eds/bin/gnu/h-i686-mingw32/bin/../lib/gcc/nios2-elf/4.1.2/../../../../nios2-elf/lib/mhw-mulx\libc.a(lib_a-freer.o)
 .comment       0x00000000       0x27 c:/altera/13.0sp1/nios2eds/bin/gnu/h-i686-mingw32/bin/../lib/gcc/nios2-elf/4.1.2/../../../../nios2-elf/lib/mhw-mulx\libc.a(lib_a-fvwrite.o)
 .comment       0x00000000       0x27 c:/altera/13.0sp1/nios2eds/bin/gnu/h-i686-mingw32/bin/../lib/gcc/nios2-elf/4.1.2/../../../../nios2-elf/lib/mhw-mulx\libc.a(lib_a-fwalk.o)
 .comment       0x00000000       0x27 c:/altera/13.0sp1/nios2eds/bin/gnu/h-i686-mingw32/bin/../lib/gcc/nios2-elf/4.1.2/../../../../nios2-elf/lib/mhw-mulx\libc.a(lib_a-locale.o)
 .comment       0x00000000       0x27 c:/altera/13.0sp1/nios2eds/bin/gnu/h-i686-mingw32/bin/../lib/gcc/nios2-elf/4.1.2/../../../../nios2-elf/lib/mhw-mulx\libc.a(lib_a-makebuf.o)
 .comment       0x00000000       0x27 c:/altera/13.0sp1/nios2eds/bin/gnu/h-i686-mingw32/bin/../lib/gcc/nios2-elf/4.1.2/../../../../nios2-elf/lib/mhw-mulx\libc.a(lib_a-mallocr.o)
 .comment       0x00000000       0x27 c:/altera/13.0sp1/nios2eds/bin/gnu/h-i686-mingw32/bin/../lib/gcc/nios2-elf/4.1.2/../../../../nios2-elf/lib/mhw-mulx\libc.a(lib_a-memchr.o)
 .comment       0x00000000       0x27 c:/altera/13.0sp1/nios2eds/bin/gnu/h-i686-mingw32/bin/../lib/gcc/nios2-elf/4.1.2/../../../../nios2-elf/lib/mhw-mulx\libc.a(lib_a-memmove.o)
 .comment       0x00000000       0x27 c:/altera/13.0sp1/nios2eds/bin/gnu/h-i686-mingw32/bin/../lib/gcc/nios2-elf/4.1.2/../../../../nios2-elf/lib/mhw-mulx\libc.a(lib_a-memset.o)
 .comment       0x00000000       0x27 c:/altera/13.0sp1/nios2eds/bin/gnu/h-i686-mingw32/bin/../lib/gcc/nios2-elf/4.1.2/../../../../nios2-elf/lib/mhw-mulx\libc.a(lib_a-mprec.o)
 .comment       0x00000000       0x27 c:/altera/13.0sp1/nios2eds/bin/gnu/h-i686-mingw32/bin/../lib/gcc/nios2-elf/4.1.2/../../../../nios2-elf/lib/mhw-mulx\libc.a(lib_a-putc.o)
 .comment       0x00000000       0x27 c:/altera/13.0sp1/nios2eds/bin/gnu/h-i686-mingw32/bin/../lib/gcc/nios2-elf/4.1.2/../../../../nios2-elf/lib/mhw-mulx\libc.a(lib_a-reallocr.o)
 .comment       0x00000000       0x27 c:/altera/13.0sp1/nios2eds/bin/gnu/h-i686-mingw32/bin/../lib/gcc/nios2-elf/4.1.2/../../../../nios2-elf/lib/mhw-mulx\libc.a(lib_a-refill.o)
 .comment       0x00000000       0x27 c:/altera/13.0sp1/nios2eds/bin/gnu/h-i686-mingw32/bin/../lib/gcc/nios2-elf/4.1.2/../../../../nios2-elf/lib/mhw-mulx\libc.a(lib_a-s_isinfd.o)
 .comment       0x00000000       0x27 c:/altera/13.0sp1/nios2eds/bin/gnu/h-i686-mingw32/bin/../lib/gcc/nios2-elf/4.1.2/../../../../nios2-elf/lib/mhw-mulx\libc.a(lib_a-s_isnand.o)
 .comment       0x00000000       0x27 c:/altera/13.0sp1/nios2eds/bin/gnu/h-i686-mingw32/bin/../lib/gcc/nios2-elf/4.1.2/../../../../nios2-elf/lib/mhw-mulx\libc.a(lib_a-sbrkr.o)
 .comment       0x00000000       0x27 c:/altera/13.0sp1/nios2eds/bin/gnu/h-i686-mingw32/bin/../lib/gcc/nios2-elf/4.1.2/../../../../nios2-elf/lib/mhw-mulx\libc.a(lib_a-stdio.o)
 .comment       0x00000000       0x27 c:/altera/13.0sp1/nios2eds/bin/gnu/h-i686-mingw32/bin/../lib/gcc/nios2-elf/4.1.2/../../../../nios2-elf/lib/mhw-mulx\libc.a(lib_a-strcmp.o)
 .comment       0x00000000       0x27 c:/altera/13.0sp1/nios2eds/bin/gnu/h-i686-mingw32/bin/../lib/gcc/nios2-elf/4.1.2/../../../../nios2-elf/lib/mhw-mulx\libc.a(lib_a-wbuf.o)
 .comment       0x00000000       0x27 c:/altera/13.0sp1/nios2eds/bin/gnu/h-i686-mingw32/bin/../lib/gcc/nios2-elf/4.1.2/../../../../nios2-elf/lib/mhw-mulx\libc.a(lib_a-writer.o)
 .comment       0x00000000       0x27 c:/altera/13.0sp1/nios2eds/bin/gnu/h-i686-mingw32/bin/../lib/gcc/nios2-elf/4.1.2/../../../../nios2-elf/lib/mhw-mulx\libc.a(lib_a-callocr.o)
 .comment       0x00000000       0x27 c:/altera/13.0sp1/nios2eds/bin/gnu/h-i686-mingw32/bin/../lib/gcc/nios2-elf/4.1.2/../../../../nios2-elf/lib/mhw-mulx\libc.a(lib_a-closer.o)
 .comment       0x00000000       0x27 c:/altera/13.0sp1/nios2eds/bin/gnu/h-i686-mingw32/bin/../lib/gcc/nios2-elf/4.1.2/../../../../nios2-elf/lib/mhw-mulx\libc.a(lib_a-fclose.o)
 .comment       0x00000000       0x27 c:/altera/13.0sp1/nios2eds/bin/gnu/h-i686-mingw32/bin/../lib/gcc/nios2-elf/4.1.2/../../../../nios2-elf/lib/mhw-mulx\libc.a(lib_a-fstatr.o)
 .comment       0x00000000       0x27 c:/altera/13.0sp1/nios2eds/bin/gnu/h-i686-mingw32/bin/../lib/gcc/nios2-elf/4.1.2/../../../../nios2-elf/lib/mhw-mulx\libc.a(lib_a-int_errno.o)
 .comment       0x00000000       0x27 c:/altera/13.0sp1/nios2eds/bin/gnu/h-i686-mingw32/bin/../lib/gcc/nios2-elf/4.1.2/../../../../nios2-elf/lib/mhw-mulx\libc.a(lib_a-isattyr.o)
 .comment       0x00000000       0x27 c:/altera/13.0sp1/nios2eds/bin/gnu/h-i686-mingw32/bin/../lib/gcc/nios2-elf/4.1.2/../../../../nios2-elf/lib/mhw-mulx\libc.a(lib_a-lseekr.o)
 .comment       0x00000000       0x27 c:/altera/13.0sp1/nios2eds/bin/gnu/h-i686-mingw32/bin/../lib/gcc/nios2-elf/4.1.2/../../../../nios2-elf/lib/mhw-mulx\libc.a(lib_a-readr.o)
 .comment       0x00000000       0x27 c:/altera/13.0sp1/nios2eds/bin/gnu/h-i686-mingw32/bin/../lib/gcc/nios2-elf/4.1.2/mhw-mulx\libgcc.a(_udivdi3.o)
 .comment       0x00000000       0x27 c:/altera/13.0sp1/nios2eds/bin/gnu/h-i686-mingw32/bin/../lib/gcc/nios2-elf/4.1.2/mhw-mulx\libgcc.a(_umoddi3.o)
 .comment       0x00000000       0x27 c:/altera/13.0sp1/nios2eds/bin/gnu/h-i686-mingw32/bin/../lib/gcc/nios2-elf/4.1.2/mhw-mulx\libgcc.a(_addsub_df.o)
 .comment       0x00000000       0x27 c:/altera/13.0sp1/nios2eds/bin/gnu/h-i686-mingw32/bin/../lib/gcc/nios2-elf/4.1.2/mhw-mulx\libgcc.a(_mul_df.o)
 .comment       0x00000000       0x27 c:/altera/13.0sp1/nios2eds/bin/gnu/h-i686-mingw32/bin/../lib/gcc/nios2-elf/4.1.2/mhw-mulx\libgcc.a(_div_df.o)
 .comment       0x00000000       0x27 c:/altera/13.0sp1/nios2eds/bin/gnu/h-i686-mingw32/bin/../lib/gcc/nios2-elf/4.1.2/mhw-mulx\libgcc.a(_eq_df.o)
 .comment       0x00000000       0x27 c:/altera/13.0sp1/nios2eds/bin/gnu/h-i686-mingw32/bin/../lib/gcc/nios2-elf/4.1.2/mhw-mulx\libgcc.a(_ne_df.o)
 .comment       0x00000000       0x27 c:/altera/13.0sp1/nios2eds/bin/gnu/h-i686-mingw32/bin/../lib/gcc/nios2-elf/4.1.2/mhw-mulx\libgcc.a(_gt_df.o)
 .comment       0x00000000       0x27 c:/altera/13.0sp1/nios2eds/bin/gnu/h-i686-mingw32/bin/../lib/gcc/nios2-elf/4.1.2/mhw-mulx\libgcc.a(_ge_df.o)
 .comment       0x00000000       0x27 c:/altera/13.0sp1/nios2eds/bin/gnu/h-i686-mingw32/bin/../lib/gcc/nios2-elf/4.1.2/mhw-mulx\libgcc.a(_lt_df.o)
 .comment       0x00000000       0x27 c:/altera/13.0sp1/nios2eds/bin/gnu/h-i686-mingw32/bin/../lib/gcc/nios2-elf/4.1.2/mhw-mulx\libgcc.a(_si_to_df.o)
 .comment       0x00000000       0x27 c:/altera/13.0sp1/nios2eds/bin/gnu/h-i686-mingw32/bin/../lib/gcc/nios2-elf/4.1.2/mhw-mulx\libgcc.a(_df_to_si.o)
 .comment       0x00000000       0x27 c:/altera/13.0sp1/nios2eds/bin/gnu/h-i686-mingw32/bin/../lib/gcc/nios2-elf/4.1.2/mhw-mulx\libgcc.a(_thenan_df.o)
 .comment       0x00000000       0x27 c:/altera/13.0sp1/nios2eds/bin/gnu/h-i686-mingw32/bin/../lib/gcc/nios2-elf/4.1.2/mhw-mulx\libgcc.a(_usi_to_df.o)
 .comment       0x00000000       0x27 c:/altera/13.0sp1/nios2eds/bin/gnu/h-i686-mingw32/bin/../lib/gcc/nios2-elf/4.1.2/mhw-mulx\libgcc.a(_unpack_df.o)
 .comment       0x00000000       0x27 c:/altera/13.0sp1/nios2eds/bin/gnu/h-i686-mingw32/bin/../lib/gcc/nios2-elf/4.1.2/mhw-mulx\libgcc.a(_fpcmp_parts_df.o)
 .comment       0x00000000       0x27 ../DE4_DDR2_test_bsp\libhal_bsp.a(alt_close.o)
 .comment       0x00000000       0x27 ../DE4_DDR2_test_bsp\libhal_bsp.a(alt_dcache_flush_all.o)
 .comment       0x00000000       0x27 ../DE4_DDR2_test_bsp\libhal_bsp.a(alt_dev.o)
 .comment       0x00000000       0x27 ../DE4_DDR2_test_bsp\libhal_bsp.a(alt_dma_rxchan_open.o)
 .comment       0x00000000       0x27 ../DE4_DDR2_test_bsp\libhal_bsp.a(alt_dma_txchan_open.o)
 .comment       0x00000000       0x27 ../DE4_DDR2_test_bsp\libhal_bsp.a(alt_errno.o)
 .comment       0x00000000       0x27 ../DE4_DDR2_test_bsp\libhal_bsp.a(alt_exit.o)
 .comment       0x00000000       0x27 ../DE4_DDR2_test_bsp\libhal_bsp.a(alt_find_dev.o)
 .comment       0x00000000       0x27 ../DE4_DDR2_test_bsp\libhal_bsp.a(alt_fstat.o)
 .comment       0x00000000       0x27 ../DE4_DDR2_test_bsp\libhal_bsp.a(alt_isatty.o)
 .comment       0x00000000       0x27 ../DE4_DDR2_test_bsp\libhal_bsp.a(alt_load.o)
 .comment       0x00000000       0x27 ../DE4_DDR2_test_bsp\libhal_bsp.a(alt_lseek.o)
 .comment       0x00000000       0x27 ../DE4_DDR2_test_bsp\libhal_bsp.a(alt_main.o)
 .comment       0x00000000       0x27 ../DE4_DDR2_test_bsp\libhal_bsp.a(alt_malloc_lock.o)
 .comment       0x00000000       0x27 ../DE4_DDR2_test_bsp\libhal_bsp.a(alt_read.o)
 .comment       0x00000000       0x27 ../DE4_DDR2_test_bsp\libhal_bsp.a(alt_release_fd.o)
 .comment       0x00000000       0x27 ../DE4_DDR2_test_bsp\libhal_bsp.a(alt_sbrk.o)
 .comment       0x00000000       0x27 ../DE4_DDR2_test_bsp\libhal_bsp.a(alt_tick.o)
 .comment       0x00000000       0x27 ../DE4_DDR2_test_bsp\libhal_bsp.a(alt_usleep.o)
 .comment       0x00000000       0x27 ../DE4_DDR2_test_bsp\libhal_bsp.a(alt_write.o)
 .comment       0x00000000       0x27 ../DE4_DDR2_test_bsp\libhal_bsp.a(alt_sys_init.o)
 .comment       0x00000000       0x27 ../DE4_DDR2_test_bsp\libhal_bsp.a(altera_avalon_dma.o)
 .comment       0x00000000       0x27 ../DE4_DDR2_test_bsp\libhal_bsp.a(altera_avalon_jtag_uart_fd.o)
 .comment       0x00000000       0x27 ../DE4_DDR2_test_bsp\libhal_bsp.a(altera_avalon_jtag_uart_init.o)
 .comment       0x00000000       0x27 ../DE4_DDR2_test_bsp\libhal_bsp.a(altera_avalon_jtag_uart_ioctl.o)
 .comment       0x00000000       0x27 ../DE4_DDR2_test_bsp\libhal_bsp.a(altera_avalon_jtag_uart_read.o)
 .comment       0x00000000       0x27 ../DE4_DDR2_test_bsp\libhal_bsp.a(altera_avalon_jtag_uart_write.o)
 .comment       0x00000000       0x27 ../DE4_DDR2_test_bsp\libhal_bsp.a(altera_avalon_timer_sc.o)
 .comment       0x00000000       0x27 ../DE4_DDR2_test_bsp\libhal_bsp.a(alt_alarm_start.o)
 .comment       0x00000000       0x27 ../DE4_DDR2_test_bsp\libhal_bsp.a(alt_busy_sleep.o)
 .comment       0x00000000       0x27 ../DE4_DDR2_test_bsp\libhal_bsp.a(alt_dev_llist_insert.o)
 .comment       0x00000000       0x27 ../DE4_DDR2_test_bsp\libhal_bsp.a(alt_do_ctors.o)
 .comment       0x00000000       0x27 ../DE4_DDR2_test_bsp\libhal_bsp.a(alt_do_dtors.o)
 .comment       0x00000000       0x27 ../DE4_DDR2_test_bsp\libhal_bsp.a(alt_icache_flush_all.o)
 .comment       0x00000000       0x27 ../DE4_DDR2_test_bsp\libhal_bsp.a(alt_iic.o)
 .comment       0x00000000       0x27 ../DE4_DDR2_test_bsp\libhal_bsp.a(alt_iic_isr_register.o)
 .comment       0x00000000       0x27 ../DE4_DDR2_test_bsp\libhal_bsp.a(alt_io_redirect.o)
 .comment       0x00000000       0x27 ../DE4_DDR2_test_bsp\libhal_bsp.a(alt_irq_handler.o)
 .comment       0x00000000       0x27 ../DE4_DDR2_test_bsp\libhal_bsp.a(alt_irq_vars.o)
 .comment       0x00000000       0x27 ../DE4_DDR2_test_bsp\libhal_bsp.a(alt_open.o)
 .comment       0x00000000       0x27 ../DE4_DDR2_test_bsp\libhal_bsp.a(altera_nios2_qsys_irq.o)
 .comment       0x00000000       0x27 ../DE4_DDR2_test_bsp\libhal_bsp.a(alt_find_file.o)
 .comment       0x00000000       0x27 ../DE4_DDR2_test_bsp\libhal_bsp.a(alt_get_fd.o)