Archive member included because of file (symbol)

c:/altera/13.0sp1/nios2eds/bin/gnu/h-i686-mingw32/bin/../lib/gcc/nios2-elf/4.1.2/mhw-mulx\libgcc.a(_div_sf.o)
                              obj/default/main.o (__divsf3)
c:/altera/13.0sp1/nios2eds/bin/gnu/h-i686-mingw32/bin/../lib/gcc/nios2-elf/4.1.2/mhw-mulx\libgcc.a(_si_to_sf.o)
                              obj/default/main.o (__floatsisf)
c:/altera/13.0sp1/nios2eds/bin/gnu/h-i686-mingw32/bin/../lib/gcc/nios2-elf/4.1.2/mhw-mulx\libgcc.a(_sf_to_df.o)
                              obj/default/main.o (__extendsfdf2)
c:/altera/13.0sp1/nios2eds/bin/gnu/h-i686-mingw32/bin/../lib/gcc/nios2-elf/4.1.2/mhw-mulx\libgcc.a(_thenan_sf.o)
                              c:/altera/13.0sp1/nios2eds/bin/gnu/h-i686-mingw32/bin/../lib/gcc/nios2-elf/4.1.2/mhw-mulx\libgcc.a(_div_sf.o) (__thenan_sf)
c:/altera/13.0sp1/nios2eds/bin/gnu/h-i686-mingw32/bin/../lib/gcc/nios2-elf/4.1.2/mhw-mulx\libgcc.a(_usi_to_sf.o)
                              obj/default/main.o (__floatunsisf)
c:/altera/13.0sp1/nios2eds/bin/gnu/h-i686-mingw32/bin/../lib/gcc/nios2-elf/4.1.2/mhw-mulx\libgcc.a(_make_df.o)
                              c:/altera/13.0sp1/nios2eds/bin/gnu/h-i686-mingw32/bin/../lib/gcc/nios2-elf/4.1.2/mhw-mulx\libgcc.a(_sf_to_df.o) (__make_dp)
c:/altera/13.0sp1/nios2eds/bin/gnu/h-i686-mingw32/bin/../lib/gcc/nios2-elf/4.1.2/mhw-mulx\libgcc.a(lib2-divmod.o)
                              obj/default/mem_test.o (__divsi3)
c:/altera/13.0sp1/nios2eds/bin/gnu/h-i686-mingw32/bin/../lib/gcc/nios2-elf/4.1.2/mhw-mulx\libgcc.a(_clzsi2.o)
                              c:/altera/13.0sp1/nios2eds/bin/gnu/h-i686-mingw32/bin/../lib/gcc/nios2-elf/4.1.2/mhw-mulx\libgcc.a(_si_to_sf.o) (__clzsi2)
c:/altera/13.0sp1/nios2eds/bin/gnu/h-i686-mingw32/bin/../lib/gcc/nios2-elf/4.1.2/mhw-mulx\libgcc.a(_pack_sf.o)
                              c:/altera/13.0sp1/nios2eds/bin/gnu/h-i686-mingw32/bin/../lib/gcc/nios2-elf/4.1.2/mhw-mulx\libgcc.a(_div_sf.o) (__pack_f)
c:/altera/13.0sp1/nios2eds/bin/gnu/h-i686-mingw32/bin/../lib/gcc/nios2-elf/4.1.2/mhw-mulx\libgcc.a(_unpack_sf.o)
                              c:/altera/13.0sp1/nios2eds/bin/gnu/h-i686-mingw32/bin/../lib/gcc/nios2-elf/4.1.2/mhw-mulx\libgcc.a(_div_sf.o) (__unpack_f)
c:/altera/13.0sp1/nios2eds/bin/gnu/h-i686-mingw32/bin/../lib/gcc/nios2-elf/4.1.2/mhw-mulx\libgcc.a(_pack_df.o)
                              c:/altera/13.0sp1/nios2eds/bin/gnu/h-i686-mingw32/bin/../lib/gcc/nios2-elf/4.1.2/mhw-mulx\libgcc.a(_make_df.o) (__pack_d)
c:/altera/13.0sp1/nios2eds/bin/gnu/h-i686-mingw32/bin/../lib/gcc/nios2-elf/4.1.2/mhw-mulx\libgcc.a(_clz.o)
                              c:/altera/13.0sp1/nios2eds/bin/gnu/h-i686-mingw32/bin/../lib/gcc/nios2-elf/4.1.2/mhw-mulx\libgcc.a(_clzsi2.o) (__clz_tab)
c:/altera/13.0sp1/nios2eds/bin/gnu/h-i686-mingw32/bin/../lib/gcc/nios2-elf/4.1.2/../../../../nios2-elf/lib/mhw-mulx\libc.a(lib_a-memcpy.o)
                              obj/default/mem_test.o (memcpy)
c:/altera/13.0sp1/nios2eds/bin/gnu/h-i686-mingw32/bin/../lib/gcc/nios2-elf/4.1.2/../../../../nios2-elf/lib/mhw-mulx\libc.a(lib_a-printf.o)
                              obj/default/main.o (printf)
c:/altera/13.0sp1/nios2eds/bin/gnu/h-i686-mingw32/bin/../lib/gcc/nios2-elf/4.1.2/../../../../nios2-elf/lib/mhw-mulx\libc.a(lib_a-putchar.o)
                              obj/default/mem_test.o (putchar)
c:/altera/13.0sp1/nios2eds/bin/gnu/h-i686-mingw32/bin/../lib/gcc/nios2-elf/4.1.2/../../../../nios2-elf/lib/mhw-mulx\libc.a(lib_a-puts.o)
                              obj/default/main.o (puts)
c:/altera/13.0sp1/nios2eds/bin/gnu/h-i686-mingw32/bin/../lib/gcc/nios2-elf/4.1.2/../../../../nios2-elf/lib/mhw-mulx\libc.a(lib_a-strlen.o)
                              c:/altera/13.0sp1/nios2eds/bin/gnu/h-i686-mingw32/bin/../lib/gcc/nios2-elf/4.1.2/../../../../nios2-elf/lib/mhw-mulx\libc.a(lib_a-puts.o) (strlen)
c:/altera/13.0sp1/nios2eds/bin/gnu/h-i686-mingw32/bin/../lib/gcc/nios2-elf/4.1.2/../../../../nios2-elf/lib/mhw-mulx\libc.a(lib_a-vfprintf.o)
                              c:/altera/13.0sp1/nios2eds/bin/gnu/h-i686-mingw32/bin/../lib/gcc/nios2-elf/4.1.2/../../../../nios2-elf/lib/mhw-mulx\libc.a(lib_a-printf.o) (___vfprintf_internal_r)
c:/altera/13.0sp1/nios2eds/bin/gnu/h-i686-mingw32/bin/../lib/gcc/nios2-elf/4.1.2/../../../../nios2-elf/lib/mhw-mulx\libc.a(lib_a-wsetup.o)
                              c:/altera/13.0sp1/nios2eds/bin/gnu/h-i686-mingw32/bin/../lib/gcc/nios2-elf/4.1.2/../../../../nios2-elf/lib/mhw-mulx\libc.a(lib_a-vfprintf.o) (__swsetup_r)
c:/altera/13.0sp1/nios2eds/bin/gnu/h-i686-mingw32/bin/../lib/gcc/nios2-elf/4.1.2/../../../../nios2-elf/lib/mhw-mulx\libc.a(lib_a-dtoa.o)
                              c:/altera/13.0sp1/nios2eds/bin/gnu/h-i686-mingw32/bin/../lib/gcc/nios2-elf/4.1.2/../../../../nios2-elf/lib/mhw-mulx\libc.a(lib_a-vfprintf.o) (_dtoa_r)
c:/altera/13.0sp1/nios2eds/bin/gnu/h-i686-mingw32/bin/../lib/gcc/nios2-elf/4.1.2/../../../../nios2-elf/lib/mhw-mulx\libc.a(lib_a-fflush.o)
[...]
Memory Configuration

Name             Origin             Length             Attributes
mem_if_ddr2_emif 0x00000000         0x40000000
reset            0x41020000         0x00000020
onchip_memory    0x41020020         0x0001f3e0
*default*        0x00000000         0xffffffff

Linker script and memory map

LOAD ../DE4_DDR2_test_bsp//obj/HAL/src/crt0.o
LOAD obj/default/I2C.o
LOAD obj/default/cirbm_main.o
LOAD obj/default/main.o
LOAD obj/default/mem_test.o
LOAD c:/altera/13.0sp1/nios2eds/bin/gnu/h-i686-mingw32/bin/../lib/gcc/nios2-elf/4.1.2/../../../../nios2-elf/lib/mhw-mulx\libstdc++.a
LOAD c:/altera/13.0sp1/nios2eds/bin/gnu/h-i686-mingw32/bin/../lib/gcc/nios2-elf/4.1.2/../../../../nios2-elf/lib/mhw-mulx\libm.a
LOAD c:/altera/13.0sp1/nios2eds/bin/gnu/h-i686-mingw32/bin/../lib/gcc/nios2-elf/4.1.2/mhw-mulx\libgcc.a
START GROUP
LOAD c:/altera/13.0sp1/nios2eds/bin/gnu/h-i686-mingw32/bin/../lib/gcc/nios2-elf/4.1.2/../../../../nios2-elf/lib/mhw-mulx\libc.a
LOAD c:/altera/13.0sp1/nios2eds/bin/gnu/h-i686-mingw32/bin/../lib/gcc/nios2-elf/4.1.2/mhw-mulx\libgcc.a
LOAD ../DE4_DDR2_test_bsp/\libhal_bsp.a
END GROUP
LOAD c:/altera/13.0sp1/nios2eds/bin/gnu/h-i686-mingw32/bin/../lib/gcc/nios2-elf/4.1.2/mhw-mulx\libgcc.a
                0x00000000                __alt_mem_mem_if_ddr2_emif = 0x0
                0x41020000                __alt_mem_onchip_memory = 0x41020000

.entry          0x41020000       0x20
 *(.entry)
 .entry         0x41020000       0x20 ../DE4_DDR2_test_bsp//obj/HAL/src/crt0.o
                0x41020000                __reset

.exceptions     0x41020020      0x194
                0x41020020                PROVIDE (__ram_exceptions_start, ABSOLUTE (.))
                0x41020020                . = ALIGN (0x20)
 *(.irq)
 *(.exceptions.entry.label)
 .exceptions.entry.label
                0x41020020        0x0 ../DE4_DDR2_test_bsp/\libhal_bsp.a(alt_irq_entry.o)
                0x41020020                alt_irq_entry
 .exceptions.entry.label
                0x41020020        0x0 ../DE4_DDR2_test_bsp/\libhal_bsp.a(alt_exception_entry.o)
                0x41020020                alt_exception
 *(.exceptions.entry.user)
 *(.exceptions.entry)
 .exceptions.entry
                0x41020020       0x54 ../DE4_DDR2_test_bsp/\libhal_bsp.a(alt_exception_entry.o)
 *(.exceptions.irqtest.user)
 *(.exceptions.irqtest)
 .exceptions.irqtest
                0x41020074       0x10 ../DE4_DDR2_test_bsp/\libhal_bsp.a(alt_irq_entry.o)
 *(.exceptions.irqhandler.user)
 *(.exceptions.irqhandler)
 .exceptions.irqhandler
                0x41020084        0x4 ../DE4_DDR2_test_bsp/\libhal_bsp.a(alt_irq_entry.o)
 *(.exceptions.irqreturn.user)
 *(.exceptions.irqreturn)
 .exceptions.irqreturn
                0x41020088        0x4 ../DE4_DDR2_test_bsp/\libhal_bsp.a(alt_irq_entry.o)
 *(.exceptions.notirq.label)
 .exceptions.notirq.label
                0x4102008c        0x0 ../DE4_DDR2_test_bsp/\libhal_bsp.a(alt_irq_entry.o)
 *(.exceptions.notirq.user)
 *(.exceptions.notirq)
 .exceptions.notirq
                0x4102008c        0x8 ../DE4_DDR2_test_bsp/\libhal_bsp.a(alt_exception_entry.o)
 *(.exceptions.soft.user)
 *(.exceptions.soft)
 *(.exceptions.unknown.user)
 *(.exceptions.unknown)
 .exceptions.unknown
                0x41020094        0x4 ../DE4_DDR2_test_bsp/\libhal_bsp.a(alt_exception_entry.o)
 *(.exceptions.exit.label)
 .exceptions.exit.label
                0x41020098        0x0 ../DE4_DDR2_test_bsp/\libhal_bsp.a(alt_irq_entry.o)
 .exceptions.exit.label
                0x41020098        0x0 ../DE4_DDR2_test_bsp/\libhal_bsp.a(alt_exception_entry.o)
 *(.exceptions.exit.user)
 *(.exceptions.exit)
 .exceptions.exit
                0x41020098       0x54 ../DE4_DDR2_test_bsp/\libhal_bsp.a(alt_exception_entry.o)
 *(.exceptions)
 .exceptions    0x410200ec       0xc8 ../DE4_DDR2_test_bsp/\libhal_bsp.a(alt_irq_handler.o)
                0x410200ec                alt_irq_handler
                0x410201b4                PROVIDE (__ram_exceptions_end, ABSOLUTE (.))
                0x41020020                PROVIDE (__flash_exceptions_start, LOADADDR (.exceptions))

.text           0x410201b4     0xe690
                0x410201b4                PROVIDE (stext, ABSOLUTE (.))
 *(.interp)
 *(.hash)
 *(.dynsym)
 *(.dynstr)
 *(.gnu.version)
 *(.gnu.version_d)
 *(.gnu.version_r)
 *(.rel.init)
 *(.rela.init)
 *(.rel.text .rel.text.* .rel.gnu.linkonce.t.*)
 *(.rela.text .rela.text.* .rela.gnu.linkonce.t.*)
 *(.rel.fini)
 *(.rela.fini)
 *(.rel.rodata .rel.rodata.* .rel.gnu.linkonce.r.*)
 *(.rela.rodata .rela.rodata.* .rela.gnu.linkonce.r.*)
 *(.rel.data .rel.data.* .rel.gnu.linkonce.d.*)
 *(.rela.data .rela.data.* .rela.gnu.linkonce.d.*)
 *(.rel.tdata .rel.tdata.* .rel.gnu.linkonce.td.*)
 *(.rela.tdata .rela.tdata.* .rela.gnu.linkonce.td.*)
 *(.rel.tbss .rel.tbss.* .rel.gnu.linkonce.tb.*)
 *(.rela.tbss .rela.tbss.* .rela.gnu.linkonce.tb.*)
 *(.rel.ctors)
 *(.rela.ctors)
 *(.rel.dtors)
 *(.rela.dtors)
 *(.rel.got)
 *(.rela.got)
 *(.rel.sdata .rel.sdata.* .rel.gnu.linkonce.s.*)
 *(.rela.sdata .rela.sdata.* .rela.gnu.linkonce.s.*)
 *(.rel.sbss .rel.sbss.* .rel.gnu.linkonce.sb.*)
 *(.rela.sbss .rela.sbss.* .rela.gnu.linkonce.sb.*)
 *(.rel.sdata2 .rel.sdata2.* .rel.gnu.linkonce.s2.*)
 *(.rela.sdata2 .rela.sdata2.* .rela.gnu.linkonce.s2.*)
 *(.rel.sbss2 .rel.sbss2.* .rel.gnu.linkonce.sb2.*)
 *(.rela.sbss2 .rela.sbss2.* .rela.gnu.linkonce.sb2.*)
 *(.rel.bss .rel.bss.* .rel.gnu.linkonce.b.*)
 *(.rela.bss .rela.bss.* .rela.gnu.linkonce.b.*)
 *(.rel.plt)
 *(.rela.plt)
 *(.rel.dyn)
 *(.init)
 *(.plt)
 *(.text .stub .text.* .gnu.linkonce.t.*)
 .text          0x410201b4       0x4c ../DE4_DDR2_test_bsp//obj/HAL/src/crt0.o
                0x410201b4                _start
 .text          0x41020200      0x6ac obj/default/I2C.o
                0x41020200                I2C_Write
                0x410202d8                I2C_Read
                0x410203dc                I2C_MultipleRead
                0x4102053c                i2c_start
                0x410205c4                i2c_stop
                0x4102063c                i2c_write
                0x41020760                i2c_read
 .text          0x410208ac        0x0 obj/default/cirbm_main.o
 .text          0x410208ac      0x298 obj/default/main.o
                0x410208ac                DDR2_RepeatRead
                0x41020980                main
 .text          0x41020b44      0x33c obj/default/mem_test.o
                0x41020b44                TMEM_Verify
 .text          0x41020e80      0x174 c:/altera/13.0sp1/nios2eds/bin/gnu/h-i686-mingw32/bin/../lib/gcc/nios2-elf/4.1.2/mhw-mulx\libgcc.a(_div_sf.o)
                0x41020e80                __divsf3
 .text          0x41020ff4       0x98 c:/altera/13.0sp1/nios2eds/bin/gnu/h-i686-mingw32/bin/../lib/gcc/nios2-elf/4.1.2/mhw-mulx\libgcc.a(_si_to_sf.o)
                0x41020ff4                __floatsisf
 .text          0x4102108c       0x54 c:/altera/13.0sp1/nios2eds/bin/gnu/h-i686-mingw32/bin/../lib/gcc/nios2-elf/4.1.2/mhw-mulx\libgcc.a(_sf_to_df.o)
                0x4102108c                __extendsfdf2
 .text          0x410210e0        0x0 c:/altera/13.0sp1/nios2eds/bin/gnu/h-i686-mingw32/bin/../lib/gcc/nios2-elf/4.1.2/mhw-mulx\libgcc.a(_thenan_sf.o)
 .text          0x410210e0       0xc0 c:/altera/13.0sp1/nios2eds/bin/gnu/h-i686-mingw32/bin/../lib/gcc/nios2-elf/4.1.2/mhw-mulx\libgcc.a(_usi_to_sf.o)
                0x410210e0                __floatunsisf
 .text          0x410211a0       0x38 c:/altera/13.0sp1/nios2eds/bin/gnu/h-i686-mingw32/bin/../lib/gcc/nios2-elf/4.1.2/mhw-mulx\libgcc.a(_make_df.o)
                0x410211a0                __make_dp
 .text          0x410211d8      0x14c c:/altera/13.0sp1/nios2eds/bin/gnu/h-i686-mingw32/bin/../lib/gcc/nios2-elf/4.1.2/mhw-mulx\libgcc.a(lib2-divmod.o)
                0x41021254                __divsi3
                0x410212b4                __modsi3
                0x41021314                __udivsi3
                0x4102131c                __umodsi3
 .text          0x41021324       0x80 c:/altera/13.0sp1/nios2eds/bin/gnu/h-i686-mingw32/bin/../lib/gcc/nios2-elf/4.1.2/mhw-mulx\libgcc.a(_clzsi2.o)
                0x41021324                __clzsi2
 .text          0x410213a4      0x160 c:/altera/13.0sp1/nios2eds/bin/gnu/h-i686-mingw32/bin/../lib/gcc/nios2-elf/4.1.2/mhw-mulx\libgcc.a(_pack_sf.o)
                0x410213a4                __pack_f
 .text          0x41021504       0xc8 c:/altera/13.0sp1/nios2eds/bin/gnu/h-i686-mingw32/bin/../lib/gcc/nios2-elf/4.1.2/mhw-mulx\libgcc.a(_unpack_sf.o)
                0x41021504                __unpack_f
 .text          0x410215cc      0x314 c:/altera/13.0sp1/nios2eds/bin/gnu/h-i686-mingw32/bin/../lib/gcc/nios2-elf/4.1.2/mhw-mulx\libgcc.a(_pack_df.o)
                0x410215cc                __pack_d
 .text          0x410218e0        0x0 c:/altera/13.0sp1/nios2eds/bin/gnu/h-i686-mingw32/bin/../lib/gcc/nios2-elf/4.1.2/mhw-mulx\libgcc.a(_clz.o)
 .text          0x410218e0       0xa0 c:/altera/13.0sp1/nios2eds/bin/gnu/h-i686-mingw32/bin/../lib/gcc/nios2-elf/4.1.2/../../../../nios2-elf/lib/mhw-mulx\libc.a(lib_a-memcpy.o)
                0x410218e0                memcpy
 .text          0x41021980       0x78 c:/altera/13.0sp1/nios2eds/bin/gnu/h-i686-mingw32/bin/../lib/gcc/nios2-elf/4.1.2/../../../../nios2-elf/lib/mhw-mulx\libc.a(lib_a-printf.o)
                0x41021980                printf
                0x410219c4                _printf_r
 .text          0x410219f8       0x24 c:/altera/13.0sp1/nios2eds/bin/gnu/h-i686-mingw32/bin/../lib/gcc/nios2-elf/4.1.2/../../../../nios2-elf/lib/mhw-mulx\libc.a(lib_a-putchar.o)
                0x410219f8                putchar
                0x41021a14                _putchar_r
 .text          0x41021a1c       0xb4 c:/altera/13.0sp1/nios2eds/bin/gnu/h-i686-mingw32/bin/../lib/gcc/nios2-elf/4.1.2/../../../../nios2-elf/lib/mhw-mulx\libc.a(lib_a-puts.o)
                0x41021a1c                _puts_r
                0x41021abc                puts
 .text          0x41021ad0       0x74 c:/altera/13.0sp1/nios2eds/bin/gnu/h-i686-mingw32/bin/../lib/gcc/nios2-elf/4.1.2/../../../../nios2-elf/lib/mhw-mulx\libc.a(lib_a-strlen.o)
                0x41021ad0                strlen
 .text          0x41021b44     0x1f28 c:/altera/13.0sp1/nios2eds/bin/gnu/h-i686-mingw32/bin/../lib/gcc/nios2-elf/4.1.2/../../../../nios2-elf/lib/mhw-mulx\libc.a(lib_a-vfprintf.o)
                0x41021b9c                ___vfprintf_internal_r
                0x41023a48                __vfprintf_internal
 .text          0x41023a6c      0x13c c:/altera/13.0sp1/nios2eds/bin/gnu/h-i686-mingw32/bin/../lib/gcc/nios2-elf/4.1.2/../../../../nios2-elf/lib/mhw-mulx\libc.a(lib_a-wsetup.o)
                0x41023a6c                __swsetup_r
 .text          0x41023ba8     0x17cc c:/altera/13.0sp1/nios2eds/bin/gnu/h-i686-mingw32/bin/../lib/gcc/nios2-elf/4.1.2/../../../../nios2-elf/lib/mhw-mulx\libc.a(lib_a-dtoa.o)
                0x41023dc0                _dtoa_r
 .text          0x41025374      0x230 c:/altera/13.0sp1/nios2eds/bin/gnu/h-i686-mingw32/bin/../lib/gcc/nios2-elf/4.1.2/../../../../nios2-elf/lib/mhw-mulx\libc.a(lib_a-fflush.o)
                0x41025374                _fflush_r
                0x41025570                fflush
 .text          0x410255a4      0x2c0 c:/altera/13.0sp1/nios2eds/bin/gnu/h-i686-mingw32/bin/../lib/gcc/nios2-elf/4.1.2/../../../../nios2-elf/lib/mhw-mulx\libc.a(lib_a-findfp.o)
                0x410255fc                __sfp_lock_acquire
                0x41025600                __sfp_lock_release
                0x41025604                __sinit_lock_acquire
                0x41025608                __sinit_lock_release
                0x4102560c                __sinit
                0x410256c0                __fp_unlock_all
                0x410256d8                __fp_lock_all
                0x410256f0                _cleanup_r
                0x410256fc                _cleanup
                0x4102570c                __sfmoreglue
                0x41025774                __sfp
 .text          0x41025864      0x440 c:/altera/13.0sp1/nios2eds/bin/gnu/h-i686-mingw32/bin/../lib/gcc/nios2-elf/4.1.2/../../../../nios2-elf/lib/mhw-mulx\libc.a(lib_a-freer.o)
                0x41025864                _malloc_trim_r
                0x41025990                _free_r
 .text          0x41025ca4      0x49c c:/altera/13.0sp1/nios2eds/bin/gnu/h-i686-mingw32/bin/../lib/gcc/nios2-elf/4.1.2/../../../../nios2-elf/lib/mhw-mulx\libc.a(lib_a-fvwrite.o)
                0x41025ca4                __sfvwrite_r
 .text          0x41026140      0x180 c:/altera/13.0sp1/nios2eds/bin/gnu/h-i686-mingw32/bin/../lib/gcc/nios2-elf/4.1.2/../../../../nios2-elf/lib/mhw-mulx\libc.a(lib_a-fwalk.o)
                0x41026140                _fwalk_reent
                0x41026208                _fwalk
 .text          0x410262c0        0x0 c:/altera/13.0sp1/nios2eds/bin/gnu/h-i686-mingw32/bin/../lib/gcc/nios2-elf/4.1.2/../../../../nios2-elf/lib/mhw-mulx\libc.a(lib_a-impure.o)
 .text          0x410262c0       0xc4 c:/altera/13.0sp1/nios2eds/bin/gnu/h-i686-mingw32/bin/../lib/gcc/nios2-elf/4.1.2/../../../../nios2-elf/lib/mhw-mulx\libc.a(lib_a-locale.o)
                0x410262c0                __locale_charset
                0x410262c8                _localeconv_r
                0x410262d4                localeconv
                0x410262e4                _setlocale_r
                0x41026368                setlocale
 .text          0x41026384      0x194 c:/altera/13.0sp1/nios2eds/bin/gnu/h-i686-mingw32/bin/../lib/gcc/nios2-elf/4.1.2/../../../../nios2-elf/lib/mhw-mulx\libc.a(lib_a-makebuf.o)
                0x41026384                __smakebuf_r
 .text          0x41026518      0x740 c:/altera/13.0sp1/nios2eds/bin/gnu/h-i686-mingw32/bin/../lib/gcc/nios2-elf/4.1.2/../../../../nios2-elf/lib/mhw-mulx\libc.a(lib_a-mallocr.o)
                0x41026518                _malloc_r
 .text          0x41026c58       0xe4 c:/altera/13.0sp1/nios2eds/bin/gnu/h-i686-mingw32/bin/../lib/gcc/nios2-elf/4.1.2/../../../../nios2-elf/lib/mhw-mulx\libc.a(lib_a-memchr.o)
                0x41026c58                memchr
 .text          0x41026d3c       0xe0 c:/altera/13.0sp1/nios2eds/bin/gnu/h-i686-mingw32/bin/../lib/gcc/nios2-elf/4.1.2/../../../../nios2-elf/lib/mhw-mulx\libc.a(lib_a-memmove.o)
                0x41026d3c                memmove
 .text          0x41026e1c       0x98 c:/altera/13.0sp1/nios2eds/bin/gnu/h-i686-mingw32/bin/../lib/gcc/nios2-elf/4.1.2/../../../../nios2-elf/lib/mhw-mulx\libc.a(lib_a-memset.o)
                0x41026e1c                memset
 .text          0x41026eb4      0xff4 c:/altera/13.0sp1/nios2eds/bin/gnu/h-i686-mingw32/bin/../lib/gcc/nios2-elf/4.1.2/../../../../nios2-elf/lib/mhw-mulx\libc.a(lib_a-mprec.o)
                0x41026eb4                _Bfree
                0x41026edc                __hi0bits
                0x41026f4c                __lo0bits
                0x41027010                __mcmp
                0x41027070                __ulp
                0x410270f0                __b2d
                0x41027210                __ratio
                0x410272c0                _mprec_log10
                0x41027354                __copybits
                0x410273ac                __any_on
                0x41027434                _Balloc
                0x410274f0                __d2b
                0x4102766c                __mdiff
                0x410277f8                __lshift
                0x41027944                __multiply
                0x41027b2c                __i2b
                0x41027b68                __multadd
                0x41027c68                __pow5mult
                0x41027d88                __s2b
 .text          0x41027ea8      0x1ec c:/altera/13.0sp1/nios2eds/bin/gnu/h-i686-mingw32/bin/../lib/gcc/nios2-elf/4.1.2/../../../../nios2-elf/lib/mhw-mulx\libc.a(lib_a-putc.o)
                0x41027ea8                putc
                0x41027fac                _putc_r
 .text          0x41028094      0x5f4 c:/altera/13.0sp1/nios2eds/bin/gnu/h-i686-mingw32/bin/../lib/gcc/nios2-elf/4.1.2/../../../../nios2-elf/lib/mhw-mulx\libc.a(lib_a-reallocr.o)
                0x41028094                _realloc_r
 .text          0x41028688       0x40 c:/altera/13.0sp1/nios2eds/bin/gnu/h-i686-mingw32/bin/../lib/gcc/nios2-elf/4.1.2/../../../../nios2-elf/lib/mhw-mulx\libc.a(lib_a-s_isinfd.o)
                0x41028688                __isinfd
 .text          0x410286c8       0x30 c:/altera/13.0sp1/nios2eds/bin/gnu/h-i686-mingw32/bin/../lib/gcc/nios2-elf/4.1.2/../../../../nios2-elf/lib/mhw-mulx\libc.a(lib_a-s_isnand.o)
                0x410286c8                __isnand
 .text          0x410286f8       0x70 c:/altera/13.0sp1/nios2eds/bin/gnu/h-i686-mingw32/bin/../lib/gcc/nios2-elf/4.1.2/../../../../nios2-elf/lib/mhw-mulx\libc.a(lib_a-sbrkr.o)
                0x410286f8                _sbrk_r
 .text          0x41028768      0x14c c:/altera/13.0sp1/nios2eds/bin/gnu/h-i686-mingw32/bin/../lib/gcc/nios2-elf/4.1.2/../../../../nios2-elf/lib/mhw-mulx\libc.a(lib_a-stdio.o)
                0x41028768                __sclose
                0x41028770                __sseek
                0x410287d8                __swrite
                0x41028854                __sread
 .text          0x410288b4       0xbc c:/altera/13.0sp1/nios2eds/bin/gnu/h-i686-mingw32/bin/../lib/gcc/nios2-elf/4.1.2/../../../../nios2-elf/lib/mhw-mulx\libc.a(lib_a-strcmp.o)
                0x410288b4                strcmp
 .text          0x41028970      0x14c c:/altera/13.0sp1/nios2eds/bin/gnu/h-i686-mingw32/bin/../lib/gcc/nios2-elf/4.1.2/../../../../nios2-elf/lib/mhw-mulx\libc.a(lib_a-wbuf.o)
                0x41028970                __swbuf_r
                0x41028aa0                __swbuf
 .text          0x41028abc       0x78 c:/altera/13.0sp1/nios2eds/bin/gnu/h-i686-mingw32/bin/../lib/gcc/nios2-elf/4.1.2/../../../../nios2-elf/lib/mhw-mulx\libc.a(lib_a-writer.o)
                0x41028abc                _write_r
 .text          0x41028b34       0xb4 c:/altera/13.0sp1/nios2eds/bin/gnu/h-i686-mingw32/bin/../lib/gcc/nios2-elf/4.1.2/../../../../nios2-elf/lib/mhw-mulx\libc.a(lib_a-callocr.o)
                0x41028b34                _calloc_r
 .text          0x41028be8       0x70 c:/altera/13.0sp1/nios2eds/bin/gnu/h-i686-mingw32/bin/../lib/gcc/nios2-elf/4.1.2/../../../../nios2-elf/lib/mhw-mulx\libc.a(lib_a-closer.o)
                0x41028be8                _close_r
 .text          0x41028c58      0x124 c:/altera/13.0sp1/nios2eds/bin/gnu/h-i686-mingw32/bin/../lib/gcc/nios2-elf/4.1.2/../../../../nios2-elf/lib/mhw-mulx\libc.a(lib_a-fclose.o)
                0x41028c58                _fclose_r
                0x41028d68                fclose
 .text          0x41028d7c       0x74 c:/altera/13.0sp1/nios2eds/bin/gnu/h-i686-mingw32/bin/../lib/gcc/nios2-elf/4.1.2/../../../../nios2-elf/lib/mhw-mulx\libc.a(lib_a-fstatr.o)
                0x41028d7c                _fstat_r
 .text          0x41028df0        0x0 c:/altera/13.0sp1/nios2eds/bin/gnu/h-i686-mingw32/bin/../lib/gcc/nios2-elf/4.1.2/../../../../nios2-elf/lib/mhw-mulx\libc.a(lib_a-int_errno.o)
 .text          0x41028df0       0x70 c:/altera/13.0sp1/nios2eds/bin/gnu/h-i686-mingw32/bin/../lib/gcc/nios2-elf/4.1.2/../../../../nios2-elf/lib/mhw-mulx\libc.a(lib_a-isattyr.o)
                0x41028df0                _isatty_r
 .text          0x41028e60       0x78 c:/altera/13.0sp1/nios2eds/bin/gnu/h-i686-mingw32/bin/../lib/gcc/nios2-elf/4.1.2/../../../../nios2-elf/lib/mhw-mulx\libc.a(lib_a-lseekr.o)
                0x41028e60                _lseek_r
 .text          0x41028ed8       0x78 c:/altera/13.0sp1/nios2eds/bin/gnu/h-i686-mingw32/bin/../lib/gcc/nios2-elf/4.1.2/../../../../nios2-elf/lib/mhw-mulx\libc.a(lib_a-readr.o)
                0x41028ed8                _read_r
 .text          0x41028f50      0x5dc c:/altera/13.0sp1/nios2eds/bin/gnu/h-i686-mingw32/bin/../lib/gcc/nios2-elf/4.1.2/mhw-mulx\libgcc.a(_udivdi3.o)
                0x41028f50                __udivdi3
 .text          0x4102952c      0x5b0 c:/altera/13.0sp1/nios2eds/bin/gnu/h-i686-mingw32/bin/../lib/gcc/nios2-elf/4.1.2/mhw-mulx\libgcc.a(_umoddi3.o)
                0x4102952c                __umoddi3
 .text          0x41029adc      0x504 c:/altera/13.0sp1/nios2eds/bin/gnu/h-i686-mingw32/bin/../lib/gcc/nios2-elf/4.1.2/mhw-mulx\libgcc.a(_addsub_df.o)
                0x41029eec                __subdf3
                0x41029f6c                __adddf3
 .text          0x41029fe0      0x3b4 c:/altera/13.0sp1/nios2eds/bin/gnu/h-i686-mingw32/bin/../lib/gcc/nios2-elf/4.1.2/mhw-mulx\libgcc.a(_mul_df.o)
                0x41029fe0                __muldf3
 .text          0x4102a394      0x258 c:/altera/13.0sp1/nios2eds/bin/gnu/h-i686-mingw32/bin/../lib/gcc/nios2-elf/4.1.2/mhw-mulx\libgcc.a(_div_df.o)
                0x4102a394                __divdf3
 .text          0x4102a5ec       0x88 c:/altera/13.0sp1/nios2eds/bin/gnu/h-i686-mingw32/bin/../lib/gcc/nios2-elf/4.1.2/mhw-mulx\libgcc.a(_eq_df.o)
                0x4102a5ec                __eqdf2
 .text          0x4102a674       0x88 c:/altera/13.0sp1/nios2eds/bin/gnu/h-i686-mingw32/bin/../lib/gcc/nios2-elf/4.1.2/mhw-mulx\libgcc.a(_ne_df.o)
                0x4102a674                __nedf2
 .text          0x4102a6fc       0x88 c:/altera/13.0sp1/nios2eds/bin/gnu/h-i686-mingw32/bin/../lib/gcc/nios2-elf/4.1.2/mhw-mulx\libgcc.a(_gt_df.o)
                0x4102a6fc                __gtdf2
 .text          0x4102a784       0x88 c:/altera/13.0sp1/nios2eds/bin/gnu/h-i686-mingw32/bin/../lib/gcc/nios2-elf/4.1.2/mhw-mulx\libgcc.a(_ge_df.o)
                0x4102a784                __gedf2
 .text          0x4102a80c       0x88 c:/altera/13.0sp1/nios2eds/bin/gnu/h-i686-mingw32/bin/../lib/gcc/nios2-elf/4.1.2/mhw-mulx\libgcc.a(_lt_df.o)
                0x4102a80c                __ltdf2
 .text          0x4102a894       0xf8 c:/altera/13.0sp1/nios2eds/bin/gnu/h-i686-mingw32/bin/../lib/gcc/nios2-elf/4.1.2/mhw-mulx\libgcc.a(_si_to_df.o)
                0x4102a894                __floatsidf
 .text          0x4102a98c       0xd8 c:/altera/13.0sp1/nios2eds/bin/gnu/h-i686-mingw32/bin/../lib/gcc/nios2-elf/4.1.2/mhw-mulx\libgcc.a(_df_to_si.o)
                0x4102a98c                __fixdfsi
 .text          0x4102aa64        0x0 c:/altera/13.0sp1/nios2eds/bin/gnu/h-i686-mingw32/bin/../lib/gcc/nios2-elf/4.1.2/mhw-mulx\libgcc.a(_thenan_df.o)
 .text          0x4102aa64      0x194 c:/altera/13.0sp1/nios2eds/bin/gnu/h-i686-mingw32/bin/../lib/gcc/nios2-elf/4.1.2/mhw-mulx\libgcc.a(_usi_to_df.o)
                0x4102aa64                __floatunsidf
 .text          0x4102abf8      0x138 c:/altera/13.0sp1/nios2eds/bin/gnu/h-i686-mingw32/bin/../lib/gcc/nios2-elf/4.1.2/mhw-mulx\libgcc.a(_unpack_df.o)
                0x4102abf8                __unpack_d
 .text          0x4102ad30       0xc8 c:/altera/13.0sp1/nios2eds/bin/gnu/h-i686-mingw32/bin/../lib/gcc/nios2-elf/4.1.2/mhw-mulx\libgcc.a(_fpcmp_parts_df.o)
                0x4102ad30                __fpcmp_parts_d
 .text          0x4102adf8      0x15c ../DE4_DDR2_test_bsp/\libhal_bsp.a(alt_close.o)
                0x4102adf8                close
 .text          0x4102af54       0x44 ../DE4_DDR2_test_bsp/\libhal_bsp.a(alt_dcache_flush_all.o)
                0x4102af54                alt_dcache_flush_all
 .text          0x4102af98       0x2c ../DE4_DDR2_test_bsp/\libhal_bsp.a(alt_dev.o)
 .text          0x4102afc4        0x0 ../DE4_DDR2_test_bsp/\libhal_bsp.a(alt_errno.o)
 .text          0x4102afc4      0x134 ../DE4_DDR2_test_bsp/\libhal_bsp.a(alt_fstat.o)
                0x4102afc4                fstat
 .text          0x4102b0f8      0x120 ../DE4_DDR2_test_bsp/\libhal_bsp.a(alt_isatty.o)
                0x4102b0f8                isatty
 .text          0x4102b218       0xec ../DE4_DDR2_test_bsp/\libhal_bsp.a(alt_load.o)
                0x4102b218                alt_load
 .text          0x4102b304      0x150 ../DE4_DDR2_test_bsp/\libhal_bsp.a(alt_lseek.o)
                0x4102b304                lseek
 .text          0x4102b454       0x6c ../DE4_DDR2_test_bsp/\libhal_bsp.a(alt_main.o)
                0x4102b454                alt_main
 .text          0x4102b4c0       0x40 ../DE4_DDR2_test_bsp/\libhal_bsp.a(alt_malloc_lock.o)
                0x4102b4c0                __malloc_lock
                0x4102b4e0                __malloc_unlock
 .text          0x4102b500      0x180 ../DE4_DDR2_test_bsp/\libhal_bsp.a(alt_read.o)
                0x4102b500                read
 .text          0x4102b680       0x60 ../DE4_DDR2_test_bsp/\libhal_bsp.a(alt_release_fd.o)
                0x4102b680                alt_release_fd
 .text          0x4102b6e0       0xbc ../DE4_DDR2_test_bsp/\libhal_bsp.a(alt_sbrk.o)
                0x4102b6e0                sbrk
 .text          0x4102b79c      0x1a4 ../DE4_DDR2_test_bsp/\libhal_bsp.a(alt_tick.o)
                0x4102b79c                alt_alarm_stop
                0x4102b834                alt_tick
 .text          0x4102b940       0x30 ../DE4_DDR2_test_bsp/\libhal_bsp.a(alt_usleep.o)
                0x4102b940                usleep
 .text          0x4102b970      0x180 ../DE4_DDR2_test_bsp/\libhal_bsp.a(alt_write.o)
                0x4102b970                write
 .text          0x4102baf0       0xec ../DE4_DDR2_test_bsp/\libhal_bsp.a(alt_sys_init.o)
                0x4102baf0                alt_irq_init
                0x4102bb24                alt_sys_init
 .text          0x4102bbdc      0xcac ../DE4_DDR2_test_bsp/\libhal_bsp.a(altera_avalon_dma.o)
                0x4102bbdc                alt_avalon_dma_launch_bidir
                0x4102c1f0                alt_avalon_dma_tx_ioctl
                0x4102c234                alt_avalon_dma_rx_ioctl
                0x4102c278                alt_avalon_dma_prepare
                0x4102c3cc                alt_avalon_dma_space
                0x4102c44c                alt_avalon_dma_send
                0x4102c768                alt_avalon_dma_init
 .text          0x4102c888      0x148 ../DE4_DDR2_test_bsp/\libhal_bsp.a(altera_avalon_jtag_uart_fd.o)
                0x4102c888                altera_avalon_jtag_uart_read_fd
                0x4102c8e0                altera_avalon_jtag_uart_write_fd
                0x4102c938                altera_avalon_jtag_uart_close_fd
                0x4102c980                altera_avalon_jtag_uart_ioctl_fd
 .text          0x4102c9d0      0x40c ../DE4_DDR2_test_bsp/\libhal_bsp.a(altera_avalon_jtag_uart_init.o)
                0x4102c9d0                altera_avalon_jtag_uart_init
                0x4102cd68                altera_avalon_jtag_uart_close
 .text          0x4102cddc       0xf4 ../DE4_DDR2_test_bsp/\libhal_bsp.a(altera_avalon_jtag_uart_ioctl.o)
                0x4102cddc                altera_avalon_jtag_uart_ioctl
 .text          0x4102ced0      0x224 ../DE4_DDR2_test_bsp/\libhal_bsp.a(altera_avalon_jtag_uart_read.o)
                0x4102ced0                altera_avalon_jtag_uart_read
 .text          0x4102d0f4      0x240 ../DE4_DDR2_test_bsp/\libhal_bsp.a(altera_avalon_jtag_uart_write.o)
                0x4102d0f4                altera_avalon_jtag_uart_write
 .text          0x4102d334      0x100 ../DE4_DDR2_test_bsp/\libhal_bsp.a(altera_avalon_timer_sc.o)
                0x4102d3a4                alt_avalon_timer_sc_init
 .text          0x4102d434      0x154 ../DE4_DDR2_test_bsp/\libhal_bsp.a(alt_alarm_start.o)
                0x4102d434                alt_alarm_start
 .text          0x4102d588      0x14c ../DE4_DDR2_test_bsp/\libhal_bsp.a(alt_busy_sleep.o)
                0x4102d588                alt_busy_sleep
 .text          0x4102d6d4      0x114 ../DE4_DDR2_test_bsp/\libhal_bsp.a(alt_dev_llist_insert.o)
                0x4102d6d4                alt_dev_llist_insert
 .text          0x4102d7e8       0xb8 ../DE4_DDR2_test_bsp/\libhal_bsp.a(alt_dma_rxchan_open.o)
                0x4102d7e8                alt_dma_rxchan_open
 .text          0x4102d8a0       0xb8 ../DE4_DDR2_test_bsp/\libhal_bsp.a(alt_dma_txchan_open.o)
                0x4102d8a0                alt_dma_txchan_open
 .text          0x4102d958       0x64 ../DE4_DDR2_test_bsp/\libhal_bsp.a(alt_do_ctors.o)
                0x4102d958                _do_ctors
 .text          0x4102d9bc       0x64 ../DE4_DDR2_test_bsp/\libhal_bsp.a(alt_do_dtors.o)
                0x4102d9bc                _do_dtors
 .text          0x4102da20       0x94 ../DE4_DDR2_test_bsp/\libhal_bsp.a(alt_find_dev.o)
                0x4102da20                alt_find_dev
 .text          0x4102dab4       0x30 ../DE4_DDR2_test_bsp/\libhal_bsp.a(alt_icache_flush_all.o)
                0x4102dab4                alt_icache_flush_all
 .text          0x4102dae4      0x1d4 ../DE4_DDR2_test_bsp/\libhal_bsp.a(alt_iic.o)
                0x4102dae4                alt_ic_isr_register
                0x4102db34                alt_ic_irq_enable
                0x4102dbd0                alt_ic_irq_disable
                0x4102dc70                alt_ic_irq_enabled
 .text          0x4102dcb8       0xf8 ../DE4_DDR2_test_bsp/\libhal_bsp.a(alt_iic_isr_register.o)
                0x4102dcb8                alt_iic_isr_register
 .text          0x4102ddb0      0x13c ../DE4_DDR2_test_bsp/\libhal_bsp.a(alt_io_redirect.o)
                0x4102de74                alt_io_redirect
 .text          0x4102deec        0x0 ../DE4_DDR2_test_bsp/\libhal_bsp.a(alt_irq_entry.o)
 .text          0x4102deec        0x0 ../DE4_DDR2_test_bsp/\libhal_bsp.a(alt_irq_handler.o)
 .text          0x4102deec        0x0 ../DE4_DDR2_test_bsp/\libhal_bsp.a(alt_irq_vars.o)
 .text          0x4102deec      0x2c4 ../DE4_DDR2_test_bsp/\libhal_bsp.a(alt_open.o)
                0x4102dfc8                open
 .text          0x4102e1b0       0x20 ../DE4_DDR2_test_bsp/\libhal_bsp.a(altera_nios2_qsys_irq.o)
                0x4102e1b0                altera_nios2_qsys_irq_init
 .text          0x4102e1d0        0x0 ../DE4_DDR2_test_bsp/\libhal_bsp.a(alt_exception_entry.o)
 .text          0x4102e1d0      0x120 ../DE4_DDR2_test_bsp/\libhal_bsp.a(alt_find_file.o)
                0x4102e1d0                alt_find_file
 .text          0x4102e2f0       0xb8 ../DE4_DDR2_test_bsp/\libhal_bsp.a(alt_get_fd.o)
                0x4102e2f0                alt_get_fd
 .text          0x4102e3a8       0x90 ../DE4_DDR2_test_bsp/\libhal_bsp.a(alt_icache_flush.o)
                0x4102e3a8                alt_icache_flush
 .text          0x4102e438       0x14 c:/altera/13.0sp1/nios2eds/bin/gnu/h-i686-mingw32/bin/../lib/gcc/nios2-elf/4.1.2/../../../../nios2-elf/lib/mhw-mulx\libc.a(lib_a-atexit.o)
                0x4102e438                atexit
 .text          0x4102e44c       0x38 c:/altera/13.0sp1/nios2eds/bin/gnu/h-i686-mingw32/bin/../lib/gcc/nios2-elf/4.1.2/../../../../nios2-elf/lib/mhw-mulx\libc.a(lib_a-exit.o)
                0x4102e44c                exit
 .text          0x4102e484       0x74 c:/altera/13.0sp1/nios2eds/bin/gnu/h-i686-mingw32/bin/../lib/gcc/nios2-elf/4.1.2/../../../../nios2-elf/lib/mhw-mulx\libc.a(lib_a-memcmp.o)
                0x4102e484                memcmp
 .text          0x4102e4f8      0x134 c:/altera/13.0sp1/nios2eds/bin/gnu/h-i686-mingw32/bin/../lib/gcc/nios2-elf/4.1.2/../../../../nios2-elf/lib/mhw-mulx\libc.a(lib_a-__atexit.o)
                0x4102e4f8                __register_exitproc
 .text          0x4102e62c      0x1b4 c:/altera/13.0sp1/nios2eds/bin/gnu/h-i686-mingw32/bin/../lib/gcc/nios2-elf/4.1.2/../../../../nios2-elf/lib/mhw-mulx\libc.a(lib_a-__call_atexit.o)
                0x4102e630                __call_exitprocs
 .text          0x4102e7e0       0x60 ../DE4_DDR2_test_bsp/\libhal_bsp.a(alt_exit.o)
                0x4102e820                _exit
 *(.gnu.warning.*)
 *(.fini)
                0x4102e840                PROVIDE (__etext, ABSOLUTE (.))
                0x4102e840                PROVIDE (_etext, ABSOLUTE (.))
                0x4102e840                PROVIDE (etext, ABSOLUTE (.))
 *(.eh_frame_hdr)
                0x4102e840                . = ALIGN (0x4)
                0x4102e840                PROVIDE (__preinit_array_start, ABSOLUTE (.))
 *(.preinit_array)
                0x4102e840                PROVIDE (__preinit_array_end, ABSOLUTE (.))
                0x4102e840                PROVIDE (__init_array_start, ABSOLUTE (.))
 *(.init_array)
                0x4102e840                PROVIDE (__init_array_end, ABSOLUTE (.))
                0x4102e840                PROVIDE (__fini_array_start, ABSOLUTE (.))
 *(.fini_array)
                0x4102e840                PROVIDE (__fini_array_end, ABSOLUTE (.))
 *(.eh_frame)
 *(.gcc_except_table)
 *(.dynamic)
                0x4102e840                PROVIDE (__CTOR_LIST__, ABSOLUTE (.))
 *(.ctors)
 *(SORT(.ctors.*))
 .ctors.65535   0x4102e840        0x4 c:/altera/13.0sp1/nios2eds/bin/gnu/h-i686-mingw32/bin/../lib/gcc/nios2-elf/4.1.2/../../../../nios2-elf/lib/mhw-mulx\libc.a(lib_a-__call_atexit.o)
                0x4102e844                PROVIDE (__CTOR_END__, ABSOLUTE (.))
                0x4102e844                PROVIDE (__DTOR_LIST__, ABSOLUTE (.))
 *(.dtors)
 *(SORT(.dtors.*))
                0x4102e844                PROVIDE (__DTOR_END__, ABSOLUTE (.))
 *(.jcr)
                0x4102e844                . = ALIGN (0x4)

.rodata         0x4102e844      0x588
                0x4102e844                PROVIDE (__ram_rodata_start, ABSOLUTE (.))
                0x4102e844                . = ALIGN (0x4)
 *(.rodata .rodata.* .gnu.linkonce.r.*)
 .rodata        0x4102e844      0x1a4 obj/default/main.o
 .rodata        0x4102e9e8       0x8c obj/default/mem_test.o
 .rodata        0x4102ea74       0x10 c:/altera/13.0sp1/nios2eds/bin/gnu/h-i686-mingw32/bin/../lib/gcc/nios2-elf/4.1.2/mhw-mulx\libgcc.a(_thenan_sf.o)
                0x4102ea74                __thenan_sf
 .rodata        0x4102ea84      0x100 c:/altera/13.0sp1/nios2eds/bin/gnu/h-i686-mingw32/bin/../lib/gcc/nios2-elf/4.1.2/mhw-mulx\libgcc.a(_clz.o)
                0x4102ea84                __clz_tab
 .rodata.str1.4
                0x4102eb84        0x2 c:/altera/13.0sp1/nios2eds/bin/gnu/h-i686-mingw32/bin/../lib/gcc/nios2-elf/4.1.2/../../../../nios2-elf/lib/mhw-mulx\libc.a(lib_a-puts.o)
                                  0x4 (size before relaxing)
 *fill*         0x4102eb86        0x2 00
 .rodata.str1.4
                0x4102eb88       0x5e c:/altera/13.0sp1/nios2eds/bin/gnu/h-i686-mingw32/bin/../lib/gcc/nios2-elf/4.1.2/../../../../nios2-elf/lib/mhw-mulx\libc.a(lib_a-vfprintf.o)
                                 0x60 (size before relaxing)
 .rodata        0x4102ebe6       0x20 c:/altera/13.0sp1/nios2eds/bin/gnu/h-i686-mingw32/bin/../lib/gcc/nios2-elf/4.1.2/../../../../nios2-elf/lib/mhw-mulx\libc.a(lib_a-vfprintf.o)
 *fill*         0x4102ec06        0x2 00
 .rodata.str1.4
                0x4102ec08       0x10 c:/altera/13.0sp1/nios2eds/bin/gnu/h-i686-mingw32/bin/../lib/gcc/nios2-elf/4.1.2/../../../../nios2-elf/lib/mhw-mulx\libc.a(lib_a-dtoa.o)
                                 0x14 (size before relaxing)
 .rodata.str1.4
                0x4102ec18        0x2 c:/altera/13.0sp1/nios2eds/bin/gnu/h-i686-mingw32/bin/../lib/gcc/nios2-elf/4.1.2/../../../../nios2-elf/lib/mhw-mulx\libc.a(lib_a-impure.o)
                                  0x4 (size before relaxing)
 *fill*         0x4102ec1a        0x2 00
 .rodata.str1.4
                0x4102ec1c       0x10 c:/altera/13.0sp1/nios2eds/bin/gnu/h-i686-mingw32/bin/../lib/gcc/nios2-elf/4.1.2/../../../../nios2-elf/lib/mhw-mulx\libc.a(lib_a-locale.o)
                                 0x18 (size before relaxing)
 .rodata        0x4102ec2c       0x30 c:/altera/13.0sp1/nios2eds/bin/gnu/h-i686-mingw32/bin/../lib/gcc/nios2-elf/4.1.2/../../../../nios2-elf/lib/mhw-mulx\libc.a(lib_a-locale.o)
 .rodata        0x4102ec5c      0x124 c:/altera/13.0sp1/nios2eds/bin/gnu/h-i686-mingw32/bin/../lib/gcc/nios2-elf/4.1.2/../../../../nios2-elf/lib/mhw-mulx\libc.a(lib_a-mprec.o)
                0x4102ec5c                __mprec_tens
                0x4102ed24                __mprec_bigtens
                0x4102ed4c                __mprec_tinytens
 .rodata        0x4102ed80       0x14 c:/altera/13.0sp1/nios2eds/bin/gnu/h-i686-mingw32/bin/../lib/gcc/nios2-elf/4.1.2/mhw-mulx\libgcc.a(_thenan_df.o)
                0x4102ed80                __thenan_df
 .rodata        0x4102ed94        0xc ../DE4_DDR2_test_bsp/\libhal_bsp.a(alt_dev.o)
 .rodata        0x4102eda0       0x10 ../DE4_DDR2_test_bsp/\libhal_bsp.a(alt_main.o)
 .rodata        0x4102edb0       0x1c ../DE4_DDR2_test_bsp/\libhal_bsp.a(alt_sys_init.o)
 *(.rodata1)
                0x4102edcc                . = ALIGN (0x4)
                0x4102edcc                PROVIDE (__ram_rodata_end, ABSOLUTE (.))
                0x4102e844                PROVIDE (__flash_rodata_start, LOADADDR (.rodata))

.rwdata         0x4102edcc     0x1b48 load address 0x41030914
                0x4102edcc                PROVIDE (__ram_rwdata_start, ABSOLUTE (.))
                0x4102edcc                . = ALIGN (0x4)
 *(.got.plt)
 *(.got)
 *(.data1)
 *(.data .data.* .gnu.linkonce.d.*)
 .data          0x4102edcc        0x0 ../DE4_DDR2_test_bsp//obj/HAL/src/crt0.o
 .data          0x4102edcc        0x0 obj/default/I2C.o
 .data          0x4102edcc        0x0 obj/default/cirbm_main.o
 .data          0x4102edcc        0x0 obj/default/main.o
 .data          0x4102edcc        0x0 obj/default/mem_test.o
 .data          0x4102edcc        0x0 c:/altera/13.0sp1/nios2eds/bin/gnu/h-i686-mingw32/bin/../lib/gcc/nios2-elf/4.1.2/mhw-mulx\libgcc.a(_div_sf.o)
 .data          0x4102edcc        0x0 c:/altera/13.0sp1/nios2eds/bin/gnu/h-i686-mingw32/bin/../lib/gcc/nios2-elf/4.1.2/mhw-mulx\libgcc.a(_si_to_sf.o)
 .data          0x4102edcc        0x0 c:/altera/13.0sp1/nios2eds/bin/gnu/h-i686-mingw32/bin/../lib/gcc/nios2-elf/4.1.2/mhw-mulx\libgcc.a(_sf_to_df.o)
 .data          0x4102edcc        0x0 c:/altera/13.0sp1/nios2eds/bin/gnu/h-i686-mingw32/bin/../lib/gcc/nios2-elf/4.1.2/mhw-mulx\libgcc.a(_thenan_sf.o)
 .data          0x4102edcc        0x0 c:/altera/13.0sp1/nios2eds/bin/gnu/h-i686-mingw32/bin/../lib/gcc/nios2-elf/4.1.2/mhw-mulx\libgcc.a(_usi_to_sf.o)
 .data          0x4102edcc        0x0 c:/altera/13.0sp1/nios2eds/bin/gnu/h-i686-mingw32/bin/../lib/gcc/nios2-elf/4.1.2/mhw-mulx\libgcc.a(_make_df.o)
 .data          0x4102edcc        0x0 c:/altera/13.0sp1/nios2eds/bin/gnu/h-i686-mingw32/bin/../lib/gcc/nios2-elf/4.1.2/mhw-mulx\libgcc.a(lib2-divmod.o)
 .data          0x4102edcc        0x0 c:/altera/13.0sp1/nios2eds/bin/gnu/h-i686-mingw32/bin/../lib/gcc/nios2-elf/4.1.2/mhw-mulx\libgcc.a(_clzsi2.o)
 .data          0x4102edcc        0x0 c:/altera/13.0sp1/nios2eds/bin/gnu/h-i686-mingw32/bin/../lib/gcc/nios2-elf/4.1.2/mhw-mulx\libgcc.a(_pack_sf.o)
 .data          0x4102edcc        0x0 c:/altera/13.0sp1/nios2eds/bin/gnu/h-i686-mingw32/bin/../lib/gcc/nios2-elf/4.1.2/mhw-mulx\libgcc.a(_unpack_sf.o)
 .data          0x4102edcc        0x0 c:/altera/13.0sp1/nios2eds/bin/gnu/h-i686-mingw32/bin/../lib/gcc/nios2-elf/4.1.2/mhw-mulx\libgcc.a(_pack_df.o)
 .data          0x4102edcc        0x0 c:/altera/13.0sp1/nios2eds/bin/gnu/h-i686-mingw32/bin/../lib/gcc/nios2-elf/4.1.2/mhw-mulx\libgcc.a(_clz.o)
 .data          0x4102edcc        0x0 c:/altera/13.0sp1/nios2eds/bin/gnu/h-i686-mingw32/bin/../lib/gcc/nios2-elf/4.1.2/../../../../nios2-elf/lib/mhw-mulx\libc.a(lib_a-memcpy.o)
 .data          0x4102edcc        0x0 c:/altera/13.0sp1/nios2eds/bin/gnu/h-i686-mingw32/bin/../lib/gcc/nios2-elf/4.1.2/../../../../nios2-elf/lib/mhw-mulx\libc.a(lib_a-printf.o)
 .data          0x4102edcc        0x0 c:/altera/13.0sp1/nios2eds/bin/gnu/h-i686-mingw32/bin/../lib/gcc/nios2-elf/4.1.2/../../../../nios2-elf/lib/mhw-mulx\libc.a(lib_a-putchar.o)
 .data          0x4102edcc        0x0 c:/altera/13.0sp1/nios2eds/bin/gnu/h-i686-mingw32/bin/../lib/gcc/nios2-elf/4.1.2/../../../../nios2-elf/lib/mhw-mulx\libc.a(lib_a-puts.o)
 .data          0x4102edcc        0x0 c:/altera/13.0sp1/nios2eds/bin/gnu/h-i686-mingw32/bin/../lib/gcc/nios2-elf/4.1.2/../../../../nios2-elf/lib/mhw-mulx\libc.a(lib_a-strlen.o)
 .data          0x4102edcc        0x0 c:/altera/13.0sp1/nios2eds/bin/gnu/h-i686-mingw32/bin/../lib/gcc/nios2-elf/4.1.2/../../../../nios2-elf/lib/mhw-mulx\libc.a(lib_a-vfprintf.o)
 .data          0x4102edcc        0x0 c:/altera/13.0sp1/nios2eds/bin/gnu/h-i686-mingw32/bin/../lib/gcc/nios2-elf/4.1.2/../../../../nios2-elf/lib/mhw-mulx\libc.a(lib_a-wsetup.o)
 .data          0x4102edcc        0x0 c:/altera/13.0sp1/nios2eds/bin/gnu/h-i686-mingw32/bin/../lib/gcc/nios2-elf/4.1.2/../../../../nios2-elf/lib/mhw-mulx\libc.a(lib_a-dtoa.o)
 .data          0x4102edcc        0x0 c:/altera/13.0sp1/nios2eds/bin/gnu/h-i686-mingw32/bin/../lib/gcc/nios2-elf/4.1.2/../../../../nios2-elf/lib/mhw-mulx\libc.a(lib_a-fflush.o)
 .data          0x4102edcc        0x0 c:/altera/13.0sp1/nios2eds/bin/gnu/h-i686-mingw32/bin/../lib/gcc/nios2-elf/4.1.2/../../../../nios2-elf/lib/mhw-mulx\libc.a(lib_a-findfp.o)
 .data          0x4102edcc        0x0 c:/altera/13.0sp1/nios2eds/bin/gnu/h-i686-mingw32/bin/../lib/gcc/nios2-elf/4.1.2/../../../../nios2-elf/lib/mhw-mulx\libc.a(lib_a-freer.o)
 .data          0x4102edcc        0x0 c:/altera/13.0sp1/nios2eds/bin/gnu/h-i686-mingw32/bin/../lib/gcc/nios2-elf/4.1.2/../../../../nios2-elf/lib/mhw-mulx\libc.a(lib_a-fvwrite.o)
 .data          0x4102edcc        0x0 c:/altera/13.0sp1/nios2eds/bin/gnu/h-i686-mingw32/bin/../lib/gcc/nios2-elf/4.1.2/../../../../nios2-elf/lib/mhw-mulx\libc.a(lib_a-fwalk.o)
 .data          0x4102edcc      0x400 c:/altera/13.0sp1/nios2eds/bin/gnu/h-i686-mingw32/bin/../lib/gcc/nios2-elf/4.1.2/../../../../nios2-elf/lib/mhw-mulx\libc.a(lib_a-impure.o)
 .data          0x4102f1cc        0xc c:/altera/13.0sp1/nios2eds/bin/gnu/h-i686-mingw32/bin/../lib/gcc/nios2-elf/4.1.2/../../../../nios2-elf/lib/mhw-mulx\libc.a(lib_a-locale.o)
                0x4102f1cc                __lc_ctype
 .data          0x4102f1d8        0x0 c:/altera/13.0sp1/nios2eds/bin/gnu/h-i686-mingw32/bin/../lib/gcc/nios2-elf/4.1.2/../../../../nios2-elf/lib/mhw-mulx\libc.a(lib_a-makebuf.o)
 .data          0x4102f1d8      0x408 c:/altera/13.0sp1/nios2eds/bin/gnu/h-i686-mingw32/bin/../lib/gcc/nios2-elf/4.1.2/../../../../nios2-elf/lib/mhw-mulx\libc.a(lib_a-mallocr.o)
                0x4102f1d8                __malloc_av_
 .data          0x4102f5e0        0x0 c:/altera/13.0sp1/nios2eds/bin/gnu/h-i686-mingw32/bin/../lib/gcc/nios2-elf/4.1.2/../../../../nios2-elf/lib/mhw-mulx\libc.a(lib_a-memchr.o)
 .data          0x4102f5e0        0x0 c:/altera/13.0sp1/nios2eds/bin/gnu/h-i686-mingw32/bin/../lib/gcc/nios2-elf/4.1.2/../../../../nios2-elf/lib/mhw-mulx\libc.a(lib_a-memmove.o)
 .data          0x4102f5e0        0x0 c:/altera/13.0sp1/nios2eds/bin/gnu/h-i686-mingw32/bin/../lib/gcc/nios2-elf/4.1.2/../../../../nios2-elf/lib/mhw-mulx\libc.a(lib_a-memset.o)
 .data          0x4102f5e0        0x0 c:/altera/13.0sp1/nios2eds/bin/gnu/h-i686-mingw32/bin/../lib/gcc/nios2-elf/4.1.2/../../../../nios2-elf/lib/mhw-mulx\libc.a(lib_a-mprec.o)
 .data          0x4102f5e0        0x0 c:/altera/13.0sp1/nios2eds/bin/gnu/h-i686-mingw32/bin/../lib/gcc/nios2-elf/4.1.2/../../../../nios2-elf/lib/mhw-mulx\libc.a(lib_a-putc.o)
 .data          0x4102f5e0        0x0 c:/altera/13.0sp1/nios2eds/bin/gnu/h-i686-mingw32/bin/../lib/gcc/nios2-elf/4.1.2/../../../../nios2-elf/lib/mhw-mulx\libc.a(lib_a-reallocr.o)
 .data          0x4102f5e0        0x0 c:/altera/13.0sp1/nios2eds/bin/gnu/h-i686-mingw32/bin/../lib/gcc/nios2-elf/4.1.2/../../../../nios2-elf/lib/mhw-mulx\libc.a(lib_a-s_isinfd.o)
 .data          0x4102f5e0        0x0 c:/altera/13.0sp1/nios2eds/bin/gnu/h-i686-mingw32/bin/../lib/gcc/nios2-elf/4.1.2/../../../../nios2-elf/lib/mhw-mulx\libc.a(lib_a-s_isnand.o)
 .data          0x4102f5e0        0x0 c:/altera/13.0sp1/nios2eds/bin/gnu/h-i686-mingw32/bin/../lib/gcc/nios2-elf/4.1.2/../../../../nios2-elf/lib/mhw-mulx\libc.a(lib_a-sbrkr.o)
 .data          0x4102f5e0        0x0 c:/altera/13.0sp1/nios2eds/bin/gnu/h-i686-mingw32/bin/../lib/gcc/nios2-elf/4.1.2/../../../../nios2-elf/lib/mhw-mulx\libc.a(lib_a-stdio.o)
 .data          0x4102f5e0        0x0 c:/altera/13.0sp1/nios2eds/bin/gnu/h-i686-mingw32/bin/../lib/gcc/nios2-elf/4.1.2/../../../../nios2-elf/lib/mhw-mulx\libc.a(lib_a-strcmp.o)
 .data          0x4102f5e0        0x0 c:/altera/13.0sp1/nios2eds/bin/gnu/h-i686-mingw32/bin/../lib/gcc/nios2-elf/4.1.2/../../../../nios2-elf/lib/mhw-mulx\libc.a(lib_a-wbuf.o)
 .data          0x4102f5e0        0x0 c:/altera/13.0sp1/nios2eds/bin/gnu/h-i686-mingw32/bin/../lib/gcc/nios2-elf/4.1.2/../../../../nios2-elf/lib/mhw-mulx\libc.a(lib_a-writer.o)
 .data          0x4102f5e0        0x0 c:/altera/13.0sp1/nios2eds/bin/gnu/h-i686-mingw32/bin/../lib/gcc/nios2-elf/4.1.2/../../../../nios2-elf/lib/mhw-mulx\libc.a(lib_a-callocr.o)
 .data          0x4102f5e0        0x0 c:/altera/13.0sp1/nios2eds/bin/gnu/h-i686-mingw32/bin/../lib/gcc/nios2-elf/4.1.2/../../../../nios2-elf/lib/mhw-mulx\libc.a(lib_a-closer.o)
 .data          0x4102f5e0        0x0 c:/altera/13.0sp1/nios2eds/bin/gnu/h-i686-mingw32/bin/../lib/gcc/nios2-elf/4.1.2/../../../../nios2-elf/lib/mhw-mulx\libc.a(lib_a-fclose.o)
 .data          0x4102f5e0        0x0 c:/altera/13.0sp1/nios2eds/bin/gnu/h-i686-mingw32/bin/../lib/gcc/nios2-elf/4.1.2/../../../../nios2-elf/lib/mhw-mulx\libc.a(lib_a-fstatr.o)
 .data          0x4102f5e0        0x0 c:/altera/13.0sp1/nios2eds/bin/gnu/h-i686-mingw32/bin/../lib/gcc/nios2-elf/4.1.2/../../../../nios2-elf/lib/mhw-mulx\libc.a(lib_a-int_errno.o)
 .data          0x4102f5e0        0x0 c:/altera/13.0sp1/nios2eds/bin/gnu/h-i686-mingw32/bin/../lib/gcc/nios2-elf/4.1.2/../../../../nios2-elf/lib/mhw-mulx\libc.a(lib_a-isattyr.o)
 .data          0x4102f5e0        0x0 c:/altera/13.0sp1/nios2eds/bin/gnu/h-i686-mingw32/bin/../lib/gcc/nios2-elf/4.1.2/../../../../nios2-elf/lib/mhw-mulx\libc.a(lib_a-lseekr.o)
 .data          0x4102f5e0        0x0 c:/altera/13.0sp1/nios2eds/bin/gnu/h-i686-mingw32/bin/../lib/gcc/nios2-elf/4.1.2/../../../../nios2-elf/lib/mhw-mulx\libc.a(lib_a-readr.o)
 .data          0x4102f5e0        0x0 c:/altera/13.0sp1/nios2eds/bin/gnu/h-i686-mingw32/bin/../lib/gcc/nios2-elf/4.1.2/mhw-mulx\libgcc.a(_udivdi3.o)
 .data          0x4102f5e0        0x0 c:/altera/13.0sp1/nios2eds/bin/gnu/h-i686-mingw32/bin/../lib/gcc/nios2-elf/4.1.2/mhw-mulx\libgcc.a(_umoddi3.o)
 .data          0x4102f5e0        0x0 c:/altera/13.0sp1/nios2eds/bin/gnu/h-i686-mingw32/bin/../lib/gcc/nios2-elf/4.1.2/mhw-mulx\libgcc.a(_addsub_df.o)
 .data          0x4102f5e0        0x0 c:/altera/13.0sp1/nios2eds/bin/gnu/h-i686-mingw32/bin/../lib/gcc/nios2-elf/4.1.2/mhw-mulx\libgcc.a(_mul_df.o)
 .data          0x4102f5e0        0x0 c:/altera/13.0sp1/nios2eds/bin/gnu/h-i686-mingw32/bin/../lib/gcc/nios2-elf/4.1.2/mhw-mulx\libgcc.a(_div_df.o)
 .data          0x4102f5e0        0x0 c:/altera/13.0sp1/nios2eds/bin/gnu/h-i686-mingw32/bin/../lib/gcc/nios2-elf/4.1.2/mhw-mulx\libgcc.a(_eq_df.o)
 .data          0x4102f5e0        0x0 c:/altera/13.0sp1/nios2eds/bin/gnu/h-i686-mingw32/bin/../lib/gcc/nios2-elf/4.1.2/mhw-mulx\libgcc.a(_ne_df.o)
 .data          0x4102f5e0        0x0 c:/altera/13.0sp1/nios2eds/bin/gnu/h-i686-mingw32/bin/../lib/gcc/nios2-elf/4.1.2/mhw-mulx\libgcc.a(_gt_df.o)
 .data          0x4102f5e0        0x0 c:/altera/13.0sp1/nios2eds/bin/gnu/h-i686-mingw32/bin/../lib/gcc/nios2-elf/4.1.2/mhw-mulx\libgcc.a(_ge_df.o)
 .data          0x4102f5e0        0x0 c:/altera/13.0sp1/nios2eds/bin/gnu/h-i686-mingw32/bin/../lib/gcc/nios2-elf/4.1.2/mhw-mulx\libgcc.a(_lt_df.o)
 .data          0x4102f5e0        0x0 c:/altera/13.0sp1/nios2eds/bin/gnu/h-i686-mingw32/bin/../lib/gcc/nios2-elf/4.1.2/mhw-mulx\libgcc.a(_si_to_df.o)
 .data          0x4102f5e0        0x0 c:/altera/13.0sp1/nios2eds/bin/gnu/h-i686-mingw32/bin/../lib/gcc/nios2-elf/4.1.2/mhw-mulx\libgcc.a(_df_to_si.o)
 .data          0x4102f5e0        0x0 c:/altera/13.0sp1/nios2eds/bin/gnu/h-i686-mingw32/bin/../lib/gcc/nios2-elf/4.1.2/mhw-mulx\libgcc.a(_thenan_df.o)
 .data          0x4102f5e0        0x0 c:/altera/13.0sp1/nios2eds/bin/gnu/h-i686-mingw32/bin/../lib/gcc/nios2-elf/4.1.2/mhw-mulx\libgcc.a(_usi_to_df.o)
 .data          0x4102f5e0        0x0 c:/altera/13.0sp1/nios2eds/bin/gnu/h-i686-mingw32/bin/../lib/gcc/nios2-elf/4.1.2/mhw-mulx\libgcc.a(_unpack_df.o)
 .data          0x4102f5e0        0x0 c:/altera/13.0sp1/nios2eds/bin/gnu/h-i686-mingw32/bin/../lib/gcc/nios2-elf/4.1.2/mhw-mulx\libgcc.a(_fpcmp_parts_df.o)
 .data          0x4102f5e0        0x0 ../DE4_DDR2_test_bsp/\libhal_bsp.a(alt_close.o)
 .data          0x4102f5e0        0x0 ../DE4_DDR2_test_bsp/\libhal_bsp.a(alt_dcache_flush_all.o)
 .data          0x4102f5e0      0x1a8 ../DE4_DDR2_test_bsp/\libhal_bsp.a(alt_dev.o)
                0x4102f5e0                alt_dev_null
                0x4102f608                alt_fd_list
 .data          0x4102f788        0x0 ../DE4_DDR2_test_bsp/\libhal_bsp.a(alt_errno.o)
 .data          0x4102f788        0x0 ../DE4_DDR2_test_bsp/\libhal_bsp.a(alt_fstat.o)
 .data          0x4102f788        0x0 ../DE4_DDR2_test_bsp/\libhal_bsp.a(alt_isatty.o)
 .data          0x4102f788        0x0 ../DE4_DDR2_test_bsp/\libhal_bsp.a(alt_load.o)
 .data          0x4102f788        0x0 ../DE4_DDR2_test_bsp/\libhal_bsp.a(alt_lseek.o)
 .data          0x4102f788        0x0 ../DE4_DDR2_test_bsp/\libhal_bsp.a(alt_main.o)
 .data          0x4102f788        0x0 ../DE4_DDR2_test_bsp/\libhal_bsp.a(alt_malloc_lock.o)
 .data          0x4102f788        0x0 ../DE4_DDR2_test_bsp/\libhal_bsp.a(alt_read.o)
 .data          0x4102f788        0x0 ../DE4_DDR2_test_bsp/\libhal_bsp.a(alt_release_fd.o)
 .data          0x4102f788        0x0 ../DE4_DDR2_test_bsp/\libhal_bsp.a(alt_sbrk.o)
 .data          0x4102f788        0x0 ../DE4_DDR2_test_bsp/\libhal_bsp.a(alt_tick.o)
 .data          0x4102f788        0x0 ../DE4_DDR2_test_bsp/\libhal_bsp.a(alt_usleep.o)
 .data          0x4102f788        0x0 ../DE4_DDR2_test_bsp/\libhal_bsp.a(alt_write.o)
 .data          0x4102f788     0x113c ../DE4_DDR2_test_bsp/\libhal_bsp.a(alt_sys_init.o)
 .data          0x410308c4        0x0 ../DE4_DDR2_test_bsp/\libhal_bsp.a(altera_avalon_dma.o)
 .data          0x410308c4        0x0 ../DE4_DDR2_test_bsp/\libhal_bsp.a(altera_avalon_jtag_uart_fd.o)
 .data          0x410308c4        0x0 ../DE4_DDR2_test_bsp/\libhal_bsp.a(altera_avalon_jtag_uart_init.o)
 .data          0x410308c4        0x0 ../DE4_DDR2_test_bsp/\libhal_bsp.a(altera_avalon_jtag_uart_ioctl.o)
 .data          0x410308c4        0x0 ../DE4_DDR2_test_bsp/\libhal_bsp.a(altera_avalon_jtag_uart_read.o)
 .data          0x410308c4        0x0 ../DE4_DDR2_test_bsp/\libhal_bsp.a(altera_avalon_jtag_uart_write.o)
 .data          0x410308c4        0x0 ../DE4_DDR2_test_bsp/\libhal_bsp.a(altera_avalon_timer_sc.o)
 .data          0x410308c4        0x0 ../DE4_DDR2_test_bsp/\libhal_bsp.a(alt_alarm_start.o)
 .data          0x410308c4        0x0 ../DE4_DDR2_test_bsp/\libhal_bsp.a(alt_busy_sleep.o)
 .data          0x410308c4        0x0 ../DE4_DDR2_test_bsp/\libhal_bsp.a(alt_dev_llist_insert.o)
 .data          0x410308c4        0x0 ../DE4_DDR2_test_bsp/\libhal_bsp.a(alt_dma_rxchan_open.o)
 .data          0x410308c4        0x0 ../DE4_DDR2_test_bsp/\libhal_bsp.a(alt_dma_txchan_open.o)
 .data          0x410308c4        0x0 ../DE4_DDR2_test_bsp/\libhal_bsp.a(alt_do_ctors.o)
 .data          0x410308c4        0x0 ../DE4_DDR2_test_bsp/\libhal_bsp.a(alt_do_dtors.o)
 .data          0x410308c4        0x0 ../DE4_DDR2_test_bsp/\libhal_bsp.a(alt_find_dev.o)
 .data          0x410308c4        0x0 ../DE4_DDR2_test_bsp/\libhal_bsp.a(alt_icache_flush_all.o)
 .data          0x410308c4        0x0 ../DE4_DDR2_test_bsp/\libhal_bsp.a(alt_iic.o)
 .data          0x410308c4        0x0 ../DE4_DDR2_test_bsp/\libhal_bsp.a(alt_iic_isr_register.o)
 .data          0x410308c4        0x0 ../DE4_DDR2_test_bsp/\libhal_bsp.a(alt_io_redirect.o)
 .data          0x410308c4        0x0 ../DE4_DDR2_test_bsp/\libhal_bsp.a(alt_irq_entry.o)
 .data          0x410308c4        0x0 ../DE4_DDR2_test_bsp/\libhal_bsp.a(alt_irq_handler.o)
 .data          0x410308c4        0x0 ../DE4_DDR2_test_bsp/\libhal_bsp.a(alt_irq_vars.o)
 .data          0x410308c4        0x0 ../DE4_DDR2_test_bsp/\libhal_bsp.a(alt_open.o)
 .data          0x410308c4        0x0 ../DE4_DDR2_test_bsp/\libhal_bsp.a(altera_nios2_qsys_irq.o)
 .data          0x410308c4        0x0 ../DE4_DDR2_test_bsp/\libhal_bsp.a(alt_exception_entry.o)
 .data          0x410308c4        0x0 ../DE4_DDR2_test_bsp/\libhal_bsp.a(alt_find_file.o)
 .data          0x410308c4        0x0 ../DE4_DDR2_test_bsp/\libhal_bsp.a(alt_get_fd.o)
 .data          0x410308c4        0x0 ../DE4_DDR2_test_bsp/\libhal_bsp.a(alt_icache_flush.o)
 .data          0x410308c4        0x0 c:/altera/13.0sp1/nios2eds/bin/gnu/h-i686-mingw32/bin/../lib/gcc/nios2-elf/4.1.2/../../../../nios2-elf/lib/mhw-mulx\libc.a(lib_a-atexit.o)
 .data          0x410308c4        0x0 c:/altera/13.0sp1/nios2eds/bin/gnu/h-i686-mingw32/bin/../lib/gcc/nios2-elf/4.1.2/../../../../nios2-elf/lib/mhw-mulx\libc.a(lib_a-exit.o)
 .data          0x410308c4        0x0 c:/altera/13.0sp1/nios2eds/bin/gnu/h-i686-mingw32/bin/../lib/gcc/nios2-elf/4.1.2/../../../../nios2-elf/lib/mhw-mulx\libc.a(lib_a-memcmp.o)
 .data          0x410308c4        0x0 c:/altera/13.0sp1/nios2eds/bin/gnu/h-i686-mingw32/bin/../lib/gcc/nios2-elf/4.1.2/../../../../nios2-elf/lib/mhw-mulx\libc.a(lib_a-__atexit.o)
 .data          0x410308c4        0x0 c:/altera/13.0sp1/nios2eds/bin/gnu/h-i686-mingw32/bin/../lib/gcc/nios2-elf/4.1.2/../../../../nios2-elf/lib/mhw-mulx\libc.a(lib_a-__call_atexit.o)
 .data          0x410308c4        0x0 ../DE4_DDR2_test_bsp/\libhal_bsp.a(alt_exit.o)
                0x410388c4                _gp = ABSOLUTE ((. + 0x8000))
                0x410388c4                PROVIDE (gp, _gp)
 *(.rwdata .rwdata.*)
 *(.sdata .sdata.* .gnu.linkonce.s.*)
 .sdata         0x410308c4        0x8 c:/altera/13.0sp1/nios2eds/bin/gnu/h-i686-mingw32/bin/../lib/gcc/nios2-elf/4.1.2/../../../../nios2-elf/lib/mhw-mulx\libc.a(lib_a-impure.o)
                0x410308c4                _impure_ptr
                0x410308c8                _global_impure_ptr
 .sdata         0x410308cc        0x8 c:/altera/13.0sp1/nios2eds/bin/gnu/h-i686-mingw32/bin/../lib/gcc/nios2-elf/4.1.2/../../../../nios2-elf/lib/mhw-mulx\libc.a(lib_a-locale.o)
                0x410308cc                __mb_cur_max
 .sdata         0x410308d4        0x8 c:/altera/13.0sp1/nios2eds/bin/gnu/h-i686-mingw32/bin/../lib/gcc/nios2-elf/4.1.2/../../../../nios2-elf/lib/mhw-mulx\libc.a(lib_a-mallocr.o)
                0x410308d4                __malloc_trim_threshold
                0x410308d8                __malloc_sbrk_base
 .sdata         0x410308dc       0x14 ../DE4_DDR2_test_bsp/\libhal_bsp.a(alt_dev.o)
                0x410308dc                alt_fs_list
                0x410308e4                alt_dev_list
                0x410308ec                alt_max_fd
 .sdata         0x410308f0        0x4 ../DE4_DDR2_test_bsp/\libhal_bsp.a(alt_errno.o)
                0x410308f0                alt_errno
 .sdata         0x410308f4        0x4 ../DE4_DDR2_test_bsp/\libhal_bsp.a(alt_sbrk.o)
 .sdata         0x410308f8        0x8 ../DE4_DDR2_test_bsp/\libhal_bsp.a(alt_tick.o)
                0x410308f8                alt_alarm_list
 .sdata         0x41030900        0x8 ../DE4_DDR2_test_bsp/\libhal_bsp.a(alt_dma_rxchan_open.o)
                0x41030900                alt_dma_rxchan_list
 .sdata         0x41030908        0x8 ../DE4_DDR2_test_bsp/\libhal_bsp.a(alt_dma_txchan_open.o)
                0x41030908                alt_dma_txchan_list
 .sdata         0x41030910        0x4 ../DE4_DDR2_test_bsp/\libhal_bsp.a(alt_irq_vars.o)
                0x41030910                alt_priority_mask
 *(.sdata2 .sdata2.* .gnu.linkonce.s2.*)
                0x41030914                . = ALIGN (0x4)
                0x41030914                _edata = ABSOLUTE (.)
                0x41030914                PROVIDE (edata, ABSOLUTE (.))
                0x41030914                PROVIDE (__ram_rwdata_end, ABSOLUTE (.))
                0x41030914                PROVIDE (__flash_rwdata_start, LOADADDR (.rwdata))

.bss            0x4103245c      0x2ec
                0x4103245c                __bss_start = ABSOLUTE (.)
                0x4103245c                PROVIDE (__sbss_start, ABSOLUTE (.))
                0x4103245c                PROVIDE (___sbss_start, ABSOLUTE (.))
 *(.dynsbss)
 *(.sbss .sbss.* .gnu.linkonce.sb.*)
 .sbss          0x4103245c        0xc c:/altera/13.0sp1/nios2eds/bin/gnu/h-i686-mingw32/bin/../lib/gcc/nios2-elf/4.1.2/../../../../nios2-elf/lib/mhw-mulx\libc.a(lib_a-locale.o)
                0x4103245c                __nlocale_changed
                0x41032460                __mlocale_changed
                0x41032464                _PathLocale
 .sbss          0x41032468        0xc c:/altera/13.0sp1/nios2eds/bin/gnu/h-i686-mingw32/bin/../lib/gcc/nios2-elf/4.1.2/../../../../nios2-elf/lib/mhw-mulx\libc.a(lib_a-mallocr.o)
                0x41032468                __malloc_top_pad
                0x4103246c                __malloc_max_sbrked_mem
                0x41032470                __malloc_max_total_mem
 .sbss          0x41032474        0x4 c:/altera/13.0sp1/nios2eds/bin/gnu/h-i686-mingw32/bin/../lib/gcc/nios2-elf/4.1.2/../../../../nios2-elf/lib/mhw-mulx\libc.a(lib_a-int_errno.o)
                0x41032474                errno
 .sbss          0x41032478        0xc ../DE4_DDR2_test_bsp/\libhal_bsp.a(alt_main.o)
                0x41032478                alt_argc
                0x4103247c                alt_argv
                0x41032480                alt_envp
 .sbss          0x41032484        0x8 ../DE4_DDR2_test_bsp/\libhal_bsp.a(alt_tick.o)
                0x41032484                _alt_tick_rate
                0x41032488                _alt_nticks
 .sbss          0x4103248c        0x4 ../DE4_DDR2_test_bsp/\libhal_bsp.a(alt_irq_vars.o)
                0x4103248c                alt_irq_active
 *(.sbss2 .sbss2.* .gnu.linkonce.sb2.*)
 *(.scommon)
                0x41032490                PROVIDE (__sbss_end, ABSOLUTE (.))
                0x41032490                PROVIDE (___sbss_end, ABSOLUTE (.))
 *(.dynbss)
 *(.bss .bss.* .gnu.linkonce.b.*)
 .bss           0x41032490        0x0 ../DE4_DDR2_test_bsp//obj/HAL/src/crt0.o
 .bss           0x41032490        0x0 obj/default/I2C.o
 .bss           0x41032490        0x0 obj/default/cirbm_main.o
 .bss           0x41032490        0x0 obj/default/main.o
 .bss           0x41032490        0x0 obj/default/mem_test.o
 .bss           0x41032490        0x0 c:/altera/13.0sp1/nios2eds/bin/gnu/h-i686-mingw32/bin/../lib/gcc/nios2-elf/4.1.2/mhw-mulx\libgcc.a(_div_sf.o)
 .bss           0x41032490        0x0 c:/altera/13.0sp1/nios2eds/bin/gnu/h-i686-mingw32/bin/../lib/gcc/nios2-elf/4.1.2/mhw-mulx\libgcc.a(_si_to_sf.o)
 .bss           0x41032490        0x0 c:/altera/13.0sp1/nios2eds/bin/gnu/h-i686-mingw32/bin/../lib/gcc/nios2-elf/4.1.2/mhw-mulx\libgcc.a(_sf_to_df.o)
 .bss           0x41032490        0x0 c:/altera/13.0sp1/nios2eds/bin/gnu/h-i686-mingw32/bin/../lib/gcc/nios2-elf/4.1.2/mhw-mulx\libgcc.a(_thenan_sf.o)
 .bss           0x41032490        0x0 c:/altera/13.0sp1/nios2eds/bin/gnu/h-i686-mingw32/bin/../lib/gcc/nios2-elf/4.1.2/mhw-mulx\libgcc.a(_usi_to_sf.o)
 .bss           0x41032490        0x0 c:/altera/13.0sp1/nios2eds/bin/gnu/h-i686-mingw32/bin/../lib/gcc/nios2-elf/4.1.2/mhw-mulx\libgcc.a(_make_df.o)
 .bss           0x41032490        0x0 c:/altera/13.0sp1/nios2eds/bin/gnu/h-i686-mingw32/bin/../lib/gcc/nios2-elf/4.1.2/mhw-mulx\libgcc.a(lib2-divmod.o)
 .bss           0x41032490        0x0 c:/altera/13.0sp1/nios2eds/bin/gnu/h-i686-mingw32/bin/../lib/gcc/nios2-elf/4.1.2/mhw-mulx\libgcc.a(_clzsi2.o)
 .bss           0x41032490        0x0 c:/altera/13.0sp1/nios2eds/bin/gnu/h-i686-mingw32/bin/../lib/gcc/nios2-elf/4.1.2/mhw-mulx\libgcc.a(_pack_sf.o)
 .bss           0x41032490        0x0 c:/altera/13.0sp1/nios2eds/bin/gnu/h-i686-mingw32/bin/../lib/gcc/nios2-elf/4.1.2/mhw-mulx\libgcc.a(_unpack_sf.o)
 .bss           0x41032490        0x0 c:/altera/13.0sp1/nios2eds/bin/gnu/h-i686-mingw32/bin/../lib/gcc/nios2-elf/4.1.2/mhw-mulx\libgcc.a(_pack_df.o)
 .bss           0x41032490        0x0 c:/altera/13.0sp1/nios2eds/bin/gnu/h-i686-mingw32/bin/../lib/gcc/nios2-elf/4.1.2/mhw-mulx\libgcc.a(_clz.o)
 .bss           0x41032490        0x0 c:/altera/13.0sp1/nios2eds/bin/gnu/h-i686-mingw32/bin/../lib/gcc/nios2-elf/4.1.2/../../../../nios2-elf/lib/mhw-mulx\libc.a(lib_a-memcpy.o)
 .bss           0x41032490        0x0 c:/altera/13.0sp1/nios2eds/bin/gnu/h-i686-mingw32/bin/../lib/gcc/nios2-elf/4.1.2/../../../../nios2-elf/lib/mhw-mulx\libc.a(lib_a-printf.o)
 .bss           0x41032490        0x0 c:/altera/13.0sp1/nios2eds/bin/gnu/h-i686-mingw32/bin/../lib/gcc/nios2-elf/4.1.2/../../../../nios2-elf/lib/mhw-mulx\libc.a(lib_a-putchar.o)
 .bss           0x41032490        0x0 c:/altera/13.0sp1/nios2eds/bin/gnu/h-i686-mingw32/bin/../lib/gcc/nios2-elf/4.1.2/../../../../nios2-elf/lib/mhw-mulx\libc.a(lib_a-puts.o)
 .bss           0x41032490        0x0 c:/altera/13.0sp1/nios2eds/bin/gnu/h-i686-mingw32/bin/../lib/gcc/nios2-elf/4.1.2/../../../../nios2-elf/lib/mhw-mulx\libc.a(lib_a-strlen.o)
 .bss           0x41032490        0x0 c:/altera/13.0sp1/nios2eds/bin/gnu/h-i686-mingw32/bin/../lib/gcc/nios2-elf/4.1.2/../../../../nios2-elf/lib/mhw-mulx\libc.a(lib_a-vfprintf.o)
 .bss           0x41032490        0x0 c:/altera/13.0sp1/nios2eds/bin/gnu/h-i686-mingw32/bin/../lib/gcc/nios2-elf/4.1.2/../../../../nios2-elf/lib/mhw-mulx\libc.a(lib_a-wsetup.o)
 .bss           0x41032490        0x0 c:/altera/13.0sp1/nios2eds/bin/gnu/h-i686-mingw32/bin/../lib/gcc/nios2-elf/4.1.2/../../../../nios2-elf/lib/mhw-mulx\libc.a(lib_a-dtoa.o)
 .bss           0x41032490        0x0 c:/altera/13.0sp1/nios2eds/bin/gnu/h-i686-mingw32/bin/../lib/gcc/nios2-elf/4.1.2/../../../../nios2-elf/lib/mhw-mulx\libc.a(lib_a-fflush.o)
 .bss           0x41032490        0x0 c:/altera/13.0sp1/nios2eds/bin/gnu/h-i686-mingw32/bin/../lib/gcc/nios2-elf/4.1.2/../../../../nios2-elf/lib/mhw-mulx\libc.a(lib_a-findfp.o)
 .bss           0x41032490        0x0 c:/altera/13.0sp1/nios2eds/bin/gnu/h-i686-mingw32/bin/../lib/gcc/nios2-elf/4.1.2/../../../../nios2-elf/lib/mhw-mulx\libc.a(lib_a-freer.o)
 .bss           0x41032490        0x0 c:/altera/13.0sp1/nios2eds/bin/gnu/h-i686-mingw32/bin/../lib/gcc/nios2-elf/4.1.2/../../../../nios2-elf/lib/mhw-mulx\libc.a(lib_a-fvwrite.o)
 .bss           0x41032490        0x0 c:/altera/13.0sp1/nios2eds/bin/gnu/h-i686-mingw32/bin/../lib/gcc/nios2-elf/4.1.2/../../../../nios2-elf/lib/mhw-mulx\libc.a(lib_a-fwalk.o)
 .bss           0x41032490        0x0 c:/altera/13.0sp1/nios2eds/bin/gnu/h-i686-mingw32/bin/../lib/gcc/nios2-elf/4.1.2/../../../../nios2-elf/lib/mhw-mulx\libc.a(lib_a-impure.o)
 .bss           0x41032490        0x0 c:/altera/13.0sp1/nios2eds/bin/gnu/h-i686-mingw32/bin/../lib/gcc/nios2-elf/4.1.2/../../../../nios2-elf/lib/mhw-mulx\libc.a(lib_a-locale.o)
 .bss           0x41032490        0x0 c:/altera/13.0sp1/nios2eds/bin/gnu/h-i686-mingw32/bin/../lib/gcc/nios2-elf/4.1.2/../../../../nios2-elf/lib/mhw-mulx\libc.a(lib_a-makebuf.o)
 .bss           0x41032490       0x28 c:/altera/13.0sp1/nios2eds/bin/gnu/h-i686-mingw32/bin/../lib/gcc/nios2-elf/4.1.2/../../../../nios2-elf/lib/mhw-mulx\libc.a(lib_a-mallocr.o)
                0x41032490                __malloc_current_mallinfo
 .bss           0x410324b8        0x0 c:/altera/13.0sp1/nios2eds/bin/gnu/h-i686-mingw32/bin/../lib/gcc/nios2-elf/4.1.2/../../../../nios2-elf/lib/mhw-mulx\libc.a(lib_a-memchr.o)
 .bss           0x410324b8        0x0 c:/altera/13.0sp1/nios2eds/bin/gnu/h-i686-mingw32/bin/../lib/gcc/nios2-elf/4.1.2/../../../../nios2-elf/lib/mhw-mulx\libc.a(lib_a-memmove.o)
 .bss           0x410324b8        0x0 c:/altera/13.0sp1/nios2eds/bin/gnu/h-i686-mingw32/bin/../lib/gcc/nios2-elf/4.1.2/../../../../nios2-elf/lib/mhw-mulx\libc.a(lib_a-memset.o)
 .bss           0x410324b8        0x0 c:/altera/13.0sp1/nios2eds/bin/gnu/h-i686-mingw32/bin/../lib/gcc/nios2-elf/4.1.2/../../../../nios2-elf/lib/mhw-mulx\libc.a(lib_a-mprec.o)
 .bss           0x410324b8        0x0 c:/altera/13.0sp1/nios2eds/bin/gnu/h-i686-mingw32/bin/../lib/gcc/nios2-elf/4.1.2/../../../../nios2-elf/lib/mhw-mulx\libc.a(lib_a-putc.o)
 .bss           0x410324b8        0x0 c:/altera/13.0sp1/nios2eds/bin/gnu/h-i686-mingw32/bin/../lib/gcc/nios2-elf/4.1.2/../../../../nios2-elf/lib/mhw-mulx\libc.a(lib_a-reallocr.o)
 .bss           0x410324b8        0x0 c:/altera/13.0sp1/nios2eds/bin/gnu/h-i686-mingw32/bin/../lib/gcc/nios2-elf/4.1.2/../../../../nios2-elf/lib/mhw-mulx\libc.a(lib_a-s_isinfd.o)
 .bss           0x410324b8        0x0 c:/altera/13.0sp1/nios2eds/bin/gnu/h-i686-mingw32/bin/../lib/gcc/nios2-elf/4.1.2/../../../../nios2-elf/lib/mhw-mulx\libc.a(lib_a-s_isnand.o)
 .bss           0x410324b8        0x0 c:/altera/13.0sp1/nios2eds/bin/gnu/h-i686-mingw32/bin/../lib/gcc/nios2-elf/4.1.2/../../../../nios2-elf/lib/mhw-mulx\libc.a(lib_a-sbrkr.o)
 .bss           0x410324b8        0x0 c:/altera/13.0sp1/nios2eds/bin/gnu/h-i686-mingw32/bin/../lib/gcc/nios2-elf/4.1.2/../../../../nios2-elf/lib/mhw-mulx\libc.a(lib_a-stdio.o)
 .bss           0x410324b8        0x0 c:/altera/13.0sp1/nios2eds/bin/gnu/h-i686-mingw32/bin/../lib/gcc/nios2-elf/4.1.2/../../../../nios2-elf/lib/mhw-mulx\libc.a(lib_a-strcmp.o)
 .bss           0x410324b8        0x0 c:/altera/13.0sp1/nios2eds/bin/gnu/h-i686-mingw32/bin/../lib/gcc/nios2-elf/4.1.2/../../../../nios2-elf/lib/mhw-mulx\libc.a(lib_a-wbuf.o)
 .bss           0x410324b8        0x0 c:/altera/13.0sp1/nios2eds/bin/gnu/h-i686-mingw32/bin/../lib/gcc/nios2-elf/4.1.2/../../../../nios2-elf/lib/mhw-mulx\libc.a(lib_a-writer.o)
 .bss           0x410324b8        0x0 c:/altera/13.0sp1/nios2eds/bin/gnu/h-i686-mingw32/bin/../lib/gcc/nios2-elf/4.1.2/../../../../nios2-elf/lib/mhw-mulx\libc.a(lib_a-callocr.o)
 .bss           0x410324b8        0x0 c:/altera/13.0sp1/nios2eds/bin/gnu/h-i686-mingw32/bin/../lib/gcc/nios2-elf/4.1.2/../../../../nios2-elf/lib/mhw-mulx\libc.a(lib_a-closer.o)
 .bss           0x410324b8        0x0 c:/altera/13.0sp1/nios2eds/bin/gnu/h-i686-mingw32/bin/../lib/gcc/nios2-elf/4.1.2/../../../../nios2-elf/lib/mhw-mulx\libc.a(lib_a-fclose.o)
 .bss           0x410324b8        0x0 c:/altera/13.0sp1/nios2eds/bin/gnu/h-i686-mingw32/bin/../lib/gcc/nios2-elf/4.1.2/../../../../nios2-elf/lib/mhw-mulx\libc.a(lib_a-fstatr.o)
 .bss           0x410324b8        0x0 c:/altera/13.0sp1/nios2eds/bin/gnu/h-i686-mingw32/bin/../lib/gcc/nios2-elf/4.1.2/../../../../nios2-elf/lib/mhw-mulx\libc.a(lib_a-int_errno.o)
 .bss           0x410324b8        0x0 c:/altera/13.0sp1/nios2eds/bin/gnu/h-i686-mingw32/bin/../lib/gcc/nios2-elf/4.1.2/../../../../nios2-elf/lib/mhw-mulx\libc.a(lib_a-isattyr.o)
 .bss           0x410324b8        0x0 c:/altera/13.0sp1/nios2eds/bin/gnu/h-i686-mingw32/bin/../lib/gcc/nios2-elf/4.1.2/../../../../nios2-elf/lib/mhw-mulx\libc.a(lib_a-lseekr.o)
 .bss           0x410324b8        0x0 c:/altera/13.0sp1/nios2eds/bin/gnu/h-i686-mingw32/bin/../lib/gcc/nios2-elf/4.1.2/../../../../nios2-elf/lib/mhw-mulx\libc.a(lib_a-readr.o)
 .bss           0x410324b8        0x0 c:/altera/13.0sp1/nios2eds/bin/gnu/h-i686-mingw32/bin/../lib/gcc/nios2-elf/4.1.2/mhw-mulx\libgcc.a(_udivdi3.o)
 .bss           0x410324b8        0x0 c:/altera/13.0sp1/nios2eds/bin/gnu/h-i686-mingw32/bin/../lib/gcc/nios2-elf/4.1.2/mhw-mulx\libgcc.a(_umoddi3.o)
 .bss           0x410324b8        0x0 c:/altera/13.0sp1/nios2eds/bin/gnu/h-i686-mingw32/bin/../lib/gcc/nios2-elf/4.1.2/mhw-mulx\libgcc.a(_addsub_df.o)
 .bss           0x410324b8        0x0 c:/altera/13.0sp1/nios2eds/bin/gnu/h-i686-mingw32/bin/../lib/gcc/nios2-elf/4.1.2/mhw-mulx\libgcc.a(_mul_df.o)
 .bss           0x410324b8        0x0 c:/altera/13.0sp1/nios2eds/bin/gnu/h-i686-mingw32/bin/../lib/gcc/nios2-elf/4.1.2/mhw-mulx\libgcc.a(_div_df.o)
 .bss           0x410324b8        0x0 c:/altera/13.0sp1/nios2eds/bin/gnu/h-i686-mingw32/bin/../lib/gcc/nios2-elf/4.1.2/mhw-mulx\libgcc.a(_eq_df.o)
 .bss           0x410324b8        0x0 c:/altera/13.0sp1/nios2eds/bin/gnu/h-i686-mingw32/bin/../lib/gcc/nios2-elf/4.1.2/mhw-mulx\libgcc.a(_ne_df.o)
 .bss           0x410324b8        0x0 c:/altera/13.0sp1/nios2eds/bin/gnu/h-i686-mingw32/bin/../lib/gcc/nios2-elf/4.1.2/mhw-mulx\libgcc.a(_gt_df.o)
 .bss           0x410324b8        0x0 c:/altera/13.0sp1/nios2eds/bin/gnu/h-i686-mingw32/bin/../lib/gcc/nios2-elf/4.1.2/mhw-mulx\libgcc.a(_ge_df.o)
 .bss           0x410324b8        0x0 c:/altera/13.0sp1/nios2eds/bin/gnu/h-i686-mingw32/bin/../lib/gcc/nios2-elf/4.1.2/mhw-mulx\libgcc.a(_lt_df.o)
 .bss           0x410324b8        0x0 c:/altera/13.0sp1/nios2eds/bin/gnu/h-i686-mingw32/bin/../lib/gcc/nios2-elf/4.1.2/mhw-mulx\libgcc.a(_si_to_df.o)
 .bss           0x410324b8        0x0 c:/altera/13.0sp1/nios2eds/bin/gnu/h-i686-mingw32/bin/../lib/gcc/nios2-elf/4.1.2/mhw-mulx\libgcc.a(_df_to_si.o)
 .bss           0x410324b8        0x0 c:/altera/13.0sp1/nios2eds/bin/gnu/h-i686-mingw32/bin/../lib/gcc/nios2-elf/4.1.2/mhw-mulx\libgcc.a(_thenan_df.o)
 .bss           0x410324b8        0x0 c:/altera/13.0sp1/nios2eds/bin/gnu/h-i686-mingw32/bin/../lib/gcc/nios2-elf/4.1.2/mhw-mulx\libgcc.a(_usi_to_df.o)
 .bss           0x410324b8        0x0 c:/altera/13.0sp1/nios2eds/bin/gnu/h-i686-mingw32/bin/../lib/gcc/nios2-elf/4.1.2/mhw-mulx\libgcc.a(_unpack_df.o)
 .bss           0x410324b8        0x0 c:/altera/13.0sp1/nios2eds/bin/gnu/h-i686-mingw32/bin/../lib/gcc/nios2-elf/4.1.2/mhw-mulx\libgcc.a(_fpcmp_parts_df.o)
 .bss           0x410324b8        0x0 ../DE4_DDR2_test_bsp/\libhal_bsp.a(alt_close.o)
 .bss           0x410324b8        0x0 ../DE4_DDR2_test_bsp/\libhal_bsp.a(alt_dcache_flush_all.o)
 .bss           0x410324b8        0x0 ../DE4_DDR2_test_bsp/\libhal_bsp.a(alt_dev.o)
 .bss           0x410324b8        0x0 ../DE4_DDR2_test_bsp/\libhal_bsp.a(alt_errno.o)
 .bss           0x410324b8        0x0 ../DE4_DDR2_test_bsp/\libhal_bsp.a(alt_fstat.o)
 .bss           0x410324b8        0x0 ../DE4_DDR2_test_bsp/\libhal_bsp.a(alt_isatty.o)
 .bss           0x410324b8        0x0 ../DE4_DDR2_test_bsp/\libhal_bsp.a(alt_load.o)
 .bss           0x410324b8        0x0 ../DE4_DDR2_test_bsp/\libhal_bsp.a(alt_lseek.o)
 .bss           0x410324b8        0x0 ../DE4_DDR2_test_bsp/\libhal_bsp.a(alt_main.o)
 .bss           0x410324b8        0x0 ../DE4_DDR2_test_bsp/\libhal_bsp.a(alt_malloc_lock.o)
 .bss           0x410324b8        0x0 ../DE4_DDR2_test_bsp/\libhal_bsp.a(alt_read.o)
 .bss           0x410324b8        0x0 ../DE4_DDR2_test_bsp/\libhal_bsp.a(alt_release_fd.o)
 .bss           0x410324b8        0x0 ../DE4_DDR2_test_bsp/\libhal_bsp.a(alt_sbrk.o)
 .bss           0x410324b8        0x0 ../DE4_DDR2_test_bsp/\libhal_bsp.a(alt_tick.o)
 .bss           0x410324b8        0x0 ../DE4_DDR2_test_bsp/\libhal_bsp.a(alt_usleep.o)
 .bss           0x410324b8        0x0 ../DE4_DDR2_test_bsp/\libhal_bsp.a(alt_write.o)
 .bss           0x410324b8        0x0 ../DE4_DDR2_test_bsp/\libhal_bsp.a(alt_sys_init.o)
 .bss           0x410324b8        0x0 ../DE4_DDR2_test_bsp/\libhal_bsp.a(altera_avalon_dma.o)
 .bss           0x410324b8        0x0 ../DE4_DDR2_test_bsp/\libhal_bsp.a(altera_avalon_jtag_uart_fd.o)
 .bss           0x410324b8        0x0 ../DE4_DDR2_test_bsp/\libhal_bsp.a(altera_avalon_jtag_uart_init.o)
 .bss           0x410324b8        0x0 ../DE4_DDR2_test_bsp/\libhal_bsp.a(altera_avalon_jtag_uart_ioctl.o)
 .bss           0x410324b8        0x0 ../DE4_DDR2_test_bsp/\libhal_bsp.a(altera_avalon_jtag_uart_read.o)
 .bss           0x410324b8        0x0 ../DE4_DDR2_test_bsp/\libhal_bsp.a(altera_avalon_jtag_uart_write.o)
 .bss           0x410324b8        0x0 ../DE4_DDR2_test_bsp/\libhal_bsp.a(altera_avalon_timer_sc.o)
 .bss           0x410324b8        0x0 ../DE4_DDR2_test_bsp/\libhal_bsp.a(alt_alarm_start.o)
 .bss           0x410324b8        0x0 ../DE4_DDR2_test_bsp/\libhal_bsp.a(alt_busy_sleep.o)
 .bss           0x410324b8        0x0 ../DE4_DDR2_test_bsp/\libhal_bsp.a(alt_dev_llist_insert.o)
 .bss           0x410324b8        0x0 ../DE4_DDR2_test_bsp/\libhal_bsp.a(alt_dma_rxchan_open.o)
 .bss           0x410324b8        0x0 ../DE4_DDR2_test_bsp/\libhal_bsp.a(alt_dma_txchan_open.o)
 .bss           0x410324b8        0x0 ../DE4_DDR2_test_bsp/\libhal_bsp.a(alt_do_ctors.o)
 .bss           0x410324b8        0x0 ../DE4_DDR2_test_bsp/\libhal_bsp.a(alt_do_dtors.o)
 .bss           0x410324b8        0x0 ../DE4_DDR2_test_bsp/\libhal_bsp.a(alt_find_dev.o)
 .bss           0x410324b8        0x0 ../DE4_DDR2_test_bsp/\libhal_bsp.a(alt_icache_flush_all.o)
 .bss           0x410324b8        0x0 ../DE4_DDR2_test_bsp/\libhal_bsp.a(alt_iic.o)
 .bss           0x410324b8        0x0 ../DE4_DDR2_test_bsp/\libhal_bsp.a(alt_iic_isr_register.o)
 .bss           0x410324b8        0x0 ../DE4_DDR2_test_bsp/\libhal_bsp.a(alt_io_redirect.o)
 .bss           0x410324b8        0x0 ../DE4_DDR2_test_bsp/\libhal_bsp.a(alt_irq_entry.o)
 .bss           0x410324b8        0x0 ../DE4_DDR2_test_bsp/\libhal_bsp.a(alt_irq_handler.o)
 .bss           0x410324b8        0x0 ../DE4_DDR2_test_bsp/\libhal_bsp.a(alt_irq_vars.o)
 .bss           0x410324b8        0x0 ../DE4_DDR2_test_bsp/\libhal_bsp.a(alt_open.o)
 .bss           0x410324b8        0x0 ../DE4_DDR2_test_bsp/\libhal_bsp.a(altera_nios2_qsys_irq.o)
 .bss           0x410324b8        0x0 ../DE4_DDR2_test_bsp/\libhal_bsp.a(alt_exception_entry.o)
 .bss           0x410324b8        0x0 ../DE4_DDR2_test_bsp/\libhal_bsp.a(alt_find_file.o)
 .bss           0x410324b8        0x0 ../DE4_DDR2_test_bsp/\libhal_bsp.a(alt_get_fd.o)
 .bss           0x410324b8        0x0 ../DE4_DDR2_test_bsp/\libhal_bsp.a(alt_icache_flush.o)
 .bss           0x410324b8        0x0 c:/altera/13.0sp1/nios2eds/bin/gnu/h-i686-mingw32/bin/../lib/gcc/nios2-elf/4.1.2/../../../../nios2-elf/lib/mhw-mulx\libc.a(lib_a-atexit.o)
 .bss           0x410324b8        0x0 c:/altera/13.0sp1/nios2eds/bin/gnu/h-i686-mingw32/bin/../lib/gcc/nios2-elf/4.1.2/../../../../nios2-elf/lib/mhw-mulx\libc.a(lib_a-exit.o)
 .bss           0x410324b8        0x0 c:/altera/13.0sp1/nios2eds/bin/gnu/h-i686-mingw32/bin/../lib/gcc/nios2-elf/4.1.2/../../../../nios2-elf/lib/mhw-mulx\libc.a(lib_a-memcmp.o)
 .bss           0x410324b8        0x0 c:/altera/13.0sp1/nios2eds/bin/gnu/h-i686-mingw32/bin/../lib/gcc/nios2-elf/4.1.2/../../../../nios2-elf/lib/mhw-mulx\libc.a(lib_a-__atexit.o)
 .bss           0x410324b8        0x0 c:/altera/13.0sp1/nios2eds/bin/gnu/h-i686-mingw32/bin/../lib/gcc/nios2-elf/4.1.2/../../../../nios2-elf/lib/mhw-mulx\libc.a(lib_a-__call_atexit.o)
 .bss           0x410324b8        0x0 ../DE4_DDR2_test_bsp/\libhal_bsp.a(alt_exit.o)
 *(COMMON)
 COMMON         0x410324b8      0x100 ../DE4_DDR2_test_bsp/\libhal_bsp.a(alt_irq_handler.o)
                0x410324b8                alt_irq
 COMMON         0x410325b8      0x190 c:/altera/13.0sp1/nios2eds/bin/gnu/h-i686-mingw32/bin/../lib/gcc/nios2-elf/4.1.2/../../../../nios2-elf/lib/mhw-mulx\libc.a(lib_a-atexit.o)
                0x410325b8                _atexit0
                0x41032748                . = ALIGN (0x4)
                0x41032748                __bss_end = ABSOLUTE (.)

.mem_if_ddr2_emif
                0x00000000        0x0 load address 0x41032748
                0x00000000                PROVIDE (_alt_partition_mem_if_ddr2_emif_start, ABSOLUTE (.))
 *(.mem_if_ddr2_emif. mem_if_ddr2_emif.*)
                0x00000000                . = ALIGN (0x4)
                0x00000000                PROVIDE (_alt_partition_mem_if_ddr2_emif_end, ABSOLUTE (.))
                0x41032748                PROVIDE (_alt_partition_mem_if_ddr2_emif_load_addr, LOADADDR (.mem_if_ddr2_emif))

.onchip_memory  0x41032748        0x0
                0x41032748                PROVIDE (_alt_partition_onchip_memory_start, ABSOLUTE (.))
 *(.onchip_memory. onchip_memory.*)
                0x41032748                . = ALIGN (0x4)
                0x41032748                PROVIDE (_alt_partition_onchip_memory_end, ABSOLUTE (.))
                0x41032748                _end = ABSOLUTE (.)
                0x41032748                end = ABSOLUTE (.)
                0x41032748                __alt_stack_base = ABSOLUTE (.)
                0x41032748                PROVIDE (_alt_partition_onchip_memory_load_addr, LOADADDR (.onchip_memory))

.stab
 *(.stab)

.stabstr
 *(.stabstr)

.stab.excl
 *(.stab.excl)

.stab.exclstr
 *(.stab.exclstr)

.stab.index
 *(.stab.index)

.stab.indexstr
 *(.stab.indexstr)

.comment        0x00000000       0x26
 *(.comment)
 .comment       0x00000000       0x26 obj/default/I2C.o
                                 0x27 (size before relaxing)
 .comment       0x00000000       0x27 obj/default/cirbm_main.o
 .comment       0x00000000       0x27 obj/default/main.o
 .comment       0x00000000       0x27 obj/default/mem_test.o
 .comment       0x00000000       0x27 c:/altera/13.0sp1/nios2eds/bin/gnu/h-i686-mingw32/bin/../lib/gcc/nios2-elf/4.1.2/mhw-mulx\libgcc.a(_div_sf.o)
 .comment       0x00000000       0x27 c:/altera/13.0sp1/nios2eds/bin/gnu/h-i686-mingw32/bin/../lib/gcc/nios2-elf/4.1.2/mhw-mulx\libgcc.a(_si_to_sf.o)
 .comment       0x00000000       0x27 c:/altera/13.0sp1/nios2eds/bin/gnu/h-i686-mingw32/bin/../lib/gcc/nios2-elf/4.1.2/mhw-mulx\libgcc.a(_sf_to_df.o)
 .comment       0x00000000       0x27 c:/altera/13.0sp1/nios2eds/bin/gnu/h-i686-mingw32/bin/../lib/gcc/nios2-elf/4.1.2/mhw-mulx\libgcc.a(_thenan_sf.o)
 .comment       0x00000000       0x27 c:/altera/13.0sp1/nios2eds/bin/gnu/h-i686-mingw32/bin/../lib/gcc/nios2-elf/4.1.2/mhw-mulx\libgcc.a(_usi_to_sf.o)
 .comment       0x00000000       0x27 c:/altera/13.0sp1/nios2eds/bin/gnu/h-i686-mingw32/bin/../lib/gcc/nios2-elf/4.1.2/mhw-mulx\libgcc.a(_make_df.o)
 .comment       0x00000000       0x27 c:/altera/13.0sp1/nios2eds/bin/gnu/h-i686-mingw32/bin/../lib/gcc/nios2-elf/4.1.2/mhw-mulx\libgcc.a(lib2-divmod.o)
 .comment       0x00000000       0x27 c:/altera/13.0sp1/nios2eds/bin/gnu/h-i686-mingw32/bin/../lib/gcc/nios2-elf/4.1.2/mhw-mulx\libgcc.a(_clzsi2.o)
 .comment       0x00000000       0x27 c:/altera/13.0sp1/nios2eds/bin/gnu/h-i686-mingw32/bin/../lib/gcc/nios2-elf/4.1.2/mhw-mulx\libgcc.a(_pack_sf.o)
 .comment       0x00000000       0x27 c:/altera/13.0sp1/nios2eds/bin/gnu/h-i686-mingw32/bin/../lib/gcc/nios2-elf/4.1.2/mhw-mulx\libgcc.a(_unpack_sf.o)
 .comment       0x00000000       0x27 c:/altera/13.0sp1/nios2eds/bin/gnu/h-i686-mingw32/bin/../lib/gcc/nios2-elf/4.1.2/mhw-mulx\libgcc.a(_pack_df.o)
 .comment       0x00000000       0x27 c:/altera/13.0sp1/nios2eds/bin/gnu/h-i686-mingw32/bin/../lib/gcc/nios2-elf/4.1.2/mhw-mulx\libgcc.a(_clz.o)
 .comment       0x00000000       0x27 c:/altera/13.0sp1/nios2eds/bin/gnu/h-i686-mingw32/bin/../lib/gcc/nios2-elf/4.1.2/../../../../nios2-elf/lib/mhw-mulx\libc.a(lib_a-memcpy.o)
 .comment       0x00000000       0x27 c:/altera/13.0sp1/nios2eds/bin/gnu/h-i686-mingw32/bin/../lib/gcc/nios2-elf/4.1.2/../../../../nios2-elf/lib/mhw-mulx\libc.a(lib_a-printf.o)
 .comment       0x00000000       0x27 c:/altera/13.0sp1/nios2eds/bin/gnu/h-i686-mingw32/bin/../lib/gcc/nios2-elf/4.1.2/../../../../nios2-elf/lib/mhw-mulx\libc.a(lib_a-putchar.o)
 .comment       0x00000000       0x27 c:/altera/13.0sp1/nios2eds/bin/gnu/h-i686-mingw32/bin/../lib/gcc/nios2-elf/4.1.2/../../../../nios2-elf/lib/mhw-mulx\libc.a(lib_a-puts.o)
 .comment       0x00000000       0x27 c:/altera/13.0sp1/nios2eds/bin/gnu/h-i686-mingw32/bin/../lib/gcc/nios2-elf/4.1.2/../../../../nios2-elf/lib/mhw-mulx\libc.a(lib_a-strlen.o)
 .comment       0x00000000       0x27 c:/altera/13.0sp1/nios2eds/bin/gnu/h-i686-mingw32/bin/../lib/gcc/nios2-elf/4.1.2/../../../../nios2-elf/lib/mhw-mulx\libc.a(lib_a-vfprintf.o)
 .comment       0x00000000       0x27 c:/altera/13.0sp1/nios2eds/bin/gnu/h-i686-mingw32/bin/../lib/gcc/nios2-elf/4.1.2/../../../../nios2-elf/lib/mhw-mulx\libc.a(lib_a-wsetup.o)
 .comment       0x00000000       0x27 c:/altera/13.0sp1/nios2eds/bin/gnu/h-i686-mingw32/bin/../lib/gcc/nios2-elf/4.1.2/../../../../nios2-elf/lib/mhw-mulx\libc.a(lib_a-dtoa.o)
 .comment       0x00000000       0x27 c:/altera/13.0sp1/nios2eds/bin/gnu/h-i686-mingw32/bin/../lib/gcc/nios2-elf/4.1.2/../../../../nios2-elf/lib/mhw-mulx\libc.a(lib_a-fflush.o)
 .comment       0x00000000       0x27 c:/altera/13.0sp1/nios2eds/bin/gnu/h-i686-mingw32/bin/../lib/gcc/nios2-elf/4.1.2/../../../../nios2-elf/lib/mhw-mulx\libc.a(lib_a-findfp.o)
 .comment       0x00000000       0x27 c:/altera/13.0sp1/nios2eds/bin/gnu/h-i686-mingw32/bin/../lib/gcc/nios2-elf/4.1.2/../../../../nios2-elf/lib/mhw-mulx\libc.a(lib_a-freer.o)
 .comment       0x00000000       0x27 c:/altera/13.0sp1/nios2eds/bin/gnu/h-i686-mingw32/bin/../lib/gcc/nios2-elf/4.1.2/../../../../nios2-elf/lib/mhw-mulx\libc.a(lib_a-fvwrite.o)
 .comment       0x00000000       0x27 c:/altera/13.0sp1/nios2eds/bin/gnu/h-i686-mingw32/bin/../lib/gcc/nios2-elf/4.1.2/../../../../nios2-elf/lib/mhw-mulx\libc.a(lib_a-fwalk.o)
 .comment       0x00000000       0x27 c:/altera/13.0sp1/nios2eds/bin/gnu/h-i686-mingw32/bin/../lib/gcc/nios2-elf/4.1.2/../../../../nios2-elf/lib/mhw-mulx\libc.a(lib_a-impure.o)
 .comment       0x00000000       0x27 c:/altera/13.0sp1/nios2eds/bin/gnu/h-i686-mingw32/bin/../lib/gcc/nios2-elf/4.1.2/../../../../nios2-elf/lib/mhw-mulx\libc.a(lib_a-locale.o)
 .comment       0x00000000       0x27 c:/altera/13.0sp1/nios2eds/bin/gnu/h-i686-mingw32/bin/../lib/gcc/nios2-elf/4.1.2/../../../../nios2-elf/lib/mhw-mulx\libc.a(lib_a-makebuf.o)
 .comment       0x00000000       0x27 c:/altera/13.0sp1/nios2eds/bin/gnu/h-i686-mingw32/bin/../lib/gcc/nios2-elf/4.1.2/../../../../nios2-elf/lib/mhw-mulx\libc.a(lib_a-mallocr.o)
 .comment       0x00000000       0x27 c:/altera/13.0sp1/nios2eds/bin/gnu/h-i686-mingw32/bin/../lib/gcc/nios2-elf/4.1.2/../../../../nios2-elf/lib/mhw-mulx\libc.a(lib_a-memchr.o)
 .comment       0x00000000       0x27 c:/altera/13.0sp1/nios2eds/bin/gnu/h-i686-mingw32/bin/../lib/gcc/nios2-elf/4.1.2/../../../../nios2-elf/lib/mhw-mulx\libc.a(lib_a-memmove.o)
 .comment       0x00000000       0x27 c:/altera/13.0sp1/nios2eds/bin/gnu/h-i686-mingw32/bin/../lib/gcc/nios2-elf/4.1.2/../../../../nios2-elf/lib/mhw-mulx\libc.a(lib_a-memset.o)
 .comment       0x00000000       0x27 c:/altera/13.0sp1/nios2eds/bin/gnu/h-i686-mingw32/bin/../lib/gcc/nios2-elf/4.1.2/../../../../nios2-elf/lib/mhw-mulx\libc.a(lib_a-mprec.o)
 .comment       0x00000000       0x27 c:/altera/13.0sp1/nios2eds/bin/gnu/h-i686-mingw32/bin/../lib/gcc/nios2-elf/4.1.2/../../../../nios2-elf/lib/mhw-mulx\libc.a(lib_a-putc.o)
 .comment       0x00000000       0x27 c:/altera/13.0sp1/nios2eds/bin/gnu/h-i686-mingw32/bin/../lib/gcc/nios2-elf/4.1.2/../../../../nios2-elf/lib/mhw-mulx\libc.a(lib_a-reallocr.o)
 .comment       0x00000000       0x27 c:/altera/13.0sp1/nios2eds/bin/gnu/h-i686-mingw32/bin/../lib/gcc/nios2-elf/4.1.2/../../../../nios2-elf/lib/mhw-mulx\libc.a(lib_a-s_isinfd.o)
 .comment       0x00000000       0x27 c:/altera/13.0sp1/nios2eds/bin/gnu/h-i686-mingw32/bin/../lib/gcc/nios2-elf/4.1.2/../../../../nios2-elf/lib/mhw-mulx\libc.a(lib_a-s_isnand.o)
 .comment       0x00000000       0x27 c:/altera/13.0sp1/nios2eds/bin/gnu/h-i686-mingw32/bin/../lib/gcc/nios2-elf/4.1.2/../../../../nios2-elf/lib/mhw-mulx\libc.a(lib_a-sbrkr.o)
 .comment       0x00000000       0x27 c:/altera/13.0sp1/nios2eds/bin/gnu/h-i686-mingw32/bin/../lib/gcc/nios2-elf/4.1.2/../../../../nios2-elf/lib/mhw-mulx\libc.a(lib_a-stdio.o)
 .comment       0x00000000       0x27 c:/altera/13.0sp1/nios2eds/bin/gnu/h-i686-mingw32/bin/../lib/gcc/nios2-elf/4.1.2/../../../../nios2-elf/lib/mhw-mulx\libc.a(lib_a-strcmp.o)
 .comment       0x00000000       0x27 c:/altera/13.0sp1/nios2eds/bin/gnu/h-i686-mingw32/bin/../lib/gcc/nios2-elf/4.1.2/../../../../nios2-elf/lib/mhw-mulx\libc.a(lib_a-wbuf.o)
 .comment       0x00000000       0x27 c:/altera/13.0sp1/nios2eds/bin/gnu/h-i686-mingw32/bin/../lib/gcc/nios2-elf/4.1.2/../../../../nios2-elf/lib/mhw-mulx\libc.a(lib_a-writer.o)
 .comment       0x00000000       0x27 c:/altera/13.0sp1/nios2eds/bin/gnu/h-i686-mingw32/bin/../lib/gcc/nios2-elf/4.1.2/../../../../nios2-elf/lib/mhw-mulx\libc.a(lib_a-callocr.o)
 .comment       0x00000000       0x27 c:/altera/13.0sp1/nios2eds/bin/gnu/h-i686-mingw32/bin/../lib/gcc/nios2-elf/4.1.2/../../../../nios2-elf/lib/mhw-mulx\libc.a(lib_a-closer.o)
 .comment       0x00000000       0x27 c:/altera/13.0sp1/nios2eds/bin/gnu/h-i686-mingw32/bin/../lib/gcc/nios2-elf/4.1.2/../../../../nios2-elf/lib/mhw-mulx\libc.a(lib_a-fclose.o)
 .comment       0x00000000       0x27 c:/altera/13.0sp1/nios2eds/bin/gnu/h-i686-mingw32/bin/../lib/gcc/nios2-elf/4.1.2/../../../../nios2-elf/lib/mhw-mulx\libc.a(lib_a-fstatr.o)
 .comment       0x00000000       0x27 c:/altera/13.0sp1/nios2eds/bin/gnu/h-i686-mingw32/bin/../lib/gcc/nios2-elf/4.1.2/../../../../nios2-elf/lib/mhw-mulx\libc.a(lib_a-int_errno.o)
 .comment       0x00000000       0x27 c:/altera/13.0sp1/nios2eds/bin/gnu/h-i686-mingw32/bin/../lib/gcc/nios2-elf/4.1.2/../../../../nios2-elf/lib/mhw-mulx\libc.a(lib_a-isattyr.o)
 .comment       0x00000000       0x27 c:/altera/13.0sp1/nios2eds/bin/gnu/h-i686-mingw32/bin/../lib/gcc/nios2-elf/4.1.2/../../../../nios2-elf/lib/mhw-mulx\libc.a(lib_a-lseekr.o)
 .comment       0x00000000       0x27 c:/altera/13.0sp1/nios2eds/bin/gnu/h-i686-mingw32/bin/../lib/gcc/nios2-elf/4.1.2/../../../../nios2-elf/lib/mhw-mulx\libc.a(lib_a-readr.o)
 .comment       0x00000000       0x27 c:/altera/13.0sp1/nios2eds/bin/gnu/h-i686-mingw32/bin/../lib/gcc/nios2-elf/4.1.2/mhw-mulx\libgcc.a(_udivdi3.o)
 .comment       0x00000000       0x27 c:/altera/13.0sp1/nios2eds/bin/gnu/h-i686-mingw32/bin/../lib/gcc/nios2-elf/4.1.2/mhw-mulx\libgcc.a(_umoddi3.o)
 .comment       0x00000000       0x27 c:/altera/13.0sp1/nios2eds/bin/gnu/h-i686-mingw32/bin/../lib/gcc/nios2-elf/4.1.2/mhw-mulx\libgcc.a(_addsub_df.o)
 .comment       0x00000000       0x27 c:/altera/13.0sp1/nios2eds/bin/gnu/h-i686-mingw32/bin/../lib/gcc/nios2-elf/4.1.2/mhw-mulx\libgcc.a(_mul_df.o)
 .comment       0x00000000       0x27 c:/altera/13.0sp1/nios2eds/bin/gnu/h-i686-mingw32/bin/../lib/gcc/nios2-elf/4.1.2/mhw-mulx\libgcc.a(_div_df.o)
 .comment       0x00000000       0x27 c:/altera/13.0sp1/nios2eds/bin/gnu/h-i686-mingw32/bin/../lib/gcc/nios2-elf/4.1.2/mhw-mulx\libgcc.a(_eq_df.o)
 .comment       0x00000000       0x27 c:/altera/13.0sp1/nios2eds/bin/gnu/h-i686-mingw32/bin/../lib/gcc/nios2-elf/4.1.2/mhw-mulx\libgcc.a(_ne_df.o)
 .comment       0x00000000       0x27 c:/altera/13.0sp1/nios2eds/bin/gnu/h-i686-mingw32/bin/../lib/gcc/nios2-elf/4.1.2/mhw-mulx\libgcc.a(_gt_df.o)
 .comment       0x00000000       0x27 c:/altera/13.0sp1/nios2eds/bin/gnu/h-i686-mingw32/bin/../lib/gcc/nios2-elf/4.1.2/mhw-mulx\libgcc.a(_ge_df.o)
 .comment       0x00000000       0x27 c:/altera/13.0sp1/nios2eds/bin/gnu/h-i686-mingw32/bin/../lib/gcc/nios2-elf/4.1.2/mhw-mulx\libgcc.a(_lt_df.o)
 .comment       0x00000000       0x27 c:/altera/13.0sp1/nios2eds/bin/gnu/h-i686-mingw32/bin/../lib/gcc/nios2-elf/4.1.2/mhw-mulx\libgcc.a(_si_to_df.o)
 .comment       0x00000000       0x27 c:/altera/13.0sp1/nios2eds/bin/gnu/h-i686-mingw32/bin/../lib/gcc/nios2-elf/4.1.2/mhw-mulx\libgcc.a(_df_to_si.o)
 .comment       0x00000000       0x27 c:/altera/13.0sp1/nios2eds/bin/gnu/h-i686-mingw32/bin/../lib/gcc/nios2-elf/4.1.2/mhw-mulx\libgcc.a(_thenan_df.o)
 .comment       0x00000000       0x27 c:/altera/13.0sp1/nios2eds/bin/gnu/h-i686-mingw32/bin/../lib/gcc/nios2-elf/4.1.2/mhw-mulx\libgcc.a(_usi_to_df.o)
 .comment       0x00000000       0x27 c:/altera/13.0sp1/nios2eds/bin/gnu/h-i686-mingw32/bin/../lib/gcc/nios2-elf/4.1.2/mhw-mulx\libgcc.a(_unpack_df.o)
 .comment       0x00000000       0x27 c:/altera/13.0sp1/nios2eds/bin/gnu/h-i686-mingw32/bin/../lib/gcc/nios2-elf/4.1.2/mhw-mulx\libgcc.a(_fpcmp_parts_df.o)
 .comment       0x00000000       0x27 ../DE4_DDR2_test_bsp/\libhal_bsp.a(alt_close.o)
 .comment       0x00000000       0x27 ../DE4_DDR2_test_bsp/\libhal_bsp.a(alt_dcache_flush_all.o)
 .comment       0x00000000       0x27 ../DE4_DDR2_test_bsp/\libhal_bsp.a(alt_dev.o)
 .comment       0x00000000       0x27 ../DE4_DDR2_test_bsp/\libhal_bsp.a(alt_errno.o)
 .comment       0x00000000       0x27 ../DE4_DDR2_test_bsp/\libhal_bsp.a(alt_fstat.o)
 .comment       0x00000000       0x27 ../DE4_DDR2_test_bsp/\libhal_bsp.a(alt_isatty.o)
 .comment       0x00000000       0x27 ../DE4_DDR2_test_bsp/\libhal_bsp.a(alt_load.o)
 .comment       0x00000000       0x27 ../DE4_DDR2_test_bsp/\libhal_bsp.a(alt_lseek.o)
 .comment       0x00000000       0x27 ../DE4_DDR2_test_bsp/\libhal_bsp.a(alt_main.o)
 .comment       0x00000000       0x27 ../DE4_DDR2_test_bsp/\libhal_bsp.a(alt_malloc_lock.o)
 .comment       0x00000000       0x27 ../DE4_DDR2_test_bsp/\libhal_bsp.a(alt_read.o)
 .comment       0x00000000       0x27 ../DE4_DDR2_test_bsp/\libhal_bsp.a(alt_release_fd.o)
 .comment       0x00000000       0x27 ../DE4_DDR2_test_bsp/\libhal_bsp.a(alt_sbrk.o)
 .comment       0x00000000       0x27 ../DE4_DDR2_test_bsp/\libhal_bsp.a(alt_tick.o)
 .comment       0x00000000       0x27 ../DE4_DDR2_test_bsp/\libhal_bsp.a(alt_usleep.o)
 .comment       0x00000000       0x27 ../DE4_DDR2_test_bsp/\libhal_bsp.a(alt_write.o)
 .comment       0x00000000       0x27 ../DE4_DDR2_test_bsp/\libhal_bsp.a(alt_sys_init.o)
 .comment       0x00000000       0x27 ../DE4_DDR2_test_bsp/\libhal_bsp.a(altera_avalon_dma.o)
 .comment       0x00000000       0x27 ../DE4_DDR2_test_bsp/\libhal_bsp.a(altera_avalon_jtag_uart_fd.o)
 .comment       0x00000000       0x27 ../DE4_DDR2_test_bsp/\libhal_bsp.a(altera_avalon_jtag_uart_init.o)
 .comment       0x00000000       0x27 ../DE4_DDR2_test_bsp/\libhal_bsp.a(altera_avalon_jtag_uart_ioctl.o)
 .comment       0x00000000       0x27 ../DE4_DDR2_test_bsp/\libhal_bsp.a(altera_avalon_jtag_uart_read.o)
 .comment       0x00000000       0x27 ../DE4_DDR2_test_bsp/\libhal_bsp.a(altera_avalon_jtag_uart_write.o)
 .comment       0x00000000       0x27 ../DE4_DDR2_test_bsp/\libhal_bsp.a(altera_avalon_timer_sc.o)
 .comment       0x00000000       0x27 ../DE4_DDR2_test_bsp/\libhal_bsp.a(alt_alarm_start.o)
 .comment       0x00000000       0x27 ../DE4_DDR2_test_bsp/\libhal_bsp.a(alt_busy_sleep.o)
 .comment       0x00000000       0x27 ../DE4_DDR2_test_bsp/\libhal_bsp.a(alt_dev_llist_insert.o)
 .comment       0x00000000       0x27 ../DE4_DDR2_test_bsp/\libhal_bsp.a(alt_dma_rxchan_open.o)
 .comment       0x00000000       0x27 ../DE4_DDR2_test_bsp/\libhal_bsp.a(alt_dma_txchan_open.o)
 .comment       0x00000000       0x27 ../DE4_DDR2_test_bsp/\libhal_bsp.a(alt_do_ctors.o)
 .comment       0x00000000       0x27 ../DE4_DDR2_test_bsp/\libhal_bsp.a(alt_do_dtors.o)
 .comment       0x00000000       0x27 ../DE4_DDR2_test_bsp/\libhal_bsp.a(alt_find_dev.o)
 .comment       0x00000000       0x27 ../DE4_DDR2_test_bsp/\libhal_bsp.a(alt_icache_flush_all.o)
 .comment       0x00000000       0x27 ../DE4_DDR2_test_bsp/\libhal_bsp.a(alt_iic.o)
 .comment       0x00000000       0x27 ../DE4_DDR2_test_bsp/\libhal_bsp.a(alt_iic_isr_register.o)
 .comment       0x00000000       0x27 ../DE4_DDR2_test_bsp/\libhal_bsp.a(alt_io_redirect.o)
 .comment       0x00000000       0x27 ../DE4_DDR2_test_bsp/\libhal_bsp.a(alt_irq_handler.o)
 .comment       0x00000000       0x27 ../DE4_DDR2_test_bsp/\libhal_bsp.a(alt_irq_vars.o)
 .comment       0x00000000       0x27 ../DE4_DDR2_test_bsp/\libhal_bsp.a(alt_open.o)
 .comment       0x00000000       0x27 ../DE4_DDR2_test_bsp/\libhal_bsp.a(altera_nios2_qsys_irq.o)
 .comment       0x00000000       0x27 ../DE4_DDR2_test_bsp/\libhal_bsp.a(alt_find_file.o)
 .comment       0x00000000       0x27 ../DE4_DDR2_test_bsp/\libhal_bsp.a(alt_get_fd.o)
 .comment       0x00000000       0x27 ../DE4_DDR2_test_bsp/\libhal_bsp.a(alt_icache_flush.o)
 .comment       0x00000000       0x27 c:/altera/13.0sp1/nios2eds/bin/gnu/h-i686-mingw32/bin/../lib/gcc/nios2-elf/4.1.2/../../../../nios2-elf/lib/mhw-mulx\libc.a(lib_a-atexit.o)
 .comment       0x00000000       0x27 c:/altera/13.0sp1/nios2eds/bin/gnu/h-i686-mingw32/bin/../lib/gcc/nios2-elf/4.1.2/../../../../nios2-elf/lib/mhw-mulx\libc.a(lib_a-exit.o)
 .comment       0x00000000       0x27 c:/altera/13.0sp1/nios2eds/bin/gnu/h-i686-mingw32/bin/../lib/gcc/nios2-elf/4.1.2/../../../../nios2-elf/lib/mhw-mulx\libc.a(lib_a-memcmp.o)
 .comment       0x00000000       0x27 c:/altera/13.0sp1/nios2eds/bin/gnu/h-i686-mingw32/bin/../lib/gcc/nios2-elf/4.1.2/../../../../nios2-elf/lib/mhw-mulx\libc.a(lib_a-__atexit.o)
 .comment       0x00000000       0x27 c:/altera/13.0sp1/nios2eds/bin/gnu/h-i686-mingw32/bin/../lib/gcc/nios2-elf/4.1.2/../../../../nios2-elf/lib/mhw-mulx\libc.a(lib_a-__call_atexit.o)
 .comment       0x00000000       0x27 ../DE4_DDR2_test_bsp/\libhal_bsp.a(alt_exit.o)

.debug
 *(.debug)

.line
 *(.line)

.debug_srcinfo
 *(.debug_srcinfo)

.debug_sfnames
 *(.debug_sfnames)

.debug_aranges  0x00000000      0xe78
 *(.debug_aranges)
 .debug_aranges
                0x00000000       0x28 ../DE4_DDR2_test_bsp//obj/HAL/src/crt0.o
 .debug_aranges
                0x00000028       0x20 obj/default/I2C.o
 .debug_aranges
                0x00000048       0x20 obj/default/main.o
 .debug_aranges
                0x00000068       0x20 obj/default/mem_test.o
 .debug_aranges
                0x00000088       0x20 c:/altera/13.0sp1/nios2eds/bin/gnu/h-i686-mingw32/bin/../lib/gcc/nios2-elf/4.1.2/mhw-mulx\libgcc.a(_div_sf.o)
 .debug_aranges
                0x000000a8       0x20 c:/altera/13.0sp1/nios2eds/bin/gnu/h-i686-mingw32/bin/../lib/gcc/nios2-elf/4.1.2/mhw-mulx\libgcc.a(_si_to_sf.o)
 .debug_aranges
                0x000000c8       0x20 c:/altera/13.0sp1/nios2eds/bin/gnu/h-i686-mingw32/bin/../lib/gcc/nios2-elf/4.1.2/mhw-mulx\libgcc.a(_sf_to_df.o)
 .debug_aranges
                0x000000e8       0x20 c:/altera/13.0sp1/nios2eds/bin/gnu/h-i686-mingw32/bin/../lib/gcc/nios2-elf/4.1.2/mhw-mulx\libgcc.a(_usi_to_sf.o)
 .debug_aranges
                0x00000108       0x20 c:/altera/13.0sp1/nios2eds/bin/gnu/h-i686-mingw32/bin/../lib/gcc/nios2-elf/4.1.2/mhw-mulx\libgcc.a(_make_df.o)
 .debug_aranges
                0x00000128       0x20 c:/altera/13.0sp1/nios2eds/bin/gnu/h-i686-mingw32/bin/../lib/gcc/nios2-elf/4.1.2/mhw-mulx\libgcc.a(lib2-divmod.o)
 .debug_aranges
                0x00000148       0x20 c:/altera/13.0sp1/nios2eds/bin/gnu/h-i686-mingw32/bin/../lib/gcc/nios2-elf/4.1.2/mhw-mulx\libgcc.a(_clzsi2.o)
 .debug_aranges
                0x00000168       0x20 c:/altera/13.0sp1/nios2eds/bin/gnu/h-i686-mingw32/bin/../lib/gcc/nios2-elf/4.1.2/mhw-mulx\libgcc.a(_pack_sf.o)
 .debug_aranges
                0x00000188       0x20 c:/altera/13.0sp1/nios2eds/bin/gnu/h-i686-mingw32/bin/../lib/gcc/nios2-elf/4.1.2/mhw-mulx\libgcc.a(_unpack_sf.o)
 .debug_aranges
                0x000001a8       0x20 c:/altera/13.0sp1/nios2eds/bin/gnu/h-i686-mingw32/bin/../lib/gcc/nios2-elf/4.1.2/mhw-mulx\libgcc.a(_pack_df.o)
 .debug_aranges