Archive member included because of file (symbol)

c:/altera/13.0sp1/nios2eds/bin/gnu/h-i686-mingw32/bin/../lib/gcc/nios2-elf/4.1.2/mhw-mulx\libgcc.a(_div_sf.o)
                              obj/default/main.o (__divsf3)
c:/altera/13.0sp1/nios2eds/bin/gnu/h-i686-mingw32/bin/../lib/gcc/nios2-elf/4.1.2/mhw-mulx\libgcc.a(_si_to_sf.o)
                              obj/default/main.o (__floatsisf)
c:/altera/13.0sp1/nios2eds/bin/gnu/h-i686-mingw32/bin/../lib/gcc/nios2-elf/4.1.2/mhw-mulx\libgcc.a(_sf_to_df.o)
                              obj/default/main.o (__extendsfdf2)
c:/altera/13.0sp1/nios2eds/bin/gnu/h-i686-mingw32/bin/../lib/gcc/nios2-elf/4.1.2/mhw-mulx\libgcc.a(_thenan_sf.o)
                              c:/altera/13.0sp1/nios2eds/bin/gnu/h-i686-mingw32/bin/../lib/gcc/nios2-elf/4.1.2/mhw-mulx\libgcc.a(_div_sf.o) (__thenan_sf)
c:/altera/13.0sp1/nios2eds/bin/gnu/h-i686-mingw32/bin/../lib/gcc/nios2-elf/4.1.2/mhw-mulx\libgcc.a(_usi_to_sf.o)
                              obj/default/main.o (__floatunsisf)
c:/altera/13.0sp1/nios2eds/bin/gnu/h-i686-mingw32/bin/../lib/gcc/nios2-elf/4.1.2/mhw-mulx\libgcc.a(_make_df.o)
                              c:/altera/13.0sp1/nios2eds/bin/gnu/h-i686-mingw32/bin/../lib/gcc/nios2-elf/4.1.2/mhw-mulx\libgcc.a(_sf_to_df.o) (__make_dp)
c:/altera/13.0sp1/nios2eds/bin/gnu/h-i686-mingw32/bin/../lib/gcc/nios2-elf/4.1.2/mhw-mulx\libgcc.a(lib2-divmod.o)
                              obj/default/mem_init.o (__divsi3)
c:/altera/13.0sp1/nios2eds/bin/gnu/h-i686-mingw32/bin/../lib/gcc/nios2-elf/4.1.2/mhw-mulx\libgcc.a(_clzsi2.o)
                              c:/altera/13.0sp1/nios2eds/bin/gnu/h-i686-mingw32/bin/../lib/gcc/nios2-elf/4.1.2/mhw-mulx\libgcc.a(_si_to_sf.o) (__clzsi2)
c:/altera/13.0sp1/nios2eds/bin/gnu/h-i686-mingw32/bin/../lib/gcc/nios2-elf/4.1.2/mhw-mulx\libgcc.a(_pack_sf.o)
                              c:/altera/13.0sp1/nios2eds/bin/gnu/h-i686-mingw32/bin/../lib/gcc/nios2-elf/4.1.2/mhw-mulx\libgcc.a(_div_sf.o) (__pack_f)
c:/altera/13.0sp1/nios2eds/bin/gnu/h-i686-mingw32/bin/../lib/gcc/nios2-elf/4.1.2/mhw-mulx\libgcc.a(_unpack_sf.o)
                              c:/altera/13.0sp1/nios2eds/bin/gnu/h-i686-mingw32/bin/../lib/gcc/nios2-elf/4.1.2/mhw-mulx\libgcc.a(_div_sf.o) (__unpack_f)
c:/altera/13.0sp1/nios2eds/bin/gnu/h-i686-mingw32/bin/../lib/gcc/nios2-elf/4.1.2/mhw-mulx\libgcc.a(_pack_df.o)
                              c:/altera/13.0sp1/nios2eds/bin/gnu/h-i686-mingw32/bin/../lib/gcc/nios2-elf/4.1.2/mhw-mulx\libgcc.a(_make_df.o) (__pack_d)
c:/altera/13.0sp1/nios2eds/bin/gnu/h-i686-mingw32/bin/../lib/gcc/nios2-elf/4.1.2/mhw-mulx\libgcc.a(_clz.o)
                              c:/altera/13.0sp1/nios2eds/bin/gnu/h-i686-mingw32/bin/../lib/gcc/nios2-elf/4.1.2/mhw-mulx\libgcc.a(_clzsi2.o) (__clz_tab)
c:/altera/13.0sp1/nios2eds/bin/gnu/h-i686-mingw32/bin/../lib/gcc/nios2-elf/4.1.2/../../../../nios2-elf/lib/mhw-mulx\libc.a(lib_a-exit.o)
                              obj/default/dma_ctr.o (exit)
c:/altera/13.0sp1/nios2eds/bin/gnu/h-i686-mingw32/bin/../lib/gcc/nios2-elf/4.1.2/../../../../nios2-elf/lib/mhw-mulx\libc.a(lib_a-getc.o)
                              obj/default/main.o (getc)
c:/altera/13.0sp1/nios2eds/bin/gnu/h-i686-mingw32/bin/../lib/gcc/nios2-elf/4.1.2/../../../../nios2-elf/lib/mhw-mulx\libc.a(lib_a-impure.o)
                              obj/default/main.o (_impure_ptr)
c:/altera/13.0sp1/nios2eds/bin/gnu/h-i686-mingw32/bin/../lib/gcc/nios2-elf/4.1.2/../../../../nios2-elf/lib/mhw-mulx\libc.a(lib_a-memcpy.o)
                              obj/default/mem_init.o (memcpy)
c:/altera/13.0sp1/nios2eds/bin/gnu/h-i686-mingw32/bin/../lib/gcc/nios2-elf/4.1.2/../../../../nios2-elf/lib/mhw-mulx\libc.a(lib_a-printf.o)
                              obj/default/dma_ctr.o (printf)
c:/altera/13.0sp1/nios2eds/bin/gnu/h-i686-mingw32/bin/../lib/gcc/nios2-elf/4.1.2/../../../../nios2-elf/lib/mhw-mulx\libc.a(lib_a-putchar.o)
                              obj/default/mem_test.o (putchar)
c:/altera/13.0sp1/nios2eds/bin/gnu/h-i686-mingw32/bin/../lib/gcc/nios2-elf/4.1.2/../../../../nios2-elf/lib/mhw-mulx\libc.a(lib_a-puts.o)
                              obj/default/dma_ctr.o (puts)
c:/altera/13.0sp1/nios2eds/bin/gnu/h-i686-mingw32/bin/../lib/gcc/nios2-elf/4.1.2/../../../../nios2-elf/lib/mhw-mulx\libc.a(lib_a-rget.o)
                              c:/altera/13.0sp1/nios2eds/bin/gnu/h-i686-mingw32/bin/../lib/gcc/nios2-elf/4.1.2/../../../../nios2-elf/lib/mhw-mulx\libc.a(lib_a-getc.o) (__srget_r)
c:/altera/13.0sp1/nios2eds/bin/gnu/h-i686-mingw32/bin/../lib/gcc/nios2-elf/4.1.2/../../../../nios2-elf/lib/mhw-mulx\libc.a(lib_a-strlen.o)
                              c:/altera/13.0sp1/nios2eds/bin/gnu/h-i686-mingw32/bin/../lib/gcc/nios2-elf/4.1.2/../../../../nios2-elf/lib/mhw-mulx\libc.a(lib_a-puts.o) (strlen)
c:/altera/13.0sp1/nios2eds/bin/gnu/h-i686-mingw32/bin/../lib/gcc/nios2-elf/4.1.2/../../../../nios2-elf/lib/mhw-mulx\libc.a(lib_a-vfprintf.o)
[...]
Memory Configuration

Name             Origin             Length             Attributes
mem_if_ddr2_emif 0x00000000         0x40000000
reset            0x41020000         0x00000020
onchip_memory    0x41020020         0x0001f3e0
*default*        0x00000000         0xffffffff

Linker script and memory map

LOAD ../DE4_DDR2_test_bsp//obj/HAL/src/crt0.o
LOAD obj/default/I2C.o
LOAD obj/default/dma_ctr.o
LOAD obj/default/main.o
LOAD obj/default/mem_init.o
LOAD obj/default/mem_test.o
LOAD c:/altera/13.0sp1/nios2eds/bin/gnu/h-i686-mingw32/bin/../lib/gcc/nios2-elf/4.1.2/../../../../nios2-elf/lib/mhw-mulx\libstdc++.a
LOAD c:/altera/13.0sp1/nios2eds/bin/gnu/h-i686-mingw32/bin/../lib/gcc/nios2-elf/4.1.2/../../../../nios2-elf/lib/mhw-mulx\libm.a
LOAD c:/altera/13.0sp1/nios2eds/bin/gnu/h-i686-mingw32/bin/../lib/gcc/nios2-elf/4.1.2/mhw-mulx\libgcc.a
START GROUP
LOAD c:/altera/13.0sp1/nios2eds/bin/gnu/h-i686-mingw32/bin/../lib/gcc/nios2-elf/4.1.2/../../../../nios2-elf/lib/mhw-mulx\libc.a
LOAD c:/altera/13.0sp1/nios2eds/bin/gnu/h-i686-mingw32/bin/../lib/gcc/nios2-elf/4.1.2/mhw-mulx\libgcc.a
LOAD ../DE4_DDR2_test_bsp/\libhal_bsp.a
END GROUP
LOAD c:/altera/13.0sp1/nios2eds/bin/gnu/h-i686-mingw32/bin/../lib/gcc/nios2-elf/4.1.2/mhw-mulx\libgcc.a
                0x00000000                __alt_mem_mem_if_ddr2_emif = 0x0
                0x41020000                __alt_mem_onchip_memory = 0x41020000

.entry          0x41020000       0x20
 *(.entry)
 .entry         0x41020000       0x20 ../DE4_DDR2_test_bsp//obj/HAL/src/crt0.o
                0x41020000                __reset

.exceptions     0x41020020      0x194
                0x41020020                PROVIDE (__ram_exceptions_start, ABSOLUTE (.))
                0x41020020                . = ALIGN (0x20)
 *(.irq)
 *(.exceptions.entry.label)
 .exceptions.entry.label
                0x41020020        0x0 ../DE4_DDR2_test_bsp/\libhal_bsp.a(alt_irq_entry.o)
                0x41020020                alt_irq_entry
 .exceptions.entry.label
                0x41020020        0x0 ../DE4_DDR2_test_bsp/\libhal_bsp.a(alt_exception_entry.o)
                0x41020020                alt_exception
 *(.exceptions.entry.user)
 *(.exceptions.entry)
 .exceptions.entry
                0x41020020       0x54 ../DE4_DDR2_test_bsp/\libhal_bsp.a(alt_exception_entry.o)
 *(.exceptions.irqtest.user)
 *(.exceptions.irqtest)
 .exceptions.irqtest
                0x41020074       0x10 ../DE4_DDR2_test_bsp/\libhal_bsp.a(alt_irq_entry.o)
 *(.exceptions.irqhandler.user)
 *(.exceptions.irqhandler)
 .exceptions.irqhandler
                0x41020084        0x4 ../DE4_DDR2_test_bsp/\libhal_bsp.a(alt_irq_entry.o)
 *(.exceptions.irqreturn.user)
 *(.exceptions.irqreturn)
 .exceptions.irqreturn
                0x41020088        0x4 ../DE4_DDR2_test_bsp/\libhal_bsp.a(alt_irq_entry.o)
 *(.exceptions.notirq.label)
 .exceptions.notirq.label
                0x4102008c        0x0 ../DE4_DDR2_test_bsp/\libhal_bsp.a(alt_irq_entry.o)
 *(.exceptions.notirq.user)
 *(.exceptions.notirq)
 .exceptions.notirq
                0x4102008c        0x8 ../DE4_DDR2_test_bsp/\libhal_bsp.a(alt_exception_entry.o)
 *(.exceptions.soft.user)
 *(.exceptions.soft)
 *(.exceptions.unknown.user)
 *(.exceptions.unknown)
 .exceptions.unknown
                0x41020094        0x4 ../DE4_DDR2_test_bsp/\libhal_bsp.a(alt_exception_entry.o)
 *(.exceptions.exit.label)
 .exceptions.exit.label
                0x41020098        0x0 ../DE4_DDR2_test_bsp/\libhal_bsp.a(alt_irq_entry.o)
 .exceptions.exit.label
                0x41020098        0x0 ../DE4_DDR2_test_bsp/\libhal_bsp.a(alt_exception_entry.o)
 *(.exceptions.exit.user)
 *(.exceptions.exit)
 .exceptions.exit
                0x41020098       0x54 ../DE4_DDR2_test_bsp/\libhal_bsp.a(alt_exception_entry.o)
 *(.exceptions)
 .exceptions    0x410200ec       0xc8 ../DE4_DDR2_test_bsp/\libhal_bsp.a(alt_irq_handler.o)
                0x410200ec                alt_irq_handler
                0x410201b4                PROVIDE (__ram_exceptions_end, ABSOLUTE (.))
                0x41020020                PROVIDE (__flash_exceptions_start, LOADADDR (.exceptions))

.text           0x410201b4     0xf37c
                0x410201b4                PROVIDE (stext, ABSOLUTE (.))
 *(.interp)
 *(.hash)
 *(.dynsym)
 *(.dynstr)
 *(.gnu.version)
 *(.gnu.version_d)
 *(.gnu.version_r)
 *(.rel.init)
 *(.rela.init)
 *(.rel.text .rel.text.* .rel.gnu.linkonce.t.*)
 *(.rela.text .rela.text.* .rela.gnu.linkonce.t.*)
 *(.rel.fini)
 *(.rela.fini)
 *(.rel.rodata .rel.rodata.* .rel.gnu.linkonce.r.*)
 *(.rela.rodata .rela.rodata.* .rela.gnu.linkonce.r.*)
 *(.rel.data .rel.data.* .rel.gnu.linkonce.d.*)
 *(.rela.data .rela.data.* .rela.gnu.linkonce.d.*)
 *(.rel.tdata .rel.tdata.* .rel.gnu.linkonce.td.*)
 *(.rela.tdata .rela.tdata.* .rela.gnu.linkonce.td.*)
 *(.rel.tbss .rel.tbss.* .rel.gnu.linkonce.tb.*)
 *(.rela.tbss .rela.tbss.* .rela.gnu.linkonce.tb.*)
 *(.rel.ctors)
 *(.rela.ctors)
 *(.rel.dtors)
 *(.rela.dtors)
 *(.rel.got)
 *(.rela.got)
 *(.rel.sdata .rel.sdata.* .rel.gnu.linkonce.s.*)
 *(.rela.sdata .rela.sdata.* .rela.gnu.linkonce.s.*)
 *(.rel.sbss .rel.sbss.* .rel.gnu.linkonce.sb.*)
 *(.rela.sbss .rela.sbss.* .rela.gnu.linkonce.sb.*)
 *(.rel.sdata2 .rel.sdata2.* .rel.gnu.linkonce.s2.*)
 *(.rela.sdata2 .rela.sdata2.* .rela.gnu.linkonce.s2.*)
 *(.rel.sbss2 .rel.sbss2.* .rel.gnu.linkonce.sb2.*)
 *(.rela.sbss2 .rela.sbss2.* .rela.gnu.linkonce.sb2.*)
 *(.rel.bss .rel.bss.* .rel.gnu.linkonce.b.*)
 *(.rela.bss .rela.bss.* .rela.gnu.linkonce.b.*)
 *(.rel.plt)
 *(.rela.plt)
 *(.rel.dyn)
 *(.init)
 *(.plt)
 *(.text .stub .text.* .gnu.linkonce.t.*)
 .text          0x410201b4       0x4c ../DE4_DDR2_test_bsp//obj/HAL/src/crt0.o
                0x410201b4                _start
 .text          0x41020200      0x6ac obj/default/I2C.o
                0x41020200                I2C_Write
                0x410202d8                I2C_Read
                0x410203dc                I2C_MultipleRead
                0x4102053c                i2c_start
                0x410205c4                i2c_stop
                0x4102063c                i2c_write
                0x41020760                i2c_read
 .text          0x410208ac      0x4e0 obj/default/dma_ctr.o
                0x410208ac                done_func
                0x410208f8                dma_transmit
                0x41020b38                dma_receive
 .text          0x41020d8c      0x388 obj/default/main.o
                0x41020d8c                main
 .text          0x41021114      0x238 obj/default/mem_init.o
                0x41021114                mem_init
 .text          0x4102134c      0x4b8 obj/default/mem_test.o
                0x4102134c                TMEM_Verify
 .text          0x41021804      0x174 c:/altera/13.0sp1/nios2eds/bin/gnu/h-i686-mingw32/bin/../lib/gcc/nios2-elf/4.1.2/mhw-mulx\libgcc.a(_div_sf.o)
                0x41021804                __divsf3
 .text          0x41021978       0x98 c:/altera/13.0sp1/nios2eds/bin/gnu/h-i686-mingw32/bin/../lib/gcc/nios2-elf/4.1.2/mhw-mulx\libgcc.a(_si_to_sf.o)
                0x41021978                __floatsisf
 .text          0x41021a10       0x54 c:/altera/13.0sp1/nios2eds/bin/gnu/h-i686-mingw32/bin/../lib/gcc/nios2-elf/4.1.2/mhw-mulx\libgcc.a(_sf_to_df.o)
                0x41021a10                __extendsfdf2
 .text          0x41021a64        0x0 c:/altera/13.0sp1/nios2eds/bin/gnu/h-i686-mingw32/bin/../lib/gcc/nios2-elf/4.1.2/mhw-mulx\libgcc.a(_thenan_sf.o)
 .text          0x41021a64       0xc0 c:/altera/13.0sp1/nios2eds/bin/gnu/h-i686-mingw32/bin/../lib/gcc/nios2-elf/4.1.2/mhw-mulx\libgcc.a(_usi_to_sf.o)
                0x41021a64                __floatunsisf
 .text          0x41021b24       0x38 c:/altera/13.0sp1/nios2eds/bin/gnu/h-i686-mingw32/bin/../lib/gcc/nios2-elf/4.1.2/mhw-mulx\libgcc.a(_make_df.o)
                0x41021b24                __make_dp
 .text          0x41021b5c      0x14c c:/altera/13.0sp1/nios2eds/bin/gnu/h-i686-mingw32/bin/../lib/gcc/nios2-elf/4.1.2/mhw-mulx\libgcc.a(lib2-divmod.o)
                0x41021bd8                __divsi3
                0x41021c38                __modsi3
                0x41021c98                __udivsi3
                0x41021ca0                __umodsi3
 .text          0x41021ca8       0x80 c:/altera/13.0sp1/nios2eds/bin/gnu/h-i686-mingw32/bin/../lib/gcc/nios2-elf/4.1.2/mhw-mulx\libgcc.a(_clzsi2.o)
                0x41021ca8                __clzsi2
 .text          0x41021d28      0x160 c:/altera/13.0sp1/nios2eds/bin/gnu/h-i686-mingw32/bin/../lib/gcc/nios2-elf/4.1.2/mhw-mulx\libgcc.a(_pack_sf.o)
                0x41021d28                __pack_f
 .text          0x41021e88       0xc8 c:/altera/13.0sp1/nios2eds/bin/gnu/h-i686-mingw32/bin/../lib/gcc/nios2-elf/4.1.2/mhw-mulx\libgcc.a(_unpack_sf.o)
                0x41021e88                __unpack_f
 .text          0x41021f50      0x314 c:/altera/13.0sp1/nios2eds/bin/gnu/h-i686-mingw32/bin/../lib/gcc/nios2-elf/4.1.2/mhw-mulx\libgcc.a(_pack_df.o)
                0x41021f50                __pack_d
 .text          0x41022264        0x0 c:/altera/13.0sp1/nios2eds/bin/gnu/h-i686-mingw32/bin/../lib/gcc/nios2-elf/4.1.2/mhw-mulx\libgcc.a(_clz.o)
 .text          0x41022264       0x38 c:/altera/13.0sp1/nios2eds/bin/gnu/h-i686-mingw32/bin/../lib/gcc/nios2-elf/4.1.2/../../../../nios2-elf/lib/mhw-mulx\libc.a(lib_a-exit.o)
                0x41022264                exit
 .text          0x4102229c      0x128 c:/altera/13.0sp1/nios2eds/bin/gnu/h-i686-mingw32/bin/../lib/gcc/nios2-elf/4.1.2/../../../../nios2-elf/lib/mhw-mulx\libc.a(lib_a-getc.o)
                0x4102229c                getc
                0x41022334                _getc_r
 .text          0x410223c4        0x0 c:/altera/13.0sp1/nios2eds/bin/gnu/h-i686-mingw32/bin/../lib/gcc/nios2-elf/4.1.2/../../../../nios2-elf/lib/mhw-mulx\libc.a(lib_a-impure.o)
 .text          0x410223c4       0xa0 c:/altera/13.0sp1/nios2eds/bin/gnu/h-i686-mingw32/bin/../lib/gcc/nios2-elf/4.1.2/../../../../nios2-elf/lib/mhw-mulx\libc.a(lib_a-memcpy.o)
                0x410223c4                memcpy
 .text          0x41022464       0x78 c:/altera/13.0sp1/nios2eds/bin/gnu/h-i686-mingw32/bin/../lib/gcc/nios2-elf/4.1.2/../../../../nios2-elf/lib/mhw-mulx\libc.a(lib_a-printf.o)
                0x41022464                printf
                0x410224a8                _printf_r
 .text          0x410224dc       0x24 c:/altera/13.0sp1/nios2eds/bin/gnu/h-i686-mingw32/bin/../lib/gcc/nios2-elf/4.1.2/../../../../nios2-elf/lib/mhw-mulx\libc.a(lib_a-putchar.o)
                0x410224dc                putchar
                0x410224f8                _putchar_r
 .text          0x41022500       0xb4 c:/altera/13.0sp1/nios2eds/bin/gnu/h-i686-mingw32/bin/../lib/gcc/nios2-elf/4.1.2/../../../../nios2-elf/lib/mhw-mulx\libc.a(lib_a-puts.o)
                0x41022500                _puts_r
                0x410225a0                puts
 .text          0x410225b4       0x60 c:/altera/13.0sp1/nios2eds/bin/gnu/h-i686-mingw32/bin/../lib/gcc/nios2-elf/4.1.2/../../../../nios2-elf/lib/mhw-mulx\libc.a(lib_a-rget.o)
                0x410225b4                __srget_r
                0x41022600                __srget
 .text          0x41022614       0x74 c:/altera/13.0sp1/nios2eds/bin/gnu/h-i686-mingw32/bin/../lib/gcc/nios2-elf/4.1.2/../../../../nios2-elf/lib/mhw-mulx\libc.a(lib_a-strlen.o)
                0x41022614                strlen
 .text          0x41022688     0x1f28 c:/altera/13.0sp1/nios2eds/bin/gnu/h-i686-mingw32/bin/../lib/gcc/nios2-elf/4.1.2/../../../../nios2-elf/lib/mhw-mulx\libc.a(lib_a-vfprintf.o)
                0x410226e0                ___vfprintf_internal_r
                0x4102458c                __vfprintf_internal
 .text          0x410245b0      0x13c c:/altera/13.0sp1/nios2eds/bin/gnu/h-i686-mingw32/bin/../lib/gcc/nios2-elf/4.1.2/../../../../nios2-elf/lib/mhw-mulx\libc.a(lib_a-wsetup.o)
                0x410245b0                __swsetup_r
 .text          0x410246ec      0x1b4 c:/altera/13.0sp1/nios2eds/bin/gnu/h-i686-mingw32/bin/../lib/gcc/nios2-elf/4.1.2/../../../../nios2-elf/lib/mhw-mulx\libc.a(lib_a-__call_atexit.o)
                0x410246f0                __call_exitprocs
 .text          0x410248a0     0x17cc c:/altera/13.0sp1/nios2eds/bin/gnu/h-i686-mingw32/bin/../lib/gcc/nios2-elf/4.1.2/../../../../nios2-elf/lib/mhw-mulx\libc.a(lib_a-dtoa.o)
                0x41024ab8                _dtoa_r
 .text          0x4102606c      0x230 c:/altera/13.0sp1/nios2eds/bin/gnu/h-i686-mingw32/bin/../lib/gcc/nios2-elf/4.1.2/../../../../nios2-elf/lib/mhw-mulx\libc.a(lib_a-fflush.o)
                0x4102606c                _fflush_r
                0x41026268                fflush
 .text          0x4102629c      0x2c0 c:/altera/13.0sp1/nios2eds/bin/gnu/h-i686-mingw32/bin/../lib/gcc/nios2-elf/4.1.2/../../../../nios2-elf/lib/mhw-mulx\libc.a(lib_a-findfp.o)
                0x410262f4                __sfp_lock_acquire
                0x410262f8                __sfp_lock_release
                0x410262fc                __sinit_lock_acquire
                0x41026300                __sinit_lock_release
                0x41026304                __sinit
                0x410263b8                __fp_unlock_all
                0x410263d0                __fp_lock_all
                0x410263e8                _cleanup_r
                0x410263f4                _cleanup
                0x41026404                __sfmoreglue
                0x4102646c                __sfp
 .text          0x4102655c      0x440 c:/altera/13.0sp1/nios2eds/bin/gnu/h-i686-mingw32/bin/../lib/gcc/nios2-elf/4.1.2/../../../../nios2-elf/lib/mhw-mulx\libc.a(lib_a-freer.o)
                0x4102655c                _malloc_trim_r
                0x41026688                _free_r
 .text          0x4102699c      0x49c c:/altera/13.0sp1/nios2eds/bin/gnu/h-i686-mingw32/bin/../lib/gcc/nios2-elf/4.1.2/../../../../nios2-elf/lib/mhw-mulx\libc.a(lib_a-fvwrite.o)
                0x4102699c                __sfvwrite_r
 .text          0x41026e38      0x180 c:/altera/13.0sp1/nios2eds/bin/gnu/h-i686-mingw32/bin/../lib/gcc/nios2-elf/4.1.2/../../../../nios2-elf/lib/mhw-mulx\libc.a(lib_a-fwalk.o)
                0x41026e38                _fwalk_reent
                0x41026f00                _fwalk
 .text          0x41026fb8       0xc4 c:/altera/13.0sp1/nios2eds/bin/gnu/h-i686-mingw32/bin/../lib/gcc/nios2-elf/4.1.2/../../../../nios2-elf/lib/mhw-mulx\libc.a(lib_a-locale.o)
                0x41026fb8                __locale_charset
                0x41026fc0                _localeconv_r
                0x41026fcc                localeconv
                0x41026fdc                _setlocale_r
                0x41027060                setlocale
 .text          0x4102707c      0x194 c:/altera/13.0sp1/nios2eds/bin/gnu/h-i686-mingw32/bin/../lib/gcc/nios2-elf/4.1.2/../../../../nios2-elf/lib/mhw-mulx\libc.a(lib_a-makebuf.o)
                0x4102707c                __smakebuf_r
 .text          0x41027210      0x740 c:/altera/13.0sp1/nios2eds/bin/gnu/h-i686-mingw32/bin/../lib/gcc/nios2-elf/4.1.2/../../../../nios2-elf/lib/mhw-mulx\libc.a(lib_a-mallocr.o)
                0x41027210                _malloc_r
 .text          0x41027950       0xe4 c:/altera/13.0sp1/nios2eds/bin/gnu/h-i686-mingw32/bin/../lib/gcc/nios2-elf/4.1.2/../../../../nios2-elf/lib/mhw-mulx\libc.a(lib_a-memchr.o)
                0x41027950                memchr
 .text          0x41027a34       0xe0 c:/altera/13.0sp1/nios2eds/bin/gnu/h-i686-mingw32/bin/../lib/gcc/nios2-elf/4.1.2/../../../../nios2-elf/lib/mhw-mulx\libc.a(lib_a-memmove.o)
                0x41027a34                memmove
 .text          0x41027b14       0x98 c:/altera/13.0sp1/nios2eds/bin/gnu/h-i686-mingw32/bin/../lib/gcc/nios2-elf/4.1.2/../../../../nios2-elf/lib/mhw-mulx\libc.a(lib_a-memset.o)
                0x41027b14                memset
 .text          0x41027bac      0xff4 c:/altera/13.0sp1/nios2eds/bin/gnu/h-i686-mingw32/bin/../lib/gcc/nios2-elf/4.1.2/../../../../nios2-elf/lib/mhw-mulx\libc.a(lib_a-mprec.o)
                0x41027bac                _Bfree
                0x41027bd4                __hi0bits
                0x41027c44                __lo0bits
                0x41027d08                __mcmp
                0x41027d68                __ulp
                0x41027de8                __b2d
                0x41027f08                __ratio
                0x41027fb8                _mprec_log10
                0x4102804c                __copybits
                0x410280a4                __any_on
                0x4102812c                _Balloc
                0x410281e8                __d2b
                0x41028364                __mdiff
                0x410284f0                __lshift
                0x4102863c                __multiply
                0x41028824                __i2b
                0x41028860                __multadd
                0x41028960                __pow5mult
                0x41028a80                __s2b
 .text          0x41028ba0      0x1ec c:/altera/13.0sp1/nios2eds/bin/gnu/h-i686-mingw32/bin/../lib/gcc/nios2-elf/4.1.2/../../../../nios2-elf/lib/mhw-mulx\libc.a(lib_a-putc.o)
                0x41028ba0                putc
                0x41028ca4                _putc_r
 .text          0x41028d8c      0x5f4 c:/altera/13.0sp1/nios2eds/bin/gnu/h-i686-mingw32/bin/../lib/gcc/nios2-elf/4.1.2/../../../../nios2-elf/lib/mhw-mulx\libc.a(lib_a-reallocr.o)
                0x41028d8c                _realloc_r
 .text          0x41029380      0x1e0 c:/altera/13.0sp1/nios2eds/bin/gnu/h-i686-mingw32/bin/../lib/gcc/nios2-elf/4.1.2/../../../../nios2-elf/lib/mhw-mulx\libc.a(lib_a-refill.o)
                0x41029380                __srefill_r
 .text          0x41029560       0x40 c:/altera/13.0sp1/nios2eds/bin/gnu/h-i686-mingw32/bin/../lib/gcc/nios2-elf/4.1.2/../../../../nios2-elf/lib/mhw-mulx\libc.a(lib_a-s_isinfd.o)
                0x41029560                __isinfd
 .text          0x410295a0       0x30 c:/altera/13.0sp1/nios2eds/bin/gnu/h-i686-mingw32/bin/../lib/gcc/nios2-elf/4.1.2/../../../../nios2-elf/lib/mhw-mulx\libc.a(lib_a-s_isnand.o)
                0x410295a0                __isnand
 .text          0x410295d0       0x70 c:/altera/13.0sp1/nios2eds/bin/gnu/h-i686-mingw32/bin/../lib/gcc/nios2-elf/4.1.2/../../../../nios2-elf/lib/mhw-mulx\libc.a(lib_a-sbrkr.o)
                0x410295d0                _sbrk_r
 .text          0x41029640      0x14c c:/altera/13.0sp1/nios2eds/bin/gnu/h-i686-mingw32/bin/../lib/gcc/nios2-elf/4.1.2/../../../../nios2-elf/lib/mhw-mulx\libc.a(lib_a-stdio.o)
                0x41029640                __sclose
                0x41029648                __sseek
                0x410296b0                __swrite
                0x4102972c                __sread
 .text          0x4102978c       0xbc c:/altera/13.0sp1/nios2eds/bin/gnu/h-i686-mingw32/bin/../lib/gcc/nios2-elf/4.1.2/../../../../nios2-elf/lib/mhw-mulx\libc.a(lib_a-strcmp.o)
                0x4102978c                strcmp
 .text          0x41029848      0x14c c:/altera/13.0sp1/nios2eds/bin/gnu/h-i686-mingw32/bin/../lib/gcc/nios2-elf/4.1.2/../../../../nios2-elf/lib/mhw-mulx\libc.a(lib_a-wbuf.o)
                0x41029848                __swbuf_r
                0x41029978                __swbuf
 .text          0x41029994       0x78 c:/altera/13.0sp1/nios2eds/bin/gnu/h-i686-mingw32/bin/../lib/gcc/nios2-elf/4.1.2/../../../../nios2-elf/lib/mhw-mulx\libc.a(lib_a-writer.o)
                0x41029994                _write_r
 .text          0x41029a0c       0xb4 c:/altera/13.0sp1/nios2eds/bin/gnu/h-i686-mingw32/bin/../lib/gcc/nios2-elf/4.1.2/../../../../nios2-elf/lib/mhw-mulx\libc.a(lib_a-callocr.o)
                0x41029a0c                _calloc_r
 .text          0x41029ac0       0x70 c:/altera/13.0sp1/nios2eds/bin/gnu/h-i686-mingw32/bin/../lib/gcc/nios2-elf/4.1.2/../../../../nios2-elf/lib/mhw-mulx\libc.a(lib_a-closer.o)
                0x41029ac0                _close_r
 .text          0x41029b30      0x124 c:/altera/13.0sp1/nios2eds/bin/gnu/h-i686-mingw32/bin/../lib/gcc/nios2-elf/4.1.2/../../../../nios2-elf/lib/mhw-mulx\libc.a(lib_a-fclose.o)
                0x41029b30                _fclose_r
                0x41029c40                fclose
 .text          0x41029c54       0x74 c:/altera/13.0sp1/nios2eds/bin/gnu/h-i686-mingw32/bin/../lib/gcc/nios2-elf/4.1.2/../../../../nios2-elf/lib/mhw-mulx\libc.a(lib_a-fstatr.o)
                0x41029c54                _fstat_r
 .text          0x41029cc8        0x0 c:/altera/13.0sp1/nios2eds/bin/gnu/h-i686-mingw32/bin/../lib/gcc/nios2-elf/4.1.2/../../../../nios2-elf/lib/mhw-mulx\libc.a(lib_a-int_errno.o)
 .text          0x41029cc8       0x70 c:/altera/13.0sp1/nios2eds/bin/gnu/h-i686-mingw32/bin/../lib/gcc/nios2-elf/4.1.2/../../../../nios2-elf/lib/mhw-mulx\libc.a(lib_a-isattyr.o)
                0x41029cc8                _isatty_r
 .text          0x41029d38       0x78 c:/altera/13.0sp1/nios2eds/bin/gnu/h-i686-mingw32/bin/../lib/gcc/nios2-elf/4.1.2/../../../../nios2-elf/lib/mhw-mulx\libc.a(lib_a-lseekr.o)
                0x41029d38                _lseek_r
 .text          0x41029db0       0x78 c:/altera/13.0sp1/nios2eds/bin/gnu/h-i686-mingw32/bin/../lib/gcc/nios2-elf/4.1.2/../../../../nios2-elf/lib/mhw-mulx\libc.a(lib_a-readr.o)
                0x41029db0                _read_r
 .text          0x41029e28      0x5dc c:/altera/13.0sp1/nios2eds/bin/gnu/h-i686-mingw32/bin/../lib/gcc/nios2-elf/4.1.2/mhw-mulx\libgcc.a(_udivdi3.o)
                0x41029e28                __udivdi3
 .text          0x4102a404      0x5b0 c:/altera/13.0sp1/nios2eds/bin/gnu/h-i686-mingw32/bin/../lib/gcc/nios2-elf/4.1.2/mhw-mulx\libgcc.a(_umoddi3.o)
                0x4102a404                __umoddi3
 .text          0x4102a9b4      0x504 c:/altera/13.0sp1/nios2eds/bin/gnu/h-i686-mingw32/bin/../lib/gcc/nios2-elf/4.1.2/mhw-mulx\libgcc.a(_addsub_df.o)
                0x4102adc4                __subdf3
                0x4102ae44                __adddf3
 .text          0x4102aeb8      0x3b4 c:/altera/13.0sp1/nios2eds/bin/gnu/h-i686-mingw32/bin/../lib/gcc/nios2-elf/4.1.2/mhw-mulx\libgcc.a(_mul_df.o)
                0x4102aeb8                __muldf3
 .text          0x4102b26c      0x258 c:/altera/13.0sp1/nios2eds/bin/gnu/h-i686-mingw32/bin/../lib/gcc/nios2-elf/4.1.2/mhw-mulx\libgcc.a(_div_df.o)
                0x4102b26c                __divdf3
 .text          0x4102b4c4       0x88 c:/altera/13.0sp1/nios2eds/bin/gnu/h-i686-mingw32/bin/../lib/gcc/nios2-elf/4.1.2/mhw-mulx\libgcc.a(_eq_df.o)
                0x4102b4c4                __eqdf2
 .text          0x4102b54c       0x88 c:/altera/13.0sp1/nios2eds/bin/gnu/h-i686-mingw32/bin/../lib/gcc/nios2-elf/4.1.2/mhw-mulx\libgcc.a(_ne_df.o)
                0x4102b54c                __nedf2
 .text          0x4102b5d4       0x88 c:/altera/13.0sp1/nios2eds/bin/gnu/h-i686-mingw32/bin/../lib/gcc/nios2-elf/4.1.2/mhw-mulx\libgcc.a(_gt_df.o)
                0x4102b5d4                __gtdf2
 .text          0x4102b65c       0x88 c:/altera/13.0sp1/nios2eds/bin/gnu/h-i686-mingw32/bin/../lib/gcc/nios2-elf/4.1.2/mhw-mulx\libgcc.a(_ge_df.o)
                0x4102b65c                __gedf2
 .text          0x4102b6e4       0x88 c:/altera/13.0sp1/nios2eds/bin/gnu/h-i686-mingw32/bin/../lib/gcc/nios2-elf/4.1.2/mhw-mulx\libgcc.a(_lt_df.o)
                0x4102b6e4                __ltdf2
 .text          0x4102b76c       0xf8 c:/altera/13.0sp1/nios2eds/bin/gnu/h-i686-mingw32/bin/../lib/gcc/nios2-elf/4.1.2/mhw-mulx\libgcc.a(_si_to_df.o)
                0x4102b76c                __floatsidf
 .text          0x4102b864       0xd8 c:/altera/13.0sp1/nios2eds/bin/gnu/h-i686-mingw32/bin/../lib/gcc/nios2-elf/4.1.2/mhw-mulx\libgcc.a(_df_to_si.o)
                0x4102b864                __fixdfsi
 .text          0x4102b93c        0x0 c:/altera/13.0sp1/nios2eds/bin/gnu/h-i686-mingw32/bin/../lib/gcc/nios2-elf/4.1.2/mhw-mulx\libgcc.a(_thenan_df.o)
 .text          0x4102b93c      0x194 c:/altera/13.0sp1/nios2eds/bin/gnu/h-i686-mingw32/bin/../lib/gcc/nios2-elf/4.1.2/mhw-mulx\libgcc.a(_usi_to_df.o)
                0x4102b93c                __floatunsidf
 .text          0x4102bad0      0x138 c:/altera/13.0sp1/nios2eds/bin/gnu/h-i686-mingw32/bin/../lib/gcc/nios2-elf/4.1.2/mhw-mulx\libgcc.a(_unpack_df.o)
                0x4102bad0                __unpack_d
 .text          0x4102bc08       0xc8 c:/altera/13.0sp1/nios2eds/bin/gnu/h-i686-mingw32/bin/../lib/gcc/nios2-elf/4.1.2/mhw-mulx\libgcc.a(_fpcmp_parts_df.o)
                0x4102bc08                __fpcmp_parts_d
 .text          0x4102bcd0      0x15c ../DE4_DDR2_test_bsp/\libhal_bsp.a(alt_close.o)
                0x4102bcd0                close
 .text          0x4102be2c       0x44 ../DE4_DDR2_test_bsp/\libhal_bsp.a(alt_dcache_flush_all.o)
                0x4102be2c                alt_dcache_flush_all
 .text          0x4102be70       0x2c ../DE4_DDR2_test_bsp/\libhal_bsp.a(alt_dev.o)
 .text          0x4102be9c       0xb8 ../DE4_DDR2_test_bsp/\libhal_bsp.a(alt_dma_rxchan_open.o)
                0x4102be9c                alt_dma_rxchan_open
 .text          0x4102bf54       0xb8 ../DE4_DDR2_test_bsp/\libhal_bsp.a(alt_dma_txchan_open.o)
                0x4102bf54                alt_dma_txchan_open
 .text          0x4102c00c        0x0 ../DE4_DDR2_test_bsp/\libhal_bsp.a(alt_errno.o)
 .text          0x4102c00c       0x60 ../DE4_DDR2_test_bsp/\libhal_bsp.a(alt_exit.o)
                0x4102c04c                _exit
 .text          0x4102c06c       0x94 ../DE4_DDR2_test_bsp/\libhal_bsp.a(alt_find_dev.o)
                0x4102c06c                alt_find_dev
 .text          0x4102c100      0x134 ../DE4_DDR2_test_bsp/\libhal_bsp.a(alt_fstat.o)
                0x4102c100                fstat
 .text          0x4102c234      0x120 ../DE4_DDR2_test_bsp/\libhal_bsp.a(alt_isatty.o)
                0x4102c234                isatty
 .text          0x4102c354       0xec ../DE4_DDR2_test_bsp/\libhal_bsp.a(alt_load.o)
                0x4102c354                alt_load
 .text          0x4102c440      0x150 ../DE4_DDR2_test_bsp/\libhal_bsp.a(alt_lseek.o)
                0x4102c440                lseek
 .text          0x4102c590       0x6c ../DE4_DDR2_test_bsp/\libhal_bsp.a(alt_main.o)
                0x4102c590                alt_main
 .text          0x4102c5fc       0x40 ../DE4_DDR2_test_bsp/\libhal_bsp.a(alt_malloc_lock.o)
                0x4102c5fc                __malloc_lock
                0x4102c61c                __malloc_unlock
 .text          0x4102c63c      0x180 ../DE4_DDR2_test_bsp/\libhal_bsp.a(alt_read.o)
                0x4102c63c                read
 .text          0x4102c7bc       0x60 ../DE4_DDR2_test_bsp/\libhal_bsp.a(alt_release_fd.o)
                0x4102c7bc                alt_release_fd
 .text          0x4102c81c       0xbc ../DE4_DDR2_test_bsp/\libhal_bsp.a(alt_sbrk.o)
                0x4102c81c                sbrk
 .text          0x4102c8d8      0x1a4 ../DE4_DDR2_test_bsp/\libhal_bsp.a(alt_tick.o)
                0x4102c8d8                alt_alarm_stop
                0x4102c970                alt_tick
 .text          0x4102ca7c       0x30 ../DE4_DDR2_test_bsp/\libhal_bsp.a(alt_usleep.o)
                0x4102ca7c                usleep
 .text          0x4102caac      0x180 ../DE4_DDR2_test_bsp/\libhal_bsp.a(alt_write.o)
                0x4102caac                write
 .text          0x4102cc2c       0xec ../DE4_DDR2_test_bsp/\libhal_bsp.a(alt_sys_init.o)
                0x4102cc2c                alt_irq_init
                0x4102cc60                alt_sys_init
 .text          0x4102cd18      0xcac ../DE4_DDR2_test_bsp/\libhal_bsp.a(altera_avalon_dma.o)
                0x4102cd18                alt_avalon_dma_launch_bidir
                0x4102d32c                alt_avalon_dma_tx_ioctl
                0x4102d370                alt_avalon_dma_rx_ioctl
                0x4102d3b4                alt_avalon_dma_prepare
                0x4102d508                alt_avalon_dma_space
                0x4102d588                alt_avalon_dma_send
                0x4102d8a4                alt_avalon_dma_init
 .text          0x4102d9c4      0x148 ../DE4_DDR2_test_bsp/\libhal_bsp.a(altera_avalon_jtag_uart_fd.o)
                0x4102d9c4                altera_avalon_jtag_uart_read_fd
                0x4102da1c                altera_avalon_jtag_uart_write_fd
                0x4102da74                altera_avalon_jtag_uart_close_fd
                0x4102dabc                altera_avalon_jtag_uart_ioctl_fd
 .text          0x4102db0c      0x40c ../DE4_DDR2_test_bsp/\libhal_bsp.a(altera_avalon_jtag_uart_init.o)
                0x4102db0c                altera_avalon_jtag_uart_init
                0x4102dea4                altera_avalon_jtag_uart_close
 .text          0x4102df18       0xf4 ../DE4_DDR2_test_bsp/\libhal_bsp.a(altera_avalon_jtag_uart_ioctl.o)
                0x4102df18                altera_avalon_jtag_uart_ioctl
 .text          0x4102e00c      0x224 ../DE4_DDR2_test_bsp/\libhal_bsp.a(altera_avalon_jtag_uart_read.o)
                0x4102e00c                altera_avalon_jtag_uart_read
 .text          0x4102e230      0x240 ../DE4_DDR2_test_bsp/\libhal_bsp.a(altera_avalon_jtag_uart_write.o)
                0x4102e230                altera_avalon_jtag_uart_write
 .text          0x4102e470      0x100 ../DE4_DDR2_test_bsp/\libhal_bsp.a(altera_avalon_timer_sc.o)
                0x4102e4e0                alt_avalon_timer_sc_init
 .text          0x4102e570      0x154 ../DE4_DDR2_test_bsp/\libhal_bsp.a(alt_alarm_start.o)
                0x4102e570                alt_alarm_start
 .text          0x4102e6c4      0x14c ../DE4_DDR2_test_bsp/\libhal_bsp.a(alt_busy_sleep.o)
                0x4102e6c4                alt_busy_sleep
 .text          0x4102e810      0x114 ../DE4_DDR2_test_bsp/\libhal_bsp.a(alt_dev_llist_insert.o)
                0x4102e810                alt_dev_llist_insert
 .text          0x4102e924       0x64 ../DE4_DDR2_test_bsp/\libhal_bsp.a(alt_do_ctors.o)
                0x4102e924                _do_ctors
 .text          0x4102e988       0x64 ../DE4_DDR2_test_bsp/\libhal_bsp.a(alt_do_dtors.o)
                0x4102e988                _do_dtors
 .text          0x4102e9ec       0x30 ../DE4_DDR2_test_bsp/\libhal_bsp.a(alt_icache_flush_all.o)
                0x4102e9ec                alt_icache_flush_all
 .text          0x4102ea1c      0x1d4 ../DE4_DDR2_test_bsp/\libhal_bsp.a(alt_iic.o)
                0x4102ea1c                alt_ic_isr_register
                0x4102ea6c                alt_ic_irq_enable
                0x4102eb08                alt_ic_irq_disable
                0x4102eba8                alt_ic_irq_enabled
 .text          0x4102ebf0       0xf8 ../DE4_DDR2_test_bsp/\libhal_bsp.a(alt_iic_isr_register.o)
                0x4102ebf0                alt_iic_isr_register
 .text          0x4102ece8      0x13c ../DE4_DDR2_test_bsp/\libhal_bsp.a(alt_io_redirect.o)
                0x4102edac                alt_io_redirect
 .text          0x4102ee24        0x0 ../DE4_DDR2_test_bsp/\libhal_bsp.a(alt_irq_entry.o)
 .text          0x4102ee24        0x0 ../DE4_DDR2_test_bsp/\libhal_bsp.a(alt_irq_handler.o)
 .text          0x4102ee24        0x0 ../DE4_DDR2_test_bsp/\libhal_bsp.a(alt_irq_vars.o)
 .text          0x4102ee24      0x2c4 ../DE4_DDR2_test_bsp/\libhal_bsp.a(alt_open.o)
                0x4102ef00                open
 .text          0x4102f0e8       0x20 ../DE4_DDR2_test_bsp/\libhal_bsp.a(altera_nios2_qsys_irq.o)
                0x4102f0e8                altera_nios2_qsys_irq_init
 .text          0x4102f108        0x0 ../DE4_DDR2_test_bsp/\libhal_bsp.a(alt_exception_entry.o)
 .text          0x4102f108      0x120 ../DE4_DDR2_test_bsp/\libhal_bsp.a(alt_find_file.o)
                0x4102f108                alt_find_file
 .text          0x4102f228       0xb8 ../DE4_DDR2_test_bsp/\libhal_bsp.a(alt_get_fd.o)
                0x4102f228                alt_get_fd
 .text          0x4102f2e0       0x90 ../DE4_DDR2_test_bsp/\libhal_bsp.a(alt_icache_flush.o)
                0x4102f2e0                alt_icache_flush
 .text          0x4102f370       0x14 c:/altera/13.0sp1/nios2eds/bin/gnu/h-i686-mingw32/bin/../lib/gcc/nios2-elf/4.1.2/../../../../nios2-elf/lib/mhw-mulx\libc.a(lib_a-atexit.o)
                0x4102f370                atexit
 .text          0x4102f384       0x74 c:/altera/13.0sp1/nios2eds/bin/gnu/h-i686-mingw32/bin/../lib/gcc/nios2-elf/4.1.2/../../../../nios2-elf/lib/mhw-mulx\libc.a(lib_a-memcmp.o)
                0x4102f384                memcmp
 .text          0x4102f3f8      0x134 c:/altera/13.0sp1/nios2eds/bin/gnu/h-i686-mingw32/bin/../lib/gcc/nios2-elf/4.1.2/../../../../nios2-elf/lib/mhw-mulx\libc.a(lib_a-__atexit.o)
                0x4102f3f8                __register_exitproc
 *(.gnu.warning.*)
 *(.fini)
                0x4102f52c                PROVIDE (__etext, ABSOLUTE (.))
                0x4102f52c                PROVIDE (_etext, ABSOLUTE (.))
                0x4102f52c                PROVIDE (etext, ABSOLUTE (.))
 *(.eh_frame_hdr)
                0x4102f52c                . = ALIGN (0x4)
                0x4102f52c                PROVIDE (__preinit_array_start, ABSOLUTE (.))
 *(.preinit_array)
                0x4102f52c                PROVIDE (__preinit_array_end, ABSOLUTE (.))
                0x4102f52c                PROVIDE (__init_array_start, ABSOLUTE (.))
 *(.init_array)
                0x4102f52c                PROVIDE (__init_array_end, ABSOLUTE (.))
                0x4102f52c                PROVIDE (__fini_array_start, ABSOLUTE (.))
 *(.fini_array)
                0x4102f52c                PROVIDE (__fini_array_end, ABSOLUTE (.))
 *(.eh_frame)
 *(.gcc_except_table)
 *(.dynamic)
                0x4102f52c                PROVIDE (__CTOR_LIST__, ABSOLUTE (.))
 *(.ctors)
 *(SORT(.ctors.*))
 .ctors.65535   0x4102f52c        0x4 c:/altera/13.0sp1/nios2eds/bin/gnu/h-i686-mingw32/bin/../lib/gcc/nios2-elf/4.1.2/../../../../nios2-elf/lib/mhw-mulx\libc.a(lib_a-__call_atexit.o)
                0x4102f530                PROVIDE (__CTOR_END__, ABSOLUTE (.))
                0x4102f530                PROVIDE (__DTOR_LIST__, ABSOLUTE (.))
 *(.dtors)
 *(SORT(.dtors.*))
                0x4102f530                PROVIDE (__DTOR_END__, ABSOLUTE (.))
 *(.jcr)
                0x4102f530                . = ALIGN (0x4)

.rodata         0x4102f530      0x798
                0x4102f530                PROVIDE (__ram_rodata_start, ABSOLUTE (.))
                0x4102f530                . = ALIGN (0x4)
 *(.rodata .rodata.* .gnu.linkonce.r.*)
 .rodata        0x4102f530      0x1c4 obj/default/dma_ctr.o
 .rodata        0x4102f6f4      0x1b0 obj/default/main.o
 .rodata        0x4102f8a4       0x70 obj/default/mem_init.o
 .rodata        0x4102f914       0x5c obj/default/mem_test.o
 .rodata        0x4102f970       0x10 c:/altera/13.0sp1/nios2eds/bin/gnu/h-i686-mingw32/bin/../lib/gcc/nios2-elf/4.1.2/mhw-mulx\libgcc.a(_thenan_sf.o)
                0x4102f970                __thenan_sf
 .rodata        0x4102f980      0x100 c:/altera/13.0sp1/nios2eds/bin/gnu/h-i686-mingw32/bin/../lib/gcc/nios2-elf/4.1.2/mhw-mulx\libgcc.a(_clz.o)
                0x4102f980                __clz_tab
 .rodata.str1.4
                0x4102fa80        0x2 c:/altera/13.0sp1/nios2eds/bin/gnu/h-i686-mingw32/bin/../lib/gcc/nios2-elf/4.1.2/../../../../nios2-elf/lib/mhw-mulx\libc.a(lib_a-impure.o)
                                  0x4 (size before relaxing)
 *fill*         0x4102fa82        0x2 00
 .rodata.str1.4
                0x4102fa84        0x2 c:/altera/13.0sp1/nios2eds/bin/gnu/h-i686-mingw32/bin/../lib/gcc/nios2-elf/4.1.2/../../../../nios2-elf/lib/mhw-mulx\libc.a(lib_a-puts.o)
                                  0x4 (size before relaxing)
 *fill*         0x4102fa86        0x2 00
 .rodata.str1.4
                0x4102fa88       0x5e c:/altera/13.0sp1/nios2eds/bin/gnu/h-i686-mingw32/bin/../lib/gcc/nios2-elf/4.1.2/../../../../nios2-elf/lib/mhw-mulx\libc.a(lib_a-vfprintf.o)
                                 0x60 (size before relaxing)
 .rodata        0x4102fae6       0x20 c:/altera/13.0sp1/nios2eds/bin/gnu/h-i686-mingw32/bin/../lib/gcc/nios2-elf/4.1.2/../../../../nios2-elf/lib/mhw-mulx\libc.a(lib_a-vfprintf.o)
 *fill*         0x4102fb06        0x2 00
 .rodata.str1.4
                0x4102fb08       0x10 c:/altera/13.0sp1/nios2eds/bin/gnu/h-i686-mingw32/bin/../lib/gcc/nios2-elf/4.1.2/../../../../nios2-elf/lib/mhw-mulx\libc.a(lib_a-dtoa.o)
                                 0x14 (size before relaxing)
 .rodata.str1.4
                0x4102fb18       0x10 c:/altera/13.0sp1/nios2eds/bin/gnu/h-i686-mingw32/bin/../lib/gcc/nios2-elf/4.1.2/../../../../nios2-elf/lib/mhw-mulx\libc.a(lib_a-locale.o)
                                 0x18 (size before relaxing)
 .rodata        0x4102fb28       0x30 c:/altera/13.0sp1/nios2eds/bin/gnu/h-i686-mingw32/bin/../lib/gcc/nios2-elf/4.1.2/../../../../nios2-elf/lib/mhw-mulx\libc.a(lib_a-locale.o)
 .rodata        0x4102fb58      0x124 c:/altera/13.0sp1/nios2eds/bin/gnu/h-i686-mingw32/bin/../lib/gcc/nios2-elf/4.1.2/../../../../nios2-elf/lib/mhw-mulx\libc.a(lib_a-mprec.o)
                0x4102fb58                __mprec_tens
                0x4102fc20                __mprec_bigtens
                0x4102fc48                __mprec_tinytens
 .rodata        0x4102fc7c       0x14 c:/altera/13.0sp1/nios2eds/bin/gnu/h-i686-mingw32/bin/../lib/gcc/nios2-elf/4.1.2/mhw-mulx\libgcc.a(_thenan_df.o)
                0x4102fc7c                __thenan_df
 .rodata        0x4102fc90        0xc ../DE4_DDR2_test_bsp/\libhal_bsp.a(alt_dev.o)
 .rodata        0x4102fc9c       0x10 ../DE4_DDR2_test_bsp/\libhal_bsp.a(alt_main.o)
 .rodata        0x4102fcac       0x1c ../DE4_DDR2_test_bsp/\libhal_bsp.a(alt_sys_init.o)
 *(.rodata1)
                0x4102fcc8                . = ALIGN (0x4)
                0x4102fcc8                PROVIDE (__ram_rodata_end, ABSOLUTE (.))
                0x4102f530                PROVIDE (__flash_rodata_start, LOADADDR (.rodata))

.rwdata         0x4102fcc8     0x1b48 load address 0x41031810
                0x4102fcc8                PROVIDE (__ram_rwdata_start, ABSOLUTE (.))
                0x4102fcc8                . = ALIGN (0x4)
 *(.got.plt)
 *(.got)
 *(.data1)
 *(.data .data.* .gnu.linkonce.d.*)
 .data          0x4102fcc8        0x0 ../DE4_DDR2_test_bsp//obj/HAL/src/crt0.o
 .data          0x4102fcc8        0x0 obj/default/I2C.o
 .data          0x4102fcc8        0x0 obj/default/dma_ctr.o
 .data          0x4102fcc8        0x0 obj/default/main.o
 .data          0x4102fcc8        0x0 obj/default/mem_init.o
 .data          0x4102fcc8        0x0 obj/default/mem_test.o
 .data          0x4102fcc8        0x0 c:/altera/13.0sp1/nios2eds/bin/gnu/h-i686-mingw32/bin/../lib/gcc/nios2-elf/4.1.2/mhw-mulx\libgcc.a(_div_sf.o)
 .data          0x4102fcc8        0x0 c:/altera/13.0sp1/nios2eds/bin/gnu/h-i686-mingw32/bin/../lib/gcc/nios2-elf/4.1.2/mhw-mulx\libgcc.a(_si_to_sf.o)
 .data          0x4102fcc8        0x0 c:/altera/13.0sp1/nios2eds/bin/gnu/h-i686-mingw32/bin/../lib/gcc/nios2-elf/4.1.2/mhw-mulx\libgcc.a(_sf_to_df.o)
 .data          0x4102fcc8        0x0 c:/altera/13.0sp1/nios2eds/bin/gnu/h-i686-mingw32/bin/../lib/gcc/nios2-elf/4.1.2/mhw-mulx\libgcc.a(_thenan_sf.o)
 .data          0x4102fcc8        0x0 c:/altera/13.0sp1/nios2eds/bin/gnu/h-i686-mingw32/bin/../lib/gcc/nios2-elf/4.1.2/mhw-mulx\libgcc.a(_usi_to_sf.o)
 .data          0x4102fcc8        0x0 c:/altera/13.0sp1/nios2eds/bin/gnu/h-i686-mingw32/bin/../lib/gcc/nios2-elf/4.1.2/mhw-mulx\libgcc.a(_make_df.o)
 .data          0x4102fcc8        0x0 c:/altera/13.0sp1/nios2eds/bin/gnu/h-i686-mingw32/bin/../lib/gcc/nios2-elf/4.1.2/mhw-mulx\libgcc.a(lib2-divmod.o)
 .data          0x4102fcc8        0x0 c:/altera/13.0sp1/nios2eds/bin/gnu/h-i686-mingw32/bin/../lib/gcc/nios2-elf/4.1.2/mhw-mulx\libgcc.a(_clzsi2.o)
 .data          0x4102fcc8        0x0 c:/altera/13.0sp1/nios2eds/bin/gnu/h-i686-mingw32/bin/../lib/gcc/nios2-elf/4.1.2/mhw-mulx\libgcc.a(_pack_sf.o)
 .data          0x4102fcc8        0x0 c:/altera/13.0sp1/nios2eds/bin/gnu/h-i686-mingw32/bin/../lib/gcc/nios2-elf/4.1.2/mhw-mulx\libgcc.a(_unpack_sf.o)
 .data          0x4102fcc8        0x0 c:/altera/13.0sp1/nios2eds/bin/gnu/h-i686-mingw32/bin/../lib/gcc/nios2-elf/4.1.2/mhw-mulx\libgcc.a(_pack_df.o)
 .data          0x4102fcc8        0x0 c:/altera/13.0sp1/nios2eds/bin/gnu/h-i686-mingw32/bin/../lib/gcc/nios2-elf/4.1.2/mhw-mulx\libgcc.a(_clz.o)
 .data          0x4102fcc8        0x0 c:/altera/13.0sp1/nios2eds/bin/gnu/h-i686-mingw32/bin/../lib/gcc/nios2-elf/4.1.2/../../../../nios2-elf/lib/mhw-mulx\libc.a(lib_a-exit.o)
 .data          0x4102fcc8        0x0 c:/altera/13.0sp1/nios2eds/bin/gnu/h-i686-mingw32/bin/../lib/gcc/nios2-elf/4.1.2/../../../../nios2-elf/lib/mhw-mulx\libc.a(lib_a-getc.o)
 .data          0x4102fcc8      0x400 c:/altera/13.0sp1/nios2eds/bin/gnu/h-i686-mingw32/bin/../lib/gcc/nios2-elf/4.1.2/../../../../nios2-elf/lib/mhw-mulx\libc.a(lib_a-impure.o)
 .data          0x410300c8        0x0 c:/altera/13.0sp1/nios2eds/bin/gnu/h-i686-mingw32/bin/../lib/gcc/nios2-elf/4.1.2/../../../../nios2-elf/lib/mhw-mulx\libc.a(lib_a-memcpy.o)
 .data          0x410300c8        0x0 c:/altera/13.0sp1/nios2eds/bin/gnu/h-i686-mingw32/bin/../lib/gcc/nios2-elf/4.1.2/../../../../nios2-elf/lib/mhw-mulx\libc.a(lib_a-printf.o)
 .data          0x410300c8        0x0 c:/altera/13.0sp1/nios2eds/bin/gnu/h-i686-mingw32/bin/../lib/gcc/nios2-elf/4.1.2/../../../../nios2-elf/lib/mhw-mulx\libc.a(lib_a-putchar.o)
 .data          0x410300c8        0x0 c:/altera/13.0sp1/nios2eds/bin/gnu/h-i686-mingw32/bin/../lib/gcc/nios2-elf/4.1.2/../../../../nios2-elf/lib/mhw-mulx\libc.a(lib_a-puts.o)
 .data          0x410300c8        0x0 c:/altera/13.0sp1/nios2eds/bin/gnu/h-i686-mingw32/bin/../lib/gcc/nios2-elf/4.1.2/../../../../nios2-elf/lib/mhw-mulx\libc.a(lib_a-rget.o)
 .data          0x410300c8        0x0 c:/altera/13.0sp1/nios2eds/bin/gnu/h-i686-mingw32/bin/../lib/gcc/nios2-elf/4.1.2/../../../../nios2-elf/lib/mhw-mulx\libc.a(lib_a-strlen.o)
 .data          0x410300c8        0x0 c:/altera/13.0sp1/nios2eds/bin/gnu/h-i686-mingw32/bin/../lib/gcc/nios2-elf/4.1.2/../../../../nios2-elf/lib/mhw-mulx\libc.a(lib_a-vfprintf.o)
 .data          0x410300c8        0x0 c:/altera/13.0sp1/nios2eds/bin/gnu/h-i686-mingw32/bin/../lib/gcc/nios2-elf/4.1.2/../../../../nios2-elf/lib/mhw-mulx\libc.a(lib_a-wsetup.o)
 .data          0x410300c8        0x0 c:/altera/13.0sp1/nios2eds/bin/gnu/h-i686-mingw32/bin/../lib/gcc/nios2-elf/4.1.2/../../../../nios2-elf/lib/mhw-mulx\libc.a(lib_a-__call_atexit.o)
 .data          0x410300c8        0x0 c:/altera/13.0sp1/nios2eds/bin/gnu/h-i686-mingw32/bin/../lib/gcc/nios2-elf/4.1.2/../../../../nios2-elf/lib/mhw-mulx\libc.a(lib_a-dtoa.o)
 .data          0x410300c8        0x0 c:/altera/13.0sp1/nios2eds/bin/gnu/h-i686-mingw32/bin/../lib/gcc/nios2-elf/4.1.2/../../../../nios2-elf/lib/mhw-mulx\libc.a(lib_a-fflush.o)
 .data          0x410300c8        0x0 c:/altera/13.0sp1/nios2eds/bin/gnu/h-i686-mingw32/bin/../lib/gcc/nios2-elf/4.1.2/../../../../nios2-elf/lib/mhw-mulx\libc.a(lib_a-findfp.o)
 .data          0x410300c8        0x0 c:/altera/13.0sp1/nios2eds/bin/gnu/h-i686-mingw32/bin/../lib/gcc/nios2-elf/4.1.2/../../../../nios2-elf/lib/mhw-mulx\libc.a(lib_a-freer.o)
 .data          0x410300c8        0x0 c:/altera/13.0sp1/nios2eds/bin/gnu/h-i686-mingw32/bin/../lib/gcc/nios2-elf/4.1.2/../../../../nios2-elf/lib/mhw-mulx\libc.a(lib_a-fvwrite.o)
 .data          0x410300c8        0x0 c:/altera/13.0sp1/nios2eds/bin/gnu/h-i686-mingw32/bin/../lib/gcc/nios2-elf/4.1.2/../../../../nios2-elf/lib/mhw-mulx\libc.a(lib_a-fwalk.o)
 .data          0x410300c8        0xc c:/altera/13.0sp1/nios2eds/bin/gnu/h-i686-mingw32/bin/../lib/gcc/nios2-elf/4.1.2/../../../../nios2-elf/lib/mhw-mulx\libc.a(lib_a-locale.o)
                0x410300c8                __lc_ctype
 .data          0x410300d4        0x0 c:/altera/13.0sp1/nios2eds/bin/gnu/h-i686-mingw32/bin/../lib/gcc/nios2-elf/4.1.2/../../../../nios2-elf/lib/mhw-mulx\libc.a(lib_a-makebuf.o)
 .data          0x410300d4      0x408 c:/altera/13.0sp1/nios2eds/bin/gnu/h-i686-mingw32/bin/../lib/gcc/nios2-elf/4.1.2/../../../../nios2-elf/lib/mhw-mulx\libc.a(lib_a-mallocr.o)
                0x410300d4                __malloc_av_
 .data          0x410304dc        0x0 c:/altera/13.0sp1/nios2eds/bin/gnu/h-i686-mingw32/bin/../lib/gcc/nios2-elf/4.1.2/../../../../nios2-elf/lib/mhw-mulx\libc.a(lib_a-memchr.o)
 .data          0x410304dc        0x0 c:/altera/13.0sp1/nios2eds/bin/gnu/h-i686-mingw32/bin/../lib/gcc/nios2-elf/4.1.2/../../../../nios2-elf/lib/mhw-mulx\libc.a(lib_a-memmove.o)
 .data          0x410304dc        0x0 c:/altera/13.0sp1/nios2eds/bin/gnu/h-i686-mingw32/bin/../lib/gcc/nios2-elf/4.1.2/../../../../nios2-elf/lib/mhw-mulx\libc.a(lib_a-memset.o)
 .data          0x410304dc        0x0 c:/altera/13.0sp1/nios2eds/bin/gnu/h-i686-mingw32/bin/../lib/gcc/nios2-elf/4.1.2/../../../../nios2-elf/lib/mhw-mulx\libc.a(lib_a-mprec.o)
 .data          0x410304dc        0x0 c:/altera/13.0sp1/nios2eds/bin/gnu/h-i686-mingw32/bin/../lib/gcc/nios2-elf/4.1.2/../../../../nios2-elf/lib/mhw-mulx\libc.a(lib_a-putc.o)
 .data          0x410304dc        0x0 c:/altera/13.0sp1/nios2eds/bin/gnu/h-i686-mingw32/bin/../lib/gcc/nios2-elf/4.1.2/../../../../nios2-elf/lib/mhw-mulx\libc.a(lib_a-reallocr.o)
 .data          0x410304dc        0x0 c:/altera/13.0sp1/nios2eds/bin/gnu/h-i686-mingw32/bin/../lib/gcc/nios2-elf/4.1.2/../../../../nios2-elf/lib/mhw-mulx\libc.a(lib_a-refill.o)
 .data          0x410304dc        0x0 c:/altera/13.0sp1/nios2eds/bin/gnu/h-i686-mingw32/bin/../lib/gcc/nios2-elf/4.1.2/../../../../nios2-elf/lib/mhw-mulx\libc.a(lib_a-s_isinfd.o)
 .data          0x410304dc        0x0 c:/altera/13.0sp1/nios2eds/bin/gnu/h-i686-mingw32/bin/../lib/gcc/nios2-elf/4.1.2/../../../../nios2-elf/lib/mhw-mulx\libc.a(lib_a-s_isnand.o)
 .data          0x410304dc        0x0 c:/altera/13.0sp1/nios2eds/bin/gnu/h-i686-mingw32/bin/../lib/gcc/nios2-elf/4.1.2/../../../../nios2-elf/lib/mhw-mulx\libc.a(lib_a-sbrkr.o)
 .data          0x410304dc        0x0 c:/altera/13.0sp1/nios2eds/bin/gnu/h-i686-mingw32/bin/../lib/gcc/nios2-elf/4.1.2/../../../../nios2-elf/lib/mhw-mulx\libc.a(lib_a-stdio.o)
 .data          0x410304dc        0x0 c:/altera/13.0sp1/nios2eds/bin/gnu/h-i686-mingw32/bin/../lib/gcc/nios2-elf/4.1.2/../../../../nios2-elf/lib/mhw-mulx\libc.a(lib_a-strcmp.o)
 .data          0x410304dc        0x0 c:/altera/13.0sp1/nios2eds/bin/gnu/h-i686-mingw32/bin/../lib/gcc/nios2-elf/4.1.2/../../../../nios2-elf/lib/mhw-mulx\libc.a(lib_a-wbuf.o)
 .data          0x410304dc        0x0 c:/altera/13.0sp1/nios2eds/bin/gnu/h-i686-mingw32/bin/../lib/gcc/nios2-elf/4.1.2/../../../../nios2-elf/lib/mhw-mulx\libc.a(lib_a-writer.o)
 .data          0x410304dc        0x0 c:/altera/13.0sp1/nios2eds/bin/gnu/h-i686-mingw32/bin/../lib/gcc/nios2-elf/4.1.2/../../../../nios2-elf/lib/mhw-mulx\libc.a(lib_a-callocr.o)
 .data          0x410304dc        0x0 c:/altera/13.0sp1/nios2eds/bin/gnu/h-i686-mingw32/bin/../lib/gcc/nios2-elf/4.1.2/../../../../nios2-elf/lib/mhw-mulx\libc.a(lib_a-closer.o)
 .data          0x410304dc        0x0 c:/altera/13.0sp1/nios2eds/bin/gnu/h-i686-mingw32/bin/../lib/gcc/nios2-elf/4.1.2/../../../../nios2-elf/lib/mhw-mulx\libc.a(lib_a-fclose.o)
 .data          0x410304dc        0x0 c:/altera/13.0sp1/nios2eds/bin/gnu/h-i686-mingw32/bin/../lib/gcc/nios2-elf/4.1.2/../../../../nios2-elf/lib/mhw-mulx\libc.a(lib_a-fstatr.o)
 .data          0x410304dc        0x0 c:/altera/13.0sp1/nios2eds/bin/gnu/h-i686-mingw32/bin/../lib/gcc/nios2-elf/4.1.2/../../../../nios2-elf/lib/mhw-mulx\libc.a(lib_a-int_errno.o)
 .data          0x410304dc        0x0 c:/altera/13.0sp1/nios2eds/bin/gnu/h-i686-mingw32/bin/../lib/gcc/nios2-elf/4.1.2/../../../../nios2-elf/lib/mhw-mulx\libc.a(lib_a-isattyr.o)
 .data          0x410304dc        0x0 c:/altera/13.0sp1/nios2eds/bin/gnu/h-i686-mingw32/bin/../lib/gcc/nios2-elf/4.1.2/../../../../nios2-elf/lib/mhw-mulx\libc.a(lib_a-lseekr.o)
 .data          0x410304dc        0x0 c:/altera/13.0sp1/nios2eds/bin/gnu/h-i686-mingw32/bin/../lib/gcc/nios2-elf/4.1.2/../../../../nios2-elf/lib/mhw-mulx\libc.a(lib_a-readr.o)
 .data          0x410304dc        0x0 c:/altera/13.0sp1/nios2eds/bin/gnu/h-i686-mingw32/bin/../lib/gcc/nios2-elf/4.1.2/mhw-mulx\libgcc.a(_udivdi3.o)
 .data          0x410304dc        0x0 c:/altera/13.0sp1/nios2eds/bin/gnu/h-i686-mingw32/bin/../lib/gcc/nios2-elf/4.1.2/mhw-mulx\libgcc.a(_umoddi3.o)
 .data          0x410304dc        0x0 c:/altera/13.0sp1/nios2eds/bin/gnu/h-i686-mingw32/bin/../lib/gcc/nios2-elf/4.1.2/mhw-mulx\libgcc.a(_addsub_df.o)
 .data          0x410304dc        0x0 c:/altera/13.0sp1/nios2eds/bin/gnu/h-i686-mingw32/bin/../lib/gcc/nios2-elf/4.1.2/mhw-mulx\libgcc.a(_mul_df.o)
 .data          0x410304dc        0x0 c:/altera/13.0sp1/nios2eds/bin/gnu/h-i686-mingw32/bin/../lib/gcc/nios2-elf/4.1.2/mhw-mulx\libgcc.a(_div_df.o)
 .data          0x410304dc        0x0 c:/altera/13.0sp1/nios2eds/bin/gnu/h-i686-mingw32/bin/../lib/gcc/nios2-elf/4.1.2/mhw-mulx\libgcc.a(_eq_df.o)
 .data          0x410304dc        0x0 c:/altera/13.0sp1/nios2eds/bin/gnu/h-i686-mingw32/bin/../lib/gcc/nios2-elf/4.1.2/mhw-mulx\libgcc.a(_ne_df.o)
 .data          0x410304dc        0x0 c:/altera/13.0sp1/nios2eds/bin/gnu/h-i686-mingw32/bin/../lib/gcc/nios2-elf/4.1.2/mhw-mulx\libgcc.a(_gt_df.o)
 .data          0x410304dc        0x0 c:/altera/13.0sp1/nios2eds/bin/gnu/h-i686-mingw32/bin/../lib/gcc/nios2-elf/4.1.2/mhw-mulx\libgcc.a(_ge_df.o)
 .data          0x410304dc        0x0 c:/altera/13.0sp1/nios2eds/bin/gnu/h-i686-mingw32/bin/../lib/gcc/nios2-elf/4.1.2/mhw-mulx\libgcc.a(_lt_df.o)
 .data          0x410304dc        0x0 c:/altera/13.0sp1/nios2eds/bin/gnu/h-i686-mingw32/bin/../lib/gcc/nios2-elf/4.1.2/mhw-mulx\libgcc.a(_si_to_df.o)
 .data          0x410304dc        0x0 c:/altera/13.0sp1/nios2eds/bin/gnu/h-i686-mingw32/bin/../lib/gcc/nios2-elf/4.1.2/mhw-mulx\libgcc.a(_df_to_si.o)
 .data          0x410304dc        0x0 c:/altera/13.0sp1/nios2eds/bin/gnu/h-i686-mingw32/bin/../lib/gcc/nios2-elf/4.1.2/mhw-mulx\libgcc.a(_thenan_df.o)
 .data          0x410304dc        0x0 c:/altera/13.0sp1/nios2eds/bin/gnu/h-i686-mingw32/bin/../lib/gcc/nios2-elf/4.1.2/mhw-mulx\libgcc.a(_usi_to_df.o)
 .data          0x410304dc        0x0 c:/altera/13.0sp1/nios2eds/bin/gnu/h-i686-mingw32/bin/../lib/gcc/nios2-elf/4.1.2/mhw-mulx\libgcc.a(_unpack_df.o)
 .data          0x410304dc        0x0 c:/altera/13.0sp1/nios2eds/bin/gnu/h-i686-mingw32/bin/../lib/gcc/nios2-elf/4.1.2/mhw-mulx\libgcc.a(_fpcmp_parts_df.o)
 .data          0x410304dc        0x0 ../DE4_DDR2_test_bsp/\libhal_bsp.a(alt_close.o)
 .data          0x410304dc        0x0 ../DE4_DDR2_test_bsp/\libhal_bsp.a(alt_dcache_flush_all.o)
 .data          0x410304dc      0x1a8 ../DE4_DDR2_test_bsp/\libhal_bsp.a(alt_dev.o)
                0x410304dc                alt_dev_null
                0x41030504                alt_fd_list
 .data          0x41030684        0x0 ../DE4_DDR2_test_bsp/\libhal_bsp.a(alt_dma_rxchan_open.o)
 .data          0x41030684        0x0 ../DE4_DDR2_test_bsp/\libhal_bsp.a(alt_dma_txchan_open.o)
 .data          0x41030684        0x0 ../DE4_DDR2_test_bsp/\libhal_bsp.a(alt_errno.o)
 .data          0x41030684        0x0 ../DE4_DDR2_test_bsp/\libhal_bsp.a(alt_exit.o)
 .data          0x41030684        0x0 ../DE4_DDR2_test_bsp/\libhal_bsp.a(alt_find_dev.o)
 .data          0x41030684        0x0 ../DE4_DDR2_test_bsp/\libhal_bsp.a(alt_fstat.o)
 .data          0x41030684        0x0 ../DE4_DDR2_test_bsp/\libhal_bsp.a(alt_isatty.o)
 .data          0x41030684        0x0 ../DE4_DDR2_test_bsp/\libhal_bsp.a(alt_load.o)
 .data          0x41030684        0x0 ../DE4_DDR2_test_bsp/\libhal_bsp.a(alt_lseek.o)
 .data          0x41030684        0x0 ../DE4_DDR2_test_bsp/\libhal_bsp.a(alt_main.o)
 .data          0x41030684        0x0 ../DE4_DDR2_test_bsp/\libhal_bsp.a(alt_malloc_lock.o)
 .data          0x41030684        0x0 ../DE4_DDR2_test_bsp/\libhal_bsp.a(alt_read.o)
 .data          0x41030684        0x0 ../DE4_DDR2_test_bsp/\libhal_bsp.a(alt_release_fd.o)
 .data          0x41030684        0x0 ../DE4_DDR2_test_bsp/\libhal_bsp.a(alt_sbrk.o)
 .data          0x41030684        0x0 ../DE4_DDR2_test_bsp/\libhal_bsp.a(alt_tick.o)
 .data          0x41030684        0x0 ../DE4_DDR2_test_bsp/\libhal_bsp.a(alt_usleep.o)
 .data          0x41030684        0x0 ../DE4_DDR2_test_bsp/\libhal_bsp.a(alt_write.o)
 .data          0x41030684     0x113c ../DE4_DDR2_test_bsp/\libhal_bsp.a(alt_sys_init.o)
 .data          0x410317c0        0x0 ../DE4_DDR2_test_bsp/\libhal_bsp.a(altera_avalon_dma.o)
 .data          0x410317c0        0x0 ../DE4_DDR2_test_bsp/\libhal_bsp.a(altera_avalon_jtag_uart_fd.o)
 .data          0x410317c0        0x0 ../DE4_DDR2_test_bsp/\libhal_bsp.a(altera_avalon_jtag_uart_init.o)
 .data          0x410317c0        0x0 ../DE4_DDR2_test_bsp/\libhal_bsp.a(altera_avalon_jtag_uart_ioctl.o)
 .data          0x410317c0        0x0 ../DE4_DDR2_test_bsp/\libhal_bsp.a(altera_avalon_jtag_uart_read.o)
 .data          0x410317c0        0x0 ../DE4_DDR2_test_bsp/\libhal_bsp.a(altera_avalon_jtag_uart_write.o)
 .data          0x410317c0        0x0 ../DE4_DDR2_test_bsp/\libhal_bsp.a(altera_avalon_timer_sc.o)
 .data          0x410317c0        0x0 ../DE4_DDR2_test_bsp/\libhal_bsp.a(alt_alarm_start.o)
 .data          0x410317c0        0x0 ../DE4_DDR2_test_bsp/\libhal_bsp.a(alt_busy_sleep.o)
 .data          0x410317c0        0x0 ../DE4_DDR2_test_bsp/\libhal_bsp.a(alt_dev_llist_insert.o)
 .data          0x410317c0        0x0 ../DE4_DDR2_test_bsp/\libhal_bsp.a(alt_do_ctors.o)
 .data          0x410317c0        0x0 ../DE4_DDR2_test_bsp/\libhal_bsp.a(alt_do_dtors.o)
 .data          0x410317c0        0x0 ../DE4_DDR2_test_bsp/\libhal_bsp.a(alt_icache_flush_all.o)
 .data          0x410317c0        0x0 ../DE4_DDR2_test_bsp/\libhal_bsp.a(alt_iic.o)
 .data          0x410317c0        0x0 ../DE4_DDR2_test_bsp/\libhal_bsp.a(alt_iic_isr_register.o)
 .data          0x410317c0        0x0 ../DE4_DDR2_test_bsp/\libhal_bsp.a(alt_io_redirect.o)
 .data          0x410317c0        0x0 ../DE4_DDR2_test_bsp/\libhal_bsp.a(alt_irq_entry.o)
 .data          0x410317c0        0x0 ../DE4_DDR2_test_bsp/\libhal_bsp.a(alt_irq_handler.o)
 .data          0x410317c0        0x0 ../DE4_DDR2_test_bsp/\libhal_bsp.a(alt_irq_vars.o)
 .data          0x410317c0        0x0 ../DE4_DDR2_test_bsp/\libhal_bsp.a(alt_open.o)
 .data          0x410317c0        0x0 ../DE4_DDR2_test_bsp/\libhal_bsp.a(altera_nios2_qsys_irq.o)
 .data          0x410317c0        0x0 ../DE4_DDR2_test_bsp/\libhal_bsp.a(alt_exception_entry.o)
 .data          0x410317c0        0x0 ../DE4_DDR2_test_bsp/\libhal_bsp.a(alt_find_file.o)
 .data          0x410317c0        0x0 ../DE4_DDR2_test_bsp/\libhal_bsp.a(alt_get_fd.o)
 .data          0x410317c0        0x0 ../DE4_DDR2_test_bsp/\libhal_bsp.a(alt_icache_flush.o)
 .data          0x410317c0        0x0 c:/altera/13.0sp1/nios2eds/bin/gnu/h-i686-mingw32/bin/../lib/gcc/nios2-elf/4.1.2/../../../../nios2-elf/lib/mhw-mulx\libc.a(lib_a-atexit.o)
 .data          0x410317c0        0x0 c:/altera/13.0sp1/nios2eds/bin/gnu/h-i686-mingw32/bin/../lib/gcc/nios2-elf/4.1.2/../../../../nios2-elf/lib/mhw-mulx\libc.a(lib_a-memcmp.o)
 .data          0x410317c0        0x0 c:/altera/13.0sp1/nios2eds/bin/gnu/h-i686-mingw32/bin/../lib/gcc/nios2-elf/4.1.2/../../../../nios2-elf/lib/mhw-mulx\libc.a(lib_a-__atexit.o)
                0x410397c0                _gp = ABSOLUTE ((. + 0x8000))
                0x410397c0                PROVIDE (gp, _gp)
 *(.rwdata .rwdata.*)
 *(.sdata .sdata.* .gnu.linkonce.s.*)
 .sdata         0x410317c0        0x8 c:/altera/13.0sp1/nios2eds/bin/gnu/h-i686-mingw32/bin/../lib/gcc/nios2-elf/4.1.2/../../../../nios2-elf/lib/mhw-mulx\libc.a(lib_a-impure.o)
                0x410317c0                _impure_ptr
                0x410317c4                _global_impure_ptr
 .sdata         0x410317c8        0x8 c:/altera/13.0sp1/nios2eds/bin/gnu/h-i686-mingw32/bin/../lib/gcc/nios2-elf/4.1.2/../../../../nios2-elf/lib/mhw-mulx\libc.a(lib_a-locale.o)
                0x410317c8                __mb_cur_max
 .sdata         0x410317d0        0x8 c:/altera/13.0sp1/nios2eds/bin/gnu/h-i686-mingw32/bin/../lib/gcc/nios2-elf/4.1.2/../../../../nios2-elf/lib/mhw-mulx\libc.a(lib_a-mallocr.o)
                0x410317d0                __malloc_trim_threshold
                0x410317d4                __malloc_sbrk_base
 .sdata         0x410317d8       0x14 ../DE4_DDR2_test_bsp/\libhal_bsp.a(alt_dev.o)
                0x410317d8                alt_fs_list
                0x410317e0                alt_dev_list
                0x410317e8                alt_max_fd
 .sdata         0x410317ec        0x8 ../DE4_DDR2_test_bsp/\libhal_bsp.a(alt_dma_rxchan_open.o)
                0x410317ec                alt_dma_rxchan_list
 .sdata         0x410317f4        0x8 ../DE4_DDR2_test_bsp/\libhal_bsp.a(alt_dma_txchan_open.o)
                0x410317f4                alt_dma_txchan_list
 .sdata         0x410317fc        0x4 ../DE4_DDR2_test_bsp/\libhal_bsp.a(alt_errno.o)
                0x410317fc                alt_errno
 .sdata         0x41031800        0x4 ../DE4_DDR2_test_bsp/\libhal_bsp.a(alt_sbrk.o)
 .sdata         0x41031804        0x8 ../DE4_DDR2_test_bsp/\libhal_bsp.a(alt_tick.o)
                0x41031804                alt_alarm_list
 .sdata         0x4103180c        0x4 ../DE4_DDR2_test_bsp/\libhal_bsp.a(alt_irq_vars.o)
                0x4103180c                alt_priority_mask
 *(.sdata2 .sdata2.* .gnu.linkonce.s2.*)
                0x41031810                . = ALIGN (0x4)
                0x41031810                _edata = ABSOLUTE (.)
                0x41031810                PROVIDE (edata, ABSOLUTE (.))
                0x41031810                PROVIDE (__ram_rwdata_end, ABSOLUTE (.))
                0x41031810                PROVIDE (__flash_rwdata_start, LOADADDR (.rwdata))

.bss            0x41033358      0x2f0
                0x41033358                __bss_start = ABSOLUTE (.)
                0x41033358                PROVIDE (__sbss_start, ABSOLUTE (.))
                0x41033358                PROVIDE (___sbss_start, ABSOLUTE (.))
 *(.dynsbss)
 *(.sbss .sbss.* .gnu.linkonce.sb.*)
 .sbss          0x41033358        0x4 obj/default/dma_ctr.o
                0x41033358                dma_complete
 .sbss          0x4103335c        0xc c:/altera/13.0sp1/nios2eds/bin/gnu/h-i686-mingw32/bin/../lib/gcc/nios2-elf/4.1.2/../../../../nios2-elf/lib/mhw-mulx\libc.a(lib_a-locale.o)
                0x4103335c                __nlocale_changed
                0x41033360                __mlocale_changed
                0x41033364                _PathLocale
 .sbss          0x41033368        0xc c:/altera/13.0sp1/nios2eds/bin/gnu/h-i686-mingw32/bin/../lib/gcc/nios2-elf/4.1.2/../../../../nios2-elf/lib/mhw-mulx\libc.a(lib_a-mallocr.o)
                0x41033368                __malloc_top_pad
                0x4103336c                __malloc_max_sbrked_mem
                0x41033370                __malloc_max_total_mem
 .sbss          0x41033374        0x4 c:/altera/13.0sp1/nios2eds/bin/gnu/h-i686-mingw32/bin/../lib/gcc/nios2-elf/4.1.2/../../../../nios2-elf/lib/mhw-mulx\libc.a(lib_a-int_errno.o)
                0x41033374                errno
 .sbss          0x41033378        0xc ../DE4_DDR2_test_bsp/\libhal_bsp.a(alt_main.o)
                0x41033378                alt_argc
                0x4103337c                alt_argv
                0x41033380                alt_envp
 .sbss          0x41033384        0x8 ../DE4_DDR2_test_bsp/\libhal_bsp.a(alt_tick.o)
                0x41033384                _alt_tick_rate
                0x41033388                _alt_nticks
 .sbss          0x4103338c        0x4 ../DE4_DDR2_test_bsp/\libhal_bsp.a(alt_irq_vars.o)
                0x4103338c                alt_irq_active
 *(.sbss2 .sbss2.* .gnu.linkonce.sb2.*)
 *(.scommon)
                0x41033390                PROVIDE (__sbss_end, ABSOLUTE (.))
                0x41033390                PROVIDE (___sbss_end, ABSOLUTE (.))
 *(.dynbss)
 *(.bss .bss.* .gnu.linkonce.b.*)
 .bss           0x41033390        0x0 ../DE4_DDR2_test_bsp//obj/HAL/src/crt0.o
 .bss           0x41033390        0x0 obj/default/I2C.o
 .bss           0x41033390        0x0 obj/default/dma_ctr.o
 .bss           0x41033390        0x0 obj/default/main.o
 .bss           0x41033390        0x0 obj/default/mem_init.o
 .bss           0x41033390        0x0 obj/default/mem_test.o
 .bss           0x41033390        0x0 c:/altera/13.0sp1/nios2eds/bin/gnu/h-i686-mingw32/bin/../lib/gcc/nios2-elf/4.1.2/mhw-mulx\libgcc.a(_div_sf.o)
 .bss           0x41033390        0x0 c:/altera/13.0sp1/nios2eds/bin/gnu/h-i686-mingw32/bin/../lib/gcc/nios2-elf/4.1.2/mhw-mulx\libgcc.a(_si_to_sf.o)
 .bss           0x41033390        0x0 c:/altera/13.0sp1/nios2eds/bin/gnu/h-i686-mingw32/bin/../lib/gcc/nios2-elf/4.1.2/mhw-mulx\libgcc.a(_sf_to_df.o)
 .bss           0x41033390        0x0 c:/altera/13.0sp1/nios2eds/bin/gnu/h-i686-mingw32/bin/../lib/gcc/nios2-elf/4.1.2/mhw-mulx\libgcc.a(_thenan_sf.o)
 .bss           0x41033390        0x0 c:/altera/13.0sp1/nios2eds/bin/gnu/h-i686-mingw32/bin/../lib/gcc/nios2-elf/4.1.2/mhw-mulx\libgcc.a(_usi_to_sf.o)
 .bss           0x41033390        0x0 c:/altera/13.0sp1/nios2eds/bin/gnu/h-i686-mingw32/bin/../lib/gcc/nios2-elf/4.1.2/mhw-mulx\libgcc.a(_make_df.o)
 .bss           0x41033390        0x0 c:/altera/13.0sp1/nios2eds/bin/gnu/h-i686-mingw32/bin/../lib/gcc/nios2-elf/4.1.2/mhw-mulx\libgcc.a(lib2-divmod.o)
 .bss           0x41033390        0x0 c:/altera/13.0sp1/nios2eds/bin/gnu/h-i686-mingw32/bin/../lib/gcc/nios2-elf/4.1.2/mhw-mulx\libgcc.a(_clzsi2.o)
 .bss           0x41033390        0x0 c:/altera/13.0sp1/nios2eds/bin/gnu/h-i686-mingw32/bin/../lib/gcc/nios2-elf/4.1.2/mhw-mulx\libgcc.a(_pack_sf.o)
 .bss           0x41033390        0x0 c:/altera/13.0sp1/nios2eds/bin/gnu/h-i686-mingw32/bin/../lib/gcc/nios2-elf/4.1.2/mhw-mulx\libgcc.a(_unpack_sf.o)
 .bss           0x41033390        0x0 c:/altera/13.0sp1/nios2eds/bin/gnu/h-i686-mingw32/bin/../lib/gcc/nios2-elf/4.1.2/mhw-mulx\libgcc.a(_pack_df.o)
 .bss           0x41033390        0x0 c:/altera/13.0sp1/nios2eds/bin/gnu/h-i686-mingw32/bin/../lib/gcc/nios2-elf/4.1.2/mhw-mulx\libgcc.a(_clz.o)
 .bss           0x41033390        0x0 c:/altera/13.0sp1/nios2eds/bin/gnu/h-i686-mingw32/bin/../lib/gcc/nios2-elf/4.1.2/../../../../nios2-elf/lib/mhw-mulx\libc.a(lib_a-exit.o)
 .bss           0x41033390        0x0 c:/altera/13.0sp1/nios2eds/bin/gnu/h-i686-mingw32/bin/../lib/gcc/nios2-elf/4.1.2/../../../../nios2-elf/lib/mhw-mulx\libc.a(lib_a-getc.o)
 .bss           0x41033390        0x0 c:/altera/13.0sp1/nios2eds/bin/gnu/h-i686-mingw32/bin/../lib/gcc/nios2-elf/4.1.2/../../../../nios2-elf/lib/mhw-mulx\libc.a(lib_a-impure.o)
 .bss           0x41033390        0x0 c:/altera/13.0sp1/nios2eds/bin/gnu/h-i686-mingw32/bin/../lib/gcc/nios2-elf/4.1.2/../../../../nios2-elf/lib/mhw-mulx\libc.a(lib_a-memcpy.o)
 .bss           0x41033390        0x0 c:/altera/13.0sp1/nios2eds/bin/gnu/h-i686-mingw32/bin/../lib/gcc/nios2-elf/4.1.2/../../../../nios2-elf/lib/mhw-mulx\libc.a(lib_a-printf.o)
 .bss           0x41033390        0x0 c:/altera/13.0sp1/nios2eds/bin/gnu/h-i686-mingw32/bin/../lib/gcc/nios2-elf/4.1.2/../../../../nios2-elf/lib/mhw-mulx\libc.a(lib_a-putchar.o)
 .bss           0x41033390        0x0 c:/altera/13.0sp1/nios2eds/bin/gnu/h-i686-mingw32/bin/../lib/gcc/nios2-elf/4.1.2/../../../../nios2-elf/lib/mhw-mulx\libc.a(lib_a-puts.o)
 .bss           0x41033390        0x0 c:/altera/13.0sp1/nios2eds/bin/gnu/h-i686-mingw32/bin/../lib/gcc/nios2-elf/4.1.2/../../../../nios2-elf/lib/mhw-mulx\libc.a(lib_a-rget.o)
 .bss           0x41033390        0x0 c:/altera/13.0sp1/nios2eds/bin/gnu/h-i686-mingw32/bin/../lib/gcc/nios2-elf/4.1.2/../../../../nios2-elf/lib/mhw-mulx\libc.a(lib_a-strlen.o)
 .bss           0x41033390        0x0 c:/altera/13.0sp1/nios2eds/bin/gnu/h-i686-mingw32/bin/../lib/gcc/nios2-elf/4.1.2/../../../../nios2-elf/lib/mhw-mulx\libc.a(lib_a-vfprintf.o)
 .bss           0x41033390        0x0 c:/altera/13.0sp1/nios2eds/bin/gnu/h-i686-mingw32/bin/../lib/gcc/nios2-elf/4.1.2/../../../../nios2-elf/lib/mhw-mulx\libc.a(lib_a-wsetup.o)
 .bss           0x41033390        0x0 c:/altera/13.0sp1/nios2eds/bin/gnu/h-i686-mingw32/bin/../lib/gcc/nios2-elf/4.1.2/../../../../nios2-elf/lib/mhw-mulx\libc.a(lib_a-__call_atexit.o)
 .bss           0x41033390        0x0 c:/altera/13.0sp1/nios2eds/bin/gnu/h-i686-mingw32/bin/../lib/gcc/nios2-elf/4.1.2/../../../../nios2-elf/lib/mhw-mulx\libc.a(lib_a-dtoa.o)
 .bss           0x41033390        0x0 c:/altera/13.0sp1/nios2eds/bin/gnu/h-i686-mingw32/bin/../lib/gcc/nios2-elf/4.1.2/../../../../nios2-elf/lib/mhw-mulx\libc.a(lib_a-fflush.o)
 .bss           0x41033390        0x0 c:/altera/13.0sp1/nios2eds/bin/gnu/h-i686-mingw32/bin/../lib/gcc/nios2-elf/4.1.2/../../../../nios2-elf/lib/mhw-mulx\libc.a(lib_a-findfp.o)
 .bss           0x41033390        0x0 c:/altera/13.0sp1/nios2eds/bin/gnu/h-i686-mingw32/bin/../lib/gcc/nios2-elf/4.1.2/../../../../nios2-elf/lib/mhw-mulx\libc.a(lib_a-freer.o)
 .bss           0x41033390        0x0 c:/altera/13.0sp1/nios2eds/bin/gnu/h-i686-mingw32/bin/../lib/gcc/nios2-elf/4.1.2/../../../../nios2-elf/lib/mhw-mulx\libc.a(lib_a-fvwrite.o)
 .bss           0x41033390        0x0 c:/altera/13.0sp1/nios2eds/bin/gnu/h-i686-mingw32/bin/../lib/gcc/nios2-elf/4.1.2/../../../../nios2-elf/lib/mhw-mulx\libc.a(lib_a-fwalk.o)
 .bss           0x41033390        0x0 c:/altera/13.0sp1/nios2eds/bin/gnu/h-i686-mingw32/bin/../lib/gcc/nios2-elf/4.1.2/../../../../nios2-elf/lib/mhw-mulx\libc.a(lib_a-locale.o)
 .bss           0x41033390        0x0 c:/altera/13.0sp1/nios2eds/bin/gnu/h-i686-mingw32/bin/../lib/gcc/nios2-elf/4.1.2/../../../../nios2-elf/lib/mhw-mulx\libc.a(lib_a-makebuf.o)
 .bss           0x41033390       0x28 c:/altera/13.0sp1/nios2eds/bin/gnu/h-i686-mingw32/bin/../lib/gcc/nios2-elf/4.1.2/../../../../nios2-elf/lib/mhw-mulx\libc.a(lib_a-mallocr.o)
                0x41033390                __malloc_current_mallinfo
 .bss           0x410333b8        0x0 c:/altera/13.0sp1/nios2eds/bin/gnu/h-i686-mingw32/bin/../lib/gcc/nios2-elf/4.1.2/../../../../nios2-elf/lib/mhw-mulx\libc.a(lib_a-memchr.o)
 .bss           0x410333b8        0x0 c:/altera/13.0sp1/nios2eds/bin/gnu/h-i686-mingw32/bin/../lib/gcc/nios2-elf/4.1.2/../../../../nios2-elf/lib/mhw-mulx\libc.a(lib_a-memmove.o)
 .bss           0x410333b8        0x0 c:/altera/13.0sp1/nios2eds/bin/gnu/h-i686-mingw32/bin/../lib/gcc/nios2-elf/4.1.2/../../../../nios2-elf/lib/mhw-mulx\libc.a(lib_a-memset.o)
 .bss           0x410333b8        0x0 c:/altera/13.0sp1/nios2eds/bin/gnu/h-i686-mingw32/bin/../lib/gcc/nios2-elf/4.1.2/../../../../nios2-elf/lib/mhw-mulx\libc.a(lib_a-mprec.o)
 .bss           0x410333b8        0x0 c:/altera/13.0sp1/nios2eds/bin/gnu/h-i686-mingw32/bin/../lib/gcc/nios2-elf/4.1.2/../../../../nios2-elf/lib/mhw-mulx\libc.a(lib_a-putc.o)
 .bss           0x410333b8        0x0 c:/altera/13.0sp1/nios2eds/bin/gnu/h-i686-mingw32/bin/../lib/gcc/nios2-elf/4.1.2/../../../../nios2-elf/lib/mhw-mulx\libc.a(lib_a-reallocr.o)
 .bss           0x410333b8        0x0 c:/altera/13.0sp1/nios2eds/bin/gnu/h-i686-mingw32/bin/../lib/gcc/nios2-elf/4.1.2/../../../../nios2-elf/lib/mhw-mulx\libc.a(lib_a-refill.o)
 .bss           0x410333b8        0x0 c:/altera/13.0sp1/nios2eds/bin/gnu/h-i686-mingw32/bin/../lib/gcc/nios2-elf/4.1.2/../../../../nios2-elf/lib/mhw-mulx\libc.a(lib_a-s_isinfd.o)
 .bss           0x410333b8        0x0 c:/altera/13.0sp1/nios2eds/bin/gnu/h-i686-mingw32/bin/../lib/gcc/nios2-elf/4.1.2/../../../../nios2-elf/lib/mhw-mulx\libc.a(lib_a-s_isnand.o)
 .bss           0x410333b8        0x0 c:/altera/13.0sp1/nios2eds/bin/gnu/h-i686-mingw32/bin/../lib/gcc/nios2-elf/4.1.2/../../../../nios2-elf/lib/mhw-mulx\libc.a(lib_a-sbrkr.o)
 .bss           0x410333b8        0x0 c:/altera/13.0sp1/nios2eds/bin/gnu/h-i686-mingw32/bin/../lib/gcc/nios2-elf/4.1.2/../../../../nios2-elf/lib/mhw-mulx\libc.a(lib_a-stdio.o)
 .bss           0x410333b8        0x0 c:/altera/13.0sp1/nios2eds/bin/gnu/h-i686-mingw32/bin/../lib/gcc/nios2-elf/4.1.2/../../../../nios2-elf/lib/mhw-mulx\libc.a(lib_a-strcmp.o)
 .bss           0x410333b8        0x0 c:/altera/13.0sp1/nios2eds/bin/gnu/h-i686-mingw32/bin/../lib/gcc/nios2-elf/4.1.2/../../../../nios2-elf/lib/mhw-mulx\libc.a(lib_a-wbuf.o)
 .bss           0x410333b8        0x0 c:/altera/13.0sp1/nios2eds/bin/gnu/h-i686-mingw32/bin/../lib/gcc/nios2-elf/4.1.2/../../../../nios2-elf/lib/mhw-mulx\libc.a(lib_a-writer.o)
 .bss           0x410333b8        0x0 c:/altera/13.0sp1/nios2eds/bin/gnu/h-i686-mingw32/bin/../lib/gcc/nios2-elf/4.1.2/../../../../nios2-elf/lib/mhw-mulx\libc.a(lib_a-callocr.o)
 .bss           0x410333b8        0x0 c:/altera/13.0sp1/nios2eds/bin/gnu/h-i686-mingw32/bin/../lib/gcc/nios2-elf/4.1.2/../../../../nios2-elf/lib/mhw-mulx\libc.a(lib_a-closer.o)
 .bss           0x410333b8        0x0 c:/altera/13.0sp1/nios2eds/bin/gnu/h-i686-mingw32/bin/../lib/gcc/nios2-elf/4.1.2/../../../../nios2-elf/lib/mhw-mulx\libc.a(lib_a-fclose.o)
 .bss           0x410333b8        0x0 c:/altera/13.0sp1/nios2eds/bin/gnu/h-i686-mingw32/bin/../lib/gcc/nios2-elf/4.1.2/../../../../nios2-elf/lib/mhw-mulx\libc.a(lib_a-fstatr.o)
 .bss           0x410333b8        0x0 c:/altera/13.0sp1/nios2eds/bin/gnu/h-i686-mingw32/bin/../lib/gcc/nios2-elf/4.1.2/../../../../nios2-elf/lib/mhw-mulx\libc.a(lib_a-int_errno.o)
 .bss           0x410333b8        0x0 c:/altera/13.0sp1/nios2eds/bin/gnu/h-i686-mingw32/bin/../lib/gcc/nios2-elf/4.1.2/../../../../nios2-elf/lib/mhw-mulx\libc.a(lib_a-isattyr.o)
 .bss           0x410333b8        0x0 c:/altera/13.0sp1/nios2eds/bin/gnu/h-i686-mingw32/bin/../lib/gcc/nios2-elf/4.1.2/../../../../nios2-elf/lib/mhw-mulx\libc.a(lib_a-lseekr.o)
 .bss           0x410333b8        0x0 c:/altera/13.0sp1/nios2eds/bin/gnu/h-i686-mingw32/bin/../lib/gcc/nios2-elf/4.1.2/../../../../nios2-elf/lib/mhw-mulx\libc.a(lib_a-readr.o)
 .bss           0x410333b8        0x0 c:/altera/13.0sp1/nios2eds/bin/gnu/h-i686-mingw32/bin/../lib/gcc/nios2-elf/4.1.2/mhw-mulx\libgcc.a(_udivdi3.o)
 .bss           0x410333b8        0x0 c:/altera/13.0sp1/nios2eds/bin/gnu/h-i686-mingw32/bin/../lib/gcc/nios2-elf/4.1.2/mhw-mulx\libgcc.a(_umoddi3.o)
 .bss           0x410333b8        0x0 c:/altera/13.0sp1/nios2eds/bin/gnu/h-i686-mingw32/bin/../lib/gcc/nios2-elf/4.1.2/mhw-mulx\libgcc.a(_addsub_df.o)
 .bss           0x410333b8        0x0 c:/altera/13.0sp1/nios2eds/bin/gnu/h-i686-mingw32/bin/../lib/gcc/nios2-elf/4.1.2/mhw-mulx\libgcc.a(_mul_df.o)
 .bss           0x410333b8        0x0 c:/altera/13.0sp1/nios2eds/bin/gnu/h-i686-mingw32/bin/../lib/gcc/nios2-elf/4.1.2/mhw-mulx\libgcc.a(_div_df.o)
 .bss           0x410333b8        0x0 c:/altera/13.0sp1/nios2eds/bin/gnu/h-i686-mingw32/bin/../lib/gcc/nios2-elf/4.1.2/mhw-mulx\libgcc.a(_eq_df.o)
 .bss           0x410333b8        0x0 c:/altera/13.0sp1/nios2eds/bin/gnu/h-i686-mingw32/bin/../lib/gcc/nios2-elf/4.1.2/mhw-mulx\libgcc.a(_ne_df.o)
 .bss           0x410333b8        0x0 c:/altera/13.0sp1/nios2eds/bin/gnu/h-i686-mingw32/bin/../lib/gcc/nios2-elf/4.1.2/mhw-mulx\libgcc.a(_gt_df.o)
 .bss           0x410333b8        0x0 c:/altera/13.0sp1/nios2eds/bin/gnu/h-i686-mingw32/bin/../lib/gcc/nios2-elf/4.1.2/mhw-mulx\libgcc.a(_ge_df.o)
 .bss           0x410333b8        0x0 c:/altera/13.0sp1/nios2eds/bin/gnu/h-i686-mingw32/bin/../lib/gcc/nios2-elf/4.1.2/mhw-mulx\libgcc.a(_lt_df.o)
 .bss           0x410333b8        0x0 c:/altera/13.0sp1/nios2eds/bin/gnu/h-i686-mingw32/bin/../lib/gcc/nios2-elf/4.1.2/mhw-mulx\libgcc.a(_si_to_df.o)
 .bss           0x410333b8        0x0 c:/altera/13.0sp1/nios2eds/bin/gnu/h-i686-mingw32/bin/../lib/gcc/nios2-elf/4.1.2/mhw-mulx\libgcc.a(_df_to_si.o)
 .bss           0x410333b8        0x0 c:/altera/13.0sp1/nios2eds/bin/gnu/h-i686-mingw32/bin/../lib/gcc/nios2-elf/4.1.2/mhw-mulx\libgcc.a(_thenan_df.o)
 .bss           0x410333b8        0x0 c:/altera/13.0sp1/nios2eds/bin/gnu/h-i686-mingw32/bin/../lib/gcc/nios2-elf/4.1.2/mhw-mulx\libgcc.a(_usi_to_df.o)
 .bss           0x410333b8        0x0 c:/altera/13.0sp1/nios2eds/bin/gnu/h-i686-mingw32/bin/../lib/gcc/nios2-elf/4.1.2/mhw-mulx\libgcc.a(_unpack_df.o)
 .bss           0x410333b8        0x0 c:/altera/13.0sp1/nios2eds/bin/gnu/h-i686-mingw32/bin/../lib/gcc/nios2-elf/4.1.2/mhw-mulx\libgcc.a(_fpcmp_parts_df.o)
 .bss           0x410333b8        0x0 ../DE4_DDR2_test_bsp/\libhal_bsp.a(alt_close.o)
 .bss           0x410333b8        0x0 ../DE4_DDR2_test_bsp/\libhal_bsp.a(alt_dcache_flush_all.o)
 .bss           0x410333b8        0x0 ../DE4_DDR2_test_bsp/\libhal_bsp.a(alt_dev.o)
 .bss           0x410333b8        0x0 ../DE4_DDR2_test_bsp/\libhal_bsp.a(alt_dma_rxchan_open.o)
 .bss           0x410333b8        0x0 ../DE4_DDR2_test_bsp/\libhal_bsp.a(alt_dma_txchan_open.o)
 .bss           0x410333b8        0x0 ../DE4_DDR2_test_bsp/\libhal_bsp.a(alt_errno.o)
 .bss           0x410333b8        0x0 ../DE4_DDR2_test_bsp/\libhal_bsp.a(alt_exit.o)
 .bss           0x410333b8        0x0 ../DE4_DDR2_test_bsp/\libhal_bsp.a(alt_find_dev.o)
 .bss           0x410333b8        0x0 ../DE4_DDR2_test_bsp/\libhal_bsp.a(alt_fstat.o)
 .bss           0x410333b8        0x0 ../DE4_DDR2_test_bsp/\libhal_bsp.a(alt_isatty.o)
 .bss           0x410333b8        0x0 ../DE4_DDR2_test_bsp/\libhal_bsp.a(alt_load.o)
 .bss           0x410333b8        0x0 ../DE4_DDR2_test_bsp/\libhal_bsp.a(alt_lseek.o)
 .bss           0x410333b8        0x0 ../DE4_DDR2_test_bsp/\libhal_bsp.a(alt_main.o)
 .bss           0x410333b8        0x0 ../DE4_DDR2_test_bsp/\libhal_bsp.a(alt_malloc_lock.o)
 .bss           0x410333b8        0x0 ../DE4_DDR2_test_bsp/\libhal_bsp.a(alt_read.o)
 .bss           0x410333b8        0x0 ../DE4_DDR2_test_bsp/\libhal_bsp.a(alt_release_fd.o)
 .bss           0x410333b8        0x0 ../DE4_DDR2_test_bsp/\libhal_bsp.a(alt_sbrk.o)
 .bss           0x410333b8        0x0 ../DE4_DDR2_test_bsp/\libhal_bsp.a(alt_tick.o)
 .bss           0x410333b8        0x0 ../DE4_DDR2_test_bsp/\libhal_bsp.a(alt_usleep.o)
 .bss           0x410333b8        0x0 ../DE4_DDR2_test_bsp/\libhal_bsp.a(alt_write.o)
 .bss           0x410333b8        0x0 ../DE4_DDR2_test_bsp/\libhal_bsp.a(alt_sys_init.o)
 .bss           0x410333b8        0x0 ../DE4_DDR2_test_bsp/\libhal_bsp.a(altera_avalon_dma.o)
 .bss           0x410333b8        0x0 ../DE4_DDR2_test_bsp/\libhal_bsp.a(altera_avalon_jtag_uart_fd.o)
 .bss           0x410333b8        0x0 ../DE4_DDR2_test_bsp/\libhal_bsp.a(altera_avalon_jtag_uart_init.o)
 .bss           0x410333b8        0x0 ../DE4_DDR2_test_bsp/\libhal_bsp.a(altera_avalon_jtag_uart_ioctl.o)
 .bss           0x410333b8        0x0 ../DE4_DDR2_test_bsp/\libhal_bsp.a(altera_avalon_jtag_uart_read.o)
 .bss           0x410333b8        0x0 ../DE4_DDR2_test_bsp/\libhal_bsp.a(altera_avalon_jtag_uart_write.o)
 .bss           0x410333b8        0x0 ../DE4_DDR2_test_bsp/\libhal_bsp.a(altera_avalon_timer_sc.o)
 .bss           0x410333b8        0x0 ../DE4_DDR2_test_bsp/\libhal_bsp.a(alt_alarm_start.o)
 .bss           0x410333b8        0x0 ../DE4_DDR2_test_bsp/\libhal_bsp.a(alt_busy_sleep.o)
 .bss           0x410333b8        0x0 ../DE4_DDR2_test_bsp/\libhal_bsp.a(alt_dev_llist_insert.o)
 .bss           0x410333b8        0x0 ../DE4_DDR2_test_bsp/\libhal_bsp.a(alt_do_ctors.o)
 .bss           0x410333b8        0x0 ../DE4_DDR2_test_bsp/\libhal_bsp.a(alt_do_dtors.o)
 .bss           0x410333b8        0x0 ../DE4_DDR2_test_bsp/\libhal_bsp.a(alt_icache_flush_all.o)
 .bss           0x410333b8        0x0 ../DE4_DDR2_test_bsp/\libhal_bsp.a(alt_iic.o)
 .bss           0x410333b8        0x0 ../DE4_DDR2_test_bsp/\libhal_bsp.a(alt_iic_isr_register.o)
 .bss           0x410333b8        0x0 ../DE4_DDR2_test_bsp/\libhal_bsp.a(alt_io_redirect.o)
 .bss           0x410333b8        0x0 ../DE4_DDR2_test_bsp/\libhal_bsp.a(alt_irq_entry.o)
 .bss           0x410333b8        0x0 ../DE4_DDR2_test_bsp/\libhal_bsp.a(alt_irq_handler.o)
 .bss           0x410333b8        0x0 ../DE4_DDR2_test_bsp/\libhal_bsp.a(alt_irq_vars.o)
 .bss           0x410333b8        0x0 ../DE4_DDR2_test_bsp/\libhal_bsp.a(alt_open.o)
 .bss           0x410333b8        0x0 ../DE4_DDR2_test_bsp/\libhal_bsp.a(altera_nios2_qsys_irq.o)
 .bss           0x410333b8        0x0 ../DE4_DDR2_test_bsp/\libhal_bsp.a(alt_exception_entry.o)
 .bss           0x410333b8        0x0 ../DE4_DDR2_test_bsp/\libhal_bsp.a(alt_find_file.o)
 .bss           0x410333b8        0x0 ../DE4_DDR2_test_bsp/\libhal_bsp.a(alt_get_fd.o)
 .bss           0x410333b8        0x0 ../DE4_DDR2_test_bsp/\libhal_bsp.a(alt_icache_flush.o)
 .bss           0x410333b8        0x0 c:/altera/13.0sp1/nios2eds/bin/gnu/h-i686-mingw32/bin/../lib/gcc/nios2-elf/4.1.2/../../../../nios2-elf/lib/mhw-mulx\libc.a(lib_a-atexit.o)
 .bss           0x410333b8        0x0 c:/altera/13.0sp1/nios2eds/bin/gnu/h-i686-mingw32/bin/../lib/gcc/nios2-elf/4.1.2/../../../../nios2-elf/lib/mhw-mulx\libc.a(lib_a-memcmp.o)
 .bss           0x410333b8        0x0 c:/altera/13.0sp1/nios2eds/bin/gnu/h-i686-mingw32/bin/../lib/gcc/nios2-elf/4.1.2/../../../../nios2-elf/lib/mhw-mulx\libc.a(lib_a-__atexit.o)
 *(COMMON)
 COMMON         0x410333b8      0x100 ../DE4_DDR2_test_bsp/\libhal_bsp.a(alt_irq_handler.o)
                0x410333b8                alt_irq
 COMMON         0x410334b8      0x190 c:/altera/13.0sp1/nios2eds/bin/gnu/h-i686-mingw32/bin/../lib/gcc/nios2-elf/4.1.2/../../../../nios2-elf/lib/mhw-mulx\libc.a(lib_a-atexit.o)
                0x410334b8                _atexit0
                0x41033648                . = ALIGN (0x4)
                0x41033648                __bss_end = ABSOLUTE (.)

.mem_if_ddr2_emif
                0x00000000        0x0 load address 0x41033648
                0x00000000                PROVIDE (_alt_partition_mem_if_ddr2_emif_start, ABSOLUTE (.))
 *(.mem_if_ddr2_emif. mem_if_ddr2_emif.*)
                0x00000000                . = ALIGN (0x4)
                0x00000000                PROVIDE (_alt_partition_mem_if_ddr2_emif_end, ABSOLUTE (.))
                0x41033648                PROVIDE (_alt_partition_mem_if_ddr2_emif_load_addr, LOADADDR (.mem_if_ddr2_emif))

.onchip_memory  0x41033648        0x0
                0x41033648                PROVIDE (_alt_partition_onchip_memory_start, ABSOLUTE (.))
 *(.onchip_memory. onchip_memory.*)
                0x41033648                . = ALIGN (0x4)
                0x41033648                PROVIDE (_alt_partition_onchip_memory_end, ABSOLUTE (.))
                0x41033648                _end = ABSOLUTE (.)
                0x41033648                end = ABSOLUTE (.)
                0x41033648                __alt_stack_base = ABSOLUTE (.)
                0x41033648                PROVIDE (_alt_partition_onchip_memory_load_addr, LOADADDR (.onchip_memory))

.stab
 *(.stab)

.stabstr
 *(.stabstr)

.stab.excl
 *(.stab.excl)

.stab.exclstr
 *(.stab.exclstr)

.stab.index
 *(.stab.index)

.stab.indexstr
 *(.stab.indexstr)

.comment        0x00000000       0x26
 *(.comment)
 .comment       0x00000000       0x26 obj/default/I2C.o
                                 0x27 (size before relaxing)
 .comment       0x00000000       0x27 obj/default/dma_ctr.o
 .comment       0x00000000       0x27 obj/default/main.o
 .comment       0x00000000       0x27 obj/default/mem_init.o
 .comment       0x00000000       0x27 obj/default/mem_test.o
 .comment       0x00000000       0x27 c:/altera/13.0sp1/nios2eds/bin/gnu/h-i686-mingw32/bin/../lib/gcc/nios2-elf/4.1.2/mhw-mulx\libgcc.a(_div_sf.o)
 .comment       0x00000000       0x27 c:/altera/13.0sp1/nios2eds/bin/gnu/h-i686-mingw32/bin/../lib/gcc/nios2-elf/4.1.2/mhw-mulx\libgcc.a(_si_to_sf.o)
 .comment       0x00000000       0x27 c:/altera/13.0sp1/nios2eds/bin/gnu/h-i686-mingw32/bin/../lib/gcc/nios2-elf/4.1.2/mhw-mulx\libgcc.a(_sf_to_df.o)
 .comment       0x00000000       0x27 c:/altera/13.0sp1/nios2eds/bin/gnu/h-i686-mingw32/bin/../lib/gcc/nios2-elf/4.1.2/mhw-mulx\libgcc.a(_thenan_sf.o)
 .comment       0x00000000       0x27 c:/altera/13.0sp1/nios2eds/bin/gnu/h-i686-mingw32/bin/../lib/gcc/nios2-elf/4.1.2/mhw-mulx\libgcc.a(_usi_to_sf.o)
 .comment       0x00000000       0x27 c:/altera/13.0sp1/nios2eds/bin/gnu/h-i686-mingw32/bin/../lib/gcc/nios2-elf/4.1.2/mhw-mulx\libgcc.a(_make_df.o)
 .comment       0x00000000       0x27 c:/altera/13.0sp1/nios2eds/bin/gnu/h-i686-mingw32/bin/../lib/gcc/nios2-elf/4.1.2/mhw-mulx\libgcc.a(lib2-divmod.o)
 .comment       0x00000000       0x27 c:/altera/13.0sp1/nios2eds/bin/gnu/h-i686-mingw32/bin/../lib/gcc/nios2-elf/4.1.2/mhw-mulx\libgcc.a(_clzsi2.o)
 .comment       0x00000000       0x27 c:/altera/13.0sp1/nios2eds/bin/gnu/h-i686-mingw32/bin/../lib/gcc/nios2-elf/4.1.2/mhw-mulx\libgcc.a(_pack_sf.o)
 .comment       0x00000000       0x27 c:/altera/13.0sp1/nios2eds/bin/gnu/h-i686-mingw32/bin/../lib/gcc/nios2-elf/4.1.2/mhw-mulx\libgcc.a(_unpack_sf.o)
 .comment       0x00000000       0x27 c:/altera/13.0sp1/nios2eds/bin/gnu/h-i686-mingw32/bin/../lib/gcc/nios2-elf/4.1.2/mhw-mulx\libgcc.a(_pack_df.o)
 .comment       0x00000000       0x27 c:/altera/13.0sp1/nios2eds/bin/gnu/h-i686-mingw32/bin/../lib/gcc/nios2-elf/4.1.2/mhw-mulx\libgcc.a(_clz.o)
 .comment       0x00000000       0x27 c:/altera/13.0sp1/nios2eds/bin/gnu/h-i686-mingw32/bin/../lib/gcc/nios2-elf/4.1.2/../../../../nios2-elf/lib/mhw-mulx\libc.a(lib_a-exit.o)
 .comment       0x00000000       0x27 c:/altera/13.0sp1/nios2eds/bin/gnu/h-i686-mingw32/bin/../lib/gcc/nios2-elf/4.1.2/../../../../nios2-elf/lib/mhw-mulx\libc.a(lib_a-getc.o)
 .comment       0x00000000       0x27 c:/altera/13.0sp1/nios2eds/bin/gnu/h-i686-mingw32/bin/../lib/gcc/nios2-elf/4.1.2/../../../../nios2-elf/lib/mhw-mulx\libc.a(lib_a-impure.o)
 .comment       0x00000000       0x27 c:/altera/13.0sp1/nios2eds/bin/gnu/h-i686-mingw32/bin/../lib/gcc/nios2-elf/4.1.2/../../../../nios2-elf/lib/mhw-mulx\libc.a(lib_a-memcpy.o)
 .comment       0x00000000       0x27 c:/altera/13.0sp1/nios2eds/bin/gnu/h-i686-mingw32/bin/../lib/gcc/nios2-elf/4.1.2/../../../../nios2-elf/lib/mhw-mulx\libc.a(lib_a-printf.o)
 .comment       0x00000000       0x27 c:/altera/13.0sp1/nios2eds/bin/gnu/h-i686-mingw32/bin/../lib/gcc/nios2-elf/4.1.2/../../../../nios2-elf/lib/mhw-mulx\libc.a(lib_a-putchar.o)
 .comment       0x00000000       0x27 c:/altera/13.0sp1/nios2eds/bin/gnu/h-i686-mingw32/bin/../lib/gcc/nios2-elf/4.1.2/../../../../nios2-elf/lib/mhw-mulx\libc.a(lib_a-puts.o)
 .comment       0x00000000       0x27 c:/altera/13.0sp1/nios2eds/bin/gnu/h-i686-mingw32/bin/../lib/gcc/nios2-elf/4.1.2/../../../../nios2-elf/lib/mhw-mulx\libc.a(lib_a-rget.o)
 .comment       0x00000000       0x27 c:/altera/13.0sp1/nios2eds/bin/gnu/h-i686-mingw32/bin/../lib/gcc/nios2-elf/4.1.2/../../../../nios2-elf/lib/mhw-mulx\libc.a(lib_a-strlen.o)
 .comment       0x00000000       0x27 c:/altera/13.0sp1/nios2eds/bin/gnu/h-i686-mingw32/bin/../lib/gcc/nios2-elf/4.1.2/../../../../nios2-elf/lib/mhw-mulx\libc.a(lib_a-vfprintf.o)
 .comment       0x00000000       0x27 c:/altera/13.0sp1/nios2eds/bin/gnu/h-i686-mingw32/bin/../lib/gcc/nios2-elf/4.1.2/../../../../nios2-elf/lib/mhw-mulx\libc.a(lib_a-wsetup.o)
 .comment       0x00000000       0x27 c:/altera/13.0sp1/nios2eds/bin/gnu/h-i686-mingw32/bin/../lib/gcc/nios2-elf/4.1.2/../../../../nios2-elf/lib/mhw-mulx\libc.a(lib_a-__call_atexit.o)
 .comment       0x00000000       0x27 c:/altera/13.0sp1/nios2eds/bin/gnu/h-i686-mingw32/bin/../lib/gcc/nios2-elf/4.1.2/../../../../nios2-elf/lib/mhw-mulx\libc.a(lib_a-dtoa.o)
 .comment       0x00000000       0x27 c:/altera/13.0sp1/nios2eds/bin/gnu/h-i686-mingw32/bin/../lib/gcc/nios2-elf/4.1.2/../../../../nios2-elf/lib/mhw-mulx\libc.a(lib_a-fflush.o)
 .comment       0x00000000       0x27 c:/altera/13.0sp1/nios2eds/bin/gnu/h-i686-mingw32/bin/../lib/gcc/nios2-elf/4.1.2/../../../../nios2-elf/lib/mhw-mulx\libc.a(lib_a-findfp.o)
 .comment       0x00000000       0x27 c:/altera/13.0sp1/nios2eds/bin/gnu/h-i686-mingw32/bin/../lib/gcc/nios2-elf/4.1.2/../../../../nios2-elf/lib/mhw-mulx\libc.a(lib_a-freer.o)
 .comment       0x00000000       0x27 c:/altera/13.0sp1/nios2eds/bin/gnu/h-i686-mingw32/bin/../lib/gcc/nios2-elf/4.1.2/../../../../nios2-elf/lib/mhw-mulx\libc.a(lib_a-fvwrite.o)
 .comment       0x00000000       0x27 c:/altera/13.0sp1/nios2eds/bin/gnu/h-i686-mingw32/bin/../lib/gcc/nios2-elf/4.1.2/../../../../nios2-elf/lib/mhw-mulx\libc.a(lib_a-fwalk.o)
 .comment       0x00000000       0x27 c:/altera/13.0sp1/nios2eds/bin/gnu/h-i686-mingw32/bin/../lib/gcc/nios2-elf/4.1.2/../../../../nios2-elf/lib/mhw-mulx\libc.a(lib_a-locale.o)
 .comment       0x00000000       0x27 c:/altera/13.0sp1/nios2eds/bin/gnu/h-i686-mingw32/bin/../lib/gcc/nios2-elf/4.1.2/../../../../nios2-elf/lib/mhw-mulx\libc.a(lib_a-makebuf.o)
 .comment       0x00000000       0x27 c:/altera/13.0sp1/nios2eds/bin/gnu/h-i686-mingw32/bin/../lib/gcc/nios2-elf/4.1.2/../../../../nios2-elf/lib/mhw-mulx\libc.a(lib_a-mallocr.o)
 .comment       0x00000000       0x27 c:/altera/13.0sp1/nios2eds/bin/gnu/h-i686-mingw32/bin/../lib/gcc/nios2-elf/4.1.2/../../../../nios2-elf/lib/mhw-mulx\libc.a(lib_a-memchr.o)
 .comment       0x00000000       0x27 c:/altera/13.0sp1/nios2eds/bin/gnu/h-i686-mingw32/bin/../lib/gcc/nios2-elf/4.1.2/../../../../nios2-elf/lib/mhw-mulx\libc.a(lib_a-memmove.o)
 .comment       0x00000000       0x27 c:/altera/13.0sp1/nios2eds/bin/gnu/h-i686-mingw32/bin/../lib/gcc/nios2-elf/4.1.2/../../../../nios2-elf/lib/mhw-mulx\libc.a(lib_a-memset.o)
 .comment       0x00000000       0x27 c:/altera/13.0sp1/nios2eds/bin/gnu/h-i686-mingw32/bin/../lib/gcc/nios2-elf/4.1.2/../../../../nios2-elf/lib/mhw-mulx\libc.a(lib_a-mprec.o)
 .comment       0x00000000       0x27 c:/altera/13.0sp1/nios2eds/bin/gnu/h-i686-mingw32/bin/../lib/gcc/nios2-elf/4.1.2/../../../../nios2-elf/lib/mhw-mulx\libc.a(lib_a-putc.o)
 .comment       0x00000000       0x27 c:/altera/13.0sp1/nios2eds/bin/gnu/h-i686-mingw32/bin/../lib/gcc/nios2-elf/4.1.2/../../../../nios2-elf/lib/mhw-mulx\libc.a(lib_a-reallocr.o)
 .comment       0x00000000       0x27 c:/altera/13.0sp1/nios2eds/bin/gnu/h-i686-mingw32/bin/../lib/gcc/nios2-elf/4.1.2/../../../../nios2-elf/lib/mhw-mulx\libc.a(lib_a-refill.o)
 .comment       0x00000000       0x27 c:/altera/13.0sp1/nios2eds/bin/gnu/h-i686-mingw32/bin/../lib/gcc/nios2-elf/4.1.2/../../../../nios2-elf/lib/mhw-mulx\libc.a(lib_a-s_isinfd.o)
 .comment       0x00000000       0x27 c:/altera/13.0sp1/nios2eds/bin/gnu/h-i686-mingw32/bin/../lib/gcc/nios2-elf/4.1.2/../../../../nios2-elf/lib/mhw-mulx\libc.a(lib_a-s_isnand.o)
 .comment       0x00000000       0x27 c:/altera/13.0sp1/nios2eds/bin/gnu/h-i686-mingw32/bin/../lib/gcc/nios2-elf/4.1.2/../../../../nios2-elf/lib/mhw-mulx\libc.a(lib_a-sbrkr.o)
 .comment       0x00000000       0x27 c:/altera/13.0sp1/nios2eds/bin/gnu/h-i686-mingw32/bin/../lib/gcc/nios2-elf/4.1.2/../../../../nios2-elf/lib/mhw-mulx\libc.a(lib_a-stdio.o)
 .comment       0x00000000       0x27 c:/altera/13.0sp1/nios2eds/bin/gnu/h-i686-mingw32/bin/../lib/gcc/nios2-elf/4.1.2/../../../../nios2-elf/lib/mhw-mulx\libc.a(lib_a-strcmp.o)
 .comment       0x00000000       0x27 c:/altera/13.0sp1/nios2eds/bin/gnu/h-i686-mingw32/bin/../lib/gcc/nios2-elf/4.1.2/../../../../nios2-elf/lib/mhw-mulx\libc.a(lib_a-wbuf.o)
 .comment       0x00000000       0x27 c:/altera/13.0sp1/nios2eds/bin/gnu/h-i686-mingw32/bin/../lib/gcc/nios2-elf/4.1.2/../../../../nios2-elf/lib/mhw-mulx\libc.a(lib_a-writer.o)
 .comment       0x00000000       0x27 c:/altera/13.0sp1/nios2eds/bin/gnu/h-i686-mingw32/bin/../lib/gcc/nios2-elf/4.1.2/../../../../nios2-elf/lib/mhw-mulx\libc.a(lib_a-callocr.o)
 .comment       0x00000000       0x27 c:/altera/13.0sp1/nios2eds/bin/gnu/h-i686-mingw32/bin/../lib/gcc/nios2-elf/4.1.2/../../../../nios2-elf/lib/mhw-mulx\libc.a(lib_a-closer.o)
 .comment       0x00000000       0x27 c:/altera/13.0sp1/nios2eds/bin/gnu/h-i686-mingw32/bin/../lib/gcc/nios2-elf/4.1.2/../../../../nios2-elf/lib/mhw-mulx\libc.a(lib_a-fclose.o)
 .comment       0x00000000       0x27 c:/altera/13.0sp1/nios2eds/bin/gnu/h-i686-mingw32/bin/../lib/gcc/nios2-elf/4.1.2/../../../../nios2-elf/lib/mhw-mulx\libc.a(lib_a-fstatr.o)
 .comment       0x00000000       0x27 c:/altera/13.0sp1/nios2eds/bin/gnu/h-i686-mingw32/bin/../lib/gcc/nios2-elf/4.1.2/../../../../nios2-elf/lib/mhw-mulx\libc.a(lib_a-int_errno.o)
 .comment       0x00000000       0x27 c:/altera/13.0sp1/nios2eds/bin/gnu/h-i686-mingw32/bin/../lib/gcc/nios2-elf/4.1.2/../../../../nios2-elf/lib/mhw-mulx\libc.a(lib_a-isattyr.o)
 .comment       0x00000000       0x27 c:/altera/13.0sp1/nios2eds/bin/gnu/h-i686-mingw32/bin/../lib/gcc/nios2-elf/4.1.2/../../../../nios2-elf/lib/mhw-mulx\libc.a(lib_a-lseekr.o)
 .comment       0x00000000       0x27 c:/altera/13.0sp1/nios2eds/bin/gnu/h-i686-mingw32/bin/../lib/gcc/nios2-elf/4.1.2/../../../../nios2-elf/lib/mhw-mulx\libc.a(lib_a-readr.o)
 .comment       0x00000000       0x27 c:/altera/13.0sp1/nios2eds/bin/gnu/h-i686-mingw32/bin/../lib/gcc/nios2-elf/4.1.2/mhw-mulx\libgcc.a(_udivdi3.o)
 .comment       0x00000000       0x27 c:/altera/13.0sp1/nios2eds/bin/gnu/h-i686-mingw32/bin/../lib/gcc/nios2-elf/4.1.2/mhw-mulx\libgcc.a(_umoddi3.o)
 .comment       0x00000000       0x27 c:/altera/13.0sp1/nios2eds/bin/gnu/h-i686-mingw32/bin/../lib/gcc/nios2-elf/4.1.2/mhw-mulx\libgcc.a(_addsub_df.o)
 .comment       0x00000000       0x27 c:/altera/13.0sp1/nios2eds/bin/gnu/h-i686-mingw32/bin/../lib/gcc/nios2-elf/4.1.2/mhw-mulx\libgcc.a(_mul_df.o)
 .comment       0x00000000       0x27 c:/altera/13.0sp1/nios2eds/bin/gnu/h-i686-mingw32/bin/../lib/gcc/nios2-elf/4.1.2/mhw-mulx\libgcc.a(_div_df.o)
 .comment       0x00000000       0x27 c:/altera/13.0sp1/nios2eds/bin/gnu/h-i686-mingw32/bin/../lib/gcc/nios2-elf/4.1.2/mhw-mulx\libgcc.a(_eq_df.o)
 .comment       0x00000000       0x27 c:/altera/13.0sp1/nios2eds/bin/gnu/h-i686-mingw32/bin/../lib/gcc/nios2-elf/4.1.2/mhw-mulx\libgcc.a(_ne_df.o)
 .comment       0x00000000       0x27 c:/altera/13.0sp1/nios2eds/bin/gnu/h-i686-mingw32/bin/../lib/gcc/nios2-elf/4.1.2/mhw-mulx\libgcc.a(_gt_df.o)
 .comment       0x00000000       0x27 c:/altera/13.0sp1/nios2eds/bin/gnu/h-i686-mingw32/bin/../lib/gcc/nios2-elf/4.1.2/mhw-mulx\libgcc.a(_ge_df.o)
 .comment       0x00000000       0x27 c:/altera/13.0sp1/nios2eds/bin/gnu/h-i686-mingw32/bin/../lib/gcc/nios2-elf/4.1.2/mhw-mulx\libgcc.a(_lt_df.o)
 .comment       0x00000000       0x27 c:/altera/13.0sp1/nios2eds/bin/gnu/h-i686-mingw32/bin/../lib/gcc/nios2-elf/4.1.2/mhw-mulx\libgcc.a(_si_to_df.o)
 .comment       0x00000000       0x27 c:/altera/13.0sp1/nios2eds/bin/gnu/h-i686-mingw32/bin/../lib/gcc/nios2-elf/4.1.2/mhw-mulx\libgcc.a(_df_to_si.o)
 .comment       0x00000000       0x27 c:/altera/13.0sp1/nios2eds/bin/gnu/h-i686-mingw32/bin/../lib/gcc/nios2-elf/4.1.2/mhw-mulx\libgcc.a(_thenan_df.o)
 .comment       0x00000000       0x27 c:/altera/13.0sp1/nios2eds/bin/gnu/h-i686-mingw32/bin/../lib/gcc/nios2-elf/4.1.2/mhw-mulx\libgcc.a(_usi_to_df.o)
 .comment       0x00000000       0x27 c:/altera/13.0sp1/nios2eds/bin/gnu/h-i686-mingw32/bin/../lib/gcc/nios2-elf/4.1.2/mhw-mulx\libgcc.a(_unpack_df.o)
 .comment       0x00000000       0x27 c:/altera/13.0sp1/nios2eds/bin/gnu/h-i686-mingw32/bin/../lib/gcc/nios2-elf/4.1.2/mhw-mulx\libgcc.a(_fpcmp_parts_df.o)
 .comment       0x00000000       0x27 ../DE4_DDR2_test_bsp/\libhal_bsp.a(alt_close.o)
 .comment       0x00000000       0x27 ../DE4_DDR2_test_bsp/\libhal_bsp.a(alt_dcache_flush_all.o)
 .comment       0x00000000       0x27 ../DE4_DDR2_test_bsp/\libhal_bsp.a(alt_dev.o)
 .comment       0x00000000       0x27 ../DE4_DDR2_test_bsp/\libhal_bsp.a(alt_dma_rxchan_open.o)
 .comment       0x00000000       0x27 ../DE4_DDR2_test_bsp/\libhal_bsp.a(alt_dma_txchan_open.o)
 .comment       0x00000000       0x27 ../DE4_DDR2_test_bsp/\libhal_bsp.a(alt_errno.o)
 .comment       0x00000000       0x27 ../DE4_DDR2_test_bsp/\libhal_bsp.a(alt_exit.o)
 .comment       0x00000000       0x27 ../DE4_DDR2_test_bsp/\libhal_bsp.a(alt_find_dev.o)
 .comment       0x00000000       0x27 ../DE4_DDR2_test_bsp/\libhal_bsp.a(alt_fstat.o)
 .comment       0x00000000       0x27 ../DE4_DDR2_test_bsp/\libhal_bsp.a(alt_isatty.o)
 .comment       0x00000000       0x27 ../DE4_DDR2_test_bsp/\libhal_bsp.a(alt_load.o)
 .comment       0x00000000       0x27 ../DE4_DDR2_test_bsp/\libhal_bsp.a(alt_lseek.o)
 .comment       0x00000000       0x27 ../DE4_DDR2_test_bsp/\libhal_bsp.a(alt_main.o)
 .comment       0x00000000       0x27 ../DE4_DDR2_test_bsp/\libhal_bsp.a(alt_malloc_lock.o)
 .comment       0x00000000       0x27 ../DE4_DDR2_test_bsp/\libhal_bsp.a(alt_read.o)
 .comment       0x00000000       0x27 ../DE4_DDR2_test_bsp/\libhal_bsp.a(alt_release_fd.o)
 .comment       0x00000000       0x27 ../DE4_DDR2_test_bsp/\libhal_bsp.a(alt_sbrk.o)
 .comment       0x00000000       0x27 ../DE4_DDR2_test_bsp/\libhal_bsp.a(alt_tick.o)
 .comment       0x00000000       0x27 ../DE4_DDR2_test_bsp/\libhal_bsp.a(alt_usleep.o)
 .comment       0x00000000       0x27 ../DE4_DDR2_test_bsp/\libhal_bsp.a(alt_write.o)
 .comment       0x00000000       0x27 ../DE4_DDR2_test_bsp/\libhal_bsp.a(alt_sys_init.o)
 .comment       0x00000000       0x27 ../DE4_DDR2_test_bsp/\libhal_bsp.a(altera_avalon_dma.o)
 .comment       0x00000000       0x27 ../DE4_DDR2_test_bsp/\libhal_bsp.a(altera_avalon_jtag_uart_fd.o)
 .comment       0x00000000       0x27 ../DE4_DDR2_test_bsp/\libhal_bsp.a(altera_avalon_jtag_uart_init.o)
 .comment       0x00000000       0x27 ../DE4_DDR2_test_bsp/\libhal_bsp.a(altera_avalon_jtag_uart_ioctl.o)
 .comment       0x00000000       0x27 ../DE4_DDR2_test_bsp/\libhal_bsp.a(altera_avalon_jtag_uart_read.o)
 .comment       0x00000000       0x27 ../DE4_DDR2_test_bsp/\libhal_bsp.a(altera_avalon_jtag_uart_write.o)
 .comment       0x00000000       0x27 ../DE4_DDR2_test_bsp/\libhal_bsp.a(altera_avalon_timer_sc.o)
 .comment       0x00000000       0x27 ../DE4_DDR2_test_bsp/\libhal_bsp.a(alt_alarm_start.o)
 .comment       0x00000000       0x27 ../DE4_DDR2_test_bsp/\libhal_bsp.a(alt_busy_sleep.o)
 .comment       0x00000000       0x27 ../DE4_DDR2_test_bsp/\libhal_bsp.a(alt_dev_llist_insert.o)
 .comment       0x00000000       0x27 ../DE4_DDR2_test_bsp/\libhal_bsp.a(alt_do_ctors.o)
 .comment       0x00000000       0x27 ../DE4_DDR2_test_bsp/\libhal_bsp.a(alt_do_dtors.o)
 .comment       0x00000000       0x27 ../DE4_DDR2_test_bsp/\libhal_bsp.a(alt_icache_flush_all.o)
 .comment       0x00000000       0x27 ../DE4_DDR2_test_bsp/\libhal_bsp.a(alt_iic.o)
 .comment       0x00000000       0x27 ../DE4_DDR2_test_bsp/\libhal_bsp.a(alt_iic_isr_register.o)
 .comment       0x00000000       0x27 ../DE4_DDR2_test_bsp/\libhal_bsp.a(alt_io_redirect.o)
 .comment       0x00000000       0x27 ../DE4_DDR2_test_bsp/\libhal_bsp.a(alt_irq_handler.o)
 .comment       0x00000000       0x27 ../DE4_DDR2_test_bsp/\libhal_bsp.a(alt_irq_vars.o)
 .comment       0x00000000       0x27 ../DE4_DDR2_test_bsp/\libhal_bsp.a(alt_open.o)
 .comment       0x00000000       0x27 ../DE4_DDR2_test_bsp/\libhal_bsp.a(altera_nios2_qsys_irq.o)