Archive member included because of file (symbol)

c:/altera/13.0sp1/nios2eds/bin/gnu/h-i686-mingw32/bin/../lib/gcc/nios2-elf/4.1.2/../../../../nios2-elf/lib/mhw-mulx\libc.a(lib_a-puts.o)
                              obj/default/hello_world.o (puts)
c:/altera/13.0sp1/nios2eds/bin/gnu/h-i686-mingw32/bin/../lib/gcc/nios2-elf/4.1.2/../../../../nios2-elf/lib/mhw-mulx\libc.a(lib_a-strlen.o)
                              c:/altera/13.0sp1/nios2eds/bin/gnu/h-i686-mingw32/bin/../lib/gcc/nios2-elf/4.1.2/../../../../nios2-elf/lib/mhw-mulx\libc.a(lib_a-puts.o) (strlen)
c:/altera/13.0sp1/nios2eds/bin/gnu/h-i686-mingw32/bin/../lib/gcc/nios2-elf/4.1.2/../../../../nios2-elf/lib/mhw-mulx\libc.a(lib_a-fvwrite.o)
                              c:/altera/13.0sp1/nios2eds/bin/gnu/h-i686-mingw32/bin/../lib/gcc/nios2-elf/4.1.2/../../../../nios2-elf/lib/mhw-mulx\libc.a(lib_a-puts.o) (__sfvwrite_r)
c:/altera/13.0sp1/nios2eds/bin/gnu/h-i686-mingw32/bin/../lib/gcc/nios2-elf/4.1.2/../../../../nios2-elf/lib/mhw-mulx\libc.a(lib_a-impure.o)
                              c:/altera/13.0sp1/nios2eds/bin/gnu/h-i686-mingw32/bin/../lib/gcc/nios2-elf/4.1.2/../../../../nios2-elf/lib/mhw-mulx\libc.a(lib_a-puts.o) (_impure_ptr)
c:/altera/13.0sp1/nios2eds/bin/gnu/h-i686-mingw32/bin/../lib/gcc/nios2-elf/4.1.2/../../../../nios2-elf/lib/mhw-mulx\libc.a(lib_a-mallocr.o)
                              c:/altera/13.0sp1/nios2eds/bin/gnu/h-i686-mingw32/bin/../lib/gcc/nios2-elf/4.1.2/../../../../nios2-elf/lib/mhw-mulx\libc.a(lib_a-fvwrite.o) (_malloc_r)
c:/altera/13.0sp1/nios2eds/bin/gnu/h-i686-mingw32/bin/../lib/gcc/nios2-elf/4.1.2/../../../../nios2-elf/lib/mhw-mulx\libc.a(lib_a-memchr.o)
                              c:/altera/13.0sp1/nios2eds/bin/gnu/h-i686-mingw32/bin/../lib/gcc/nios2-elf/4.1.2/../../../../nios2-elf/lib/mhw-mulx\libc.a(lib_a-fvwrite.o) (memchr)
c:/altera/13.0sp1/nios2eds/bin/gnu/h-i686-mingw32/bin/../lib/gcc/nios2-elf/4.1.2/../../../../nios2-elf/lib/mhw-mulx\libc.a(lib_a-memcpy.o)
                              c:/altera/13.0sp1/nios2eds/bin/gnu/h-i686-mingw32/bin/../lib/gcc/nios2-elf/4.1.2/../../../../nios2-elf/lib/mhw-mulx\libc.a(lib_a-fvwrite.o) (memcpy)
c:/altera/13.0sp1/nios2eds/bin/gnu/h-i686-mingw32/bin/../lib/gcc/nios2-elf/4.1.2/../../../../nios2-elf/lib/mhw-mulx\libc.a(lib_a-memmove.o)
                              c:/altera/13.0sp1/nios2eds/bin/gnu/h-i686-mingw32/bin/../lib/gcc/nios2-elf/4.1.2/../../../../nios2-elf/lib/mhw-mulx\libc.a(lib_a-fvwrite.o) (memmove)
c:/altera/13.0sp1/nios2eds/bin/gnu/h-i686-mingw32/bin/../lib/gcc/nios2-elf/4.1.2/../../../../nios2-elf/lib/mhw-mulx\libc.a(lib_a-reallocr.o)
                              c:/altera/13.0sp1/nios2eds/bin/gnu/h-i686-mingw32/bin/../lib/gcc/nios2-elf/4.1.2/../../../../nios2-elf/lib/mhw-mulx\libc.a(lib_a-fvwrite.o) (_realloc_r)
c:/altera/13.0sp1/nios2eds/bin/gnu/h-i686-mingw32/bin/../lib/gcc/nios2-elf/4.1.2/../../../../nios2-elf/lib/mhw-mulx\libc.a(lib_a-sbrkr.o)
                              c:/altera/13.0sp1/nios2eds/bin/gnu/h-i686-mingw32/bin/../lib/gcc/nios2-elf/4.1.2/../../../../nios2-elf/lib/mhw-mulx\libc.a(lib_a-mallocr.o) (_sbrk_r)
c:/altera/13.0sp1/nios2eds/bin/gnu/h-i686-mingw32/bin/../lib/gcc/nios2-elf/4.1.2/../../../../nios2-elf/lib/mhw-mulx\libc.a(lib_a-wsetup.o)
                              c:/altera/13.0sp1/nios2eds/bin/gnu/h-i686-mingw32/bin/../lib/gcc/nios2-elf/4.1.2/../../../../nios2-elf/lib/mhw-mulx\libc.a(lib_a-fvwrite.o) (__swsetup_r)
c:/altera/13.0sp1/nios2eds/bin/gnu/h-i686-mingw32/bin/../lib/gcc/nios2-elf/4.1.2/../../../../nios2-elf/lib/mhw-mulx\libc.a(lib_a-fflush.o)
                              c:/altera/13.0sp1/nios2eds/bin/gnu/h-i686-mingw32/bin/../lib/gcc/nios2-elf/4.1.2/../../../../nios2-elf/lib/mhw-mulx\libc.a(lib_a-fvwrite.o) (_fflush_r)
c:/altera/13.0sp1/nios2eds/bin/gnu/h-i686-mingw32/bin/../lib/gcc/nios2-elf/4.1.2/../../../../nios2-elf/lib/mhw-mulx\libc.a(lib_a-findfp.o)
                              c:/altera/13.0sp1/nios2eds/bin/gnu/h-i686-mingw32/bin/../lib/gcc/nios2-elf/4.1.2/../../../../nios2-elf/lib/mhw-mulx\libc.a(lib_a-wsetup.o) (__sinit)
c:/altera/13.0sp1/nios2eds/bin/gnu/h-i686-mingw32/bin/../lib/gcc/nios2-elf/4.1.2/../../../../nios2-elf/lib/mhw-mulx\libc.a(lib_a-freer.o)
                              c:/altera/13.0sp1/nios2eds/bin/gnu/h-i686-mingw32/bin/../lib/gcc/nios2-elf/4.1.2/../../../../nios2-elf/lib/mhw-mulx\libc.a(lib_a-fvwrite.o) (_free_r)
c:/altera/13.0sp1/nios2eds/bin/gnu/h-i686-mingw32/bin/../lib/gcc/nios2-elf/4.1.2/../../../../nios2-elf/lib/mhw-mulx\libc.a(lib_a-fwalk.o)
                              c:/altera/13.0sp1/nios2eds/bin/gnu/h-i686-mingw32/bin/../lib/gcc/nios2-elf/4.1.2/../../../../nios2-elf/lib/mhw-mulx\libc.a(lib_a-fflush.o) (_fwalk_reent)
c:/altera/13.0sp1/nios2eds/bin/gnu/h-i686-mingw32/bin/../lib/gcc/nios2-elf/4.1.2/../../../../nios2-elf/lib/mhw-mulx\libc.a(lib_a-int_errno.o)
[...]
Memory Configuration

Name             Origin             Length             Attributes
mem_if_ddr2_emif 0x00000000         0x40000000
reset            0x41020000         0x00000020
onchip_memory    0x41020020         0x0001f3e0
*default*        0x00000000         0xffffffff

Linker script and memory map

LOAD ../helloworld_sim_test_bsp//obj/HAL/src/crt0.o
LOAD obj/default/hello_world.o
LOAD c:/altera/13.0sp1/nios2eds/bin/gnu/h-i686-mingw32/bin/../lib/gcc/nios2-elf/4.1.2/../../../../nios2-elf/lib/mhw-mulx\libstdc++.a
LOAD c:/altera/13.0sp1/nios2eds/bin/gnu/h-i686-mingw32/bin/../lib/gcc/nios2-elf/4.1.2/../../../../nios2-elf/lib/mhw-mulx\libm.a
LOAD c:/altera/13.0sp1/nios2eds/bin/gnu/h-i686-mingw32/bin/../lib/gcc/nios2-elf/4.1.2/mhw-mulx\libgcc.a
START GROUP
LOAD c:/altera/13.0sp1/nios2eds/bin/gnu/h-i686-mingw32/bin/../lib/gcc/nios2-elf/4.1.2/../../../../nios2-elf/lib/mhw-mulx\libc.a
LOAD c:/altera/13.0sp1/nios2eds/bin/gnu/h-i686-mingw32/bin/../lib/gcc/nios2-elf/4.1.2/mhw-mulx\libgcc.a
LOAD ../helloworld_sim_test_bsp/\libhal_bsp.a
END GROUP
LOAD c:/altera/13.0sp1/nios2eds/bin/gnu/h-i686-mingw32/bin/../lib/gcc/nios2-elf/4.1.2/mhw-mulx\libgcc.a
                0x00000000                __alt_mem_mem_if_ddr2_emif = 0x0
                0x41020000                __alt_mem_onchip_memory = 0x41020000

.entry          0x41020000       0x20
 *(.entry)
 .entry         0x41020000       0x20 ../helloworld_sim_test_bsp//obj/HAL/src/crt0.o
                0x41020000                __reset

.exceptions     0x41020020      0x194
                0x41020020                PROVIDE (__ram_exceptions_start, ABSOLUTE (.))
                0x41020020                . = ALIGN (0x20)
 *(.irq)
 *(.exceptions.entry.label)
 .exceptions.entry.label
                0x41020020        0x0 ../helloworld_sim_test_bsp/\libhal_bsp.a(alt_irq_entry.o)
                0x41020020                alt_irq_entry
 .exceptions.entry.label
                0x41020020        0x0 ../helloworld_sim_test_bsp/\libhal_bsp.a(alt_exception_entry.o)
                0x41020020                alt_exception
 *(.exceptions.entry.user)
 *(.exceptions.entry)
 .exceptions.entry
                0x41020020       0x54 ../helloworld_sim_test_bsp/\libhal_bsp.a(alt_exception_entry.o)
 *(.exceptions.irqtest.user)
 *(.exceptions.irqtest)
 .exceptions.irqtest
                0x41020074       0x10 ../helloworld_sim_test_bsp/\libhal_bsp.a(alt_irq_entry.o)
 *(.exceptions.irqhandler.user)
 *(.exceptions.irqhandler)
 .exceptions.irqhandler
                0x41020084        0x4 ../helloworld_sim_test_bsp/\libhal_bsp.a(alt_irq_entry.o)
 *(.exceptions.irqreturn.user)
 *(.exceptions.irqreturn)
 .exceptions.irqreturn
                0x41020088        0x4 ../helloworld_sim_test_bsp/\libhal_bsp.a(alt_irq_entry.o)
 *(.exceptions.notirq.label)
 .exceptions.notirq.label
                0x4102008c        0x0 ../helloworld_sim_test_bsp/\libhal_bsp.a(alt_irq_entry.o)
 *(.exceptions.notirq.user)
 *(.exceptions.notirq)
 .exceptions.notirq
                0x4102008c        0x8 ../helloworld_sim_test_bsp/\libhal_bsp.a(alt_exception_entry.o)
 *(.exceptions.soft.user)
 *(.exceptions.soft)
 *(.exceptions.unknown.user)
 *(.exceptions.unknown)
 .exceptions.unknown
                0x41020094        0x4 ../helloworld_sim_test_bsp/\libhal_bsp.a(alt_exception_entry.o)
 *(.exceptions.exit.label)
 .exceptions.exit.label
                0x41020098        0x0 ../helloworld_sim_test_bsp/\libhal_bsp.a(alt_irq_entry.o)
 .exceptions.exit.label
                0x41020098        0x0 ../helloworld_sim_test_bsp/\libhal_bsp.a(alt_exception_entry.o)
 *(.exceptions.exit.user)
 *(.exceptions.exit)
 .exceptions.exit
                0x41020098       0x54 ../helloworld_sim_test_bsp/\libhal_bsp.a(alt_exception_entry.o)
 *(.exceptions)
 .exceptions    0x410200ec       0xc8 ../helloworld_sim_test_bsp/\libhal_bsp.a(alt_irq_handler.o)
                0x410200ec                alt_irq_handler
                0x410201b4                PROVIDE (__ram_exceptions_end, ABSOLUTE (.))
                0x41020020                PROVIDE (__flash_exceptions_start, LOADADDR (.exceptions))

.text           0x410201b4     0x6260
                0x410201b4                PROVIDE (stext, ABSOLUTE (.))
 *(.interp)
 *(.hash)
 *(.dynsym)
 *(.dynstr)
 *(.gnu.version)
 *(.gnu.version_d)
 *(.gnu.version_r)
 *(.rel.init)
 *(.rela.init)
 *(.rel.text .rel.text.* .rel.gnu.linkonce.t.*)
 *(.rela.text .rela.text.* .rela.gnu.linkonce.t.*)
 *(.rel.fini)
 *(.rela.fini)
 *(.rel.rodata .rel.rodata.* .rel.gnu.linkonce.r.*)
 *(.rela.rodata .rela.rodata.* .rela.gnu.linkonce.r.*)
 *(.rel.data .rel.data.* .rel.gnu.linkonce.d.*)
 *(.rela.data .rela.data.* .rela.gnu.linkonce.d.*)
 *(.rel.tdata .rel.tdata.* .rel.gnu.linkonce.td.*)
 *(.rela.tdata .rela.tdata.* .rela.gnu.linkonce.td.*)
 *(.rel.tbss .rel.tbss.* .rel.gnu.linkonce.tb.*)
 *(.rela.tbss .rela.tbss.* .rela.gnu.linkonce.tb.*)
 *(.rel.ctors)
 *(.rela.ctors)
 *(.rel.dtors)
 *(.rela.dtors)
 *(.rel.got)
 *(.rela.got)
 *(.rel.sdata .rel.sdata.* .rel.gnu.linkonce.s.*)
 *(.rela.sdata .rela.sdata.* .rela.gnu.linkonce.s.*)
 *(.rel.sbss .rel.sbss.* .rel.gnu.linkonce.sb.*)
 *(.rela.sbss .rela.sbss.* .rela.gnu.linkonce.sb.*)
 *(.rel.sdata2 .rel.sdata2.* .rel.gnu.linkonce.s2.*)
 *(.rela.sdata2 .rela.sdata2.* .rela.gnu.linkonce.s2.*)
 *(.rel.sbss2 .rel.sbss2.* .rel.gnu.linkonce.sb2.*)
 *(.rela.sbss2 .rela.sbss2.* .rela.gnu.linkonce.sb2.*)
 *(.rel.bss .rel.bss.* .rel.gnu.linkonce.b.*)
 *(.rela.bss .rela.bss.* .rela.gnu.linkonce.b.*)
 *(.rel.plt)
 *(.rela.plt)
 *(.rel.dyn)
 *(.init)
 *(.plt)
 *(.text .stub .text.* .gnu.linkonce.t.*)
 .text          0x410201b4       0x4c ../helloworld_sim_test_bsp//obj/HAL/src/crt0.o
                0x410201b4                _start
 .text          0x41020200       0x34 obj/default/hello_world.o
                0x41020200                main
 .text          0x41020234       0xb4 c:/altera/13.0sp1/nios2eds/bin/gnu/h-i686-mingw32/bin/../lib/gcc/nios2-elf/4.1.2/../../../../nios2-elf/lib/mhw-mulx\libc.a(lib_a-puts.o)
                0x41020234                _puts_r
                0x410202d4                puts
 .text          0x410202e8       0x74 c:/altera/13.0sp1/nios2eds/bin/gnu/h-i686-mingw32/bin/../lib/gcc/nios2-elf/4.1.2/../../../../nios2-elf/lib/mhw-mulx\libc.a(lib_a-strlen.o)
                0x410202e8                strlen
 .text          0x4102035c      0x49c c:/altera/13.0sp1/nios2eds/bin/gnu/h-i686-mingw32/bin/../lib/gcc/nios2-elf/4.1.2/../../../../nios2-elf/lib/mhw-mulx\libc.a(lib_a-fvwrite.o)
                0x4102035c                __sfvwrite_r
 .text          0x410207f8        0x0 c:/altera/13.0sp1/nios2eds/bin/gnu/h-i686-mingw32/bin/../lib/gcc/nios2-elf/4.1.2/../../../../nios2-elf/lib/mhw-mulx\libc.a(lib_a-impure.o)
 .text          0x410207f8      0x740 c:/altera/13.0sp1/nios2eds/bin/gnu/h-i686-mingw32/bin/../lib/gcc/nios2-elf/4.1.2/../../../../nios2-elf/lib/mhw-mulx\libc.a(lib_a-mallocr.o)
                0x410207f8                _malloc_r
 .text          0x41020f38       0xe4 c:/altera/13.0sp1/nios2eds/bin/gnu/h-i686-mingw32/bin/../lib/gcc/nios2-elf/4.1.2/../../../../nios2-elf/lib/mhw-mulx\libc.a(lib_a-memchr.o)
                0x41020f38                memchr
 .text          0x4102101c       0xa0 c:/altera/13.0sp1/nios2eds/bin/gnu/h-i686-mingw32/bin/../lib/gcc/nios2-elf/4.1.2/../../../../nios2-elf/lib/mhw-mulx\libc.a(lib_a-memcpy.o)
                0x4102101c                memcpy
 .text          0x410210bc       0xe0 c:/altera/13.0sp1/nios2eds/bin/gnu/h-i686-mingw32/bin/../lib/gcc/nios2-elf/4.1.2/../../../../nios2-elf/lib/mhw-mulx\libc.a(lib_a-memmove.o)
                0x410210bc                memmove
 .text          0x4102119c      0x5f4 c:/altera/13.0sp1/nios2eds/bin/gnu/h-i686-mingw32/bin/../lib/gcc/nios2-elf/4.1.2/../../../../nios2-elf/lib/mhw-mulx\libc.a(lib_a-reallocr.o)
                0x4102119c                _realloc_r
 .text          0x41021790       0x70 c:/altera/13.0sp1/nios2eds/bin/gnu/h-i686-mingw32/bin/../lib/gcc/nios2-elf/4.1.2/../../../../nios2-elf/lib/mhw-mulx\libc.a(lib_a-sbrkr.o)
                0x41021790                _sbrk_r
 .text          0x41021800      0x13c c:/altera/13.0sp1/nios2eds/bin/gnu/h-i686-mingw32/bin/../lib/gcc/nios2-elf/4.1.2/../../../../nios2-elf/lib/mhw-mulx\libc.a(lib_a-wsetup.o)
                0x41021800                __swsetup_r
 .text          0x4102193c      0x230 c:/altera/13.0sp1/nios2eds/bin/gnu/h-i686-mingw32/bin/../lib/gcc/nios2-elf/4.1.2/../../../../nios2-elf/lib/mhw-mulx\libc.a(lib_a-fflush.o)
                0x4102193c                _fflush_r
                0x41021b38                fflush
 .text          0x41021b6c      0x2c0 c:/altera/13.0sp1/nios2eds/bin/gnu/h-i686-mingw32/bin/../lib/gcc/nios2-elf/4.1.2/../../../../nios2-elf/lib/mhw-mulx\libc.a(lib_a-findfp.o)
                0x41021bc4                __sfp_lock_acquire
                0x41021bc8                __sfp_lock_release
                0x41021bcc                __sinit_lock_acquire
                0x41021bd0                __sinit_lock_release
                0x41021bd4                __sinit
                0x41021c88                __fp_unlock_all
                0x41021ca0                __fp_lock_all
                0x41021cb8                _cleanup_r
                0x41021cc4                _cleanup
                0x41021cd4                __sfmoreglue
                0x41021d3c                __sfp
 .text          0x41021e2c      0x440 c:/altera/13.0sp1/nios2eds/bin/gnu/h-i686-mingw32/bin/../lib/gcc/nios2-elf/4.1.2/../../../../nios2-elf/lib/mhw-mulx\libc.a(lib_a-freer.o)
                0x41021e2c                _malloc_trim_r
                0x41021f58                _free_r
 .text          0x4102226c      0x180 c:/altera/13.0sp1/nios2eds/bin/gnu/h-i686-mingw32/bin/../lib/gcc/nios2-elf/4.1.2/../../../../nios2-elf/lib/mhw-mulx\libc.a(lib_a-fwalk.o)
                0x4102226c                _fwalk_reent
                0x41022334                _fwalk
 .text          0x410223ec        0x0 c:/altera/13.0sp1/nios2eds/bin/gnu/h-i686-mingw32/bin/../lib/gcc/nios2-elf/4.1.2/../../../../nios2-elf/lib/mhw-mulx\libc.a(lib_a-int_errno.o)
 .text          0x410223ec      0x194 c:/altera/13.0sp1/nios2eds/bin/gnu/h-i686-mingw32/bin/../lib/gcc/nios2-elf/4.1.2/../../../../nios2-elf/lib/mhw-mulx\libc.a(lib_a-makebuf.o)
                0x410223ec                __smakebuf_r
 .text          0x41022580       0x98 c:/altera/13.0sp1/nios2eds/bin/gnu/h-i686-mingw32/bin/../lib/gcc/nios2-elf/4.1.2/../../../../nios2-elf/lib/mhw-mulx\libc.a(lib_a-memset.o)
                0x41022580                memset
 .text          0x41022618      0x14c c:/altera/13.0sp1/nios2eds/bin/gnu/h-i686-mingw32/bin/../lib/gcc/nios2-elf/4.1.2/../../../../nios2-elf/lib/mhw-mulx\libc.a(lib_a-stdio.o)
                0x41022618                __sclose
                0x41022620                __sseek
                0x41022688                __swrite
                0x41022704                __sread
 .text          0x41022764       0x78 c:/altera/13.0sp1/nios2eds/bin/gnu/h-i686-mingw32/bin/../lib/gcc/nios2-elf/4.1.2/../../../../nios2-elf/lib/mhw-mulx\libc.a(lib_a-writer.o)
                0x41022764                _write_r
 .text          0x410227dc       0x70 c:/altera/13.0sp1/nios2eds/bin/gnu/h-i686-mingw32/bin/../lib/gcc/nios2-elf/4.1.2/../../../../nios2-elf/lib/mhw-mulx\libc.a(lib_a-closer.o)
                0x410227dc                _close_r
 .text          0x4102284c      0x124 c:/altera/13.0sp1/nios2eds/bin/gnu/h-i686-mingw32/bin/../lib/gcc/nios2-elf/4.1.2/../../../../nios2-elf/lib/mhw-mulx\libc.a(lib_a-fclose.o)
                0x4102284c                _fclose_r
                0x4102295c                fclose
 .text          0x41022970       0x74 c:/altera/13.0sp1/nios2eds/bin/gnu/h-i686-mingw32/bin/../lib/gcc/nios2-elf/4.1.2/../../../../nios2-elf/lib/mhw-mulx\libc.a(lib_a-fstatr.o)
                0x41022970                _fstat_r
 .text          0x410229e4       0x70 c:/altera/13.0sp1/nios2eds/bin/gnu/h-i686-mingw32/bin/../lib/gcc/nios2-elf/4.1.2/../../../../nios2-elf/lib/mhw-mulx\libc.a(lib_a-isattyr.o)
                0x410229e4                _isatty_r
 .text          0x41022a54       0x78 c:/altera/13.0sp1/nios2eds/bin/gnu/h-i686-mingw32/bin/../lib/gcc/nios2-elf/4.1.2/../../../../nios2-elf/lib/mhw-mulx\libc.a(lib_a-lseekr.o)
                0x41022a54                _lseek_r
 .text          0x41022acc       0x78 c:/altera/13.0sp1/nios2eds/bin/gnu/h-i686-mingw32/bin/../lib/gcc/nios2-elf/4.1.2/../../../../nios2-elf/lib/mhw-mulx\libc.a(lib_a-readr.o)
                0x41022acc                _read_r
 .text          0x41022b44      0x15c ../helloworld_sim_test_bsp/\libhal_bsp.a(alt_close.o)
                0x41022b44                close
 .text          0x41022ca0       0x2c ../helloworld_sim_test_bsp/\libhal_bsp.a(alt_dev.o)
 .text          0x41022ccc        0x0 ../helloworld_sim_test_bsp/\libhal_bsp.a(alt_errno.o)
 .text          0x41022ccc      0x134 ../helloworld_sim_test_bsp/\libhal_bsp.a(alt_fstat.o)
                0x41022ccc                fstat
 .text          0x41022e00      0x120 ../helloworld_sim_test_bsp/\libhal_bsp.a(alt_isatty.o)
                0x41022e00                isatty
 .text          0x41022f20       0xec ../helloworld_sim_test_bsp/\libhal_bsp.a(alt_load.o)
                0x41022f20                alt_load
 .text          0x4102300c      0x150 ../helloworld_sim_test_bsp/\libhal_bsp.a(alt_lseek.o)
                0x4102300c                lseek
 .text          0x4102315c       0x6c ../helloworld_sim_test_bsp/\libhal_bsp.a(alt_main.o)
                0x4102315c                alt_main
 .text          0x410231c8       0x40 ../helloworld_sim_test_bsp/\libhal_bsp.a(alt_malloc_lock.o)
                0x410231c8                __malloc_lock
                0x410231e8                __malloc_unlock
 .text          0x41023208      0x180 ../helloworld_sim_test_bsp/\libhal_bsp.a(alt_read.o)
                0x41023208                read
 .text          0x41023388       0x60 ../helloworld_sim_test_bsp/\libhal_bsp.a(alt_release_fd.o)
                0x41023388                alt_release_fd
 .text          0x410233e8       0xbc ../helloworld_sim_test_bsp/\libhal_bsp.a(alt_sbrk.o)
                0x410233e8                sbrk
 .text          0x410234a4      0x180 ../helloworld_sim_test_bsp/\libhal_bsp.a(alt_write.o)
                0x410234a4                write
 .text          0x41023624       0xec ../helloworld_sim_test_bsp/\libhal_bsp.a(alt_sys_init.o)
                0x41023624                alt_irq_init
                0x41023658                alt_sys_init
 .text          0x41023710      0xcac ../helloworld_sim_test_bsp/\libhal_bsp.a(altera_avalon_dma.o)
                0x41023710                alt_avalon_dma_launch_bidir
                0x41023d24                alt_avalon_dma_tx_ioctl
                0x41023d68                alt_avalon_dma_rx_ioctl
                0x41023dac                alt_avalon_dma_prepare
                0x41023f00                alt_avalon_dma_space
                0x41023f80                alt_avalon_dma_send
                0x4102429c                alt_avalon_dma_init
 .text          0x410243bc      0x148 ../helloworld_sim_test_bsp/\libhal_bsp.a(altera_avalon_jtag_uart_fd.o)
                0x410243bc                altera_avalon_jtag_uart_read_fd
                0x41024414                altera_avalon_jtag_uart_write_fd
                0x4102446c                altera_avalon_jtag_uart_close_fd
                0x410244b4                altera_avalon_jtag_uart_ioctl_fd
 .text          0x41024504      0x40c ../helloworld_sim_test_bsp/\libhal_bsp.a(altera_avalon_jtag_uart_init.o)
                0x41024504                altera_avalon_jtag_uart_init
                0x4102489c                altera_avalon_jtag_uart_close
 .text          0x41024910       0xf4 ../helloworld_sim_test_bsp/\libhal_bsp.a(altera_avalon_jtag_uart_ioctl.o)
                0x41024910                altera_avalon_jtag_uart_ioctl
 .text          0x41024a04      0x224 ../helloworld_sim_test_bsp/\libhal_bsp.a(altera_avalon_jtag_uart_read.o)
                0x41024a04                altera_avalon_jtag_uart_read
 .text          0x41024c28      0x240 ../helloworld_sim_test_bsp/\libhal_bsp.a(altera_avalon_jtag_uart_write.o)
                0x41024c28                altera_avalon_jtag_uart_write
 .text          0x41024e68      0x100 ../helloworld_sim_test_bsp/\libhal_bsp.a(altera_avalon_timer_sc.o)
                0x41024ed8                alt_avalon_timer_sc_init
 .text          0x41024f68      0x154 ../helloworld_sim_test_bsp/\libhal_bsp.a(alt_alarm_start.o)
                0x41024f68                alt_alarm_start
 .text          0x410250bc       0x44 ../helloworld_sim_test_bsp/\libhal_bsp.a(alt_dcache_flush_all.o)
                0x410250bc                alt_dcache_flush_all
 .text          0x41025100      0x114 ../helloworld_sim_test_bsp/\libhal_bsp.a(alt_dev_llist_insert.o)
                0x41025100                alt_dev_llist_insert
 .text          0x41025214       0xb8 ../helloworld_sim_test_bsp/\libhal_bsp.a(alt_dma_rxchan_open.o)
                0x41025214                alt_dma_rxchan_open
 .text          0x410252cc       0xb8 ../helloworld_sim_test_bsp/\libhal_bsp.a(alt_dma_txchan_open.o)
                0x410252cc                alt_dma_txchan_open
 .text          0x41025384       0x64 ../helloworld_sim_test_bsp/\libhal_bsp.a(alt_do_ctors.o)
                0x41025384                _do_ctors
 .text          0x410253e8       0x64 ../helloworld_sim_test_bsp/\libhal_bsp.a(alt_do_dtors.o)
                0x410253e8                _do_dtors
 .text          0x4102544c       0x94 ../helloworld_sim_test_bsp/\libhal_bsp.a(alt_find_dev.o)
                0x4102544c                alt_find_dev
 .text          0x410254e0       0x30 ../helloworld_sim_test_bsp/\libhal_bsp.a(alt_icache_flush_all.o)
                0x410254e0                alt_icache_flush_all
 .text          0x41025510      0x1d4 ../helloworld_sim_test_bsp/\libhal_bsp.a(alt_iic.o)
                0x41025510                alt_ic_isr_register
                0x41025560                alt_ic_irq_enable
                0x410255fc                alt_ic_irq_disable
                0x4102569c                alt_ic_irq_enabled
 .text          0x410256e4       0xf8 ../helloworld_sim_test_bsp/\libhal_bsp.a(alt_iic_isr_register.o)
                0x410256e4                alt_iic_isr_register
 .text          0x410257dc      0x13c ../helloworld_sim_test_bsp/\libhal_bsp.a(alt_io_redirect.o)
                0x410258a0                alt_io_redirect
 .text          0x41025918        0x0 ../helloworld_sim_test_bsp/\libhal_bsp.a(alt_irq_entry.o)
 .text          0x41025918        0x0 ../helloworld_sim_test_bsp/\libhal_bsp.a(alt_irq_handler.o)
 .text          0x41025918        0x0 ../helloworld_sim_test_bsp/\libhal_bsp.a(alt_irq_vars.o)
 .text          0x41025918      0x2c4 ../helloworld_sim_test_bsp/\libhal_bsp.a(alt_open.o)
                0x410259f4                open
 .text          0x41025bdc      0x1a4 ../helloworld_sim_test_bsp/\libhal_bsp.a(alt_tick.o)
                0x41025bdc                alt_alarm_stop
                0x41025c74                alt_tick
 .text          0x41025d80       0x20 ../helloworld_sim_test_bsp/\libhal_bsp.a(altera_nios2_qsys_irq.o)
                0x41025d80                altera_nios2_qsys_irq_init
 .text          0x41025da0        0x0 ../helloworld_sim_test_bsp/\libhal_bsp.a(alt_exception_entry.o)
 .text          0x41025da0      0x120 ../helloworld_sim_test_bsp/\libhal_bsp.a(alt_find_file.o)
                0x41025da0                alt_find_file
 .text          0x41025ec0       0xb8 ../helloworld_sim_test_bsp/\libhal_bsp.a(alt_get_fd.o)
                0x41025ec0                alt_get_fd
 .text          0x41025f78       0x90 ../helloworld_sim_test_bsp/\libhal_bsp.a(alt_icache_flush.o)
                0x41025f78                alt_icache_flush
 .text          0x41026008       0x14 c:/altera/13.0sp1/nios2eds/bin/gnu/h-i686-mingw32/bin/../lib/gcc/nios2-elf/4.1.2/../../../../nios2-elf/lib/mhw-mulx\libc.a(lib_a-atexit.o)
                0x41026008                atexit
 .text          0x4102601c       0x38 c:/altera/13.0sp1/nios2eds/bin/gnu/h-i686-mingw32/bin/../lib/gcc/nios2-elf/4.1.2/../../../../nios2-elf/lib/mhw-mulx\libc.a(lib_a-exit.o)
                0x4102601c                exit
 .text          0x41026054       0x74 c:/altera/13.0sp1/nios2eds/bin/gnu/h-i686-mingw32/bin/../lib/gcc/nios2-elf/4.1.2/../../../../nios2-elf/lib/mhw-mulx\libc.a(lib_a-memcmp.o)
                0x41026054                memcmp
 .text          0x410260c8      0x134 c:/altera/13.0sp1/nios2eds/bin/gnu/h-i686-mingw32/bin/../lib/gcc/nios2-elf/4.1.2/../../../../nios2-elf/lib/mhw-mulx\libc.a(lib_a-__atexit.o)
                0x410260c8                __register_exitproc
 .text          0x410261fc      0x1b4 c:/altera/13.0sp1/nios2eds/bin/gnu/h-i686-mingw32/bin/../lib/gcc/nios2-elf/4.1.2/../../../../nios2-elf/lib/mhw-mulx\libc.a(lib_a-__call_atexit.o)
                0x41026200                __call_exitprocs
 .text          0x410263b0       0x60 ../helloworld_sim_test_bsp/\libhal_bsp.a(alt_exit.o)
                0x410263f0                _exit
 *(.gnu.warning.*)
 *(.fini)
                0x41026410                PROVIDE (__etext, ABSOLUTE (.))
                0x41026410                PROVIDE (_etext, ABSOLUTE (.))
                0x41026410                PROVIDE (etext, ABSOLUTE (.))
 *(.eh_frame_hdr)
                0x41026410                . = ALIGN (0x4)
                0x41026410                PROVIDE (__preinit_array_start, ABSOLUTE (.))
 *(.preinit_array)
                0x41026410                PROVIDE (__preinit_array_end, ABSOLUTE (.))
                0x41026410                PROVIDE (__init_array_start, ABSOLUTE (.))
 *(.init_array)
                0x41026410                PROVIDE (__init_array_end, ABSOLUTE (.))
                0x41026410                PROVIDE (__fini_array_start, ABSOLUTE (.))
 *(.fini_array)
                0x41026410                PROVIDE (__fini_array_end, ABSOLUTE (.))
 *(.eh_frame)
 *(.gcc_except_table)
 *(.dynamic)
                0x41026410                PROVIDE (__CTOR_LIST__, ABSOLUTE (.))
 *(.ctors)
 *(SORT(.ctors.*))
 .ctors.65535   0x41026410        0x4 c:/altera/13.0sp1/nios2eds/bin/gnu/h-i686-mingw32/bin/../lib/gcc/nios2-elf/4.1.2/../../../../nios2-elf/lib/mhw-mulx\libc.a(lib_a-__call_atexit.o)
                0x41026414                PROVIDE (__CTOR_END__, ABSOLUTE (.))
                0x41026414                PROVIDE (__DTOR_LIST__, ABSOLUTE (.))
 *(.dtors)
 *(SORT(.dtors.*))
                0x41026414                PROVIDE (__DTOR_END__, ABSOLUTE (.))
 *(.jcr)
                0x41026414                . = ALIGN (0x4)

.rodata         0x00000000       0x54 load address 0x41026414
                0x00000000                PROVIDE (__ram_rodata_start, ABSOLUTE (.))
                0x00000000                . = ALIGN (0x4)
 *(.rodata .rodata.* .gnu.linkonce.r.*)
 .rodata        0x00000000       0x14 obj/default/hello_world.o
 .rodata.str1.4
                0x00000014        0x2 c:/altera/13.0sp1/nios2eds/bin/gnu/h-i686-mingw32/bin/../lib/gcc/nios2-elf/4.1.2/../../../../nios2-elf/lib/mhw-mulx\libc.a(lib_a-puts.o)
                                  0x4 (size before relaxing)
 *fill*         0x00000016        0x2 00
 .rodata.str1.4
                0x00000018        0x4 c:/altera/13.0sp1/nios2eds/bin/gnu/h-i686-mingw32/bin/../lib/gcc/nios2-elf/4.1.2/../../../../nios2-elf/lib/mhw-mulx\libc.a(lib_a-impure.o)
 .rodata        0x0000001c        0xc ../helloworld_sim_test_bsp/\libhal_bsp.a(alt_dev.o)
 .rodata        0x00000028       0x10 ../helloworld_sim_test_bsp/\libhal_bsp.a(alt_main.o)
 .rodata        0x00000038       0x1c ../helloworld_sim_test_bsp/\libhal_bsp.a(alt_sys_init.o)
 *(.rodata1)
                0x00000054                . = ALIGN (0x4)
                0x00000054                PROVIDE (__ram_rodata_end, ABSOLUTE (.))
                0x41026414                PROVIDE (__flash_rodata_start, LOADADDR (.rodata))

.rwdata         0x00000054     0x1b34 load address 0x41026468
                0x00000054                PROVIDE (__ram_rwdata_start, ABSOLUTE (.))
                0x00000054                . = ALIGN (0x4)
 *(.got.plt)
 *(.got)
 *(.data1)
 *(.data .data.* .gnu.linkonce.d.*)
 .data          0x00000054        0x0 ../helloworld_sim_test_bsp//obj/HAL/src/crt0.o
 .data          0x00000054        0x0 obj/default/hello_world.o
 .data          0x00000054        0x0 c:/altera/13.0sp1/nios2eds/bin/gnu/h-i686-mingw32/bin/../lib/gcc/nios2-elf/4.1.2/../../../../nios2-elf/lib/mhw-mulx\libc.a(lib_a-puts.o)
 .data          0x00000054        0x0 c:/altera/13.0sp1/nios2eds/bin/gnu/h-i686-mingw32/bin/../lib/gcc/nios2-elf/4.1.2/../../../../nios2-elf/lib/mhw-mulx\libc.a(lib_a-strlen.o)
 .data          0x00000054        0x0 c:/altera/13.0sp1/nios2eds/bin/gnu/h-i686-mingw32/bin/../lib/gcc/nios2-elf/4.1.2/../../../../nios2-elf/lib/mhw-mulx\libc.a(lib_a-fvwrite.o)
 .data          0x00000054      0x400 c:/altera/13.0sp1/nios2eds/bin/gnu/h-i686-mingw32/bin/../lib/gcc/nios2-elf/4.1.2/../../../../nios2-elf/lib/mhw-mulx\libc.a(lib_a-impure.o)
 .data          0x00000454      0x408 c:/altera/13.0sp1/nios2eds/bin/gnu/h-i686-mingw32/bin/../lib/gcc/nios2-elf/4.1.2/../../../../nios2-elf/lib/mhw-mulx\libc.a(lib_a-mallocr.o)
                0x00000454                __malloc_av_
 .data          0x0000085c        0x0 c:/altera/13.0sp1/nios2eds/bin/gnu/h-i686-mingw32/bin/../lib/gcc/nios2-elf/4.1.2/../../../../nios2-elf/lib/mhw-mulx\libc.a(lib_a-memchr.o)
 .data          0x0000085c        0x0 c:/altera/13.0sp1/nios2eds/bin/gnu/h-i686-mingw32/bin/../lib/gcc/nios2-elf/4.1.2/../../../../nios2-elf/lib/mhw-mulx\libc.a(lib_a-memcpy.o)
 .data          0x0000085c        0x0 c:/altera/13.0sp1/nios2eds/bin/gnu/h-i686-mingw32/bin/../lib/gcc/nios2-elf/4.1.2/../../../../nios2-elf/lib/mhw-mulx\libc.a(lib_a-memmove.o)
 .data          0x0000085c        0x0 c:/altera/13.0sp1/nios2eds/bin/gnu/h-i686-mingw32/bin/../lib/gcc/nios2-elf/4.1.2/../../../../nios2-elf/lib/mhw-mulx\libc.a(lib_a-reallocr.o)
 .data          0x0000085c        0x0 c:/altera/13.0sp1/nios2eds/bin/gnu/h-i686-mingw32/bin/../lib/gcc/nios2-elf/4.1.2/../../../../nios2-elf/lib/mhw-mulx\libc.a(lib_a-sbrkr.o)
 .data          0x0000085c        0x0 c:/altera/13.0sp1/nios2eds/bin/gnu/h-i686-mingw32/bin/../lib/gcc/nios2-elf/4.1.2/../../../../nios2-elf/lib/mhw-mulx\libc.a(lib_a-wsetup.o)
 .data          0x0000085c        0x0 c:/altera/13.0sp1/nios2eds/bin/gnu/h-i686-mingw32/bin/../lib/gcc/nios2-elf/4.1.2/../../../../nios2-elf/lib/mhw-mulx\libc.a(lib_a-fflush.o)
 .data          0x0000085c        0x0 c:/altera/13.0sp1/nios2eds/bin/gnu/h-i686-mingw32/bin/../lib/gcc/nios2-elf/4.1.2/../../../../nios2-elf/lib/mhw-mulx\libc.a(lib_a-findfp.o)
 .data          0x0000085c        0x0 c:/altera/13.0sp1/nios2eds/bin/gnu/h-i686-mingw32/bin/../lib/gcc/nios2-elf/4.1.2/../../../../nios2-elf/lib/mhw-mulx\libc.a(lib_a-freer.o)
 .data          0x0000085c        0x0 c:/altera/13.0sp1/nios2eds/bin/gnu/h-i686-mingw32/bin/../lib/gcc/nios2-elf/4.1.2/../../../../nios2-elf/lib/mhw-mulx\libc.a(lib_a-fwalk.o)
 .data          0x0000085c        0x0 c:/altera/13.0sp1/nios2eds/bin/gnu/h-i686-mingw32/bin/../lib/gcc/nios2-elf/4.1.2/../../../../nios2-elf/lib/mhw-mulx\libc.a(lib_a-int_errno.o)
 .data          0x0000085c        0x0 c:/altera/13.0sp1/nios2eds/bin/gnu/h-i686-mingw32/bin/../lib/gcc/nios2-elf/4.1.2/../../../../nios2-elf/lib/mhw-mulx\libc.a(lib_a-makebuf.o)
 .data          0x0000085c        0x0 c:/altera/13.0sp1/nios2eds/bin/gnu/h-i686-mingw32/bin/../lib/gcc/nios2-elf/4.1.2/../../../../nios2-elf/lib/mhw-mulx\libc.a(lib_a-memset.o)
 .data          0x0000085c        0x0 c:/altera/13.0sp1/nios2eds/bin/gnu/h-i686-mingw32/bin/../lib/gcc/nios2-elf/4.1.2/../../../../nios2-elf/lib/mhw-mulx\libc.a(lib_a-stdio.o)
 .data          0x0000085c        0x0 c:/altera/13.0sp1/nios2eds/bin/gnu/h-i686-mingw32/bin/../lib/gcc/nios2-elf/4.1.2/../../../../nios2-elf/lib/mhw-mulx\libc.a(lib_a-writer.o)
 .data          0x0000085c        0x0 c:/altera/13.0sp1/nios2eds/bin/gnu/h-i686-mingw32/bin/../lib/gcc/nios2-elf/4.1.2/../../../../nios2-elf/lib/mhw-mulx\libc.a(lib_a-closer.o)
 .data          0x0000085c        0x0 c:/altera/13.0sp1/nios2eds/bin/gnu/h-i686-mingw32/bin/../lib/gcc/nios2-elf/4.1.2/../../../../nios2-elf/lib/mhw-mulx\libc.a(lib_a-fclose.o)
 .data          0x0000085c        0x0 c:/altera/13.0sp1/nios2eds/bin/gnu/h-i686-mingw32/bin/../lib/gcc/nios2-elf/4.1.2/../../../../nios2-elf/lib/mhw-mulx\libc.a(lib_a-fstatr.o)
 .data          0x0000085c        0x0 c:/altera/13.0sp1/nios2eds/bin/gnu/h-i686-mingw32/bin/../lib/gcc/nios2-elf/4.1.2/../../../../nios2-elf/lib/mhw-mulx\libc.a(lib_a-isattyr.o)
 .data          0x0000085c        0x0 c:/altera/13.0sp1/nios2eds/bin/gnu/h-i686-mingw32/bin/../lib/gcc/nios2-elf/4.1.2/../../../../nios2-elf/lib/mhw-mulx\libc.a(lib_a-lseekr.o)
 .data          0x0000085c        0x0 c:/altera/13.0sp1/nios2eds/bin/gnu/h-i686-mingw32/bin/../lib/gcc/nios2-elf/4.1.2/../../../../nios2-elf/lib/mhw-mulx\libc.a(lib_a-readr.o)
 .data          0x0000085c        0x0 ../helloworld_sim_test_bsp/\libhal_bsp.a(alt_close.o)
 .data          0x0000085c      0x1a8 ../helloworld_sim_test_bsp/\libhal_bsp.a(alt_dev.o)
                0x0000085c                alt_dev_null
                0x00000884                alt_fd_list
 .data          0x00000a04        0x0 ../helloworld_sim_test_bsp/\libhal_bsp.a(alt_errno.o)
 .data          0x00000a04        0x0 ../helloworld_sim_test_bsp/\libhal_bsp.a(alt_fstat.o)
 .data          0x00000a04        0x0 ../helloworld_sim_test_bsp/\libhal_bsp.a(alt_isatty.o)
 .data          0x00000a04        0x0 ../helloworld_sim_test_bsp/\libhal_bsp.a(alt_load.o)
 .data          0x00000a04        0x0 ../helloworld_sim_test_bsp/\libhal_bsp.a(alt_lseek.o)
 .data          0x00000a04        0x0 ../helloworld_sim_test_bsp/\libhal_bsp.a(alt_main.o)
 .data          0x00000a04        0x0 ../helloworld_sim_test_bsp/\libhal_bsp.a(alt_malloc_lock.o)
 .data          0x00000a04        0x0 ../helloworld_sim_test_bsp/\libhal_bsp.a(alt_read.o)
 .data          0x00000a04        0x0 ../helloworld_sim_test_bsp/\libhal_bsp.a(alt_release_fd.o)
 .data          0x00000a04        0x0 ../helloworld_sim_test_bsp/\libhal_bsp.a(alt_sbrk.o)
 .data          0x00000a04        0x0 ../helloworld_sim_test_bsp/\libhal_bsp.a(alt_write.o)
 .data          0x00000a04     0x113c ../helloworld_sim_test_bsp/\libhal_bsp.a(alt_sys_init.o)
 .data          0x00001b40        0x0 ../helloworld_sim_test_bsp/\libhal_bsp.a(altera_avalon_dma.o)
 .data          0x00001b40        0x0 ../helloworld_sim_test_bsp/\libhal_bsp.a(altera_avalon_jtag_uart_fd.o)
 .data          0x00001b40        0x0 ../helloworld_sim_test_bsp/\libhal_bsp.a(altera_avalon_jtag_uart_init.o)
 .data          0x00001b40        0x0 ../helloworld_sim_test_bsp/\libhal_bsp.a(altera_avalon_jtag_uart_ioctl.o)
 .data          0x00001b40        0x0 ../helloworld_sim_test_bsp/\libhal_bsp.a(altera_avalon_jtag_uart_read.o)
 .data          0x00001b40        0x0 ../helloworld_sim_test_bsp/\libhal_bsp.a(altera_avalon_jtag_uart_write.o)
 .data          0x00001b40        0x0 ../helloworld_sim_test_bsp/\libhal_bsp.a(altera_avalon_timer_sc.o)
 .data          0x00001b40        0x0 ../helloworld_sim_test_bsp/\libhal_bsp.a(alt_alarm_start.o)
 .data          0x00001b40        0x0 ../helloworld_sim_test_bsp/\libhal_bsp.a(alt_dcache_flush_all.o)
 .data          0x00001b40        0x0 ../helloworld_sim_test_bsp/\libhal_bsp.a(alt_dev_llist_insert.o)
 .data          0x00001b40        0x0 ../helloworld_sim_test_bsp/\libhal_bsp.a(alt_dma_rxchan_open.o)
 .data          0x00001b40        0x0 ../helloworld_sim_test_bsp/\libhal_bsp.a(alt_dma_txchan_open.o)
 .data          0x00001b40        0x0 ../helloworld_sim_test_bsp/\libhal_bsp.a(alt_do_ctors.o)
 .data          0x00001b40        0x0 ../helloworld_sim_test_bsp/\libhal_bsp.a(alt_do_dtors.o)
 .data          0x00001b40        0x0 ../helloworld_sim_test_bsp/\libhal_bsp.a(alt_find_dev.o)
 .data          0x00001b40        0x0 ../helloworld_sim_test_bsp/\libhal_bsp.a(alt_icache_flush_all.o)
 .data          0x00001b40        0x0 ../helloworld_sim_test_bsp/\libhal_bsp.a(alt_iic.o)
 .data          0x00001b40        0x0 ../helloworld_sim_test_bsp/\libhal_bsp.a(alt_iic_isr_register.o)
 .data          0x00001b40        0x0 ../helloworld_sim_test_bsp/\libhal_bsp.a(alt_io_redirect.o)
 .data          0x00001b40        0x0 ../helloworld_sim_test_bsp/\libhal_bsp.a(alt_irq_entry.o)
 .data          0x00001b40        0x0 ../helloworld_sim_test_bsp/\libhal_bsp.a(alt_irq_handler.o)
 .data          0x00001b40        0x0 ../helloworld_sim_test_bsp/\libhal_bsp.a(alt_irq_vars.o)
 .data          0x00001b40        0x0 ../helloworld_sim_test_bsp/\libhal_bsp.a(alt_open.o)
 .data          0x00001b40        0x0 ../helloworld_sim_test_bsp/\libhal_bsp.a(alt_tick.o)
 .data          0x00001b40        0x0 ../helloworld_sim_test_bsp/\libhal_bsp.a(altera_nios2_qsys_irq.o)
 .data          0x00001b40        0x0 ../helloworld_sim_test_bsp/\libhal_bsp.a(alt_exception_entry.o)
 .data          0x00001b40        0x0 ../helloworld_sim_test_bsp/\libhal_bsp.a(alt_find_file.o)
 .data          0x00001b40        0x0 ../helloworld_sim_test_bsp/\libhal_bsp.a(alt_get_fd.o)
 .data          0x00001b40        0x0 ../helloworld_sim_test_bsp/\libhal_bsp.a(alt_icache_flush.o)
 .data          0x00001b40        0x0 c:/altera/13.0sp1/nios2eds/bin/gnu/h-i686-mingw32/bin/../lib/gcc/nios2-elf/4.1.2/../../../../nios2-elf/lib/mhw-mulx\libc.a(lib_a-atexit.o)
 .data          0x00001b40        0x0 c:/altera/13.0sp1/nios2eds/bin/gnu/h-i686-mingw32/bin/../lib/gcc/nios2-elf/4.1.2/../../../../nios2-elf/lib/mhw-mulx\libc.a(lib_a-exit.o)
 .data          0x00001b40        0x0 c:/altera/13.0sp1/nios2eds/bin/gnu/h-i686-mingw32/bin/../lib/gcc/nios2-elf/4.1.2/../../../../nios2-elf/lib/mhw-mulx\libc.a(lib_a-memcmp.o)
 .data          0x00001b40        0x0 c:/altera/13.0sp1/nios2eds/bin/gnu/h-i686-mingw32/bin/../lib/gcc/nios2-elf/4.1.2/../../../../nios2-elf/lib/mhw-mulx\libc.a(lib_a-__atexit.o)
 .data          0x00001b40        0x0 c:/altera/13.0sp1/nios2eds/bin/gnu/h-i686-mingw32/bin/../lib/gcc/nios2-elf/4.1.2/../../../../nios2-elf/lib/mhw-mulx\libc.a(lib_a-__call_atexit.o)
 .data          0x00001b40        0x0 ../helloworld_sim_test_bsp/\libhal_bsp.a(alt_exit.o)
                0x00009b40                _gp = ABSOLUTE ((. + 0x8000))
                0x00009b40                PROVIDE (gp, _gp)
 *(.rwdata .rwdata.*)
 *(.sdata .sdata.* .gnu.linkonce.s.*)
 .sdata         0x00001b40        0x8 c:/altera/13.0sp1/nios2eds/bin/gnu/h-i686-mingw32/bin/../lib/gcc/nios2-elf/4.1.2/../../../../nios2-elf/lib/mhw-mulx\libc.a(lib_a-impure.o)
                0x00001b40                _impure_ptr
                0x00001b44                _global_impure_ptr
 .sdata         0x00001b48        0x8 c:/altera/13.0sp1/nios2eds/bin/gnu/h-i686-mingw32/bin/../lib/gcc/nios2-elf/4.1.2/../../../../nios2-elf/lib/mhw-mulx\libc.a(lib_a-mallocr.o)
                0x00001b48                __malloc_trim_threshold
                0x00001b4c                __malloc_sbrk_base
 .sdata         0x00001b50       0x14 ../helloworld_sim_test_bsp/\libhal_bsp.a(alt_dev.o)
                0x00001b50                alt_fs_list
                0x00001b58                alt_dev_list
                0x00001b60                alt_max_fd
 .sdata         0x00001b64        0x4 ../helloworld_sim_test_bsp/\libhal_bsp.a(alt_errno.o)
                0x00001b64                alt_errno
 .sdata         0x00001b68        0x4 ../helloworld_sim_test_bsp/\libhal_bsp.a(alt_sbrk.o)
 .sdata         0x00001b6c        0x8 ../helloworld_sim_test_bsp/\libhal_bsp.a(alt_dma_rxchan_open.o)
                0x00001b6c                alt_dma_rxchan_list
 .sdata         0x00001b74        0x8 ../helloworld_sim_test_bsp/\libhal_bsp.a(alt_dma_txchan_open.o)
                0x00001b74                alt_dma_txchan_list
 .sdata         0x00001b7c        0x4 ../helloworld_sim_test_bsp/\libhal_bsp.a(alt_irq_vars.o)
                0x00001b7c                alt_priority_mask
 .sdata         0x00001b80        0x8 ../helloworld_sim_test_bsp/\libhal_bsp.a(alt_tick.o)
                0x00001b80                alt_alarm_list
 *(.sdata2 .sdata2.* .gnu.linkonce.s2.*)
                0x00001b88                . = ALIGN (0x4)
                0x00001b88                _edata = ABSOLUTE (.)
                0x00001b88                PROVIDE (edata, ABSOLUTE (.))
                0x00001b88                PROVIDE (__ram_rwdata_end, ABSOLUTE (.))
                0x41026468                PROVIDE (__flash_rwdata_start, LOADADDR (.rwdata))

.bss            0x00001b88      0x2e0 load address 0x41027f9c
                0x00001b88                __bss_start = ABSOLUTE (.)
                0x00001b88                PROVIDE (__sbss_start, ABSOLUTE (.))
                0x00001b88                PROVIDE (___sbss_start, ABSOLUTE (.))
 *(.dynsbss)
 *(.sbss .sbss.* .gnu.linkonce.sb.*)
 .sbss          0x00001b88        0xc c:/altera/13.0sp1/nios2eds/bin/gnu/h-i686-mingw32/bin/../lib/gcc/nios2-elf/4.1.2/../../../../nios2-elf/lib/mhw-mulx\libc.a(lib_a-mallocr.o)
                0x00001b88                __malloc_top_pad
                0x00001b8c                __malloc_max_sbrked_mem
                0x00001b90                __malloc_max_total_mem
 .sbss          0x00001b94        0x4 c:/altera/13.0sp1/nios2eds/bin/gnu/h-i686-mingw32/bin/../lib/gcc/nios2-elf/4.1.2/../../../../nios2-elf/lib/mhw-mulx\libc.a(lib_a-int_errno.o)
                0x00001b94                errno
 .sbss          0x00001b98        0xc ../helloworld_sim_test_bsp/\libhal_bsp.a(alt_main.o)
                0x00001b98                alt_argc
                0x00001b9c                alt_argv
                0x00001ba0                alt_envp
 .sbss          0x00001ba4        0x4 ../helloworld_sim_test_bsp/\libhal_bsp.a(alt_irq_vars.o)
                0x00001ba4                alt_irq_active
 .sbss          0x00001ba8        0x8 ../helloworld_sim_test_bsp/\libhal_bsp.a(alt_tick.o)
                0x00001ba8                _alt_tick_rate
                0x00001bac                _alt_nticks
 *(.sbss2 .sbss2.* .gnu.linkonce.sb2.*)
 *(.scommon)
                0x00001bb0                PROVIDE (__sbss_end, ABSOLUTE (.))
                0x00001bb0                PROVIDE (___sbss_end, ABSOLUTE (.))
 *(.dynbss)
 *(.bss .bss.* .gnu.linkonce.b.*)
 .bss           0x00001bb0        0x0 ../helloworld_sim_test_bsp//obj/HAL/src/crt0.o
 .bss           0x00001bb0        0x0 obj/default/hello_world.o
 .bss           0x00001bb0        0x0 c:/altera/13.0sp1/nios2eds/bin/gnu/h-i686-mingw32/bin/../lib/gcc/nios2-elf/4.1.2/../../../../nios2-elf/lib/mhw-mulx\libc.a(lib_a-puts.o)
 .bss           0x00001bb0        0x0 c:/altera/13.0sp1/nios2eds/bin/gnu/h-i686-mingw32/bin/../lib/gcc/nios2-elf/4.1.2/../../../../nios2-elf/lib/mhw-mulx\libc.a(lib_a-strlen.o)
 .bss           0x00001bb0        0x0 c:/altera/13.0sp1/nios2eds/bin/gnu/h-i686-mingw32/bin/../lib/gcc/nios2-elf/4.1.2/../../../../nios2-elf/lib/mhw-mulx\libc.a(lib_a-fvwrite.o)
 .bss           0x00001bb0        0x0 c:/altera/13.0sp1/nios2eds/bin/gnu/h-i686-mingw32/bin/../lib/gcc/nios2-elf/4.1.2/../../../../nios2-elf/lib/mhw-mulx\libc.a(lib_a-impure.o)
 .bss           0x00001bb0       0x28 c:/altera/13.0sp1/nios2eds/bin/gnu/h-i686-mingw32/bin/../lib/gcc/nios2-elf/4.1.2/../../../../nios2-elf/lib/mhw-mulx\libc.a(lib_a-mallocr.o)
                0x00001bb0                __malloc_current_mallinfo
 .bss           0x00001bd8        0x0 c:/altera/13.0sp1/nios2eds/bin/gnu/h-i686-mingw32/bin/../lib/gcc/nios2-elf/4.1.2/../../../../nios2-elf/lib/mhw-mulx\libc.a(lib_a-memchr.o)
 .bss           0x00001bd8        0x0 c:/altera/13.0sp1/nios2eds/bin/gnu/h-i686-mingw32/bin/../lib/gcc/nios2-elf/4.1.2/../../../../nios2-elf/lib/mhw-mulx\libc.a(lib_a-memcpy.o)
 .bss           0x00001bd8        0x0 c:/altera/13.0sp1/nios2eds/bin/gnu/h-i686-mingw32/bin/../lib/gcc/nios2-elf/4.1.2/../../../../nios2-elf/lib/mhw-mulx\libc.a(lib_a-memmove.o)
 .bss           0x00001bd8        0x0 c:/altera/13.0sp1/nios2eds/bin/gnu/h-i686-mingw32/bin/../lib/gcc/nios2-elf/4.1.2/../../../../nios2-elf/lib/mhw-mulx\libc.a(lib_a-reallocr.o)
 .bss           0x00001bd8        0x0 c:/altera/13.0sp1/nios2eds/bin/gnu/h-i686-mingw32/bin/../lib/gcc/nios2-elf/4.1.2/../../../../nios2-elf/lib/mhw-mulx\libc.a(lib_a-sbrkr.o)
 .bss           0x00001bd8        0x0 c:/altera/13.0sp1/nios2eds/bin/gnu/h-i686-mingw32/bin/../lib/gcc/nios2-elf/4.1.2/../../../../nios2-elf/lib/mhw-mulx\libc.a(lib_a-wsetup.o)
 .bss           0x00001bd8        0x0 c:/altera/13.0sp1/nios2eds/bin/gnu/h-i686-mingw32/bin/../lib/gcc/nios2-elf/4.1.2/../../../../nios2-elf/lib/mhw-mulx\libc.a(lib_a-fflush.o)
 .bss           0x00001bd8        0x0 c:/altera/13.0sp1/nios2eds/bin/gnu/h-i686-mingw32/bin/../lib/gcc/nios2-elf/4.1.2/../../../../nios2-elf/lib/mhw-mulx\libc.a(lib_a-findfp.o)
 .bss           0x00001bd8        0x0 c:/altera/13.0sp1/nios2eds/bin/gnu/h-i686-mingw32/bin/../lib/gcc/nios2-elf/4.1.2/../../../../nios2-elf/lib/mhw-mulx\libc.a(lib_a-freer.o)
 .bss           0x00001bd8        0x0 c:/altera/13.0sp1/nios2eds/bin/gnu/h-i686-mingw32/bin/../lib/gcc/nios2-elf/4.1.2/../../../../nios2-elf/lib/mhw-mulx\libc.a(lib_a-fwalk.o)
 .bss           0x00001bd8        0x0 c:/altera/13.0sp1/nios2eds/bin/gnu/h-i686-mingw32/bin/../lib/gcc/nios2-elf/4.1.2/../../../../nios2-elf/lib/mhw-mulx\libc.a(lib_a-int_errno.o)
 .bss           0x00001bd8        0x0 c:/altera/13.0sp1/nios2eds/bin/gnu/h-i686-mingw32/bin/../lib/gcc/nios2-elf/4.1.2/../../../../nios2-elf/lib/mhw-mulx\libc.a(lib_a-makebuf.o)
 .bss           0x00001bd8        0x0 c:/altera/13.0sp1/nios2eds/bin/gnu/h-i686-mingw32/bin/../lib/gcc/nios2-elf/4.1.2/../../../../nios2-elf/lib/mhw-mulx\libc.a(lib_a-memset.o)
 .bss           0x00001bd8        0x0 c:/altera/13.0sp1/nios2eds/bin/gnu/h-i686-mingw32/bin/../lib/gcc/nios2-elf/4.1.2/../../../../nios2-elf/lib/mhw-mulx\libc.a(lib_a-stdio.o)
 .bss           0x00001bd8        0x0 c:/altera/13.0sp1/nios2eds/bin/gnu/h-i686-mingw32/bin/../lib/gcc/nios2-elf/4.1.2/../../../../nios2-elf/lib/mhw-mulx\libc.a(lib_a-writer.o)
 .bss           0x00001bd8        0x0 c:/altera/13.0sp1/nios2eds/bin/gnu/h-i686-mingw32/bin/../lib/gcc/nios2-elf/4.1.2/../../../../nios2-elf/lib/mhw-mulx\libc.a(lib_a-closer.o)
 .bss           0x00001bd8        0x0 c:/altera/13.0sp1/nios2eds/bin/gnu/h-i686-mingw32/bin/../lib/gcc/nios2-elf/4.1.2/../../../../nios2-elf/lib/mhw-mulx\libc.a(lib_a-fclose.o)
 .bss           0x00001bd8        0x0 c:/altera/13.0sp1/nios2eds/bin/gnu/h-i686-mingw32/bin/../lib/gcc/nios2-elf/4.1.2/../../../../nios2-elf/lib/mhw-mulx\libc.a(lib_a-fstatr.o)
 .bss           0x00001bd8        0x0 c:/altera/13.0sp1/nios2eds/bin/gnu/h-i686-mingw32/bin/../lib/gcc/nios2-elf/4.1.2/../../../../nios2-elf/lib/mhw-mulx\libc.a(lib_a-isattyr.o)
 .bss           0x00001bd8        0x0 c:/altera/13.0sp1/nios2eds/bin/gnu/h-i686-mingw32/bin/../lib/gcc/nios2-elf/4.1.2/../../../../nios2-elf/lib/mhw-mulx\libc.a(lib_a-lseekr.o)
 .bss           0x00001bd8        0x0 c:/altera/13.0sp1/nios2eds/bin/gnu/h-i686-mingw32/bin/../lib/gcc/nios2-elf/4.1.2/../../../../nios2-elf/lib/mhw-mulx\libc.a(lib_a-readr.o)
 .bss           0x00001bd8        0x0 ../helloworld_sim_test_bsp/\libhal_bsp.a(alt_close.o)
 .bss           0x00001bd8        0x0 ../helloworld_sim_test_bsp/\libhal_bsp.a(alt_dev.o)
 .bss           0x00001bd8        0x0 ../helloworld_sim_test_bsp/\libhal_bsp.a(alt_errno.o)
 .bss           0x00001bd8        0x0 ../helloworld_sim_test_bsp/\libhal_bsp.a(alt_fstat.o)
 .bss           0x00001bd8        0x0 ../helloworld_sim_test_bsp/\libhal_bsp.a(alt_isatty.o)
 .bss           0x00001bd8        0x0 ../helloworld_sim_test_bsp/\libhal_bsp.a(alt_load.o)
 .bss           0x00001bd8        0x0 ../helloworld_sim_test_bsp/\libhal_bsp.a(alt_lseek.o)
 .bss           0x00001bd8        0x0 ../helloworld_sim_test_bsp/\libhal_bsp.a(alt_main.o)
 .bss           0x00001bd8        0x0 ../helloworld_sim_test_bsp/\libhal_bsp.a(alt_malloc_lock.o)
 .bss           0x00001bd8        0x0 ../helloworld_sim_test_bsp/\libhal_bsp.a(alt_read.o)
 .bss           0x00001bd8        0x0 ../helloworld_sim_test_bsp/\libhal_bsp.a(alt_release_fd.o)
 .bss           0x00001bd8        0x0 ../helloworld_sim_test_bsp/\libhal_bsp.a(alt_sbrk.o)
 .bss           0x00001bd8        0x0 ../helloworld_sim_test_bsp/\libhal_bsp.a(alt_write.o)
 .bss           0x00001bd8        0x0 ../helloworld_sim_test_bsp/\libhal_bsp.a(alt_sys_init.o)
 .bss           0x00001bd8        0x0 ../helloworld_sim_test_bsp/\libhal_bsp.a(altera_avalon_dma.o)
 .bss           0x00001bd8        0x0 ../helloworld_sim_test_bsp/\libhal_bsp.a(altera_avalon_jtag_uart_fd.o)
 .bss           0x00001bd8        0x0 ../helloworld_sim_test_bsp/\libhal_bsp.a(altera_avalon_jtag_uart_init.o)
 .bss           0x00001bd8        0x0 ../helloworld_sim_test_bsp/\libhal_bsp.a(altera_avalon_jtag_uart_ioctl.o)
 .bss           0x00001bd8        0x0 ../helloworld_sim_test_bsp/\libhal_bsp.a(altera_avalon_jtag_uart_read.o)
 .bss           0x00001bd8        0x0 ../helloworld_sim_test_bsp/\libhal_bsp.a(altera_avalon_jtag_uart_write.o)
 .bss           0x00001bd8        0x0 ../helloworld_sim_test_bsp/\libhal_bsp.a(altera_avalon_timer_sc.o)
 .bss           0x00001bd8        0x0 ../helloworld_sim_test_bsp/\libhal_bsp.a(alt_alarm_start.o)
 .bss           0x00001bd8        0x0 ../helloworld_sim_test_bsp/\libhal_bsp.a(alt_dcache_flush_all.o)
 .bss           0x00001bd8        0x0 ../helloworld_sim_test_bsp/\libhal_bsp.a(alt_dev_llist_insert.o)
 .bss           0x00001bd8        0x0 ../helloworld_sim_test_bsp/\libhal_bsp.a(alt_dma_rxchan_open.o)
 .bss           0x00001bd8        0x0 ../helloworld_sim_test_bsp/\libhal_bsp.a(alt_dma_txchan_open.o)
 .bss           0x00001bd8        0x0 ../helloworld_sim_test_bsp/\libhal_bsp.a(alt_do_ctors.o)
 .bss           0x00001bd8        0x0 ../helloworld_sim_test_bsp/\libhal_bsp.a(alt_do_dtors.o)
 .bss           0x00001bd8        0x0 ../helloworld_sim_test_bsp/\libhal_bsp.a(alt_find_dev.o)
 .bss           0x00001bd8        0x0 ../helloworld_sim_test_bsp/\libhal_bsp.a(alt_icache_flush_all.o)
 .bss           0x00001bd8        0x0 ../helloworld_sim_test_bsp/\libhal_bsp.a(alt_iic.o)
 .bss           0x00001bd8        0x0 ../helloworld_sim_test_bsp/\libhal_bsp.a(alt_iic_isr_register.o)
 .bss           0x00001bd8        0x0 ../helloworld_sim_test_bsp/\libhal_bsp.a(alt_io_redirect.o)
 .bss           0x00001bd8        0x0 ../helloworld_sim_test_bsp/\libhal_bsp.a(alt_irq_entry.o)
 .bss           0x00001bd8        0x0 ../helloworld_sim_test_bsp/\libhal_bsp.a(alt_irq_handler.o)
 .bss           0x00001bd8        0x0 ../helloworld_sim_test_bsp/\libhal_bsp.a(alt_irq_vars.o)
 .bss           0x00001bd8        0x0 ../helloworld_sim_test_bsp/\libhal_bsp.a(alt_open.o)
 .bss           0x00001bd8        0x0 ../helloworld_sim_test_bsp/\libhal_bsp.a(alt_tick.o)
 .bss           0x00001bd8        0x0 ../helloworld_sim_test_bsp/\libhal_bsp.a(altera_nios2_qsys_irq.o)
 .bss           0x00001bd8        0x0 ../helloworld_sim_test_bsp/\libhal_bsp.a(alt_exception_entry.o)
 .bss           0x00001bd8        0x0 ../helloworld_sim_test_bsp/\libhal_bsp.a(alt_find_file.o)
 .bss           0x00001bd8        0x0 ../helloworld_sim_test_bsp/\libhal_bsp.a(alt_get_fd.o)
 .bss           0x00001bd8        0x0 ../helloworld_sim_test_bsp/\libhal_bsp.a(alt_icache_flush.o)
 .bss           0x00001bd8        0x0 c:/altera/13.0sp1/nios2eds/bin/gnu/h-i686-mingw32/bin/../lib/gcc/nios2-elf/4.1.2/../../../../nios2-elf/lib/mhw-mulx\libc.a(lib_a-atexit.o)
 .bss           0x00001bd8        0x0 c:/altera/13.0sp1/nios2eds/bin/gnu/h-i686-mingw32/bin/../lib/gcc/nios2-elf/4.1.2/../../../../nios2-elf/lib/mhw-mulx\libc.a(lib_a-exit.o)
 .bss           0x00001bd8        0x0 c:/altera/13.0sp1/nios2eds/bin/gnu/h-i686-mingw32/bin/../lib/gcc/nios2-elf/4.1.2/../../../../nios2-elf/lib/mhw-mulx\libc.a(lib_a-memcmp.o)
 .bss           0x00001bd8        0x0 c:/altera/13.0sp1/nios2eds/bin/gnu/h-i686-mingw32/bin/../lib/gcc/nios2-elf/4.1.2/../../../../nios2-elf/lib/mhw-mulx\libc.a(lib_a-__atexit.o)
 .bss           0x00001bd8        0x0 c:/altera/13.0sp1/nios2eds/bin/gnu/h-i686-mingw32/bin/../lib/gcc/nios2-elf/4.1.2/../../../../nios2-elf/lib/mhw-mulx\libc.a(lib_a-__call_atexit.o)
 .bss           0x00001bd8        0x0 ../helloworld_sim_test_bsp/\libhal_bsp.a(alt_exit.o)
 *(COMMON)
 COMMON         0x00001bd8      0x100 ../helloworld_sim_test_bsp/\libhal_bsp.a(alt_irq_handler.o)
                0x00001bd8                alt_irq
 COMMON         0x00001cd8      0x190 c:/altera/13.0sp1/nios2eds/bin/gnu/h-i686-mingw32/bin/../lib/gcc/nios2-elf/4.1.2/../../../../nios2-elf/lib/mhw-mulx\libc.a(lib_a-atexit.o)
                0x00001cd8                _atexit0
                0x00001e68                . = ALIGN (0x4)
                0x00001e68                __bss_end = ABSOLUTE (.)

.mem_if_ddr2_emif
                0x00001e68        0x0 load address 0x41027f9c
                0x00001e68                PROVIDE (_alt_partition_mem_if_ddr2_emif_start, ABSOLUTE (.))
 *(.mem_if_ddr2_emif. mem_if_ddr2_emif.*)
                0x00001e68                . = ALIGN (0x4)
                0x00001e68                PROVIDE (_alt_partition_mem_if_ddr2_emif_end, ABSOLUTE (.))
                0x00001e68                _end = ABSOLUTE (.)
                0x00001e68                end = ABSOLUTE (.)
                0x00001e68                __alt_stack_base = ABSOLUTE (.)
                0x41027f9c                PROVIDE (_alt_partition_mem_if_ddr2_emif_load_addr, LOADADDR (.mem_if_ddr2_emif))

.onchip_memory  0x41027f9c        0x0
                0x41027f9c                PROVIDE (_alt_partition_onchip_memory_start, ABSOLUTE (.))
 *(.onchip_memory. onchip_memory.*)
                0x41027f9c                . = ALIGN (0x4)
                0x41027f9c                PROVIDE (_alt_partition_onchip_memory_end, ABSOLUTE (.))
                0x41027f9c                PROVIDE (_alt_partition_onchip_memory_load_addr, LOADADDR (.onchip_memory))

.stab
 *(.stab)

.stabstr
 *(.stabstr)

.stab.excl
 *(.stab.excl)

.stab.exclstr
 *(.stab.exclstr)

.stab.index
 *(.stab.index)

.stab.indexstr
 *(.stab.indexstr)

.comment        0x00000000       0x26
 *(.comment)
 .comment       0x00000000       0x26 obj/default/hello_world.o
                                 0x27 (size before relaxing)
 .comment       0x00000000       0x27 c:/altera/13.0sp1/nios2eds/bin/gnu/h-i686-mingw32/bin/../lib/gcc/nios2-elf/4.1.2/../../../../nios2-elf/lib/mhw-mulx\libc.a(lib_a-puts.o)
 .comment       0x00000000       0x27 c:/altera/13.0sp1/nios2eds/bin/gnu/h-i686-mingw32/bin/../lib/gcc/nios2-elf/4.1.2/../../../../nios2-elf/lib/mhw-mulx\libc.a(lib_a-strlen.o)
 .comment       0x00000000       0x27 c:/altera/13.0sp1/nios2eds/bin/gnu/h-i686-mingw32/bin/../lib/gcc/nios2-elf/4.1.2/../../../../nios2-elf/lib/mhw-mulx\libc.a(lib_a-fvwrite.o)
 .comment       0x00000000       0x27 c:/altera/13.0sp1/nios2eds/bin/gnu/h-i686-mingw32/bin/../lib/gcc/nios2-elf/4.1.2/../../../../nios2-elf/lib/mhw-mulx\libc.a(lib_a-impure.o)
 .comment       0x00000000       0x27 c:/altera/13.0sp1/nios2eds/bin/gnu/h-i686-mingw32/bin/../lib/gcc/nios2-elf/4.1.2/../../../../nios2-elf/lib/mhw-mulx\libc.a(lib_a-mallocr.o)
 .comment       0x00000000       0x27 c:/altera/13.0sp1/nios2eds/bin/gnu/h-i686-mingw32/bin/../lib/gcc/nios2-elf/4.1.2/../../../../nios2-elf/lib/mhw-mulx\libc.a(lib_a-memchr.o)
 .comment       0x00000000       0x27 c:/altera/13.0sp1/nios2eds/bin/gnu/h-i686-mingw32/bin/../lib/gcc/nios2-elf/4.1.2/../../../../nios2-elf/lib/mhw-mulx\libc.a(lib_a-memcpy.o)
 .comment       0x00000000       0x27 c:/altera/13.0sp1/nios2eds/bin/gnu/h-i686-mingw32/bin/../lib/gcc/nios2-elf/4.1.2/../../../../nios2-elf/lib/mhw-mulx\libc.a(lib_a-memmove.o)
 .comment       0x00000000       0x27 c:/altera/13.0sp1/nios2eds/bin/gnu/h-i686-mingw32/bin/../lib/gcc/nios2-elf/4.1.2/../../../../nios2-elf/lib/mhw-mulx\libc.a(lib_a-reallocr.o)
 .comment       0x00000000       0x27 c:/altera/13.0sp1/nios2eds/bin/gnu/h-i686-mingw32/bin/../lib/gcc/nios2-elf/4.1.2/../../../../nios2-elf/lib/mhw-mulx\libc.a(lib_a-sbrkr.o)
 .comment       0x00000000       0x27 c:/altera/13.0sp1/nios2eds/bin/gnu/h-i686-mingw32/bin/../lib/gcc/nios2-elf/4.1.2/../../../../nios2-elf/lib/mhw-mulx\libc.a(lib_a-wsetup.o)
 .comment       0x00000000       0x27 c:/altera/13.0sp1/nios2eds/bin/gnu/h-i686-mingw32/bin/../lib/gcc/nios2-elf/4.1.2/../../../../nios2-elf/lib/mhw-mulx\libc.a(lib_a-fflush.o)
 .comment       0x00000000       0x27 c:/altera/13.0sp1/nios2eds/bin/gnu/h-i686-mingw32/bin/../lib/gcc/nios2-elf/4.1.2/../../../../nios2-elf/lib/mhw-mulx\libc.a(lib_a-findfp.o)
 .comment       0x00000000       0x27 c:/altera/13.0sp1/nios2eds/bin/gnu/h-i686-mingw32/bin/../lib/gcc/nios2-elf/4.1.2/../../../../nios2-elf/lib/mhw-mulx\libc.a(lib_a-freer.o)
 .comment       0x00000000       0x27 c:/altera/13.0sp1/nios2eds/bin/gnu/h-i686-mingw32/bin/../lib/gcc/nios2-elf/4.1.2/../../../../nios2-elf/lib/mhw-mulx\libc.a(lib_a-fwalk.o)
 .comment       0x00000000       0x27 c:/altera/13.0sp1/nios2eds/bin/gnu/h-i686-mingw32/bin/../lib/gcc/nios2-elf/4.1.2/../../../../nios2-elf/lib/mhw-mulx\libc.a(lib_a-int_errno.o)
 .comment       0x00000000       0x27 c:/altera/13.0sp1/nios2eds/bin/gnu/h-i686-mingw32/bin/../lib/gcc/nios2-elf/4.1.2/../../../../nios2-elf/lib/mhw-mulx\libc.a(lib_a-makebuf.o)
 .comment       0x00000000       0x27 c:/altera/13.0sp1/nios2eds/bin/gnu/h-i686-mingw32/bin/../lib/gcc/nios2-elf/4.1.2/../../../../nios2-elf/lib/mhw-mulx\libc.a(lib_a-memset.o)
 .comment       0x00000000       0x27 c:/altera/13.0sp1/nios2eds/bin/gnu/h-i686-mingw32/bin/../lib/gcc/nios2-elf/4.1.2/../../../../nios2-elf/lib/mhw-mulx\libc.a(lib_a-stdio.o)
 .comment       0x00000000       0x27 c:/altera/13.0sp1/nios2eds/bin/gnu/h-i686-mingw32/bin/../lib/gcc/nios2-elf/4.1.2/../../../../nios2-elf/lib/mhw-mulx\libc.a(lib_a-writer.o)
 .comment       0x00000000       0x27 c:/altera/13.0sp1/nios2eds/bin/gnu/h-i686-mingw32/bin/../lib/gcc/nios2-elf/4.1.2/../../../../nios2-elf/lib/mhw-mulx\libc.a(lib_a-closer.o)
 .comment       0x00000000       0x27 c:/altera/13.0sp1/nios2eds/bin/gnu/h-i686-mingw32/bin/../lib/gcc/nios2-elf/4.1.2/../../../../nios2-elf/lib/mhw-mulx\libc.a(lib_a-fclose.o)
 .comment       0x00000000       0x27 c:/altera/13.0sp1/nios2eds/bin/gnu/h-i686-mingw32/bin/../lib/gcc/nios2-elf/4.1.2/../../../../nios2-elf/lib/mhw-mulx\libc.a(lib_a-fstatr.o)
 .comment       0x00000000       0x27 c:/altera/13.0sp1/nios2eds/bin/gnu/h-i686-mingw32/bin/../lib/gcc/nios2-elf/4.1.2/../../../../nios2-elf/lib/mhw-mulx\libc.a(lib_a-isattyr.o)
 .comment       0x00000000       0x27 c:/altera/13.0sp1/nios2eds/bin/gnu/h-i686-mingw32/bin/../lib/gcc/nios2-elf/4.1.2/../../../../nios2-elf/lib/mhw-mulx\libc.a(lib_a-lseekr.o)
 .comment       0x00000000       0x27 c:/altera/13.0sp1/nios2eds/bin/gnu/h-i686-mingw32/bin/../lib/gcc/nios2-elf/4.1.2/../../../../nios2-elf/lib/mhw-mulx\libc.a(lib_a-readr.o)
 .comment       0x00000000       0x27 ../helloworld_sim_test_bsp/\libhal_bsp.a(alt_close.o)
 .comment       0x00000000       0x27 ../helloworld_sim_test_bsp/\libhal_bsp.a(alt_dev.o)
 .comment       0x00000000       0x27 ../helloworld_sim_test_bsp/\libhal_bsp.a(alt_errno.o)
 .comment       0x00000000       0x27 ../helloworld_sim_test_bsp/\libhal_bsp.a(alt_fstat.o)
 .comment       0x00000000       0x27 ../helloworld_sim_test_bsp/\libhal_bsp.a(alt_isatty.o)
 .comment       0x00000000       0x27 ../helloworld_sim_test_bsp/\libhal_bsp.a(alt_load.o)
 .comment       0x00000000       0x27 ../helloworld_sim_test_bsp/\libhal_bsp.a(alt_lseek.o)
 .comment       0x00000000       0x27 ../helloworld_sim_test_bsp/\libhal_bsp.a(alt_main.o)
 .comment       0x00000000       0x27 ../helloworld_sim_test_bsp/\libhal_bsp.a(alt_malloc_lock.o)
 .comment       0x00000000       0x27 ../helloworld_sim_test_bsp/\libhal_bsp.a(alt_read.o)
 .comment       0x00000000       0x27 ../helloworld_sim_test_bsp/\libhal_bsp.a(alt_release_fd.o)
 .comment       0x00000000       0x27 ../helloworld_sim_test_bsp/\libhal_bsp.a(alt_sbrk.o)
 .comment       0x00000000       0x27 ../helloworld_sim_test_bsp/\libhal_bsp.a(alt_write.o)
 .comment       0x00000000       0x27 ../helloworld_sim_test_bsp/\libhal_bsp.a(alt_sys_init.o)
 .comment       0x00000000       0x27 ../helloworld_sim_test_bsp/\libhal_bsp.a(altera_avalon_dma.o)
 .comment       0x00000000       0x27 ../helloworld_sim_test_bsp/\libhal_bsp.a(altera_avalon_jtag_uart_fd.o)
 .comment       0x00000000       0x27 ../helloworld_sim_test_bsp/\libhal_bsp.a(altera_avalon_jtag_uart_init.o)
 .comment       0x00000000       0x27 ../helloworld_sim_test_bsp/\libhal_bsp.a(altera_avalon_jtag_uart_ioctl.o)
 .comment       0x00000000       0x27 ../helloworld_sim_test_bsp/\libhal_bsp.a(altera_avalon_jtag_uart_read.o)
 .comment       0x00000000       0x27 ../helloworld_sim_test_bsp/\libhal_bsp.a(altera_avalon_jtag_uart_write.o)
 .comment       0x00000000       0x27 ../helloworld_sim_test_bsp/\libhal_bsp.a(altera_avalon_timer_sc.o)
 .comment       0x00000000       0x27 ../helloworld_sim_test_bsp/\libhal_bsp.a(alt_alarm_start.o)
 .comment       0x00000000       0x27 ../helloworld_sim_test_bsp/\libhal_bsp.a(alt_dcache_flush_all.o)
 .comment       0x00000000       0x27 ../helloworld_sim_test_bsp/\libhal_bsp.a(alt_dev_llist_insert.o)
 .comment       0x00000000       0x27 ../helloworld_sim_test_bsp/\libhal_bsp.a(alt_dma_rxchan_open.o)
 .comment       0x00000000       0x27 ../helloworld_sim_test_bsp/\libhal_bsp.a(alt_dma_txchan_open.o)
 .comment       0x00000000       0x27 ../helloworld_sim_test_bsp/\libhal_bsp.a(alt_do_ctors.o)
 .comment       0x00000000       0x27 ../helloworld_sim_test_bsp/\libhal_bsp.a(alt_do_dtors.o)
 .comment       0x00000000       0x27 ../helloworld_sim_test_bsp/\libhal_bsp.a(alt_find_dev.o)
 .comment       0x00000000       0x27 ../helloworld_sim_test_bsp/\libhal_bsp.a(alt_icache_flush_all.o)
 .comment       0x00000000       0x27 ../helloworld_sim_test_bsp/\libhal_bsp.a(alt_iic.o)
 .comment       0x00000000       0x27 ../helloworld_sim_test_bsp/\libhal_bsp.a(alt_iic_isr_register.o)
 .comment       0x00000000       0x27 ../helloworld_sim_test_bsp/\libhal_bsp.a(alt_io_redirect.o)
 .comment       0x00000000       0x27 ../helloworld_sim_test_bsp/\libhal_bsp.a(alt_irq_handler.o)
 .comment       0x00000000       0x27 ../helloworld_sim_test_bsp/\libhal_bsp.a(alt_irq_vars.o)
 .comment       0x00000000       0x27 ../helloworld_sim_test_bsp/\libhal_bsp.a(alt_open.o)
 .comment       0x00000000       0x27 ../helloworld_sim_test_bsp/\libhal_bsp.a(alt_tick.o)
 .comment       0x00000000       0x27 ../helloworld_sim_test_bsp/\libhal_bsp.a(altera_nios2_qsys_irq.o)
 .comment       0x00000000       0x27 ../helloworld_sim_test_bsp/\libhal_bsp.a(alt_find_file.o)
 .comment       0x00000000       0x27 ../helloworld_sim_test_bsp/\libhal_bsp.a(alt_get_fd.o)
 .comment       0x00000000       0x27 ../helloworld_sim_test_bsp/\libhal_bsp.a(alt_icache_flush.o)
 .comment       0x00000000       0x27 c:/altera/13.0sp1/nios2eds/bin/gnu/h-i686-mingw32/bin/../lib/gcc/nios2-elf/4.1.2/../../../../nios2-elf/lib/mhw-mulx\libc.a(lib_a-atexit.o)
 .comment       0x00000000       0x27 c:/altera/13.0sp1/nios2eds/bin/gnu/h-i686-mingw32/bin/../lib/gcc/nios2-elf/4.1.2/../../../../nios2-elf/lib/mhw-mulx\libc.a(lib_a-exit.o)
 .comment       0x00000000       0x27 c:/altera/13.0sp1/nios2eds/bin/gnu/h-i686-mingw32/bin/../lib/gcc/nios2-elf/4.1.2/../../../../nios2-elf/lib/mhw-mulx\libc.a(lib_a-memcmp.o)
 .comment       0x00000000       0x27 c:/altera/13.0sp1/nios2eds/bin/gnu/h-i686-mingw32/bin/../lib/gcc/nios2-elf/4.1.2/../../../../nios2-elf/lib/mhw-mulx\libc.a(lib_a-__atexit.o)
 .comment       0x00000000       0x27 c:/altera/13.0sp1/nios2eds/bin/gnu/h-i686-mingw32/bin/../lib/gcc/nios2-elf/4.1.2/../../../../nios2-elf/lib/mhw-mulx\libc.a(lib_a-__call_atexit.o)
 .comment       0x00000000       0x27 ../helloworld_sim_test_bsp/\libhal_bsp.a(alt_exit.o)

.debug
 *(.debug)

.line
 *(.line)

.debug_srcinfo
 *(.debug_srcinfo)

.debug_sfnames
 *(.debug_sfnames)

.debug_aranges  0x00000000      0x958
 *(.debug_aranges)
 .debug_aranges
                0x00000000       0x28 ../helloworld_sim_test_bsp//obj/HAL/src/crt0.o
 .debug_aranges
                0x00000028       0x20 obj/default/hello_world.o
 .debug_aranges
                0x00000048       0x20 c:/altera/13.0sp1/nios2eds/bin/gnu/h-i686-mingw32/bin/../lib/gcc/nios2-elf/4.1.2/../../../../nios2-elf/lib/mhw-mulx\libc.a(lib_a-puts.o)
 .debug_aranges
                0x00000068       0x20 c:/altera/13.0sp1/nios2eds/bin/gnu/h-i686-mingw32/bin/../lib/gcc/nios2-elf/4.1.2/../../../../nios2-elf/lib/mhw-mulx\libc.a(lib_a-strlen.o)
 .debug_aranges
                0x00000088       0x20 c:/altera/13.0sp1/nios2eds/bin/gnu/h-i686-mingw32/bin/../lib/gcc/nios2-elf/4.1.2/../../../../nios2-elf/lib/mhw-mulx\libc.a(lib_a-fvwrite.o)
 .debug_aranges
                0x000000a8       0x20 c:/altera/13.0sp1/nios2eds/bin/gnu/h-i686-mingw32/bin/../lib/gcc/nios2-elf/4.1.2/../../../../nios2-elf/lib/mhw-mulx\libc.a(lib_a-mallocr.o)
 .debug_aranges
                0x000000c8       0x20 c:/altera/13.0sp1/nios2eds/bin/gnu/h-i686-mingw32/bin/../lib/gcc/nios2-elf/4.1.2/../../../../nios2-elf/lib/mhw-mulx\libc.a(lib_a-memchr.o)
 .debug_aranges
                0x000000e8       0x20 c:/altera/13.0sp1/nios2eds/bin/gnu/h-i686-mingw32/bin/../lib/gcc/nios2-elf/4.1.2/../../../../nios2-elf/lib/mhw-mulx\libc.a(lib_a-memcpy.o)
 .debug_aranges
                0x00000108       0x20 c:/altera/13.0sp1/nios2eds/bin/gnu/h-i686-mingw32/bin/../lib/gcc/nios2-elf/4.1.2/../../../../nios2-elf/lib/mhw-mulx\libc.a(lib_a-memmove.o)
 .debug_aranges
                0x00000128       0x20 c:/altera/13.0sp1/nios2eds/bin/gnu/h-i686-mingw32/bin/../lib/gcc/nios2-elf/4.1.2/../../../../nios2-elf/lib/mhw-mulx\libc.a(lib_a-reallocr.o)
 .debug_aranges
                0x00000148       0x20 c:/altera/13.0sp1/nios2eds/bin/gnu/h-i686-mingw32/bin/../lib/gcc/nios2-elf/4.1.2/../../../../nios2-elf/lib/mhw-mulx\libc.a(lib_a-sbrkr.o)
 .debug_aranges
                0x00000168       0x20 c:/altera/13.0sp1/nios2eds/bin/gnu/h-i686-mingw32/bin/../lib/gcc/nios2-elf/4.1.2/../../../../nios2-elf/lib/mhw-mulx\libc.a(lib_a-wsetup.o)
 .debug_aranges
                0x00000188       0x20 c:/altera/13.0sp1/nios2eds/bin/gnu/h-i686-mingw32/bin/../lib/gcc/nios2-elf/4.1.2/../../../../nios2-elf/lib/mhw-mulx\libc.a(lib_a-fflush.o)
 .debug_aranges
                0x000001a8       0x20 c:/altera/13.0sp1/nios2eds/bin/gnu/h-i686-mingw32/bin/../lib/gcc/nios2-elf/4.1.2/../../../../nios2-elf/lib/mhw-mulx\libc.a(lib_a-findfp.o)
 .debug_aranges
                0x000001c8       0x20 c:/altera/13.0sp1/nios2eds/bin/gnu/h-i686-mingw32/bin/../lib/gcc/nios2-elf/4.1.2/../../../../nios2-elf/lib/mhw-mulx\libc.a(lib_a-freer.o)
 .debug_aranges
                0x000001e8       0x20 c:/altera/13.0sp1/nios2eds/bin/gnu/h-i686-mingw32/bin/../lib/gcc/nios2-elf/4.1.2/../../../../nios2-elf/lib/mhw-mulx\libc.a(lib_a-fwalk.o)
 .debug_aranges
                0x00000208       0x20 c:/altera/13.0sp1/nios2eds/bin/gnu/h-i686-mingw32/bin/../lib/gcc/nios2-elf/4.1.2/../../../../nios2-elf/lib/mhw-mulx\libc.a(lib_a-makebuf.o)
 .debug_aranges
                0x00000228       0x20 c:/altera/13.0sp1/nios2eds/bin/gnu/h-i686-mingw32/bin/../lib/gcc/nios2-elf/4.1.2/../../../../nios2-elf/lib/mhw-mulx\libc.a(lib_a-memset.o)
 .debug_aranges
                0x00000248       0x20 c:/altera/13.0sp1/nios2eds/bin/gnu/h-i686-mingw32/bin/../lib/gcc/nios2-elf/4.1.2/../../../../nios2-elf/lib/mhw-mulx\libc.a(lib_a-stdio.o)
 .debug_aranges
                0x00000268       0x20 c:/altera/13.0sp1/nios2eds/bin/gnu/h-i686-mingw32/bin/../lib/gcc/nios2-elf/4.1.2/../../../../nios2-elf/lib/mhw-mulx\libc.a(lib_a-writer.o)
 .debug_aranges
                0x00000288       0x20 c:/altera/13.0sp1/nios2eds/bin/gnu/h-i686-mingw32/bin/../lib/gcc/nios2-elf/4.1.2/../../../../nios2-elf/lib/mhw-mulx\libc.a(lib_a-closer.o)
 .debug_aranges
                0x000002a8       0x20 c:/altera/13.0sp1/nios2eds/bin/gnu/h-i686-mingw32/bin/../lib/gcc/nios2-elf/4.1.2/../../../../nios2-elf/lib/mhw-mulx\libc.a(lib_a-fclose.o)
 .debug_aranges
                0x000002c8       0x20 c:/altera/13.0sp1/nios2eds/bin/gnu/h-i686-mingw32/bin/../lib/gcc/nios2-elf/4.1.2/../../../../nios2-elf/lib/mhw-mulx\libc.a(lib_a-fstatr.o)
 .debug_aranges
                0x000002e8       0x20 c:/altera/13.0sp1/nios2eds/bin/gnu/h-i686-mingw32/bin/../lib/gcc/nios2-elf/4.1.2/../../../../nios2-elf/lib/mhw-mulx\libc.a(lib_a-isattyr.o)
 .debug_aranges
                0x00000308       0x20 c:/altera/13.0sp1/nios2eds/bin/gnu/h-i686-mingw32/bin/../lib/gcc/nios2-elf/4.1.2/../../../../nios2-elf/lib/mhw-mulx\libc.a(lib_a-lseekr.o)
 .debug_aranges
                0x00000328       0x20 c:/altera/13.0sp1/nios2eds/bin/gnu/h-i686-mingw32/bin/../lib/gcc/nios2-elf/4.1.2/../../../../nios2-elf/lib/mhw-mulx\libc.a(lib_a-readr.o)
 .debug_aranges
                0x00000348       0x20 ../helloworld_sim_test_bsp/\libhal_bsp.a(alt_close.o)
 .debug_aranges
                0x00000368       0x20 ../helloworld_sim_test_bsp/\libhal_bsp.a(alt_dev.o)
 .debug_aranges
                0x00000388       0x20 ../helloworld_sim_test_bsp/\libhal_bsp.a(alt_fstat.o)
 .debug_aranges
                0x000003a8       0x20 ../helloworld_sim_test_bsp/\libhal_bsp.a(alt_isatty.o)
 .debug_aranges
                0x000003c8       0x20 ../helloworld_sim_test_bsp/\libhal_bsp.a(alt_load.o)
 .debug_aranges
                0x000003e8       0x20 ../helloworld_sim_test_bsp/\libhal_bsp.a(alt_lseek.o)
 .debug_aranges
                0x00000408       0x20 ../helloworld_sim_test_bsp/\libhal_bsp.a(alt_main.o)
 .debug_aranges
                0x00000428       0x20 ../helloworld_sim_test_bsp/\libhal_bsp.a(alt_malloc_lock.o)
 .debug_aranges
                0x00000448       0x20 ../helloworld_sim_test_bsp/\libhal_bsp.a(alt_read.o)
 .debug_aranges
                0x00000468       0x20 ../helloworld_sim_test_bsp/\libhal_bsp.a(alt_release_fd.o)
 .debug_aranges
                0x00000488       0x20 ../helloworld_sim_test_bsp/\libhal_bsp.a(alt_sbrk.o)
 .debug_aranges
                0x000004a8       0x20 ../helloworld_sim_test_bsp/\libhal_bsp.a(alt_write.o)
 .debug_aranges
                0x000004c8       0x20 ../helloworld_sim_test_bsp/\libhal_bsp.a(alt_sys_init.o)
 .debug_aranges
                0x000004e8       0x20 ../helloworld_sim_test_bsp/\libhal_bsp.a(altera_avalon_dma.o)
 .debug_aranges
                0x00000508       0x20 ../helloworld_sim_test_bsp/\libhal_bsp.a(altera_avalon_jtag_uart_fd.o)
 .debug_aranges
                0x00000528       0x20 ../helloworld_sim_test_bsp/\libhal_bsp.a(altera_avalon_jtag_uart_init.o)
 .debug_aranges
                0x00000548       0x20 ../helloworld_sim_test_bsp/\libhal_bsp.a(altera_avalon_jtag_uart_ioctl.o)
 .debug_aranges
                0x00000568       0x20 ../helloworld_sim_test_bsp/\libhal_bsp.a(altera_avalon_jtag_uart_read.o)
 .debug_aranges
                0x00000588       0x20 ../helloworld_sim_test_bsp/\libhal_bsp.a(altera_avalon_jtag_uart_write.o)
 .debug_aranges
                0x000005a8       0x20 ../helloworld_sim_test_bsp/\libhal_bsp.a(altera_avalon_timer_sc.o)
 .debug_aranges
                0x000005c8       0x20 ../helloworld_sim_test_bsp/\libhal_bsp.a(alt_alarm_start.o)
 .debug_aranges
                0x000005e8       0x20 ../helloworld_sim_test_bsp/\libhal_bsp.a(alt_dcache_flush_all.o)
 .debug_aranges
                0x00000608       0x20 ../helloworld_sim_test_bsp/\libhal_bsp.a(alt_dev_llist_insert.o)
 .debug_aranges
                0x00000628       0x20 ../helloworld_sim_test_bsp/\libhal_bsp.a(alt_dma_rxchan_open.o)
 .debug_aranges
                0x00000648       0x20 ../helloworld_sim_test_bsp/\libhal_bsp.a(alt_dma_txchan_open.o)
 .debug_aranges
                0x00000668       0x20 ../helloworld_sim_test_bsp/\libhal_bsp.a(alt_do_ctors.o)
 .debug_aranges
                0x00000688       0x20 ../helloworld_sim_test_bsp/\libhal_bsp.a(alt_do_dtors.o)
 .debug_aranges
                0x000006a8       0x20 ../helloworld_sim_test_bsp/\libhal_bsp.a(alt_find_dev.o)
 .debug_aranges
                0x000006c8       0x20 ../helloworld_sim_test_bsp/\libhal_bsp.a(alt_icache_flush_all.o)
 .debug_aranges
                0x000006e8       0x20 ../helloworld_sim_test_bsp/\libhal_bsp.a(alt_iic.o)
 .debug_aranges
                0x00000708       0x20 ../helloworld_sim_test_bsp/\libhal_bsp.a(alt_iic_isr_register.o)
 .debug_aranges
                0x00000728       0x20 ../helloworld_sim_test_bsp/\libhal_bsp.a(alt_io_redirect.o)
 .debug_aranges
                0x00000748       0x30 ../helloworld_sim_test_bsp/\libhal_bsp.a(alt_irq_entry.o)
 .debug_aranges
                0x00000778       0x28 ../helloworld_sim_test_bsp/\libhal_bsp.a(alt_irq_handler.o)
 .debug_aranges
                0x000007a0       0x20 ../helloworld_sim_test_bsp/\libhal_bsp.a(alt_open.o)
 .debug_aranges
                0x000007c0       0x20 ../helloworld_sim_test_bsp/\libhal_bsp.a(alt_tick.o)
 .debug_aranges
                0x000007e0       0x20 ../helloworld_sim_test_bsp/\libhal_bsp.a(altera_nios2_qsys_irq.o)
 .debug_aranges
                0x00000800       0x38 ../helloworld_sim_test_bsp/\libhal_bsp.a(alt_exception_entry.o)
 .debug_aranges
                0x00000838       0x20 ../helloworld_sim_test_bsp/\libhal_bsp.a(alt_find_file.o)
 .debug_aranges
                0x00000858       0x20 ../helloworld_sim_test_bsp/\libhal_bsp.a(alt_get_fd.o)
 .debug_aranges
                0x00000878       0x20 ../helloworld_sim_test_bsp/\libhal_bsp.a(alt_icache_flush.o)
 .debug_aranges
                0x00000898       0x20 c:/altera/13.0sp1/nios2eds/bin/gnu/h-i686-mingw32/bin/../lib/gcc/nios2-elf/4.1.2/../../../../nios2-elf/lib/mhw-mulx\libc.a(lib_a-atexit.o)
 .debug_aranges
                0x000008b8       0x20 c:/altera/13.0sp1/nios2eds/bin/gnu/h-i686-mingw32/bin/../lib/gcc/nios2-elf/4.1.2/../../../../nios2-elf/lib/mhw-mulx\libc.a(lib_a-exit.o)
 .debug_aranges
                0x000008d8       0x20 c:/altera/13.0sp1/nios2eds/bin/gnu/h-i686-mingw32/bin/../lib/gcc/nios2-elf/4.1.2/../../../../nios2-elf/lib/mhw-mulx\libc.a(lib_a-memcmp.o)
 .debug_aranges
                0x000008f8       0x20 c:/altera/13.0sp1/nios2eds/bin/gnu/h-i686-mingw32/bin/../lib/gcc/nios2-elf/4.1.2/../../../../nios2-elf/lib/mhw-mulx\libc.a(lib_a-__atexit.o)
 .debug_aranges
                0x00000918       0x20 c:/altera/13.0sp1/nios2eds/bin/gnu/h-i686-mingw32/bin/../lib/gcc/nios2-elf/4.1.2/../../../../nios2-elf/lib/mhw-mulx\libc.a(lib_a-__call_atexit.o)
 .debug_aranges
                0x00000938       0x20 ../helloworld_sim_test_bsp/\libhal_bsp.a(alt_exit.o)

.debug_pubnames
                0x00000000      0xea3
 *(.debug_pubnames)
 .debug_pubnames
                0x00000000       0x1b obj/default/hello_world.o
 .debug_pubnames
                0x0000001b       0x27 c:/altera/13.0sp1/nios2eds/bin/gnu/h-i686-mingw32/bin/../lib/gcc/nios2-elf/4.1.2/../../../../nios2-elf/lib/mhw-mulx\libc.a(lib_a-puts.o)
 .debug_pubnames
                0x00000042       0x1d c:/altera/13.0sp1/nios2eds/bin/gnu/h-i686-mingw32/bin/../lib/gcc/nios2-elf/4.1.2/../../../../nios2-elf/lib/mhw-mulx\libc.a(lib_a-strlen.o)
 .debug_pubnames
                0x0000005f       0x23 c:/altera/13.0sp1/nios2eds/bin/gnu/h-i686-mingw32/bin/../lib/gcc/nios2-elf/4.1.2/../../../../nios2-elf/lib/mhw-mulx\libc.a(lib_a-fvwrite.o)
 .debug_pubnames
                0x00000082       0x39 c:/altera/13.0sp1/nios2eds/bin/gnu/h-i686-mingw32/bin/../lib/gcc/nios2-elf/4.1.2/../../../../nios2-elf/lib/mhw-mulx\libc.a(lib_a-impure.o)
 .debug_pubnames
                0x000000bb       0xce c:/altera/13.0sp1/nios2eds/bin/gnu/h-i686-mingw32/bin/../lib/gcc/nios2-elf/4.1.2/../../../../nios2-elf/lib/mhw-mulx\libc.a(lib_a-mallocr.o)
 .debug_pubnames
                0x00000189       0x1d c:/altera/13.0sp1/nios2eds/bin/gnu/h-i686-mingw32/bin/../lib/gcc/nios2-elf/4.1.2/../../../../nios2-elf/lib/mhw-mulx\libc.a(lib_a-memchr.o)
 .debug_pubnames
                0x000001a6       0x1d c:/altera/13.0sp1/nios2eds/bin/gnu/h-i686-mingw32/bin/../lib/gcc/nios2-elf/4.1.2/../../../../nios2-elf/lib/mhw-mulx\libc.a(lib_a-memcpy.o)
 .debug_pubnames
                0x000001c3       0x1e c:/altera/13.0sp1/nios2eds/bin/gnu/h-i686-mingw32/bin/../lib/gcc/nios2-elf/4.1.2/../../../../nios2-elf/lib/mhw-mulx\libc.a(lib_a-memmove.o)
 .debug_pubnames
                0x000001e1       0x21 c:/altera/13.0sp1/nios2eds/bin/gnu/h-i686-mingw32/bin/../lib/gcc/nios2-elf/4.1.2/../../../../nios2-elf/lib/mhw-mulx\libc.a(lib_a-reallocr.o)
 .debug_pubnames
                0x00000202       0x1e c:/altera/13.0sp1/nios2eds/bin/gnu/h-i686-mingw32/bin/../lib/gcc/nios2-elf/4.1.2/../../../../nios2-elf/lib/mhw-mulx\libc.a(lib_a-sbrkr.o)
 .debug_pubnames
                0x00000220       0x22 c:/altera/13.0sp1/nios2eds/bin/gnu/h-i686-mingw32/bin/../lib/gcc/nios2-elf/4.1.2/../../../../nios2-elf/lib/mhw-mulx\libc.a(lib_a-wsetup.o)
 .debug_pubnames
                0x00000242       0x2b c:/altera/13.0sp1/nios2eds/bin/gnu/h-i686-mingw32/bin/../lib/gcc/nios2-elf/4.1.2/../../../../nios2-elf/lib/mhw-mulx\libc.a(lib_a-fflush.o)
 .debug_pubnames
                0x0000026d       0xdb c:/altera/13.0sp1/nios2eds/bin/gnu/h-i686-mingw32/bin/../lib/gcc/nios2-elf/4.1.2/../../../../nios2-elf/lib/mhw-mulx\libc.a(lib_a-findfp.o)
 .debug_pubnames
                0x00000348       0x31 c:/altera/13.0sp1/nios2eds/bin/gnu/h-i686-mingw32/bin/../lib/gcc/nios2-elf/4.1.2/../../../../nios2-elf/lib/mhw-mulx\libc.a(lib_a-freer.o)
 .debug_pubnames
                0x00000379       0x2e c:/altera/13.0sp1/nios2eds/bin/gnu/h-i686-mingw32/bin/../lib/gcc/nios2-elf/4.1.2/../../../../nios2-elf/lib/mhw-mulx\libc.a(lib_a-fwalk.o)
 .debug_pubnames
                0x000003a7       0x1c c:/altera/13.0sp1/nios2eds/bin/gnu/h-i686-mingw32/bin/../lib/gcc/nios2-elf/4.1.2/../../../../nios2-elf/lib/mhw-mulx\libc.a(lib_a-int_errno.o)
 .debug_pubnames
                0x000003c3       0x23 c:/altera/13.0sp1/nios2eds/bin/gnu/h-i686-mingw32/bin/../lib/gcc/nios2-elf/4.1.2/../../../../nios2-elf/lib/mhw-mulx\libc.a(lib_a-makebuf.o)
 .debug_pubnames
                0x000003e6       0x1d c:/altera/13.0sp1/nios2eds/bin/gnu/h-i686-mingw32/bin/../lib/gcc/nios2-elf/4.1.2/../../../../nios2-elf/lib/mhw-mulx\libc.a(lib_a-memset.o)
 .debug_pubnames
                0x00000403       0x44 c:/altera/13.0sp1/nios2eds/bin/gnu/h-i686-mingw32/bin/../lib/gcc/nios2-elf/4.1.2/../../../../nios2-elf/lib/mhw-mulx\libc.a(lib_a-stdio.o)
 .debug_pubnames
                0x00000447       0x1f c:/altera/13.0sp1/nios2eds/bin/gnu/h-i686-mingw32/bin/../lib/gcc/nios2-elf/4.1.2/../../../../nios2-elf/lib/mhw-mulx\libc.a(lib_a-writer.o)
 .debug_pubnames
                0x00000466       0x1f c:/altera/13.0sp1/nios2eds/bin/gnu/h-i686-mingw32/bin/../lib/gcc/nios2-elf/4.1.2/../../../../nios2-elf/lib/mhw-mulx\libc.a(lib_a-closer.o)
 .debug_pubnames
                0x00000485       0x2b c:/altera/13.0sp1/nios2eds/bin/gnu/h-i686-mingw32/bin/../lib/gcc/nios2-elf/4.1.2/../../../../nios2-elf/lib/mhw-mulx\libc.a(lib_a-fclose.o)
 .debug_pubnames
                0x000004b0       0x1f c:/altera/13.0sp1/nios2eds/bin/gnu/h-i686-mingw32/bin/../lib/gcc/nios2-elf/4.1.2/../../../../nios2-elf/lib/mhw-mulx\libc.a(lib_a-fstatr.o)
 .debug_pubnames
                0x000004cf       0x20 c:/altera/13.0sp1/nios2eds/bin/gnu/h-i686-mingw32/bin/../lib/gcc/nios2-elf/4.1.2/../../../../nios2-elf/lib/mhw-mulx\libc.a(lib_a-isattyr.o)
 .debug_pubnames
                0x000004ef       0x1f c:/altera/13.0sp1/nios2eds/bin/gnu/h-i686-mingw32/bin/../lib/gcc/nios2-elf/4.1.2/../../../../nios2-elf/lib/mhw-mulx\libc.a(lib_a-lseekr.o)
 .debug_pubnames
                0x0000050e       0x1e c:/altera/13.0sp1/nios2eds/bin/gnu/h-i686-mingw32/bin/../lib/gcc/nios2-elf/4.1.2/../../../../nios2-elf/lib/mhw-mulx\libc.a(lib_a-readr.o)
 .debug_pubnames
                0x0000052c       0x1c ../helloworld_sim_test_bsp/\libhal_bsp.a(alt_close.o)
 .debug_pubnames
                0x00000548       0x63 ../helloworld_sim_test_bsp/\libhal_bsp.a(alt_dev.o)
 .debug_pubnames
                0x000005ab       0x20 ../helloworld_sim_test_bsp/\libhal_bsp.a(alt_errno.o)
 .debug_pubnames
                0x000005cb       0x1c ../helloworld_sim_test_bsp/\libhal_bsp.a(alt_fstat.o)
 .debug_pubnames
                0x000005e7       0x1d ../helloworld_sim_test_bsp/\libhal_bsp.a(alt_isatty.o)
 .debug_pubnames
                0x00000604       0x1f ../helloworld_sim_test_bsp/\libhal_bsp.a(alt_load.o)
 .debug_pubnames
                0x00000623       0x1c ../helloworld_sim_test_bsp/\libhal_bsp.a(alt_lseek.o)
 .debug_pubnames
                0x0000063f       0x46 ../helloworld_sim_test_bsp/\libhal_bsp.a(alt_main.o)
 .debug_pubnames
                0x00000685       0x38 ../helloworld_sim_test_bsp/\libhal_bsp.a(alt_malloc_lock.o)
 .debug_pubnames
                0x000006bd       0x1b ../helloworld_sim_test_bsp/\libhal_bsp.a(alt_read.o)
 .debug_pubnames
                0x000006d8       0x25 ../helloworld_sim_test_bsp/\libhal_bsp.a(alt_release_fd.o)
 .debug_pubnames
                0x000006fd       0x1b ../helloworld_sim_test_bsp/\libhal_bsp.a(alt_sbrk.o)
 .debug_pubnames
                0x00000718       0x1c ../helloworld_sim_test_bsp/\libhal_bsp.a(alt_write.o)
 .debug_pubnames
                0x00000734       0x34 ../helloworld_sim_test_bsp/\libhal_bsp.a(alt_sys_init.o)
 .debug_pubnames
                0x00000768       0xce ../helloworld_sim_test_bsp/\libhal_bsp.a(altera_avalon_dma.o)
 .debug_pubnames
                0x00000836       0xa5 ../helloworld_sim_test_bsp/\libhal_bsp.a(altera_avalon_jtag_uart_fd.o)
 .debug_pubnames
                0x000008db       0x55 ../helloworld_sim_test_bsp/\libhal_bsp.a(altera_avalon_jtag_uart_init.o)
 .debug_pubnames
                0x00000930       0x34 ../helloworld_sim_test_bsp/\libhal_bsp.a(altera_avalon_jtag_uart_ioctl.o)
 .debug_pubnames
                0x00000964       0x33 ../helloworld_sim_test_bsp/\libhal_bsp.a(altera_avalon_jtag_uart_read.o)
 .debug_pubnames
                0x00000997       0x34 ../helloworld_sim_test_bsp/\libhal_bsp.a(altera_avalon_jtag_uart_write.o)
 .debug_pubnames
                0x000009cb       0x2f ../helloworld_sim_test_bsp/\libhal_bsp.a(altera_avalon_timer_sc.o)
 .debug_pubnames
                0x000009fa       0x26 ../helloworld_sim_test_bsp/\libhal_bsp.a(alt_alarm_start.o)
 .debug_pubnames
                0x00000a20       0x2b ../helloworld_sim_test_bsp/\libhal_bsp.a(alt_dcache_flush_all.o)
 .debug_pubnames
                0x00000a4b       0x2b ../helloworld_sim_test_bsp/\libhal_bsp.a(alt_dev_llist_insert.o)
 .debug_pubnames
                0x00000a76       0x42 ../helloworld_sim_test_bsp/\libhal_bsp.a(alt_dma_rxchan_open.o)
 .debug_pubnames
                0x00000ab8       0x42 ../helloworld_sim_test_bsp/\libhal_bsp.a(alt_dma_txchan_open.o)
 .debug_pubnames
                0x00000afa       0x20 ../helloworld_sim_test_bsp/\libhal_bsp.a(alt_do_ctors.o)
 .debug_pubnames
                0x00000b1a       0x20 ../helloworld_sim_test_bsp/\libhal_bsp.a(alt_do_dtors.o)
 .debug_pubnames
                0x00000b3a       0x23 ../helloworld_sim_test_bsp/\libhal_bsp.a(alt_find_dev.o)
 .debug_pubnames
                0x00000b5d       0x2b ../helloworld_sim_test_bsp/\libhal_bsp.a(alt_icache_flush_all.o)
 .debug_pubnames
                0x00000b88       0x6e ../helloworld_sim_test_bsp/\libhal_bsp.a(alt_iic.o)
 .debug_pubnames
                0x00000bf6       0x2b ../helloworld_sim_test_bsp/\libhal_bsp.a(alt_iic_isr_register.o)
 .debug_pubnames
                0x00000c21       0x26 ../helloworld_sim_test_bsp/\libhal_bsp.a(alt_io_redirect.o)
 .debug_pubnames
                0x00000c47       0x32 ../helloworld_sim_test_bsp/\libhal_bsp.a(alt_irq_handler.o)
 .debug_pubnames
                0x00000c79       0x3b ../helloworld_sim_test_bsp/\libhal_bsp.a(alt_irq_vars.o)
 .debug_pubnames
                0x00000cb4       0x1b ../helloworld_sim_test_bsp/\libhal_bsp.a(alt_open.o)
 .debug_pubnames
                0x00000ccf       0x68 ../helloworld_sim_test_bsp/\libhal_bsp.a(alt_tick.o)
 .debug_pubnames
                0x00000d37       0x31 ../helloworld_sim_test_bsp/\libhal_bsp.a(altera_nios2_qsys_irq.o)
 .debug_pubnames
                0x00000d68       0x24 ../helloworld_sim_test_bsp/\libhal_bsp.a(alt_find_file.o)
 .debug_pubnames
                0x00000d8c       0x21 ../helloworld_sim_test_bsp/\libhal_bsp.a(alt_get_fd.o)
 .debug_pubnames
                0x00000dad       0x27 ../helloworld_sim_test_bsp/\libhal_bsp.a(alt_icache_flush.o)
 .debug_pubnames
                0x00000dd4       0x2a c:/altera/13.0sp1/nios2eds/bin/gnu/h-i686-mingw32/bin/../lib/gcc/nios2-elf/4.1.2/../../../../nios2-elf/lib/mhw-mulx\libc.a(lib_a-atexit.o)
 .debug_pubnames
                0x00000dfe       0x1b c:/altera/13.0sp1/nios2eds/bin/gnu/h-i686-mingw32/bin/../lib/gcc/nios2-elf/4.1.2/../../../../nios2-elf/lib/mhw-mulx\libc.a(lib_a-exit.o)
 .debug_pubnames
                0x00000e19       0x1d c:/altera/13.0sp1/nios2eds/bin/gnu/h-i686-mingw32/bin/../lib/gcc/nios2-elf/4.1.2/../../../../nios2-elf/lib/mhw-mulx\libc.a(lib_a-memcmp.o)
 .debug_pubnames
                0x00000e36       0x2a c:/altera/13.0sp1/nios2eds/bin/gnu/h-i686-mingw32/bin/../lib/gcc/nios2-elf/4.1.2/../../../../nios2-elf/lib/mhw-mulx\libc.a(lib_a-__atexit.o)
 .debug_pubnames
                0x00000e60       0x27 c:/altera/13.0sp1/nios2eds/bin/gnu/h-i686-mingw32/bin/../lib/gcc/nios2-elf/4.1.2/../../../../nios2-elf/lib/mhw-mulx\libc.a(lib_a-__call_atexit.o)
 .debug_pubnames
                0x00000e87       0x1c ../helloworld_sim_test_bsp/\libhal_bsp.a(alt_exit.o)

.debug_info     0x00000000    0x1b215
 *(.debug_info .gnu.linkonce.wi.*)
 .debug_info    0x00000000       0x74 ../helloworld_sim_test_bsp//obj/HAL/src/crt0.o
 .debug_info    0x00000074      0x133 obj/default/hello_world.o
 .debug_info    0x000001a7      0xa25 c:/altera/13.0sp1/nios2eds/bin/gnu/h-i686-mingw32/bin/../lib/gcc/nios2-elf/4.1.2/../../../../nios2-elf/lib/mhw-mulx\libc.a(lib_a-puts.o)
 .debug_info    0x00000bcc       0xdb c:/altera/13.0sp1/nios2eds/bin/gnu/h-i686-mingw32/bin/../lib/gcc/nios2-elf/4.1.2/../../../../nios2-elf/lib/mhw-mulx\libc.a(lib_a-strlen.o)
 .debug_info    0x00000ca7      0xa88 c:/altera/13.0sp1/nios2eds/bin/gnu/h-i686-mingw32/bin/../lib/gcc/nios2-elf/4.1.2/../../../../nios2-elf/lib/mhw-mulx\libc.a(lib_a-fvwrite.o)
 .debug_info    0x0000172f      0x93d c:/altera/13.0sp1/nios2eds/bin/gnu/h-i686-mingw32/bin/../lib/gcc/nios2-elf/4.1.2/../../../../nios2-elf/lib/mhw-mulx\libc.a(lib_a-impure.o)
 .debug_info    0x0000206c      0xcd0 c:/altera/13.0sp1/nios2eds/bin/gnu/h-i686-mingw32/bin/../lib/gcc/nios2-elf/4.1.2/../../../../nios2-elf/lib/mhw-mulx\libc.a(lib_a-mallocr.o)
 .debug_info    0x00002d3c      0x138 c:/altera/13.0sp1/nios2eds/bin/gnu/h-i686-mingw32/bin/../lib/gcc/nios2-elf/4.1.2/../../../../nios2-elf/lib/mhw-mulx\libc.a(lib_a-memchr.o)
 .debug_info    0x00002e74      0x106 c:/altera/13.0sp1/nios2eds/bin/gnu/h-i686-mingw32/bin/../lib/gcc/nios2-elf/4.1.2/../../../../nios2-elf/lib/mhw-mulx\libc.a(lib_a-memcpy.o)
 .debug_info    0x00002f7a      0x13e c:/altera/13.0sp1/nios2eds/bin/gnu/h-i686-mingw32/bin/../lib/gcc/nios2-elf/4.1.2/../../../../nios2-elf/lib/mhw-mulx\libc.a(lib_a-memmove.o)
 .debug_info    0x000030b8      0xbd7 c:/altera/13.0sp1/nios2eds/bin/gnu/h-i686-mingw32/bin/../lib/gcc/nios2-elf/4.1.2/../../../../nios2-elf/lib/mhw-mulx\libc.a(lib_a-reallocr.o)
 .debug_info    0x00003c8f      0x962 c:/altera/13.0sp1/nios2eds/bin/gnu/h-i686-mingw32/bin/../lib/gcc/nios2-elf/4.1.2/../../../../nios2-elf/lib/mhw-mulx\libc.a(lib_a-sbrkr.o)
 .debug_info    0x000045f1      0x95d c:/altera/13.0sp1/nios2eds/bin/gnu/h-i686-mingw32/bin/../lib/gcc/nios2-elf/4.1.2/../../../../nios2-elf/lib/mhw-mulx\libc.a(lib_a-wsetup.o)
 .debug_info    0x00004f4e      0x9fe c:/altera/13.0sp1/nios2eds/bin/gnu/h-i686-mingw32/bin/../lib/gcc/nios2-elf/4.1.2/../../../../nios2-elf/lib/mhw-mulx\libc.a(lib_a-fflush.o)
 .debug_info    0x0000594c      0xb72 c:/altera/13.0sp1/nios2eds/bin/gnu/h-i686-mingw32/bin/../lib/gcc/nios2-elf/4.1.2/../../../../nios2-elf/lib/mhw-mulx\libc.a(lib_a-findfp.o)
 .debug_info    0x000064be      0xbc9 c:/altera/13.0sp1/nios2eds/bin/gnu/h-i686-mingw32/bin/../lib/gcc/nios2-elf/4.1.2/../../../../nios2-elf/lib/mhw-mulx\libc.a(lib_a-freer.o)
 .debug_info    0x00007087      0xaed c:/altera/13.0sp1/nios2eds/bin/gnu/h-i686-mingw32/bin/../lib/gcc/nios2-elf/4.1.2/../../../../nios2-elf/lib/mhw-mulx\libc.a(lib_a-fwalk.o)
 .debug_info    0x00007b74       0x8c c:/altera/13.0sp1/nios2eds/bin/gnu/h-i686-mingw32/bin/../lib/gcc/nios2-elf/4.1.2/../../../../nios2-elf/lib/mhw-mulx\libc.a(lib_a-int_errno.o)
 .debug_info    0x00007c00      0xb1a c:/altera/13.0sp1/nios2eds/bin/gnu/h-i686-mingw32/bin/../lib/gcc/nios2-elf/4.1.2/../../../../nios2-elf/lib/mhw-mulx\libc.a(lib_a-makebuf.o)
 .debug_info    0x0000871a      0x113 c:/altera/13.0sp1/nios2eds/bin/gnu/h-i686-mingw32/bin/../lib/gcc/nios2-elf/4.1.2/../../../../nios2-elf/lib/mhw-mulx\libc.a(lib_a-memset.o)
 .debug_info    0x0000882d      0xaac c:/altera/13.0sp1/nios2eds/bin/gnu/h-i686-mingw32/bin/../lib/gcc/nios2-elf/4.1.2/../../../../nios2-elf/lib/mhw-mulx\libc.a(lib_a-stdio.o)
 .debug_info    0x000092d9      0x993 c:/altera/13.0sp1/nios2eds/bin/gnu/h-i686-mingw32/bin/../lib/gcc/nios2-elf/4.1.2/../../../../nios2-elf/lib/mhw-mulx\libc.a(lib_a-writer.o)
 .debug_info    0x00009c6c      0x958 c:/altera/13.0sp1/nios2eds/bin/gnu/h-i686-mingw32/bin/../lib/gcc/nios2-elf/4.1.2/../../../../nios2-elf/lib/mhw-mulx\libc.a(lib_a-closer.o)
 .debug_info    0x0000a5c4      0x994 c:/altera/13.0sp1/nios2eds/bin/gnu/h-i686-mingw32/bin/../lib/gcc/nios2-elf/4.1.2/../../../../nios2-elf/lib/mhw-mulx\libc.a(lib_a-fclose.o)
 .debug_info    0x0000af58      0xafc c:/altera/13.0sp1/nios2eds/bin/gnu/h-i686-mingw32/bin/../lib/gcc/nios2-elf/4.1.2/../../../../nios2-elf/lib/mhw-mulx\libc.a(lib_a-fstatr.o)
 .debug_info    0x0000ba54      0x958 c:/altera/13.0sp1/nios2eds/bin/gnu/h-i686-mingw32/bin/../lib/gcc/nios2-elf/4.1.2/../../../../nios2-elf/lib/mhw-mulx\libc.a(lib_a-isattyr.o)
 .debug_info    0x0000c3ac      0x981 c:/altera/13.0sp1/nios2eds/bin/gnu/h-i686-mingw32/bin/../lib/gcc/nios2-elf/4.1.2/../../../../nios2-elf/lib/mhw-mulx\libc.a(lib_a-lseekr.o)
 .debug_info    0x0000cd2d      0x98c c:/altera/13.0sp1/nios2eds/bin/gnu/h-i686-mingw32/bin/../lib/gcc/nios2-elf/4.1.2/../../../../nios2-elf/lib/mhw-mulx\libc.a(lib_a-readr.o)
 .debug_info    0x0000d6b9      0x460 ../helloworld_sim_test_bsp/\libhal_bsp.a(alt_close.o)
 .debug_info    0x0000db19      0x678 ../helloworld_sim_test_bsp/\libhal_bsp.a(alt_dev.o)
 .debug_info    0x0000e191      0x15d ../helloworld_sim_test_bsp/\libhal_bsp.a(alt_errno.o)
 .debug_info    0x0000e2ee      0x659 ../helloworld_sim_test_bsp/\libhal_bsp.a(alt_fstat.o)
 .debug_info    0x0000e947      0x65f ../helloworld_sim_test_bsp/\libhal_bsp.a(alt_isatty.o)
 .debug_info    0x0000efa6      0x286 ../helloworld_sim_test_bsp/\libhal_bsp.a(alt_load.o)
 .debug_info    0x0000f22c      0x493 ../helloworld_sim_test_bsp/\libhal_bsp.a(alt_lseek.o)
 .debug_info    0x0000f6bf      0x21e ../helloworld_sim_test_bsp/\libhal_bsp.a(alt_main.o)
 .debug_info    0x0000f8dd      0xc11 ../helloworld_sim_test_bsp/\libhal_bsp.a(alt_malloc_lock.o)
 .debug_info    0x000104ee      0x683 ../helloworld_sim_test_bsp/\libhal_bsp.a(alt_read.o)
 .debug_info    0x00010b71      0x3eb ../helloworld_sim_test_bsp/\libhal_bsp.a(alt_release_fd.o)
 .debug_info    0x00010f5c      0x2b0 ../helloworld_sim_test_bsp/\libhal_bsp.a(alt_sbrk.o)
 .debug_info    0x0001120c      0x68c ../helloworld_sim_test_bsp/\libhal_bsp.a(alt_write.o)
 .debug_info    0x00011898      0xc5a ../helloworld_sim_test_bsp/\libhal_bsp.a(alt_sys_init.o)
 .debug_info    0x000124f2      0xd9e ../helloworld_sim_test_bsp/\libhal_bsp.a(altera_avalon_dma.o)
 .debug_info    0x00013290      0x7d2 ../helloworld_sim_test_bsp/\libhal_bsp.a(altera_avalon_jtag_uart_fd.o)
 .debug_info    0x00013a62      0x5fa ../helloworld_sim_test_bsp/\libhal_bsp.a(altera_avalon_jtag_uart_init.o)
 .debug_info    0x0001405c      0x43c ../helloworld_sim_test_bsp/\libhal_bsp.a(altera_avalon_jtag_uart_ioctl.o)
 .debug_info    0x00014498      0x53f ../helloworld_sim_test_bsp/\libhal_bsp.a(altera_avalon_jtag_uart_read.o)
 .debug_info    0x000149d7      0x537 ../helloworld_sim_test_bsp/\libhal_bsp.a(altera_avalon_jtag_uart_write.o)
 .debug_info    0x00014f0e      0x384 ../helloworld_sim_test_bsp/\libhal_bsp.a(altera_avalon_timer_sc.o)
 .debug_info    0x00015292      0x43b ../helloworld_sim_test_bsp/\libhal_bsp.a(alt_alarm_start.o)
 .debug_info    0x000156cd      0x168 ../helloworld_sim_test_bsp/\libhal_bsp.a(alt_dcache_flush_all.o)
 .debug_info    0x00015835      0x2b0 ../helloworld_sim_test_bsp/\libhal_bsp.a(alt_dev_llist_insert.o)
 .debug_info    0x00015ae5      0x3aa ../helloworld_sim_test_bsp/\libhal_bsp.a(alt_dma_rxchan_open.o)
 .debug_info    0x00015e8f      0x3c4 ../helloworld_sim_test_bsp/\libhal_bsp.a(alt_dma_txchan_open.o)
 .debug_info    0x00016253      0x108 ../helloworld_sim_test_bsp/\libhal_bsp.a(alt_do_ctors.o)
 .debug_info    0x0001635b      0x107 ../helloworld_sim_test_bsp/\libhal_bsp.a(alt_do_dtors.o)
 .debug_info    0x00016462      0x411 ../helloworld_sim_test_bsp/\libhal_bsp.a(alt_find_dev.o)
 .debug_info    0x00016873      0x155 ../helloworld_sim_test_bsp/\libhal_bsp.a(alt_icache_flush_all.o)
 .debug_info    0x000169c8      0x48c ../helloworld_sim_test_bsp/\libhal_bsp.a(alt_iic.o)
 .debug_info    0x00016e54      0x30d ../helloworld_sim_test_bsp/\libhal_bsp.a(alt_iic_isr_register.o)
 .debug_info    0x00017161      0x68e ../helloworld_sim_test_bsp/\libhal_bsp.a(alt_io_redirect.o)
 .debug_info    0x000177ef       0x7d ../helloworld_sim_test_bsp/\libhal_bsp.a(alt_irq_entry.o)
 .debug_info    0x0001786c      0x26e ../helloworld_sim_test_bsp/\libhal_bsp.a(alt_irq_handler.o)
 .debug_info    0x00017ada      0x160 ../helloworld_sim_test_bsp/\libhal_bsp.a(alt_irq_vars.o)
 .debug_info    0x00017c3a      0x51e ../helloworld_sim_test_bsp/\libhal_bsp.a(alt_open.o)
 .debug_info    0x00018158      0x3f7 ../helloworld_sim_test_bsp/\libhal_bsp.a(alt_tick.o)
 .debug_info    0x0001854f      0x15c ../helloworld_sim_test_bsp/\libhal_bsp.a(altera_nios2_qsys_irq.o)
 .debug_info    0x000186ab       0x83 ../helloworld_sim_test_bsp/\libhal_bsp.a(alt_exception_entry.o)
 .debug_info    0x0001872e      0x418 ../helloworld_sim_test_bsp/\libhal_bsp.a(alt_find_file.o)
 .debug_info    0x00018b46      0x459 ../helloworld_sim_test_bsp/\libhal_bsp.a(alt_get_fd.o)
 .debug_info    0x00018f9f      0x19d ../helloworld_sim_test_bsp/\libhal_bsp.a(alt_icache_flush.o)
 .debug_info    0x0001913c      0x181 c:/altera/13.0sp1/nios2eds/bin/gnu/h-i686-mingw32/bin/../lib/gcc/nios2-elf/4.1.2/../../../../nios2-elf/lib/mhw-mulx\libc.a(lib_a-atexit.o)
 .debug_info    0x000192bd      0x93f c:/altera/13.0sp1/nios2eds/bin/gnu/h-i686-mingw32/bin/../lib/gcc/nios2-elf/4.1.2/../../../../nios2-elf/lib/mhw-mulx\libc.a(lib_a-exit.o)
 .debug_info    0x00019bfc      0x115 c:/altera/13.0sp1/nios2eds/bin/gnu/h-i686-mingw32/bin/../lib/gcc/nios2-elf/4.1.2/../../../../nios2-elf/lib/mhw-mulx\libc.a(lib_a-memcmp.o)
 .debug_info    0x00019d11      0x99c c:/altera/13.0sp1/nios2eds/bin/gnu/h-i686-mingw32/bin/../lib/gcc/nios2-elf/4.1.2/../../../../nios2-elf/lib/mhw-mulx\libc.a(lib_a-__atexit.o)
 .debug_info    0x0001a6ad      0x9e2 c:/altera/13.0sp1/nios2eds/bin/gnu/h-i686-mingw32/bin/../lib/gcc/nios2-elf/4.1.2/../../../../nios2-elf/lib/mhw-mulx\libc.a(lib_a-__call_atexit.o)
 .debug_info    0x0001b08f      0x186 ../helloworld_sim_test_bsp/\libhal_bsp.a(alt_exit.o)

.debug_abbrev   0x00000000     0x537c
 *(.debug_abbrev)
 .debug_abbrev  0x00000000       0x12 ../helloworld_sim_test_bsp//obj/HAL/src/crt0.o
 .debug_abbrev  0x00000012       0x3f obj/default/hello_world.o
 .debug_abbrev  0x00000051      0x1ac c:/altera/13.0sp1/nios2eds/bin/gnu/h-i686-mingw32/bin/../lib/gcc/nios2-elf/4.1.2/../../../../nios2-elf/lib/mhw-mulx\libc.a(lib_a-puts.o)
 .debug_abbrev  0x000001fd       0x8b c:/altera/13.0sp1/nios2eds/bin/gnu/h-i686-mingw32/bin/../lib/gcc/nios2-elf/4.1.2/../../../../nios2-elf/lib/mhw-mulx\libc.a(lib_a-strlen.o)
 .debug_abbrev  0x00000288      0x1a3 c:/altera/13.0sp1/nios2eds/bin/gnu/h-i686-mingw32/bin/../lib/gcc/nios2-elf/4.1.2/../../../../nios2-elf/lib/mhw-mulx\libc.a(lib_a-fvwrite.o)
 .debug_abbrev  0x0000042b      0x157 c:/altera/13.0sp1/nios2eds/bin/gnu/h-i686-mingw32/bin/../lib/gcc/nios2-elf/4.1.2/../../../../nios2-elf/lib/mhw-mulx\libc.a(lib_a-impure.o)
 .debug_abbrev  0x00000582      0x216 c:/altera/13.0sp1/nios2eds/bin/gnu/h-i686-mingw32/bin/../lib/gcc/nios2-elf/4.1.2/../../../../nios2-elf/lib/mhw-mulx\libc.a(lib_a-mallocr.o)
 .debug_abbrev  0x00000798       0xb5 c:/altera/13.0sp1/nios2eds/bin/gnu/h-i686-mingw32/bin/../lib/gcc/nios2-elf/4.1.2/../../../../nios2-elf/lib/mhw-mulx\libc.a(lib_a-memchr.o)
 .debug_abbrev  0x0000084d       0xb5 c:/altera/13.0sp1/nios2eds/bin/gnu/h-i686-mingw32/bin/../lib/gcc/nios2-elf/4.1.2/../../../../nios2-elf/lib/mhw-mulx\libc.a(lib_a-memcpy.o)
 .debug_abbrev  0x00000902       0xb5 c:/altera/13.0sp1/nios2eds/bin/gnu/h-i686-mingw32/bin/../lib/gcc/nios2-elf/4.1.2/../../../../nios2-elf/lib/mhw-mulx\libc.a(lib_a-memmove.o)
 .debug_abbrev  0x000009b7      0x1c3 c:/altera/13.0sp1/nios2eds/bin/gnu/h-i686-mingw32/bin/../lib/gcc/nios2-elf/4.1.2/../../../../nios2-elf/lib/mhw-mulx\libc.a(lib_a-reallocr.o)
 .debug_abbrev  0x00000b7a      0x18c c:/altera/13.0sp1/nios2eds/bin/gnu/h-i686-mingw32/bin/../lib/gcc/nios2-elf/4.1.2/../../../../nios2-elf/lib/mhw-mulx\libc.a(lib_a-sbrkr.o)
 .debug_abbrev  0x00000d06      0x170 c:/altera/13.0sp1/nios2eds/bin/gnu/h-i686-mingw32/bin/../lib/gcc/nios2-elf/4.1.2/../../../../nios2-elf/lib/mhw-mulx\libc.a(lib_a-wsetup.o)
 .debug_abbrev  0x00000e76      0x1c6 c:/altera/13.0sp1/nios2eds/bin/gnu/h-i686-mingw32/bin/../lib/gcc/nios2-elf/4.1.2/../../../../nios2-elf/lib/mhw-mulx\libc.a(lib_a-fflush.o)
 .debug_abbrev  0x0000103c      0x24c c:/altera/13.0sp1/nios2eds/bin/gnu/h-i686-mingw32/bin/../lib/gcc/nios2-elf/4.1.2/../../../../nios2-elf/lib/mhw-mulx\libc.a(lib_a-findfp.o)
 .debug_abbrev  0x00001288      0x1d9 c:/altera/13.0sp1/nios2eds/bin/gnu/h-i686-mingw32/bin/../lib/gcc/nios2-elf/4.1.2/../../../../nios2-elf/lib/mhw-mulx\libc.a(lib_a-freer.o)
 .debug_abbrev  0x00001461      0x1e3 c:/altera/13.0sp1/nios2eds/bin/gnu/h-i686-mingw32/bin/../lib/gcc/nios2-elf/4.1.2/../../../../nios2-elf/lib/mhw-mulx\libc.a(lib_a-fwalk.o)