------------------------------------------------------------
TimeQuest Timing Analyzer Summary
------------------------------------------------------------

Type  : Slow 900mV 85C Model Setup 'u0|mem_if_ddr2_emif|pll0|pll_afi_clk'
Slack : -0.853
TNS   : -667.196

Type  : Slow 900mV 85C Model Setup 'M1_DDR2_clk[1]'
Slack : 0.197
TNS   : 0.000

Type  : Slow 900mV 85C Model Setup 'M1_DDR2_clk[0]'
Slack : 0.199
TNS   : 0.000

Type  : Slow 900mV 85C Model Setup 'u0|mem_if_ddr2_emif|pll0|pll_addr_cmd_clk'
Slack : 0.499
TNS   : 0.000

Type  : Slow 900mV 85C Model Setup 'u0|mem_if_ddr2_emif|pll0|pll_write_clk'
Slack : 0.634
TNS   : 0.000

Type  : Slow 900mV 85C Model Setup 'u0|mem_if_ddr2_emif|DE4_QSYS_mem_if_ddr2_emif_p0_leveling_clk'
Slack : 1.327
TNS   : 0.000

Type  : Slow 900mV 85C Model Setup 'u0|mem_if_ddr2_emif|pll0|pll_avl_clk'
Slack : 1.528
TNS   : 0.000

Type  : Slow 900mV 85C Model Setup 'u0|mem_if_ddr2_emif|pll0|pll_config_clk'
Slack : 5.512
TNS   : 0.000

Type  : Slow 900mV 85C Model Setup 'OSC_50_Bank3'
Slack : 15.649
TNS   : 0.000

Type  : Slow 900mV 85C Model Setup 'altera_reserved_tck'
Slack : 47.456
TNS   : 0.000

Type  : Slow 900mV 85C Model Hold 'altera_reserved_tck'
Slack : 0.194
TNS   : 0.000

Type  : Slow 900mV 85C Model Hold 'OSC_50_Bank3'
Slack : 0.236
TNS   : 0.000

Type  : Slow 900mV 85C Model Hold 'u0|mem_if_ddr2_emif|pll0|pll_avl_clk'
Slack : 0.241
TNS   : 0.000

Type  : Slow 900mV 85C Model Hold 'u0|mem_if_ddr2_emif|pll0|pll_config_clk'
Slack : 0.245
TNS   : 0.000

Type  : Slow 900mV 85C Model Hold 'u0|mem_if_ddr2_emif|pll0|pll_afi_clk'
Slack : 0.247
TNS   : 0.000

Type  : Slow 900mV 85C Model Hold 'u0|mem_if_ddr2_emif|pll0|pll_addr_cmd_clk'
Slack : 0.249
TNS   : 0.000

Type  : Slow 900mV 85C Model Hold 'u0|mem_if_ddr2_emif|DE4_QSYS_mem_if_ddr2_emif_p0_leveling_clk'
Slack : 0.374
TNS   : 0.000

Type  : Slow 900mV 85C Model Hold 'M1_DDR2_clk[0]'
Slack : 0.583
TNS   : 0.000

Type  : Slow 900mV 85C Model Hold 'M1_DDR2_clk[1]'
Slack : 0.586
TNS   : 0.000

Type  : Slow 900mV 85C Model Hold 'u0|mem_if_ddr2_emif|pll0|pll_write_clk'
Slack : 1.340
TNS   : 0.000

Type  : Slow 900mV 85C Model Recovery 'u0|mem_if_ddr2_emif|pll0|pll_afi_clk'
Slack : 1.259
TNS   : 0.000

Type  : Slow 900mV 85C Model Recovery 'u0|mem_if_ddr2_emif|pll0|pll_addr_cmd_clk'
Slack : 2.497
TNS   : 0.000

Type  : Slow 900mV 85C Model Recovery 'u0|mem_if_ddr2_emif|pll0|pll_avl_clk'
Slack : 5.909
TNS   : 0.000

Type  : Slow 900mV 85C Model Recovery 'OSC_50_Bank3'
Slack : 16.622
TNS   : 0.000

Type  : Slow 900mV 85C Model Recovery 'u0|mem_if_ddr2_emif|pll0|pll_config_clk'
Slack : 38.370
TNS   : 0.000

Type  : Slow 900mV 85C Model Recovery 'altera_reserved_tck'
Slack : 48.564
TNS   : 0.000

Type  : Slow 900mV 85C Model Removal 'u0|mem_if_ddr2_emif|pll0|pll_config_clk'
Slack : 0.495
TNS   : 0.000

Type  : Slow 900mV 85C Model Removal 'u0|mem_if_ddr2_emif|pll0|pll_afi_clk'
Slack : 0.578
TNS   : 0.000

Type  : Slow 900mV 85C Model Removal 'altera_reserved_tck'
Slack : 0.593
TNS   : 0.000

Type  : Slow 900mV 85C Model Removal 'u0|mem_if_ddr2_emif|pll0|pll_addr_cmd_clk'
Slack : 1.419
TNS   : 0.000

Type  : Slow 900mV 85C Model Removal 'OSC_50_Bank3'
Slack : 2.494
TNS   : 0.000

Type  : Slow 900mV 85C Model Removal 'u0|mem_if_ddr2_emif|pll0|pll_avl_clk'
Slack : 3.254
TNS   : 0.000

Type  : Slow 900mV 85C Model Minimum Pulse Width 'u0|mem_if_ddr2_emif|pll0|pll_write_clk'
Slack : 0.466
TNS   : 0.000

Type  : Slow 900mV 85C Model Minimum Pulse Width 'u0|mem_if_ddr2_emif|DE4_QSYS_mem_if_ddr2_emif_p0_leveling_clk'
Slack : 0.615
TNS   : 0.000

Type  : Slow 900mV 85C Model Minimum Pulse Width 'u0|mem_if_ddr2_emif|pll0|pll_mem_clk'
Slack : 0.635
TNS   : 0.000

Type  : Slow 900mV 85C Model Minimum Pulse Width 'u0|mem_if_ddr2_emif|pll0|pll_afi_clk'
Slack : 1.721
TNS   : 0.000

Type  : Slow 900mV 85C Model Minimum Pulse Width 'u0|mem_if_ddr2_emif|pll0|pll_addr_cmd_clk'
Slack : 1.880
TNS   : 0.000

Type  : Slow 900mV 85C Model Minimum Pulse Width 'u0|mem_if_ddr2_emif|pll0|pll_avl_clk'
Slack : 4.237
TNS   : 0.000

Type  : Slow 900mV 85C Model Minimum Pulse Width 'u0|mem_if_ddr2_emif|pll0|pll_config_clk'
Slack : 6.667
TNS   : 0.000

Type  : Slow 900mV 85C Model Minimum Pulse Width 'OSC_50_Bank3'
Slack : 8.964
TNS   : 0.000

Type  : Slow 900mV 85C Model Minimum Pulse Width 'altera_reserved_tck'
Slack : 49.330
TNS   : 0.000

Type  : Slow 900mV 0C Model Setup 'u0|mem_if_ddr2_emif|pll0|pll_afi_clk'
Slack : -0.600
TNS   : -269.296

Type  : Slow 900mV 0C Model Setup 'M1_DDR2_clk[1]'
Slack : 0.183
TNS   : 0.000

Type  : Slow 900mV 0C Model Setup 'M1_DDR2_clk[0]'
Slack : 0.186
TNS   : 0.000

Type  : Slow 900mV 0C Model Setup 'u0|mem_if_ddr2_emif|pll0|pll_write_clk'
Slack : 0.658
TNS   : 0.000

Type  : Slow 900mV 0C Model Setup 'u0|mem_if_ddr2_emif|pll0|pll_addr_cmd_clk'
Slack : 0.682
TNS   : 0.000

Type  : Slow 900mV 0C Model Setup 'u0|mem_if_ddr2_emif|DE4_QSYS_mem_if_ddr2_emif_p0_leveling_clk'
Slack : 1.350
TNS   : 0.000

Type  : Slow 900mV 0C Model Setup 'u0|mem_if_ddr2_emif|pll0|pll_avl_clk'
Slack : 1.719
TNS   : 0.000

Type  : Slow 900mV 0C Model Setup 'u0|mem_if_ddr2_emif|pll0|pll_config_clk'
Slack : 5.711
TNS   : 0.000

Type  : Slow 900mV 0C Model Setup 'OSC_50_Bank3'
Slack : 15.843
TNS   : 0.000

Type  : Slow 900mV 0C Model Setup 'altera_reserved_tck'
Slack : 47.546
TNS   : 0.000

Type  : Slow 900mV 0C Model Hold 'altera_reserved_tck'
Slack : 0.195
TNS   : 0.000

Type  : Slow 900mV 0C Model Hold 'OSC_50_Bank3'
Slack : 0.232
TNS   : 0.000

Type  : Slow 900mV 0C Model Hold 'u0|mem_if_ddr2_emif|pll0|pll_avl_clk'
Slack : 0.236
TNS   : 0.000

Type  : Slow 900mV 0C Model Hold 'u0|mem_if_ddr2_emif|pll0|pll_afi_clk'
Slack : 0.240
TNS   : 0.000

Type  : Slow 900mV 0C Model Hold 'u0|mem_if_ddr2_emif|pll0|pll_config_clk'
Slack : 0.240
TNS   : 0.000

Type  : Slow 900mV 0C Model Hold 'u0|mem_if_ddr2_emif|pll0|pll_addr_cmd_clk'
Slack : 0.244
TNS   : 0.000

Type  : Slow 900mV 0C Model Hold 'u0|mem_if_ddr2_emif|DE4_QSYS_mem_if_ddr2_emif_p0_leveling_clk'
Slack : 0.396
TNS   : 0.000

Type  : Slow 900mV 0C Model Hold 'M1_DDR2_clk[0]'
Slack : 0.640
TNS   : 0.000

Type  : Slow 900mV 0C Model Hold 'M1_DDR2_clk[1]'
Slack : 0.644
TNS   : 0.000

Type  : Slow 900mV 0C Model Hold 'u0|mem_if_ddr2_emif|pll0|pll_write_clk'
Slack : 1.355
TNS   : 0.000

Type  : Slow 900mV 0C Model Recovery 'u0|mem_if_ddr2_emif|pll0|pll_afi_clk'
Slack : 1.446
TNS   : 0.000

Type  : Slow 900mV 0C Model Recovery 'u0|mem_if_ddr2_emif|pll0|pll_addr_cmd_clk'
Slack : 2.579
TNS   : 0.000

Type  : Slow 900mV 0C Model Recovery 'u0|mem_if_ddr2_emif|pll0|pll_avl_clk'
Slack : 6.151
TNS   : 0.000

Type  : Slow 900mV 0C Model Recovery 'OSC_50_Bank3'
Slack : 16.808
TNS   : 0.000

Type  : Slow 900mV 0C Model Recovery 'u0|mem_if_ddr2_emif|pll0|pll_config_clk'
Slack : 38.450
TNS   : 0.000

Type  : Slow 900mV 0C Model Recovery 'altera_reserved_tck'
Slack : 48.578
TNS   : 0.000

Type  : Slow 900mV 0C Model Removal 'u0|mem_if_ddr2_emif|pll0|pll_config_clk'
Slack : 0.477
TNS   : 0.000

Type  : Slow 900mV 0C Model Removal 'altera_reserved_tck'
Slack : 0.565
TNS   : 0.000

Type  : Slow 900mV 0C Model Removal 'u0|mem_if_ddr2_emif|pll0|pll_afi_clk'
Slack : 0.567
TNS   : 0.000

Type  : Slow 900mV 0C Model Removal 'u0|mem_if_ddr2_emif|pll0|pll_addr_cmd_clk'
Slack : 1.377
TNS   : 0.000

Type  : Slow 900mV 0C Model Removal 'OSC_50_Bank3'
Slack : 2.354
TNS   : 0.000

Type  : Slow 900mV 0C Model Removal 'u0|mem_if_ddr2_emif|pll0|pll_avl_clk'
Slack : 3.059
TNS   : 0.000

Type  : Slow 900mV 0C Model Minimum Pulse Width 'u0|mem_if_ddr2_emif|pll0|pll_write_clk'
Slack : 0.473
TNS   : 0.000

Type  : Slow 900mV 0C Model Minimum Pulse Width 'u0|mem_if_ddr2_emif|DE4_QSYS_mem_if_ddr2_emif_p0_leveling_clk'
Slack : 0.639
TNS   : 0.000

Type  : Slow 900mV 0C Model Minimum Pulse Width 'u0|mem_if_ddr2_emif|pll0|pll_mem_clk'
Slack : 0.649
TNS   : 0.000

Type  : Slow 900mV 0C Model Minimum Pulse Width 'u0|mem_if_ddr2_emif|pll0|pll_afi_clk'
Slack : 1.702
TNS   : 0.000

Type  : Slow 900mV 0C Model Minimum Pulse Width 'u0|mem_if_ddr2_emif|pll0|pll_addr_cmd_clk'
Slack : 1.896
TNS   : 0.000

Type  : Slow 900mV 0C Model Minimum Pulse Width 'u0|mem_if_ddr2_emif|pll0|pll_avl_clk'
Slack : 4.220
TNS   : 0.000

Type  : Slow 900mV 0C Model Minimum Pulse Width 'u0|mem_if_ddr2_emif|pll0|pll_config_clk'
Slack : 6.667
TNS   : 0.000

Type  : Slow 900mV 0C Model Minimum Pulse Width 'OSC_50_Bank3'
Slack : 8.972
TNS   : 0.000

Type  : Slow 900mV 0C Model Minimum Pulse Width 'altera_reserved_tck'
Slack : 49.385
TNS   : 0.000

Type  : Fast 900mV 0C Model Setup 'M1_DDR2_clk[1]'
Slack : 0.138
TNS   : 0.000

Type  : Fast 900mV 0C Model Setup 'M1_DDR2_clk[0]'
Slack : 0.139
TNS   : 0.000

Type  : Fast 900mV 0C Model Setup 'u0|mem_if_ddr2_emif|pll0|pll_write_clk'
Slack : 0.637
TNS   : 0.000

Type  : Fast 900mV 0C Model Setup 'u0|mem_if_ddr2_emif|DE4_QSYS_mem_if_ddr2_emif_p0_leveling_clk'
Slack : 1.314
TNS   : 0.000

Type  : Fast 900mV 0C Model Setup 'u0|mem_if_ddr2_emif|pll0|pll_afi_clk'
Slack : 1.318
TNS   : 0.000

Type  : Fast 900mV 0C Model Setup 'u0|mem_if_ddr2_emif|pll0|pll_addr_cmd_clk'
Slack : 1.887
TNS   : 0.000

Type  : Fast 900mV 0C Model Setup 'u0|mem_if_ddr2_emif|pll0|pll_avl_clk'
Slack : 3.092
TNS   : 0.000

Type  : Fast 900mV 0C Model Setup 'u0|mem_if_ddr2_emif|pll0|pll_config_clk'
Slack : 7.643
TNS   : 0.000

Type  : Fast 900mV 0C Model Setup 'OSC_50_Bank3'
Slack : 17.567
TNS   : 0.000

Type  : Fast 900mV 0C Model Setup 'altera_reserved_tck'
Slack : 48.885
TNS   : 0.000

Type  : Fast 900mV 0C Model Hold 'altera_reserved_tck'
Slack : 0.102
TNS   : 0.000

Type  : Fast 900mV 0C Model Hold 'u0|mem_if_ddr2_emif|pll0|pll_avl_clk'
Slack : 0.118
TNS   : 0.000

Type  : Fast 900mV 0C Model Hold 'u0|mem_if_ddr2_emif|pll0|pll_config_clk'
Slack : 0.131
TNS   : 0.000

Type  : Fast 900mV 0C Model Hold 'OSC_50_Bank3'
Slack : 0.132
TNS   : 0.000

Type  : Fast 900mV 0C Model Hold 'u0|mem_if_ddr2_emif|pll0|pll_afi_clk'
Slack : 0.133
TNS   : 0.000

Type  : Fast 900mV 0C Model Hold 'u0|mem_if_ddr2_emif|pll0|pll_addr_cmd_clk'
Slack : 0.135
TNS   : 0.000

Type  : Fast 900mV 0C Model Hold 'u0|mem_if_ddr2_emif|DE4_QSYS_mem_if_ddr2_emif_p0_leveling_clk'
Slack : 0.689
TNS   : 0.000

Type  : Fast 900mV 0C Model Hold 'M1_DDR2_clk[0]'
Slack : 0.826
TNS   : 0.000

Type  : Fast 900mV 0C Model Hold 'M1_DDR2_clk[1]'
Slack : 0.827
TNS   : 0.000

Type  : Fast 900mV 0C Model Hold 'u0|mem_if_ddr2_emif|pll0|pll_write_clk'
Slack : 1.502
TNS   : 0.000

Type  : Fast 900mV 0C Model Recovery 'u0|mem_if_ddr2_emif|pll0|pll_afi_clk'
Slack : 2.770
TNS   : 0.000

Type  : Fast 900mV 0C Model Recovery 'u0|mem_if_ddr2_emif|pll0|pll_addr_cmd_clk'
Slack : 3.515
TNS   : 0.000

Type  : Fast 900mV 0C Model Recovery 'u0|mem_if_ddr2_emif|pll0|pll_avl_clk'
Slack : 7.562
TNS   : 0.000

Type  : Fast 900mV 0C Model Recovery 'OSC_50_Bank3'
Slack : 17.976
TNS   : 0.000

Type  : Fast 900mV 0C Model Recovery 'u0|mem_if_ddr2_emif|pll0|pll_config_clk'
Slack : 39.066
TNS   : 0.000

Type  : Fast 900mV 0C Model Recovery 'altera_reserved_tck'
Slack : 49.537
TNS   : 0.000

Type  : Fast 900mV 0C Model Removal 'u0|mem_if_ddr2_emif|pll0|pll_config_clk'
Slack : 0.276
TNS   : 0.000

Type  : Fast 900mV 0C Model Removal 'u0|mem_if_ddr2_emif|pll0|pll_afi_clk'
Slack : 0.307
TNS   : 0.000

Type  : Fast 900mV 0C Model Removal 'altera_reserved_tck'
Slack : 0.309
TNS   : 0.000

Type  : Fast 900mV 0C Model Removal 'u0|mem_if_ddr2_emif|pll0|pll_addr_cmd_clk'
Slack : 0.811
TNS   : 0.000

Type  : Fast 900mV 0C Model Removal 'OSC_50_Bank3'
Slack : 1.534
TNS   : 0.000

Type  : Fast 900mV 0C Model Removal 'u0|mem_if_ddr2_emif|pll0|pll_avl_clk'
Slack : 1.965
TNS   : 0.000

Type  : Fast 900mV 0C Model Minimum Pulse Width 'u0|mem_if_ddr2_emif|pll0|pll_write_clk'
Slack : 0.505
TNS   : 0.000

Type  : Fast 900mV 0C Model Minimum Pulse Width 'u0|mem_if_ddr2_emif|DE4_QSYS_mem_if_ddr2_emif_p0_leveling_clk'
Slack : 0.709
TNS   : 0.000

Type  : Fast 900mV 0C Model Minimum Pulse Width 'u0|mem_if_ddr2_emif|pll0|pll_mem_clk'
Slack : 0.841
TNS   : 0.000

Type  : Fast 900mV 0C Model Minimum Pulse Width 'u0|mem_if_ddr2_emif|pll0|pll_afi_clk'
Slack : 1.723
TNS   : 0.000

Type  : Fast 900mV 0C Model Minimum Pulse Width 'u0|mem_if_ddr2_emif|pll0|pll_addr_cmd_clk'
Slack : 2.084
TNS   : 0.000

Type  : Fast 900mV 0C Model Minimum Pulse Width 'u0|mem_if_ddr2_emif|pll0|pll_avl_clk'
Slack : 4.261
TNS   : 0.000

Type  : Fast 900mV 0C Model Minimum Pulse Width 'u0|mem_if_ddr2_emif|pll0|pll_config_clk'
Slack : 6.667
TNS   : 0.000

Type  : Fast 900mV 0C Model Minimum Pulse Width 'OSC_50_Bank3'
Slack : 9.109
TNS   : 0.000

Type  : Fast 900mV 0C Model Minimum Pulse Width 'altera_reserved_tck'
Slack : 49.254
TNS   : 0.000

------------------------------------------------------------
