------------------------------------------------------------
TimeQuest Timing Analyzer Summary
------------------------------------------------------------

Type  : Slow 900mV 85C Model Setup 'u0|mem_if_ddr2_emif|pll0|pll_afi_clk'
Slack : 0.417
TNS   : 0.000

Type  : Slow 900mV 85C Model Setup 'M1_DDR2_clk[1]'
Slack : 0.614
TNS   : 0.000

Type  : Slow 900mV 85C Model Setup 'M1_DDR2_clk[0]'
Slack : 0.616
TNS   : 0.000

Type  : Slow 900mV 85C Model Setup 'u0|mem_if_ddr2_emif|pll0|pll_write_clk'
Slack : 0.842
TNS   : 0.000

Type  : Slow 900mV 85C Model Setup 'u0|mem_if_ddr2_emif|pll0|pll_addr_cmd_clk'
Slack : 0.941
TNS   : 0.000

Type  : Slow 900mV 85C Model Setup 'u0|mem_if_ddr2_emif|DE4_QSYS_mem_if_ddr2_emif_p0_leveling_clk'
Slack : 1.576
TNS   : 0.000

Type  : Slow 900mV 85C Model Setup 'u0|mem_if_ddr2_emif|pll0|pll_avl_clk'
Slack : 3.016
TNS   : 0.000

Type  : Slow 900mV 85C Model Setup 'u0|mem_if_ddr2_emif|pll0|pll_config_clk'
Slack : 7.351
TNS   : 0.000

Type  : Slow 900mV 85C Model Setup 'OSC_50_Bank3'
Slack : 15.607
TNS   : 0.000

Type  : Slow 900mV 85C Model Setup 'altera_reserved_tck'
Slack : 47.931
TNS   : 0.000

Type  : Slow 900mV 85C Model Hold 'altera_reserved_tck'
Slack : 0.194
TNS   : 0.000

Type  : Slow 900mV 85C Model Hold 'u0|mem_if_ddr2_emif|pll0|pll_afi_clk'
Slack : 0.223
TNS   : 0.000

Type  : Slow 900mV 85C Model Hold 'OSC_50_Bank3'
Slack : 0.237
TNS   : 0.000

Type  : Slow 900mV 85C Model Hold 'u0|mem_if_ddr2_emif|pll0|pll_addr_cmd_clk'
Slack : 0.246
TNS   : 0.000

Type  : Slow 900mV 85C Model Hold 'u0|mem_if_ddr2_emif|pll0|pll_config_clk'
Slack : 0.248
TNS   : 0.000

Type  : Slow 900mV 85C Model Hold 'u0|mem_if_ddr2_emif|pll0|pll_avl_clk'
Slack : 0.250
TNS   : 0.000

Type  : Slow 900mV 85C Model Hold 'u0|mem_if_ddr2_emif|DE4_QSYS_mem_if_ddr2_emif_p0_leveling_clk'
Slack : 0.963
TNS   : 0.000

Type  : Slow 900mV 85C Model Hold 'M1_DDR2_clk[0]'
Slack : 0.999
TNS   : 0.000

Type  : Slow 900mV 85C Model Hold 'M1_DDR2_clk[1]'
Slack : 1.002
TNS   : 0.000

Type  : Slow 900mV 85C Model Hold 'u0|mem_if_ddr2_emif|pll0|pll_write_clk'
Slack : 1.970
TNS   : 0.000

Type  : Slow 900mV 85C Model Recovery 'u0|mem_if_ddr2_emif|pll0|pll_afi_clk'
Slack : 1.063
TNS   : 0.000

Type  : Slow 900mV 85C Model Recovery 'u0|mem_if_ddr2_emif|pll0|pll_addr_cmd_clk'
Slack : 4.189
TNS   : 0.000

Type  : Slow 900mV 85C Model Recovery 'u0|mem_if_ddr2_emif|pll0|pll_avl_clk'
Slack : 5.436
TNS   : 0.000

Type  : Slow 900mV 85C Model Recovery 'OSC_50_Bank3'
Slack : 14.902
TNS   : 0.000

Type  : Slow 900mV 85C Model Recovery 'u0|mem_if_ddr2_emif|pll0|pll_config_clk'
Slack : 37.592
TNS   : 0.000

Type  : Slow 900mV 85C Model Recovery 'altera_reserved_tck'
Slack : 48.494
TNS   : 0.000

Type  : Slow 900mV 85C Model Removal 'u0|mem_if_ddr2_emif|pll0|pll_config_clk'
Slack : 0.481
TNS   : 0.000

Type  : Slow 900mV 85C Model Removal 'u0|mem_if_ddr2_emif|pll0|pll_afi_clk'
Slack : 0.523
TNS   : 0.000

Type  : Slow 900mV 85C Model Removal 'altera_reserved_tck'
Slack : 0.665
TNS   : 0.000

Type  : Slow 900mV 85C Model Removal 'u0|mem_if_ddr2_emif|pll0|pll_addr_cmd_clk'
Slack : 0.706
TNS   : 0.000

Type  : Slow 900mV 85C Model Removal 'OSC_50_Bank3'
Slack : 4.054
TNS   : 0.000

Type  : Slow 900mV 85C Model Removal 'u0|mem_if_ddr2_emif|pll0|pll_avl_clk'
Slack : 6.634
TNS   : 0.000

Type  : Slow 900mV 85C Model Minimum Pulse Width 'u0|mem_if_ddr2_emif|pll0|pll_write_clk'
Slack : 0.882
TNS   : 0.000

Type  : Slow 900mV 85C Model Minimum Pulse Width 'u0|mem_if_ddr2_emif|DE4_QSYS_mem_if_ddr2_emif_p0_leveling_clk'
Slack : 1.031
TNS   : 0.000

Type  : Slow 900mV 85C Model Minimum Pulse Width 'u0|mem_if_ddr2_emif|pll0|pll_mem_clk'
Slack : 1.051
TNS   : 0.000

Type  : Slow 900mV 85C Model Minimum Pulse Width 'u0|mem_if_ddr2_emif|pll0|pll_afi_clk'
Slack : 2.550
TNS   : 0.000

Type  : Slow 900mV 85C Model Minimum Pulse Width 'u0|mem_if_ddr2_emif|pll0|pll_addr_cmd_clk'
Slack : 2.713
TNS   : 0.000

Type  : Slow 900mV 85C Model Minimum Pulse Width 'u0|mem_if_ddr2_emif|pll0|pll_avl_clk'
Slack : 5.904
TNS   : 0.000

Type  : Slow 900mV 85C Model Minimum Pulse Width 'u0|mem_if_ddr2_emif|pll0|pll_config_clk'
Slack : 6.667
TNS   : 0.000

Type  : Slow 900mV 85C Model Minimum Pulse Width 'OSC_50_Bank3'
Slack : 8.963
TNS   : 0.000

Type  : Slow 900mV 85C Model Minimum Pulse Width 'altera_reserved_tck'
Slack : 49.329
TNS   : 0.000

Type  : Slow 900mV 0C Model Setup 'M1_DDR2_clk[1]'
Slack : 0.600
TNS   : 0.000

Type  : Slow 900mV 0C Model Setup 'M1_DDR2_clk[0]'
Slack : 0.603
TNS   : 0.000

Type  : Slow 900mV 0C Model Setup 'u0|mem_if_ddr2_emif|pll0|pll_afi_clk'
Slack : 0.702
TNS   : 0.000

Type  : Slow 900mV 0C Model Setup 'u0|mem_if_ddr2_emif|pll0|pll_write_clk'
Slack : 0.866
TNS   : 0.000

Type  : Slow 900mV 0C Model Setup 'u0|mem_if_ddr2_emif|pll0|pll_addr_cmd_clk'
Slack : 1.143
TNS   : 0.000

Type  : Slow 900mV 0C Model Setup 'u0|mem_if_ddr2_emif|DE4_QSYS_mem_if_ddr2_emif_p0_leveling_clk'
Slack : 1.599
TNS   : 0.000

Type  : Slow 900mV 0C Model Setup 'u0|mem_if_ddr2_emif|pll0|pll_avl_clk'
Slack : 3.209
TNS   : 0.000

Type  : Slow 900mV 0C Model Setup 'u0|mem_if_ddr2_emif|pll0|pll_config_clk'
Slack : 7.658
TNS   : 0.000

Type  : Slow 900mV 0C Model Setup 'OSC_50_Bank3'
Slack : 15.816
TNS   : 0.000

Type  : Slow 900mV 0C Model Setup 'altera_reserved_tck'
Slack : 47.967
TNS   : 0.000

Type  : Slow 900mV 0C Model Hold 'altera_reserved_tck'
Slack : 0.195
TNS   : 0.000

Type  : Slow 900mV 0C Model Hold 'u0|mem_if_ddr2_emif|pll0|pll_afi_clk'
Slack : 0.202
TNS   : 0.000

Type  : Slow 900mV 0C Model Hold 'OSC_50_Bank3'
Slack : 0.236
TNS   : 0.000

Type  : Slow 900mV 0C Model Hold 'u0|mem_if_ddr2_emif|pll0|pll_addr_cmd_clk'
Slack : 0.241
TNS   : 0.000

Type  : Slow 900mV 0C Model Hold 'u0|mem_if_ddr2_emif|pll0|pll_config_clk'
Slack : 0.244
TNS   : 0.000

Type  : Slow 900mV 0C Model Hold 'u0|mem_if_ddr2_emif|pll0|pll_avl_clk'
Slack : 0.250
TNS   : 0.000

Type  : Slow 900mV 0C Model Hold 'u0|mem_if_ddr2_emif|DE4_QSYS_mem_if_ddr2_emif_p0_leveling_clk'
Slack : 0.985
TNS   : 0.000

Type  : Slow 900mV 0C Model Hold 'M1_DDR2_clk[0]'
Slack : 1.056
TNS   : 0.000

Type  : Slow 900mV 0C Model Hold 'M1_DDR2_clk[1]'
Slack : 1.060
TNS   : 0.000

Type  : Slow 900mV 0C Model Hold 'u0|mem_if_ddr2_emif|pll0|pll_write_clk'
Slack : 1.985
TNS   : 0.000

Type  : Slow 900mV 0C Model Recovery 'u0|mem_if_ddr2_emif|pll0|pll_afi_clk'
Slack : 1.475
TNS   : 0.000

Type  : Slow 900mV 0C Model Recovery 'u0|mem_if_ddr2_emif|pll0|pll_addr_cmd_clk'
Slack : 4.281
TNS   : 0.000

Type  : Slow 900mV 0C Model Recovery 'u0|mem_if_ddr2_emif|pll0|pll_avl_clk'
Slack : 5.932
TNS   : 0.000

Type  : Slow 900mV 0C Model Recovery 'OSC_50_Bank3'
Slack : 15.214
TNS   : 0.000

Type  : Slow 900mV 0C Model Recovery 'u0|mem_if_ddr2_emif|pll0|pll_config_clk'
Slack : 37.731
TNS   : 0.000

Type  : Slow 900mV 0C Model Recovery 'altera_reserved_tck'
Slack : 48.504
TNS   : 0.000

Type  : Slow 900mV 0C Model Removal 'u0|mem_if_ddr2_emif|pll0|pll_config_clk'
Slack : 0.466
TNS   : 0.000

Type  : Slow 900mV 0C Model Removal 'u0|mem_if_ddr2_emif|pll0|pll_afi_clk'
Slack : 0.501
TNS   : 0.000

Type  : Slow 900mV 0C Model Removal 'altera_reserved_tck'
Slack : 0.634
TNS   : 0.000

Type  : Slow 900mV 0C Model Removal 'u0|mem_if_ddr2_emif|pll0|pll_addr_cmd_clk'
Slack : 0.697
TNS   : 0.000

Type  : Slow 900mV 0C Model Removal 'OSC_50_Bank3'
Slack : 3.783
TNS   : 0.000

Type  : Slow 900mV 0C Model Removal 'u0|mem_if_ddr2_emif|pll0|pll_avl_clk'
Slack : 6.132
TNS   : 0.000

Type  : Slow 900mV 0C Model Minimum Pulse Width 'u0|mem_if_ddr2_emif|pll0|pll_write_clk'
Slack : 0.889
TNS   : 0.000

Type  : Slow 900mV 0C Model Minimum Pulse Width 'u0|mem_if_ddr2_emif|DE4_QSYS_mem_if_ddr2_emif_p0_leveling_clk'
Slack : 1.055
TNS   : 0.000

Type  : Slow 900mV 0C Model Minimum Pulse Width 'u0|mem_if_ddr2_emif|pll0|pll_mem_clk'
Slack : 1.066
TNS   : 0.000

Type  : Slow 900mV 0C Model Minimum Pulse Width 'u0|mem_if_ddr2_emif|pll0|pll_afi_clk'
Slack : 2.534
TNS   : 0.000

Type  : Slow 900mV 0C Model Minimum Pulse Width 'u0|mem_if_ddr2_emif|pll0|pll_addr_cmd_clk'
Slack : 2.729
TNS   : 0.000

Type  : Slow 900mV 0C Model Minimum Pulse Width 'u0|mem_if_ddr2_emif|pll0|pll_avl_clk'
Slack : 5.887
TNS   : 0.000

Type  : Slow 900mV 0C Model Minimum Pulse Width 'u0|mem_if_ddr2_emif|pll0|pll_config_clk'
Slack : 6.667
TNS   : 0.000

Type  : Slow 900mV 0C Model Minimum Pulse Width 'OSC_50_Bank3'
Slack : 8.972
TNS   : 0.000

Type  : Slow 900mV 0C Model Minimum Pulse Width 'altera_reserved_tck'
Slack : 49.383
TNS   : 0.000

Type  : Fast 900mV 0C Model Setup 'M1_DDR2_clk[1]'
Slack : 0.555
TNS   : 0.000

Type  : Fast 900mV 0C Model Setup 'M1_DDR2_clk[0]'
Slack : 0.556
TNS   : 0.000

Type  : Fast 900mV 0C Model Setup 'u0|mem_if_ddr2_emif|pll0|pll_write_clk'
Slack : 0.845
TNS   : 0.000

Type  : Fast 900mV 0C Model Setup 'u0|mem_if_ddr2_emif|DE4_QSYS_mem_if_ddr2_emif_p0_leveling_clk'
Slack : 1.563
TNS   : 0.000

Type  : Fast 900mV 0C Model Setup 'u0|mem_if_ddr2_emif|pll0|pll_afi_clk'
Slack : 2.084
TNS   : 0.000

Type  : Fast 900mV 0C Model Setup 'u0|mem_if_ddr2_emif|pll0|pll_addr_cmd_clk'
Slack : 2.708
TNS   : 0.000

Type  : Fast 900mV 0C Model Setup 'u0|mem_if_ddr2_emif|pll0|pll_avl_clk'
Slack : 4.552
TNS   : 0.000

Type  : Fast 900mV 0C Model Setup 'u0|mem_if_ddr2_emif|pll0|pll_config_clk'
Slack : 10.049
TNS   : 0.000

Type  : Fast 900mV 0C Model Setup 'OSC_50_Bank3'
Slack : 17.602
TNS   : 0.000

Type  : Fast 900mV 0C Model Setup 'altera_reserved_tck'
Slack : 49.236
TNS   : 0.000

Type  : Fast 900mV 0C Model Hold 'altera_reserved_tck'
Slack : 0.102
TNS   : 0.000

Type  : Fast 900mV 0C Model Hold 'u0|mem_if_ddr2_emif|pll0|pll_config_clk'
Slack : 0.127
TNS   : 0.000

Type  : Fast 900mV 0C Model Hold 'OSC_50_Bank3'
Slack : 0.128
TNS   : 0.000

Type  : Fast 900mV 0C Model Hold 'u0|mem_if_ddr2_emif|pll0|pll_afi_clk'
Slack : 0.129
TNS   : 0.000

Type  : Fast 900mV 0C Model Hold 'u0|mem_if_ddr2_emif|pll0|pll_addr_cmd_clk'
Slack : 0.131
TNS   : 0.000

Type  : Fast 900mV 0C Model Hold 'u0|mem_if_ddr2_emif|pll0|pll_avl_clk'
Slack : 0.133
TNS   : 0.000

Type  : Fast 900mV 0C Model Hold 'M1_DDR2_clk[0]'
Slack : 1.242
TNS   : 0.000

Type  : Fast 900mV 0C Model Hold 'M1_DDR2_clk[1]'
Slack : 1.243
TNS   : 0.000

Type  : Fast 900mV 0C Model Hold 'u0|mem_if_ddr2_emif|DE4_QSYS_mem_if_ddr2_emif_p0_leveling_clk'
Slack : 1.276
TNS   : 0.000

Type  : Fast 900mV 0C Model Hold 'u0|mem_if_ddr2_emif|pll0|pll_write_clk'
Slack : 2.130
TNS   : 0.000

Type  : Fast 900mV 0C Model Recovery 'u0|mem_if_ddr2_emif|pll0|pll_afi_clk'
Slack : 3.236
TNS   : 0.000

Type  : Fast 900mV 0C Model Recovery 'u0|mem_if_ddr2_emif|pll0|pll_addr_cmd_clk'
Slack : 5.205
TNS   : 0.000

Type  : Fast 900mV 0C Model Recovery 'u0|mem_if_ddr2_emif|pll0|pll_avl_clk'
Slack : 8.511
TNS   : 0.000

Type  : Fast 900mV 0C Model Recovery 'OSC_50_Bank3'
Slack : 16.922
TNS   : 0.000

Type  : Fast 900mV 0C Model Recovery 'u0|mem_if_ddr2_emif|pll0|pll_config_clk'
Slack : 38.584
TNS   : 0.000

Type  : Fast 900mV 0C Model Recovery 'altera_reserved_tck'
Slack : 49.483
TNS   : 0.000

Type  : Fast 900mV 0C Model Removal 'u0|mem_if_ddr2_emif|pll0|pll_config_clk'
Slack : 0.266
TNS   : 0.000

Type  : Fast 900mV 0C Model Removal 'u0|mem_if_ddr2_emif|pll0|pll_afi_clk'
Slack : 0.273
TNS   : 0.000

Type  : Fast 900mV 0C Model Removal 'altera_reserved_tck'
Slack : 0.350
TNS   : 0.000

Type  : Fast 900mV 0C Model Removal 'u0|mem_if_ddr2_emif|pll0|pll_addr_cmd_clk'
Slack : 0.375
TNS   : 0.000

Type  : Fast 900mV 0C Model Removal 'OSC_50_Bank3'
Slack : 2.499
TNS   : 0.000

Type  : Fast 900mV 0C Model Removal 'u0|mem_if_ddr2_emif|pll0|pll_avl_clk'
Slack : 4.107
TNS   : 0.000

Type  : Fast 900mV 0C Model Minimum Pulse Width 'u0|mem_if_ddr2_emif|pll0|pll_write_clk'
Slack : 0.921
TNS   : 0.000

Type  : Fast 900mV 0C Model Minimum Pulse Width 'u0|mem_if_ddr2_emif|DE4_QSYS_mem_if_ddr2_emif_p0_leveling_clk'
Slack : 1.125
TNS   : 0.000

Type  : Fast 900mV 0C Model Minimum Pulse Width 'u0|mem_if_ddr2_emif|pll0|pll_mem_clk'
Slack : 1.257
TNS   : 0.000

Type  : Fast 900mV 0C Model Minimum Pulse Width 'u0|mem_if_ddr2_emif|pll0|pll_afi_clk'
Slack : 2.552
TNS   : 0.000

Type  : Fast 900mV 0C Model Minimum Pulse Width 'u0|mem_if_ddr2_emif|pll0|pll_addr_cmd_clk'
Slack : 2.917
TNS   : 0.000

Type  : Fast 900mV 0C Model Minimum Pulse Width 'u0|mem_if_ddr2_emif|pll0|pll_avl_clk'
Slack : 5.927
TNS   : 0.000

Type  : Fast 900mV 0C Model Minimum Pulse Width 'u0|mem_if_ddr2_emif|pll0|pll_config_clk'
Slack : 6.667
TNS   : 0.000

Type  : Fast 900mV 0C Model Minimum Pulse Width 'OSC_50_Bank3'
Slack : 9.110
TNS   : 0.000

Type  : Fast 900mV 0C Model Minimum Pulse Width 'altera_reserved_tck'
Slack : 49.254
TNS   : 0.000

------------------------------------------------------------
